Archive member included because of file (symbol)

/home/opt/microchip/xc32/v1.00/bin/../lib/gcc/pic32mx/4.5.1/libgcc.a(floatunsisf.o)
                              build/default/production/_ext/2118813141/Tick.o (__floatunsisf)
/home/opt/microchip/xc32/v1.00/bin/../lib/gcc/pic32mx/4.5.1/../../../../pic32mx/lib/libc.a(memset.o)
                              build/default/production/_ext/1487882678/usb_device.o (memset)
/home/opt/microchip/xc32/v1.00/bin/../lib/gcc/pic32mx/4.5.1/../../../../pic32mx/lib/libc.a(general-exception.o)
                              /home/opt/microchip/xc32/v1.00/bin/../lib/gcc/pic32mx/4.5.1/../../../../pic32mx/lib/crt0.o (_general_exception_context)
/home/opt/microchip/xc32/v1.00/bin/../lib/gcc/pic32mx/4.5.1/../../../../pic32mx/lib/libc.a(default-bootstrap-exception-handler.o)
                              /home/opt/microchip/xc32/v1.00/bin/../lib/gcc/pic32mx/4.5.1/../../../../pic32mx/lib/crt0.o (_bootstrap_exception_handler)
/home/opt/microchip/xc32/v1.00/bin/../lib/gcc/pic32mx/4.5.1/../../../../pic32mx/lib/libc.a(default-on-reset.o)
                              /home/opt/microchip/xc32/v1.00/bin/../lib/gcc/pic32mx/4.5.1/../../../../pic32mx/lib/crt0.o (_on_reset)
/home/opt/microchip/xc32/v1.00/bin/../lib/gcc/pic32mx/4.5.1/../../../../pic32mx/lib/libc.a(default-on-bootstrap.o)
                              /home/opt/microchip/xc32/v1.00/bin/../lib/gcc/pic32mx/4.5.1/../../../../pic32mx/lib/crt0.o (_on_bootstrap)
/home/opt/microchip/xc32/v1.00/bin/../lib/gcc/pic32mx/4.5.1/../../../../pic32mx/lib/libc.a(default-nmi-handler.o)
                              /home/opt/microchip/xc32/v1.00/bin/../lib/gcc/pic32mx/4.5.1/../../../../pic32mx/lib/crt0.o (_nmi_handler)
/home/opt/microchip/xc32/v1.00/bin/../lib/gcc/pic32mx/4.5.1/../../../../pic32mx/lib/libm.a(w_atan2f.o)
                              build/default/production/_ext/1494288313/KosselKinematics.o (atan2f)
/home/opt/microchip/xc32/v1.00/bin/../lib/gcc/pic32mx/4.5.1/../../../../pic32mx/lib/libm.a(fparc32.o)
                              build/default/production/_ext/1494288313/delta.o (atanf)
/home/opt/microchip/xc32/v1.00/bin/../lib/gcc/pic32mx/4.5.1/../../../../pic32mx/lib/libm.a(fpfloo32.o)
                              build/default/production/_ext/1494288313/KosselKinematics.o (floorf)
/home/opt/microchip/xc32/v1.00/bin/../lib/gcc/pic32mx/4.5.1/../../../../pic32mx/lib/libm.a(dp32.o)
                              /home/opt/microchip/xc32/v1.00/bin/../lib/gcc/pic32mx/4.5.1/../../../../pic32mx/lib/libm.a(w_atan2f.o) (fptodp)
/home/opt/microchip/xc32/v1.00/bin/../lib/gcc/pic32mx/4.5.1/../../../../pic32mx/lib/libm.a(fpsqrt32.o)
                              /home/opt/microchip/xc32/v1.00/bin/../lib/gcc/pic32mx/4.5.1/../../../../pic32mx/lib/libm.a(fparc32.o) (fpexsqrt)
/home/opt/microchip/xc32/v1.00/bin/../lib/gcc/pic32mx/4.5.1/../../../../pic32mx/lib/libm.a(w_sqrtf.o)
                              build/default/production/_ext/1494288313/delta.o (sqrtf)
/home/opt/microchip/xc32/v1.00/bin/../lib/gcc/pic32mx/4.5.1/../../../../pic32mx/lib/libm.a(fp32.o)
                              build/default/production/_ext/1487882678/usb_fifo.o (fpsub)
/home/opt/microchip/xc32/v1.00/bin/../lib/gcc/pic32mx/4.5.1/../../../../pic32mx/lib/libm.a(fpcos32.o)
                              build/default/production/_ext/1494288313/KosselKinematics.o (cosf)
/home/opt/microchip/xc32/v1.00/bin/../lib/gcc/pic32mx/4.5.1/../../../../pic32mx/lib/libm.a(fpsin32.o)
                              build/default/production/_ext/1494288313/KosselKinematics.o (sinf)
/home/opt/microchip/xc32/v1.00/bin/../lib/gcc/pic32mx/4.5.1/../../../../pic32mx/lib/libm.a(fpreduct32.o)
                              /home/opt/microchip/xc32/v1.00/bin/../lib/gcc/pic32mx/4.5.1/../../../../pic32mx/lib/libm.a(fpcos32.o) (fpreduct)
/home/opt/microchip/xc32/v1.00/bin/../lib/gcc/pic32mx/4.5.1/../../../../pic32mx/lib/libm.a(sincof32.o)
                              /home/opt/microchip/xc32/v1.00/bin/../lib/gcc/pic32mx/4.5.1/../../../../pic32mx/lib/libm.a(fpcos32.o) (_sincof)
/home/opt/microchip/xc32/v1.00/bin/../lib/gcc/pic32mx/4.5.1/../../../../pic32mx/lib/libm.a(s_lib_ver.o)
                              /home/opt/microchip/xc32/v1.00/bin/../lib/gcc/pic32mx/4.5.1/../../../../pic32mx/lib/libm.a(w_sqrtf.o) (math_errhandling)
/home/opt/microchip/xc32/v1.00/bin/../lib/gcc/pic32mx/4.5.1/../../../../pic32mx/lib/libm.a(cabs.o)
                              build/default/production/_ext/1494288313/KosselKinematics.o (hypotf)
/home/opt/microchip/xc32/v1.00/bin/../lib/gcc/pic32mx/4.5.1/../../../../pic32mx/lib/libm.a(support.o)
                              /home/opt/microchip/xc32/v1.00/bin/../lib/gcc/pic32mx/4.5.1/../../../../pic32mx/lib/libm.a(cabs.o) (copysign)
/home/opt/microchip/xc32/v1.00/bin/../lib/gcc/pic32mx/4.5.1/../../../../pic32mx/lib/libm.a(w_ldexp.o)
                              /home/opt/microchip/xc32/v1.00/bin/../lib/gcc/pic32mx/4.5.1/../../../../pic32mx/lib/libm.a(support.o) (ldexp)
[...]
Memory Configuration

Name             Origin             Length             Attributes
kseg0_program_mem 0x9d000000         0x00020000         xr
kseg0_boot_mem   0x9fc00490         0x00000970
exception_mem    0x9fc01000         0x00001000
kseg1_boot_mem   0xbfc00000         0x00000490
debug_exec_mem   0xbfc02000         0x00000ff0
config3          0xbfc02ff0         0x00000004
config2          0xbfc02ff4         0x00000004
config1          0xbfc02ff8         0x00000004
config0          0xbfc02ffc         0x00000004
kseg1_data_mem   0xa0000000         0x00008000         w !x
sfrs             0xbf800000         0x00100000
configsfrs       0xbfc02ff0         0x00000010
*default*        0x00000000         0xffffffff

Linker script and memory map

LOAD /home/opt/microchip/xc32/v1.00/bin/../lib/gcc/pic32mx/4.5.1/../../../../pic32mx/lib/crt0.o
LOAD build/default/production/_ext/1487882678/usb_descriptors.o
LOAD build/default/production/_ext/1487882678/usb_function_cdc.o
LOAD build/default/production/_ext/1487882678/usb_fifo.o
LOAD build/default/production/_ext/1487882678/usb_callback.o
LOAD build/default/production/_ext/1487882678/usb_interrupt.o
LOAD build/default/production/_ext/1487882678/usb_device.o
LOAD build/default/production/_ext/2118813141/Delay.o
LOAD build/default/production/_ext/2118813141/FlashStorage.o
LOAD build/default/production/_ext/2118813141/HAL_P32.o
LOAD build/default/production/_ext/2118813141/LED.o
LOAD build/default/production/_ext/2118813141/Tick.o
LOAD build/default/production/_ext/2118813141/Bowler_UART_HAL.o
LOAD build/default/production/_ext/2118813141/UART.o
LOAD build/default/production/_ext/2118813141/ADC.o
LOAD build/default/production/_ext/2118813141/Bowler_USB_HAL.o
LOAD build/default/production/_ext/1080174469/Bowler_Helper.o
LOAD build/default/production/_ext/1080174469/AbstractPID.o
LOAD build/default/production/_ext/1080174469/Bowler_Stack_Callback.o
LOAD build/default/production/_ext/1080174469/FIFO.o
LOAD build/default/production/_ext/1080174469/Bowler_RPC_Process.o
LOAD build/default/production/_ext/1080174469/Bowler_Transport.o
LOAD build/default/production/_ext/1080174469/Debug.o
LOAD build/default/production/_ext/1080174469/Scheduler.o
LOAD build/default/production/_ext/1080174469/Bowler_Server.o
LOAD build/default/production/_ext/1080174469/Namespace_bcs_core.o
LOAD build/default/production/_ext/1080174469/Namespace_bcs_pid.o
LOAD build/default/production/_ext/1080174469/Namespace_bcs_rpc.o
LOAD build/default/production/_ext/263962707/Servo.o
LOAD build/default/production/_ext/263962707/SPIClient.o
LOAD build/default/production/_ext/263962707/ForgeHeater.o
LOAD build/default/production/_ext/263962707/AS5055.o
LOAD build/default/production/_ext/1494288313/KosselKinematics.o
LOAD build/default/production/_ext/1494288313/CartesianController.o
LOAD build/default/production/_ext/1494288313/DeltaKinematics.o
LOAD build/default/production/_ext/1494288313/delta.o
LOAD build/default/production/_ext/519170017/MotionTest.o
LOAD build/default/production/_ext/519170017/Calibration.o
LOAD build/default/production/_ext/519170017/StepperSim.o
LOAD build/default/production/_ext/519170017/servoCalibration.o
LOAD build/default/production/_ext/519170017/PID.o
LOAD build/default/production/_ext/2048476848/UpstreamPackets.o
LOAD build/default/production/_ext/2048476848/Namespace_bcs_cartesian.o
LOAD build/default/production/_ext/2048476848/Callbacks.o
LOAD build/default/production/_ext/1445274692/main.o
                0x00000001                __MPLAB_BUILD = 0x1
LOAD /home/opt/microchip/xc32/v1.00/bin/../lib/gcc/pic32mx/4.5.1/libgcc.a
START GROUP
LOAD /home/opt/microchip/xc32/v1.00/bin/../lib/gcc/pic32mx/4.5.1/../../../../pic32mx/lib/libdebug.a
LOAD /home/opt/microchip/xc32/v1.00/bin/../lib/gcc/pic32mx/4.5.1/../../../../pic32mx/lib/libc.a
LOAD /home/opt/microchip/xc32/v1.00/bin/../lib/gcc/pic32mx/4.5.1/../../../../pic32mx/lib/libm.a
LOAD /home/opt/microchip/xc32/v1.00/bin/../lib/gcc/pic32mx/4.5.1/../../../../pic32mx/lib/libe.a
LOAD /home/opt/microchip/xc32/v1.00/bin/../lib/gcc/pic32mx/4.5.1/../../../../pic32mx/lib/libdsp.a
END GROUP
LOAD /home/opt/microchip/xc32/v1.00/bin/../lib/gcc/pic32mx/4.5.1/libgcc.a
                0x00000400                PROVIDE (_min_stack_size, 0x400)
                0x00000000                PROVIDE (_min_heap_size, 0x0)
LOAD /home/opt/microchip/xc32/v1.00/bin/../lib/gcc/pic32mx/4.5.1/../../../../pic32mx/lib/./proc/32MX440F128H/processor.o
START GROUP
LOAD /home/opt/microchip/xc32/v1.00/bin/../lib/gcc/pic32mx/4.5.1/../../../../pic32mx/lib/libmchp_peripheral.a
END GROUP
START GROUP
LOAD /home/opt/microchip/xc32/v1.00/bin/../lib/gcc/pic32mx/4.5.1/../../../../pic32mx/lib/libmchp_peripheral_32MX440F128H.a
END GROUP
                0x00000001                PROVIDE (_vector_spacing, 0x1)
                0x9fc01000                _ebase_address = 0x9fc01000
                0xbfc00000                _RESET_ADDR = 0xbfc00000
                0xbfc00380                _BEV_EXCPT_ADDR = 0xbfc00380
                0xbfc00480                _DBG_EXCPT_ADDR = 0xbfc00480
                0xbfc02000                _DBG_CODE_ADDR = 0xbfc02000
                0x00000ff0                _DBG_CODE_SIZE = 0xff0
                0x9fc01180                _GEN_EXCPT_ADDR = (_ebase_address + 0x180)

.config_BFC02FF0
 *(.config_BFC02FF0)

.config_BFC02FF4
                0xbfc02ff4        0x4
 *(.config_BFC02FF4)
 .config_BFC02FF4
                0xbfc02ff4        0x4 build/default/production/_ext/1445274692/main.o

.config_BFC02FF8
                0xbfc02ff8        0x4
 *(.config_BFC02FF8)
 .config_BFC02FF8
                0xbfc02ff8        0x4 build/default/production/_ext/1445274692/main.o

.config_BFC02FFC
                0xbfc02ffc        0x4
 *(.config_BFC02FFC)
 .config_BFC02FFC
                0xbfc02ffc        0x4 build/default/production/_ext/1445274692/main.o
                0xbfc02000                PROVIDE (_DBG_CODE_ADDR, 0xbfc02000)
                0x00000ff0                PROVIDE (_DBG_CODE_SIZE, 0xff0)

.reset          0xbfc00000      0x1f4
 *(.reset)
 .reset         0xbfc00000       0x10 /home/opt/microchip/xc32/v1.00/bin/../lib/gcc/pic32mx/4.5.1/../../../../pic32mx/lib/crt0.o
                0xbfc00000                _reset
 *(.reset.startup)
 .reset.startup
                0xbfc00010      0x1e4 /home/opt/microchip/xc32/v1.00/bin/../lib/gcc/pic32mx/4.5.1/../../../../pic32mx/lib/crt0.o

.bev_excpt      0xbfc00380       0x10
 *(.bev_handler)
 .bev_handler   0xbfc00380       0x10 /home/opt/microchip/xc32/v1.00/bin/../lib/gcc/pic32mx/4.5.1/../../../../pic32mx/lib/crt0.o

.dbg_excpt      0xbfc00480        0x0
                0xbfc00480                . = (. + DEFINED (_DEBUGGER)?0x8:0x0)

.dbg_code       0xbfc02000        0x0
                0xbfc02000                . = (. + DEFINED (_DEBUGGER)?_DBG_CODE_SIZE:0x0)

.app_excpt      0x9fc01180       0x10
 *(.gen_handler)
 .gen_handler   0x9fc01180       0x10 /home/opt/microchip/xc32/v1.00/bin/../lib/gcc/pic32mx/4.5.1/../../../../pic32mx/lib/crt0.o

.vector_0       0x9fc01200        0x0
 *(.vector_0)
                0x00000001                ASSERT (((_vector_spacing == 0x0) || (SIZEOF (.vector_0) <= (_vector_spacing << 0x5))), function at exception vector 0 too large)

.vector_1       0x9fc01220        0x0
 *(.vector_1)
                0x00000001                ASSERT (((_vector_spacing == 0x0) || (SIZEOF (.vector_1) <= (_vector_spacing << 0x5))), function at exception vector 1 too large)

.vector_2       0x9fc01240        0x0
 *(.vector_2)
                0x00000001                ASSERT (((_vector_spacing == 0x0) || (SIZEOF (.vector_2) <= (_vector_spacing << 0x5))), function at exception vector 2 too large)

.vector_3       0x9fc01260        0x0
 *(.vector_3)
                0x00000001                ASSERT (((_vector_spacing == 0x0) || (SIZEOF (.vector_3) <= (_vector_spacing << 0x5))), function at exception vector 3 too large)

.vector_4       0x9fc01280        0x8
 *(.vector_4)
 .vector_4      0x9fc01280        0x8 build/default/production/_ext/2118813141/Tick.o
                0x00000001                ASSERT (((_vector_spacing == 0x0) || (SIZEOF (.vector_4) <= (_vector_spacing << 0x5))), function at exception vector 4 too large)

.vector_5       0x9fc012a0        0x0
 *(.vector_5)
                0x00000001                ASSERT (((_vector_spacing == 0x0) || (SIZEOF (.vector_5) <= (_vector_spacing << 0x5))), function at exception vector 5 too large)

.vector_6       0x9fc012c0        0x0
 *(.vector_6)
                0x00000001                ASSERT (((_vector_spacing == 0x0) || (SIZEOF (.vector_6) <= (_vector_spacing << 0x5))), function at exception vector 6 too large)

.vector_7       0x9fc012e0        0x0
 *(.vector_7)
                0x00000001                ASSERT (((_vector_spacing == 0x0) || (SIZEOF (.vector_7) <= (_vector_spacing << 0x5))), function at exception vector 7 too large)

.vector_8       0x9fc01300        0x8
 *(.vector_8)
 .vector_8      0x9fc01300        0x8 build/default/production/_ext/263962707/Servo.o
                0x00000001                ASSERT (((_vector_spacing == 0x0) || (SIZEOF (.vector_8) <= (_vector_spacing << 0x5))), function at exception vector 8 too large)

.vector_9       0x9fc01320        0x0
 *(.vector_9)
                0x00000001                ASSERT (((_vector_spacing == 0x0) || (SIZEOF (.vector_9) <= (_vector_spacing << 0x5))), function at exception vector 9 too large)

.vector_10      0x9fc01340        0x0
 *(.vector_10)
                0x00000001                ASSERT (((_vector_spacing == 0x0) || (SIZEOF (.vector_10) <= (_vector_spacing << 0x5))), function at exception vector 10 too large)

.vector_11      0x9fc01360        0x0
 *(.vector_11)
                0x00000001                ASSERT (((_vector_spacing == 0x0) || (SIZEOF (.vector_11) <= (_vector_spacing << 0x5))), function at exception vector 11 too large)

.vector_12      0x9fc01380        0x8
 *(.vector_12)
 .vector_12     0x9fc01380        0x8 build/default/production/_ext/263962707/ForgeHeater.o
                0x00000001                ASSERT (((_vector_spacing == 0x0) || (SIZEOF (.vector_12) <= (_vector_spacing << 0x5))), function at exception vector 12 too large)

.vector_13      0x9fc013a0        0x0
 *(.vector_13)
                0x00000001                ASSERT (((_vector_spacing == 0x0) || (SIZEOF (.vector_13) <= (_vector_spacing << 0x5))), function at exception vector 13 too large)

.vector_14      0x9fc013c0        0x0
 *(.vector_14)
                0x00000001                ASSERT (((_vector_spacing == 0x0) || (SIZEOF (.vector_14) <= (_vector_spacing << 0x5))), function at exception vector 14 too large)

.vector_15      0x9fc013e0        0x0
 *(.vector_15)
                0x00000001                ASSERT (((_vector_spacing == 0x0) || (SIZEOF (.vector_15) <= (_vector_spacing << 0x5))), function at exception vector 15 too large)

.vector_16      0x9fc01400        0x0
 *(.vector_16)
                0x00000001                ASSERT (((_vector_spacing == 0x0) || (SIZEOF (.vector_16) <= (_vector_spacing << 0x5))), function at exception vector 16 too large)

.vector_17      0x9fc01420        0x0
 *(.vector_17)
                0x00000001                ASSERT (((_vector_spacing == 0x0) || (SIZEOF (.vector_17) <= (_vector_spacing << 0x5))), function at exception vector 17 too large)

.vector_18      0x9fc01440        0x0
 *(.vector_18)
                0x00000001                ASSERT (((_vector_spacing == 0x0) || (SIZEOF (.vector_18) <= (_vector_spacing << 0x5))), function at exception vector 18 too large)

.vector_19      0x9fc01460        0x8
 *(.vector_19)
 .vector_19     0x9fc01460        0x8 build/default/production/_ext/519170017/StepperSim.o
                0x00000001                ASSERT (((_vector_spacing == 0x0) || (SIZEOF (.vector_19) <= (_vector_spacing << 0x5))), function at exception vector 19 too large)

.vector_20      0x9fc01480        0x0
 *(.vector_20)
                0x00000001                ASSERT (((_vector_spacing == 0x0) || (SIZEOF (.vector_20) <= (_vector_spacing << 0x5))), function at exception vector 20 too large)

.vector_21      0x9fc014a0        0x0
 *(.vector_21)
                0x00000001                ASSERT (((_vector_spacing == 0x0) || (SIZEOF (.vector_21) <= (_vector_spacing << 0x5))), function at exception vector 21 too large)

.vector_22      0x9fc014c0        0x0
 *(.vector_22)
                0x00000001                ASSERT (((_vector_spacing == 0x0) || (SIZEOF (.vector_22) <= (_vector_spacing << 0x5))), function at exception vector 22 too large)

.vector_23      0x9fc014e0        0x0
 *(.vector_23)
                0x00000001                ASSERT (((_vector_spacing == 0x0) || (SIZEOF (.vector_23) <= (_vector_spacing << 0x5))), function at exception vector 23 too large)

.vector_24      0x9fc01500        0x8
 *(.vector_24)
 .vector_24     0x9fc01500        0x8 build/default/production/_ext/2118813141/Bowler_UART_HAL.o
                0x00000001                ASSERT (((_vector_spacing == 0x0) || (SIZEOF (.vector_24) <= (_vector_spacing << 0x5))), function at exception vector 24 too large)

.vector_25      0x9fc01520        0x0
 *(.vector_25)
                0x00000001                ASSERT (((_vector_spacing == 0x0) || (SIZEOF (.vector_25) <= (_vector_spacing << 0x5))), function at exception vector 25 too large)

.vector_26      0x9fc01540        0x0
 *(.vector_26)
                0x00000001                ASSERT (((_vector_spacing == 0x0) || (SIZEOF (.vector_26) <= (_vector_spacing << 0x5))), function at exception vector 26 too large)

.vector_27      0x9fc01560        0x0
 *(.vector_27)
                0x00000001                ASSERT (((_vector_spacing == 0x0) || (SIZEOF (.vector_27) <= (_vector_spacing << 0x5))), function at exception vector 27 too large)

.vector_28      0x9fc01580        0x0
 *(.vector_28)
                0x00000001                ASSERT (((_vector_spacing == 0x0) || (SIZEOF (.vector_28) <= (_vector_spacing << 0x5))), function at exception vector 28 too large)

.vector_29      0x9fc015a0        0x0
 *(.vector_29)
                0x00000001                ASSERT (((_vector_spacing == 0x0) || (SIZEOF (.vector_29) <= (_vector_spacing << 0x5))), function at exception vector 29 too large)

.vector_30      0x9fc015c0        0x0
 *(.vector_30)
                0x00000001                ASSERT (((_vector_spacing == 0x0) || (SIZEOF (.vector_30) <= (_vector_spacing << 0x5))), function at exception vector 30 too large)

.vector_31      0x9fc015e0        0x0
 *(.vector_31)
                0x00000001                ASSERT (((_vector_spacing == 0x0) || (SIZEOF (.vector_31) <= (_vector_spacing << 0x5))), function at exception vector 31 too large)

.vector_32      0x9fc01600        0x0
 *(.vector_32)
                0x00000001                ASSERT (((_vector_spacing == 0x0) || (SIZEOF (.vector_32) <= (_vector_spacing << 0x5))), function at exception vector 32 too large)

.vector_33      0x9fc01620        0x0
 *(.vector_33)
                0x00000001                ASSERT (((_vector_spacing == 0x0) || (SIZEOF (.vector_33) <= (_vector_spacing << 0x5))), function at exception vector 33 too large)

.vector_34      0x9fc01640        0x0
 *(.vector_34)
                0x00000001                ASSERT (((_vector_spacing == 0x0) || (SIZEOF (.vector_34) <= (_vector_spacing << 0x5))), function at exception vector 34 too large)

.vector_35      0x9fc01660        0x0
 *(.vector_35)
                0x00000001                ASSERT (((_vector_spacing == 0x0) || (SIZEOF (.vector_35) <= (_vector_spacing << 0x5))), function at exception vector 35 too large)

.vector_36      0x9fc01680        0x0
 *(.vector_36)
                0x00000001                ASSERT (((_vector_spacing == 0x0) || (SIZEOF (.vector_36) <= (_vector_spacing << 0x5))), function at exception vector 36 too large)

.vector_37      0x9fc016a0        0x0
 *(.vector_37)
                0x00000001                ASSERT (((_vector_spacing == 0x0) || (SIZEOF (.vector_37) <= (_vector_spacing << 0x5))), function at exception vector 37 too large)

.vector_38      0x9fc016c0        0x0
 *(.vector_38)
                0x00000001                ASSERT (((_vector_spacing == 0x0) || (SIZEOF (.vector_38) <= (_vector_spacing << 0x5))), function at exception vector 38 too large)

.vector_39      0x9fc016e0        0x0
 *(.vector_39)
                0x00000001                ASSERT (((_vector_spacing == 0x0) || (SIZEOF (.vector_39) <= (_vector_spacing << 0x5))), function at exception vector 39 too large)

.vector_40      0x9fc01700        0x0
 *(.vector_40)
                0x00000001                ASSERT (((_vector_spacing == 0x0) || (SIZEOF (.vector_40) <= (_vector_spacing << 0x5))), function at exception vector 40 too large)

.vector_41      0x9fc01720        0x0
 *(.vector_41)
                0x00000001                ASSERT (((_vector_spacing == 0x0) || (SIZEOF (.vector_41) <= (_vector_spacing << 0x5))), function at exception vector 41 too large)

.vector_42      0x9fc01740        0x0
 *(.vector_42)
                0x00000001                ASSERT (((_vector_spacing == 0x0) || (SIZEOF (.vector_42) <= (_vector_spacing << 0x5))), function at exception vector 42 too large)

.vector_43      0x9fc01760        0x0
 *(.vector_43)
                0x00000001                ASSERT (((_vector_spacing == 0x0) || (SIZEOF (.vector_43) <= (_vector_spacing << 0x5))), function at exception vector 43 too large)

.vector_44      0x9fc01780        0x0
 *(.vector_44)
                0x00000001                ASSERT (((_vector_spacing == 0x0) || (SIZEOF (.vector_44) <= (_vector_spacing << 0x5))), function at exception vector 44 too large)

.vector_45      0x9fc017a0        0x8
 *(.vector_45)
 .vector_45     0x9fc017a0        0x8 build/default/production/_ext/1487882678/usb_device.o
                0x00000001                ASSERT (((_vector_spacing == 0x0) || (SIZEOF (.vector_45) <= (_vector_spacing << 0x5))), function at exception vector 45 too large)

.vector_46      0x9fc017c0        0x0
 *(.vector_46)
                0x00000001                ASSERT (((_vector_spacing == 0x0) || (SIZEOF (.vector_46) <= (_vector_spacing << 0x5))), function at exception vector 46 too large)

.vector_47      0x9fc017e0        0x0
 *(.vector_47)
                0x00000001                ASSERT (((_vector_spacing == 0x0) || (SIZEOF (.vector_47) <= (_vector_spacing << 0x5))), function at exception vector 47 too large)

.vector_48      0x9fc01800        0x0
 *(.vector_48)
                0x00000001                ASSERT (((_vector_spacing == 0x0) || (SIZEOF (.vector_48) <= (_vector_spacing << 0x5))), function at exception vector 48 too large)

.vector_49      0x9fc01820        0x0
 *(.vector_49)
                0x00000001                ASSERT (((_vector_spacing == 0x0) || (SIZEOF (.vector_49) <= (_vector_spacing << 0x5))), function at exception vector 49 too large)

.vector_50      0x9fc01840        0x0
 *(.vector_50)
                0x00000001                ASSERT (((_vector_spacing == 0x0) || (SIZEOF (.vector_50) <= (_vector_spacing << 0x5))), function at exception vector 50 too large)

.vector_51      0x9fc01860        0x0
 *(.vector_51)
                0x00000001                ASSERT (((_vector_spacing == 0x0) || (SIZEOF (.vector_51) <= (_vector_spacing << 0x5))), function at exception vector 51 too large)

.vector_52      0x9fc01880        0x0
 *(.vector_52)
                0x00000001                ASSERT (((_vector_spacing == 0x0) || (SIZEOF (.vector_52) <= (_vector_spacing << 0x5))), function at exception vector 52 too large)

.vector_53      0x9fc018a0        0x0
 *(.vector_53)
                0x00000001                ASSERT (((_vector_spacing == 0x0) || (SIZEOF (.vector_53) <= (_vector_spacing << 0x5))), function at exception vector 53 too large)

.vector_54      0x9fc018c0        0x0
 *(.vector_54)
                0x00000001                ASSERT (((_vector_spacing == 0x0) || (SIZEOF (.vector_54) <= (_vector_spacing << 0x5))), function at exception vector 54 too large)

.vector_55      0x9fc018e0        0x0
 *(.vector_55)
                0x00000001                ASSERT (((_vector_spacing == 0x0) || (SIZEOF (.vector_55) <= (_vector_spacing << 0x5))), function at exception vector 55 too large)

.vector_56      0x9fc01900        0x0
 *(.vector_56)
                0x00000001                ASSERT (((_vector_spacing == 0x0) || (SIZEOF (.vector_56) <= (_vector_spacing << 0x5))), function at exception vector 56 too large)

.vector_57      0x9fc01920        0x0
 *(.vector_57)
                0x00000001                ASSERT (((_vector_spacing == 0x0) || (SIZEOF (.vector_57) <= (_vector_spacing << 0x5))), function at exception vector 57 too large)

.vector_58      0x9fc01940        0x0
 *(.vector_58)
                0x00000001                ASSERT (((_vector_spacing == 0x0) || (SIZEOF (.vector_58) <= (_vector_spacing << 0x5))), function at exception vector 58 too large)

.vector_59      0x9fc01960        0x0
 *(.vector_59)
                0x00000001                ASSERT (((_vector_spacing == 0x0) || (SIZEOF (.vector_59) <= (_vector_spacing << 0x5))), function at exception vector 59 too large)

.vector_60      0x9fc01980        0x0
 *(.vector_60)
                0x00000001                ASSERT (((_vector_spacing == 0x0) || (SIZEOF (.vector_60) <= (_vector_spacing << 0x5))), function at exception vector 60 too large)

.vector_61      0x9fc019a0        0x0
 *(.vector_61)
                0x00000001                ASSERT (((_vector_spacing == 0x0) || (SIZEOF (.vector_61) <= (_vector_spacing << 0x5))), function at exception vector 61 too large)

.vector_62      0x9fc019c0        0x0
 *(.vector_62)
                0x00000001                ASSERT (((_vector_spacing == 0x0) || (SIZEOF (.vector_62) <= (_vector_spacing << 0x5))), function at exception vector 62 too large)

.vector_63      0x9fc019e0        0x0
 *(.vector_63)
                0x00000001                ASSERT (((_vector_spacing == 0x0) || (SIZEOF (.vector_63) <= (_vector_spacing << 0x5))), function at exception vector 63 too large)

.startup
 *(.startup)

.text
 *(.stub .gnu.linkonce.t.*)
 *(.text.*personality*)
 *(.mips16.fn.*)
 *(.mips16.call.*)
 *(.gnu.warning)

.rodata         0x9d000000        0x0
 *(.rodata.* .gnu.linkonce.r.*)
 *(.rodata1)
                0x9d000000                . = ALIGN (0x4)

.sdata2         0x9fc00490        0x0
 *(.sdata2 .sdata2.* .gnu.linkonce.s2.*)
                0x9fc00490                . = ALIGN (0x4)

.sbss2          0x9fc00490        0x0
 *(.sbss2 .sbss2.* .gnu.linkonce.sb2.*)
                0x9fc00490                . = ALIGN (0x4)

.eh_frame_hdr
 *(.eh_frame_hdr)

.eh_frame
 *(.eh_frame)

.dbg_data       0xa0000000        0x0
                0xa0000000                . = (. + DEFINED (_DEBUGGER)?0x200:0x0)

.persist        0xa0000000        0x0
                0xa0000000                _persist_begin = .
 *(.persist .persist.*)
                0xa0000000                . = ALIGN (0x4)
                0xa0000000                _persist_end = .

.eh_frame
 *(.eh_frame)
                0xa0000000                . = .
                0xa0007ff0                _gp = (ALIGN (0x10) + 0x7ff0)

.got
 *(.got.plt)
 *(.got)

.sdata          0xa0000000       0xd8
                0xa0000000                _sdata_begin = .
 *(.sdata .sdata.* .gnu.linkonce.s.*)
 .sdata         0xa0000000        0x8 build/default/production/_ext/1487882678/usb_descriptors.o
                0xa0000000                sd000
                0xa0000004                USB_CD_Ptr
 .sdata         0xa0000008        0x4 build/default/production/_ext/1487882678/usb_fifo.o
 .sdata         0xa000000c        0x8 build/default/production/_ext/2118813141/FlashStorage.o
                0xa000000c                defMac
 .sdata         0xa0000014        0x4 build/default/production/_ext/1080174469/AbstractPID.o
                0xa0000014                zone
 .sdata         0xa0000018        0x8 build/default/production/_ext/1080174469/Bowler_Server.o
                0xa0000018                MyMAC
 .sdata         0xa0000020        0x8 build/default/production/_ext/1080174469/Namespace_bcs_core.o
 .sdata         0xa0000028       0x4c build/default/production/_ext/1080174469/Namespace_bcs_pid.o
 .sdata         0xa0000074       0x18 build/default/production/_ext/1080174469/Namespace_bcs_rpc.o
 .sdata         0xa000008c        0x1 build/default/production/_ext/263962707/Servo.o
                0xa000008c                stop
 *fill*         0xa000008d        0x3 00
 .sdata         0xa0000090       0x10 build/default/production/_ext/1494288313/CartesianController.o
                0xa0000090                scale
                0xa0000094                extrusionScale
 .sdata         0xa00000a0       0x14 build/default/production/_ext/1494288313/delta.o
                0xa00000a0                e
                0xa00000a4                f
                0xa00000a8                re
                0xa00000ac                rf
                0xa00000b0                zOffset
 .sdata         0xa00000b4        0x8 build/default/production/_ext/519170017/servoCalibration.o
 .sdata         0xa00000bc       0x1c build/default/production/_ext/1445274692/main.o
                0xa00000d8                _sdata_end = .

.lit8
 *(.lit8)

.lit4
 *(.lit4)
                0xa00000d8                . = ALIGN (0x4)
                0xa00000d8                _data_end = .
                0xa00000d8                _bss_begin = .

.sbss           0xa00000d8      0x190
                0xa00000d8                _sbss_begin = .
 *(.dynsbss)
 *(.sbss .sbss.* .gnu.linkonce.sb.*)
 .sbss          0xa00000d8       0x10 build/default/production/_ext/1487882678/usb_fifo.o
 .sbss          0xa00000e8        0x2 build/default/production/_ext/1487882678/usb_callback.o
 *fill*         0xa00000ea        0x2 00
 .sbss          0xa00000ec        0x8 build/default/production/_ext/2118813141/HAL_P32.o
 .sbss          0xa00000f4        0x8 build/default/production/_ext/2118813141/Tick.o
 .sbss          0xa00000fc        0x8 build/default/production/_ext/2118813141/Bowler_UART_HAL.o
 .sbss          0xa0000104        0x8 build/default/production/_ext/2118813141/UART.o
                0xa0000104                useUart2
                0xa0000108                useUart1
 .sbss          0xa000010c        0x4 build/default/production/_ext/2118813141/ADC.o
                0xa000010c                ADCMask
 .sbss          0xa0000110       0x14 build/default/production/_ext/1080174469/AbstractPID.o
                0xa0000110                number_of_pid_groups
 .sbss          0xa0000124        0x4 build/default/production/_ext/1080174469/Bowler_RPC_Process.o
 .sbss          0xa0000128        0xc build/default/production/_ext/1080174469/Debug.o
                0xa0000128                level
 .sbss          0xa0000134        0x4 build/default/production/_ext/1080174469/Namespace_bcs_core.o
 .sbss          0xa0000138        0x4 build/default/production/_ext/1080174469/Namespace_bcs_pid.o
 .sbss          0xa000013c        0x4 build/default/production/_ext/1080174469/Namespace_bcs_rpc.o
 .sbss          0xa0000140        0xc build/default/production/_ext/263962707/Servo.o
                0xa0000140                sortedIndex
                0xa0000144                start
                0xa0000148                servoCalibrationState
 .sbss          0xa000014c        0x4 build/default/production/_ext/263962707/ForgeHeater.o
                0xa000014c                heaterIndex
 .sbss          0xa0000150        0x3 build/default/production/_ext/263962707/AS5055.o
                0xa0000150                initialized
                0xa0000151                busy
                0xa0000152                lock
 *fill*         0xa0000153        0x1 00
 .sbss          0xa0000154        0x8 build/default/production/_ext/1494288313/CartesianController.o
                0xa0000154                full
                0xa0000158                lastPushedBufferSize
 .sbss          0xa000015c        0x4 build/default/production/_ext/519170017/StepperSim.o
                0xa000015c                current
 .sbss          0xa0000160        0x4 build/default/production/_ext/519170017/PID.o
                0xa0000160                runPidIsr
 .sbss          0xa0000164        0x4 build/default/production/_ext/2048476848/Namespace_bcs_cartesian.o
 .sbss          0xa0000168        0xc build/default/production/_ext/2048476848/Callbacks.o
 .sbss          0xa0000174        0xc build/default/production/_ext/1445274692/main.o
                0xa0000174                height
                0xa0000178                j
                0xa000017c                i
 .sbss          0xa0000180        0x4 /home/opt/microchip/xc32/v1.00/bin/../lib/gcc/pic32mx/4.5.1/../../../../pic32mx/lib/libc.a(errno.o)
                0xa0000180                errno
 *(.scommon)
 .scommon       0xa0000184       0x40 build/default/production/_ext/1487882678/usb_function_cdc.o
                0xa0000184                control_signal_bitmap
                0xa0000188                cdc_tx_len
                0xa000018c                pCDCSrc
                0xa0000190                CDCDataOutHandle
                0xa0000194                cdc_rx_len
                0xa0000198                line_coding
                0xa00001a0                BaudRateGen
                0xa00001a4                CDCDataInHandle
                0xa00001a8                cdc_notice
                0xa00001b0                cdc_trf_state
                0xa00001b4                pCDCDst
                0xa00001b8                cdc_mem_type
                0xa00001bc                dummy_encapsulated_cmd_response
 .scommon       0xa00001c4       0x41 build/default/production/_ext/1487882678/usb_device.o
                0xa00001c4                pDst
                0xa00001c8                USBDeviceState
                0xa00001cc                controlTransferState
                0xa00001d0                USBInMaxPacketSize
                0xa00001d8                inPipes
                0xa00001e0                BothEP0OutUOWNsSet
                0xa00001e4                pBDTEntryEP0OutNext
                0xa00001e8                SetupPkt
                0xa00001f0                shortPacketStatus
                0xa00001f4                pBDTEntryEP0OutCurrent
                0xa00001f8                USBActiveConfiguration
                0xa00001fc                RemoteWakeup
                0xa0000200                USTATcopy
                0xa0000204                USBAlternateInterface
 *fill*         0xa0000205        0x3 00
 .scommon       0xa0000208       0x24 build/default/production/_ext/1080174469/AbstractPID.o
                0xa0000208                resetPosition
                0xa000020c                MathCalculationVelocity
                0xa0000210                velData
                0xa0000214                MathCalculationPosition
                0xa0000218                onPidConfigure
                0xa000021c                pidGroups
                0xa0000220                setOutput
                0xa0000224                getPosition
                0xa0000228                checkPIDLimitEvents
 .scommon       0xa000022c       0x18 build/default/production/_ext/263962707/Servo.o
                0xa000022c                currentServo
                0xa0000230                lastValue
                0xa0000234                nextServo
                0xa0000238                nextValue
                0xa000023c                diff
                0xa0000240                currentValue
 .scommon       0xa0000244        0x4 build/default/production/_ext/263962707/ForgeHeater.o
                0xa0000244                heaterLowpassIndex
 .scommon       0xa0000248       0x1c build/default/production/_ext/1494288313/delta.o
                0xa0000248                cos120
                0xa000024c                sqrt3
                0xa0000250                sin30
                0xa0000254                tan30
                0xa0000258                pi
                0xa000025c                sin120
                0xa0000260                tan60
 .scommon       0xa0000264        0x4 build/default/production/_ext/519170017/servoCalibration.o
                0xa0000264                state
                0xa0000268                _sbss_end = .

.bss            0xa0000400     0x31d4
 *(.dynbss)
 *(COMMON)
 COMMON         0xa0000400       0x80 build/default/production/_ext/1487882678/usb_function_cdc.o
                0xa0000400                cdc_data_tx
                0xa0000440                cdc_data_rx
 *fill*         0xa0000480      0x180 00
 COMMON         0xa0000600       0xf7 build/default/production/_ext/1487882678/usb_device.o
                0xa0000600                BDT
                0xa0000680                CtrlTrfData
                0xa00006c0                pBDTEntryIn
                0xa00006d0                pBDTEntryOut
                0xa00006e0                USBInData
                0xa00006ec                outPipes
 *fill*         0xa00006f7        0x1 00
 COMMON         0xa00006f8       0x50 build/default/production/_ext/2118813141/FlashStorage.o
                0xa00006f8                flash
 COMMON         0xa0000748       0xc0 build/default/production/_ext/263962707/Servo.o
                0xa0000748                position
                0xa0000768                sort
                0xa0000788                velocity
 COMMON         0xa0000808       0x10 build/default/production/_ext/263962707/ForgeHeater.o
                0xa0000808                heaterLowpass
 COMMON         0xa0000818       0xb0 build/default/production/_ext/263962707/AS5055.o
                0xa0000818                overflow
                0xa0000844                raw
                0xa0000870                offset
                0xa000089c                recent
 COMMON         0xa00008c8     0x2bfe build/default/production/_ext/1494288313/CartesianController.o
                0xa00008c8                packetFifo
                0xa00008e0                intCartesian
                0xa0000910                linTmpPack
                0xa0000a1c                lastXYZE
                0xa0000a2c                buffer
                0xa00033bc                packetTemp
 *fill*         0xa00034c6        0x2 00
 COMMON         0xa00034c8      0x10a build/default/production/_ext/2048476848/Callbacks.o
                0xa00034c8                tmpData
                0xa00035d4                . = ALIGN (0x4)
 *fill*         0xa00035d2        0x2 00
                0xa00035d4                . = ALIGN (0x4)
                0xa00035d4                _end = .
                0xa00035d4                _bss_end = .
                0x00008000                _bmxdudba_address = 0x8000
                0x00008000                _bmxdupba_address = 0x8000

/DISCARD/
 *(.pdr)
 *(.reginfo)
 *(.rel.dyn)
 *(.note.GNU-stack)
 *(.note.GNU-stack)
 *(.gnu_debuglink)
 *(.gnu.lto_*)
 *(.discard)

.stab
 *(.stab)

.stabstr
 *(.stabstr)

.stab.excl
 *(.stab.excl)

.stab.exclstr
 *(.stab.exclstr)

.stab.index
 *(.stab.index)

.stab.indexstr
 *(.stab.indexstr)

.comment        0x00000000       0xea
 *(.comment)
 .comment       0x00000000       0x33 build/default/production/_ext/1487882678/usb_descriptors.o
                                 0x34 (size before relaxing)
 .comment       0x00000000       0x34 build/default/production/_ext/1487882678/usb_function_cdc.o
 .comment       0x00000000       0x34 build/default/production/_ext/1487882678/usb_fifo.o
 .comment       0x00000000       0x34 build/default/production/_ext/1487882678/usb_callback.o
 .comment       0x00000000       0x34 build/default/production/_ext/1487882678/usb_interrupt.o
 .comment       0x00000000       0x34 build/default/production/_ext/1487882678/usb_device.o
 .comment       0x00000000       0x34 build/default/production/_ext/2118813141/Delay.o
 .comment       0x00000000       0x34 build/default/production/_ext/2118813141/FlashStorage.o
 .comment       0x00000000       0x34 build/default/production/_ext/2118813141/HAL_P32.o
 .comment       0x00000000       0x34 build/default/production/_ext/2118813141/LED.o
 .comment       0x00000000       0x34 build/default/production/_ext/2118813141/Tick.o
 .comment       0x00000000       0x34 build/default/production/_ext/2118813141/Bowler_UART_HAL.o
 .comment       0x00000000       0x34 build/default/production/_ext/2118813141/UART.o
 .comment       0x00000000       0x34 build/default/production/_ext/2118813141/ADC.o
 .comment       0x00000000       0x34 build/default/production/_ext/2118813141/Bowler_USB_HAL.o
 .comment       0x00000000       0x34 build/default/production/_ext/1080174469/Bowler_Helper.o
 .comment       0x00000000       0x34 build/default/production/_ext/1080174469/AbstractPID.o
 .comment       0x00000000       0x34 build/default/production/_ext/1080174469/Bowler_Stack_Callback.o
 .comment       0x00000000       0x34 build/default/production/_ext/1080174469/FIFO.o
 .comment       0x00000000       0x34 build/default/production/_ext/1080174469/Bowler_RPC_Process.o
 .comment       0x00000000       0x34 build/default/production/_ext/1080174469/Bowler_Transport.o
 .comment       0x00000000       0x34 build/default/production/_ext/1080174469/Debug.o
 .comment       0x00000000       0x34 build/default/production/_ext/1080174469/Scheduler.o
 .comment       0x00000000       0x34 build/default/production/_ext/1080174469/Bowler_Server.o
 .comment       0x00000000       0x34 build/default/production/_ext/1080174469/Namespace_bcs_core.o
 .comment       0x00000000       0x34 build/default/production/_ext/1080174469/Namespace_bcs_pid.o
 .comment       0x00000000       0x34 build/default/production/_ext/1080174469/Namespace_bcs_rpc.o
 .comment       0x00000000       0x34 build/default/production/_ext/263962707/Servo.o
 .comment       0x00000000       0x34 build/default/production/_ext/263962707/SPIClient.o
 .comment       0x00000000       0x34 build/default/production/_ext/263962707/ForgeHeater.o
 .comment       0x00000000       0x34 build/default/production/_ext/263962707/AS5055.o
 .comment       0x00000000       0x34 build/default/production/_ext/1494288313/KosselKinematics.o
 .comment       0x00000000       0x34 build/default/production/_ext/1494288313/CartesianController.o
 .comment       0x00000000       0x34 build/default/production/_ext/1494288313/DeltaKinematics.o
 .comment       0x00000000       0x34 build/default/production/_ext/1494288313/delta.o
 .comment       0x00000000       0x34 build/default/production/_ext/519170017/MotionTest.o
 .comment       0x00000000       0x34 build/default/production/_ext/519170017/Calibration.o
 .comment       0x00000000       0x34 build/default/production/_ext/519170017/StepperSim.o
 .comment       0x00000000       0x34 build/default/production/_ext/519170017/servoCalibration.o
 .comment       0x00000000       0x34 build/default/production/_ext/519170017/PID.o
 .comment       0x00000000       0x34 build/default/production/_ext/2048476848/UpstreamPackets.o
 .comment       0x00000000       0x34 build/default/production/_ext/2048476848/Namespace_bcs_cartesian.o
 .comment       0x00000000       0x34 build/default/production/_ext/2048476848/Callbacks.o
 .comment       0x00000000       0x34 build/default/production/_ext/1445274692/main.o
 .comment       0x00000000       0x34 /home/opt/microchip/xc32/v1.00/bin/../lib/gcc/pic32mx/4.5.1/libgcc.a(floatunsisf.o)
 .comment       0x00000033       0x18 /home/opt/microchip/xc32/v1.00/bin/../lib/gcc/pic32mx/4.5.1/../../../../pic32mx/lib/libc.a(memset.o)
                                 0x19 (size before relaxing)
 .comment       0x00000000       0x34 /home/opt/microchip/xc32/v1.00/bin/../lib/gcc/pic32mx/4.5.1/../../../../pic32mx/lib/libc.a(default-bootstrap-exception-handler.o)
 .comment       0x00000000       0x34 /home/opt/microchip/xc32/v1.00/bin/../lib/gcc/pic32mx/4.5.1/../../../../pic32mx/lib/libc.a(default-on-reset.o)
 .comment       0x00000000       0x34 /home/opt/microchip/xc32/v1.00/bin/../lib/gcc/pic32mx/4.5.1/../../../../pic32mx/lib/libc.a(default-on-bootstrap.o)
 .comment       0x00000000       0x34 /home/opt/microchip/xc32/v1.00/bin/../lib/gcc/pic32mx/4.5.1/../../../../pic32mx/lib/libm.a(w_atan2f.o)
 .comment       0x00000000       0x34 /home/opt/microchip/xc32/v1.00/bin/../lib/gcc/pic32mx/4.5.1/../../../../pic32mx/lib/libm.a(w_sqrtf.o)
 .comment       0x00000000       0x34 /home/opt/microchip/xc32/v1.00/bin/../lib/gcc/pic32mx/4.5.1/../../../../pic32mx/lib/libm.a(s_lib_ver.o)
 .comment       0x00000000       0x34 /home/opt/microchip/xc32/v1.00/bin/../lib/gcc/pic32mx/4.5.1/../../../../pic32mx/lib/libm.a(cabs.o)
 .comment       0x00000000       0x34 /home/opt/microchip/xc32/v1.00/bin/../lib/gcc/pic32mx/4.5.1/../../../../pic32mx/lib/libm.a(support.o)
 .comment       0x00000000       0x34 /home/opt/microchip/xc32/v1.00/bin/../lib/gcc/pic32mx/4.5.1/../../../../pic32mx/lib/libm.a(w_ldexp.o)
 .comment       0x00000000       0x34 /home/opt/microchip/xc32/v1.00/bin/../lib/gcc/pic32mx/4.5.1/../../../../pic32mx/lib/libm.a(w_sqrt.o)
 .comment       0x00000000       0x34 /home/opt/microchip/xc32/v1.00/bin/../lib/gcc/pic32mx/4.5.1/../../../../pic32mx/lib/libc.a(errno.o)
 .comment       0x00000000       0x34 /home/opt/microchip/xc32/v1.00/bin/../lib/gcc/pic32mx/4.5.1/../../../../pic32mx/lib/libc.a(isinf.o)
 .comment       0x0000004b       0x4e /home/opt/microchip/xc32/v1.00/bin/../lib/gcc/pic32mx/4.5.1/../../../../pic32mx/lib/libe.a(_unorddf2.o)
                                 0x82 (size before relaxing)
 .comment       0x00000099       0x51 /home/opt/microchip/xc32/v1.00/bin/../lib/gcc/pic32mx/4.5.1/../../../../pic32mx/lib/libmchp_peripheral_32MX440F128H.a(pcache.o)
                                 0x52 (size before relaxing)
 .comment       0x00000000       0x52 /home/opt/microchip/xc32/v1.00/bin/../lib/gcc/pic32mx/4.5.1/../../../../pic32mx/lib/libmchp_peripheral_32MX440F128H.a(int_enable_interrupts_lib.o)
 .comment       0x00000000       0x52 /home/opt/microchip/xc32/v1.00/bin/../lib/gcc/pic32mx/4.5.1/../../../../pic32mx/lib/libmchp_peripheral_32MX440F128H.a(int_disable_interrupts_lib.o)
 .comment       0x00000000       0x52 /home/opt/microchip/xc32/v1.00/bin/../lib/gcc/pic32mx/4.5.1/../../../../pic32mx/lib/libmchp_peripheral_32MX440F128H.a(int_restore_interrupts_lib.o)
 .comment       0x00000000       0x52 /home/opt/microchip/xc32/v1.00/bin/../lib/gcc/pic32mx/4.5.1/../../../../pic32mx/lib/libmchp_peripheral_32MX440F128H.a(int_enable_mv_int_lib.o)
 .comment       0x00000000       0x52 /home/opt/microchip/xc32/v1.00/bin/../lib/gcc/pic32mx/4.5.1/../../../../pic32mx/lib/libmchp_peripheral_32MX440F128H.a(int_tbl_lib.o)
 .comment       0x00000000       0x52 /home/opt/microchip/xc32/v1.00/bin/../lib/gcc/pic32mx/4.5.1/../../../../pic32mx/lib/libmchp_peripheral_32MX440F128H.a(spi_chn_getc_lib.o)
 .comment       0x00000000       0x52 /home/opt/microchip/xc32/v1.00/bin/../lib/gcc/pic32mx/4.5.1/../../../../pic32mx/lib/libmchp_peripheral_32MX440F128H.a(spi_chn_putc_lib.o)
 .comment       0x00000000       0x52 /home/opt/microchip/xc32/v1.00/bin/../lib/gcc/pic32mx/4.5.1/../../../../pic32mx/lib/libmchp_peripheral_32MX440F128H.a(spi_map_tbl_libp.o)
 .comment       0x00000000       0x52 /home/opt/microchip/xc32/v1.00/bin/../lib/gcc/pic32mx/4.5.1/../../../../pic32mx/lib/libmchp_peripheral_32MX440F128H.a(spi_open_spi2_lib_legacy.o)
 .comment       0x00000000       0x52 /home/opt/microchip/xc32/v1.00/bin/../lib/gcc/pic32mx/4.5.1/../../../../pic32mx/lib/libmchp_peripheral_32MX440F128H.a(spi_brg_tbl_lib_legacy.o)
 .comment       0x00000000       0x52 /home/opt/microchip/xc32/v1.00/bin/../lib/gcc/pic32mx/4.5.1/../../../../pic32mx/lib/libmchp_peripheral_32MX440F128H.a(nvm_erase_page_lib.o)
 .comment       0x00000000       0x52 /home/opt/microchip/xc32/v1.00/bin/../lib/gcc/pic32mx/4.5.1/../../../../pic32mx/lib/libmchp_peripheral_32MX440F128H.a(nvm_operation_lib.o)
 .comment       0x00000000       0x52 /home/opt/microchip/xc32/v1.00/bin/../lib/gcc/pic32mx/4.5.1/../../../../pic32mx/lib/libmchp_peripheral_32MX440F128H.a(nvm_write_word_lib.o)
 .comment       0x00000000       0x52 /home/opt/microchip/xc32/v1.00/bin/../lib/gcc/pic32mx/4.5.1/../../../../pic32mx/lib/libmchp_peripheral_32MX440F128H.a(port_set_pins_digital_out_lib.o)
 .comment       0x00000000       0x52 /home/opt/microchip/xc32/v1.00/bin/../lib/gcc/pic32mx/4.5.1/../../../../pic32mx/lib/libmchp_peripheral_32MX440F128H.a(port_clear_bits_lib.o)
 .comment       0x00000000       0x52 /home/opt/microchip/xc32/v1.00/bin/../lib/gcc/pic32mx/4.5.1/../../../../pic32mx/lib/libmchp_peripheral_32MX440F128H.a(port_set_bits_lib.o)
 .comment       0x00000000       0x52 /home/opt/microchip/xc32/v1.00/bin/../lib/gcc/pic32mx/4.5.1/../../../../pic32mx/lib/libmchp_peripheral_32MX440F128H.a(_ports_tbl_libp.o)
 .comment       0x00000000       0x52 /home/opt/microchip/xc32/v1.00/bin/../lib/gcc/pic32mx/4.5.1/../../../../pic32mx/lib/libmchp_peripheral_32MX440F128H.a(uart_lib.o)

.debug
 *(.debug)

.line
 *(.line)

.debug_srcinfo
 *(.debug_srcinfo)

.debug_sfnames
 *(.debug_sfnames)

.debug_aranges  0x00000000      0x988
 *(.debug_aranges)
 .debug_aranges
                0x00000000       0x20 build/default/production/_ext/1487882678/usb_descriptors.o
 .debug_aranges
                0x00000020       0x20 build/default/production/_ext/1487882678/usb_function_cdc.o
 .debug_aranges
                0x00000040       0x20 build/default/production/_ext/1487882678/usb_fifo.o
 .debug_aranges
                0x00000060       0x20 build/default/production/_ext/1487882678/usb_callback.o
 .debug_aranges
                0x00000080       0x20 build/default/production/_ext/1487882678/usb_device.o
 .debug_aranges
                0x000000a0       0x20 build/default/production/_ext/2118813141/Delay.o
 .debug_aranges
                0x000000c0       0x20 build/default/production/_ext/2118813141/FlashStorage.o
 .debug_aranges
                0x000000e0       0x20 build/default/production/_ext/2118813141/HAL_P32.o
 .debug_aranges
                0x00000100       0x20 build/default/production/_ext/2118813141/LED.o
 .debug_aranges
                0x00000120       0x20 build/default/production/_ext/2118813141/Tick.o
 .debug_aranges
                0x00000140       0x20 build/default/production/_ext/2118813141/Bowler_UART_HAL.o
 .debug_aranges
                0x00000160       0x20 build/default/production/_ext/2118813141/UART.o
 .debug_aranges
                0x00000180       0x20 build/default/production/_ext/2118813141/ADC.o
 .debug_aranges
                0x000001a0       0x20 build/default/production/_ext/2118813141/Bowler_USB_HAL.o
 .debug_aranges
                0x000001c0       0x20 build/default/production/_ext/1080174469/Bowler_Helper.o
 .debug_aranges
                0x000001e0       0x20 build/default/production/_ext/1080174469/AbstractPID.o
 .debug_aranges
                0x00000200       0x20 build/default/production/_ext/1080174469/FIFO.o
 .debug_aranges
                0x00000220       0x20 build/default/production/_ext/1080174469/Bowler_RPC_Process.o
 .debug_aranges
                0x00000240       0x20 build/default/production/_ext/1080174469/Bowler_Transport.o
 .debug_aranges
                0x00000260       0x20 build/default/production/_ext/1080174469/Debug.o
 .debug_aranges
                0x00000280       0x20 build/default/production/_ext/1080174469/Scheduler.o
 .debug_aranges
                0x000002a0       0x20 build/default/production/_ext/1080174469/Bowler_Server.o
 .debug_aranges
                0x000002c0       0x20 build/default/production/_ext/1080174469/Namespace_bcs_core.o
 .debug_aranges
                0x000002e0       0x20 build/default/production/_ext/1080174469/Namespace_bcs_pid.o
 .debug_aranges
                0x00000300       0x20 build/default/production/_ext/1080174469/Namespace_bcs_rpc.o
 .debug_aranges
                0x00000320       0x20 build/default/production/_ext/263962707/Servo.o
 .debug_aranges
                0x00000340       0x20 build/default/production/_ext/263962707/SPIClient.o
 .debug_aranges
                0x00000360       0x20 build/default/production/_ext/263962707/ForgeHeater.o
 .debug_aranges
                0x00000380       0x20 build/default/production/_ext/263962707/AS5055.o
 .debug_aranges
                0x000003a0       0x20 build/default/production/_ext/1494288313/KosselKinematics.o
 .debug_aranges
                0x000003c0       0x20 build/default/production/_ext/1494288313/CartesianController.o
 .debug_aranges
                0x000003e0       0x20 build/default/production/_ext/1494288313/delta.o
 .debug_aranges
                0x00000400       0x20 build/default/production/_ext/519170017/StepperSim.o
 .debug_aranges
                0x00000420       0x20 build/default/production/_ext/519170017/servoCalibration.o
 .debug_aranges
                0x00000440       0x20 build/default/production/_ext/519170017/PID.o
 .debug_aranges
                0x00000460       0x20 build/default/production/_ext/2048476848/UpstreamPackets.o
 .debug_aranges
                0x00000480       0x20 build/default/production/_ext/2048476848/Namespace_bcs_cartesian.o
 .debug_aranges
                0x000004a0       0x20 build/default/production/_ext/2048476848/Callbacks.o
 .debug_aranges
                0x000004c0       0x20 build/default/production/_ext/1445274692/main.o
 .debug_aranges
                0x000004e0       0x20 /home/opt/microchip/xc32/v1.00/bin/../lib/gcc/pic32mx/4.5.1/libgcc.a(floatunsisf.o)
 .debug_aranges
                0x00000500       0x20 /home/opt/microchip/xc32/v1.00/bin/../lib/gcc/pic32mx/4.5.1/../../../../pic32mx/lib/libc.a(default-bootstrap-exception-handler.o)
 .debug_aranges
                0x00000520       0x20 /home/opt/microchip/xc32/v1.00/bin/../lib/gcc/pic32mx/4.5.1/../../../../pic32mx/lib/libc.a(default-on-reset.o)
 .debug_aranges
                0x00000540       0x20 /home/opt/microchip/xc32/v1.00/bin/../lib/gcc/pic32mx/4.5.1/../../../../pic32mx/lib/libc.a(default-on-bootstrap.o)
 .debug_aranges
                0x00000560       0x20 /home/opt/microchip/xc32/v1.00/bin/../lib/gcc/pic32mx/4.5.1/../../../../pic32mx/lib/libm.a(w_atan2f.o)
 .debug_aranges
                0x00000580       0x20 /home/opt/microchip/xc32/v1.00/bin/../lib/gcc/pic32mx/4.5.1/../../../../pic32mx/lib/libm.a(w_sqrtf.o)
 .debug_aranges
                0x000005a0       0x30 /home/opt/microchip/xc32/v1.00/bin/../lib/gcc/pic32mx/4.5.1/../../../../pic32mx/lib/libm.a(cabs.o)
 .debug_aranges
                0x000005d0       0x78 /home/opt/microchip/xc32/v1.00/bin/../lib/gcc/pic32mx/4.5.1/../../../../pic32mx/lib/libm.a(support.o)
 .debug_aranges
                0x00000648       0x20 /home/opt/microchip/xc32/v1.00/bin/../lib/gcc/pic32mx/4.5.1/../../../../pic32mx/lib/libm.a(w_ldexp.o)
 .debug_aranges
                0x00000668       0x20 /home/opt/microchip/xc32/v1.00/bin/../lib/gcc/pic32mx/4.5.1/../../../../pic32mx/lib/libm.a(w_sqrt.o)
 .debug_aranges
                0x00000688       0x48 /home/opt/microchip/xc32/v1.00/bin/../lib/gcc/pic32mx/4.5.1/../../../../pic32mx/lib/libc.a(isinf.o)
 .debug_aranges
                0x000006d0       0x20 /home/opt/microchip/xc32/v1.00/bin/../lib/gcc/pic32mx/4.5.1/../../../../pic32mx/lib/libe.a(_unorddf2.o)
 .debug_aranges
                0x000006f0       0x28 /home/opt/microchip/xc32/v1.00/bin/../lib/gcc/pic32mx/4.5.1/../../../../pic32mx/lib/libmchp_peripheral_32MX440F128H.a(pcache.o)
 .debug_aranges
                0x00000718       0x20 /home/opt/microchip/xc32/v1.00/bin/../lib/gcc/pic32mx/4.5.1/../../../../pic32mx/lib/libmchp_peripheral_32MX440F128H.a(int_enable_interrupts_lib.o)
 .debug_aranges
                0x00000738       0x20 /home/opt/microchip/xc32/v1.00/bin/../lib/gcc/pic32mx/4.5.1/../../../../pic32mx/lib/libmchp_peripheral_32MX440F128H.a(int_disable_interrupts_lib.o)
 .debug_aranges
                0x00000758       0x20 /home/opt/microchip/xc32/v1.00/bin/../lib/gcc/pic32mx/4.5.1/../../../../pic32mx/lib/libmchp_peripheral_32MX440F128H.a(int_restore_interrupts_lib.o)
 .debug_aranges
                0x00000778       0x20 /home/opt/microchip/xc32/v1.00/bin/../lib/gcc/pic32mx/4.5.1/../../../../pic32mx/lib/libmchp_peripheral_32MX440F128H.a(int_enable_mv_int_lib.o)
 .debug_aranges
                0x00000798       0x60 /home/opt/microchip/xc32/v1.00/bin/../lib/gcc/pic32mx/4.5.1/../../../../pic32mx/lib/libmchp_peripheral_32MX440F128H.a(int_tbl_lib.o)
 .debug_aranges
                0x000007f8       0x28 /home/opt/microchip/xc32/v1.00/bin/../lib/gcc/pic32mx/4.5.1/../../../../pic32mx/lib/libmchp_peripheral_32MX440F128H.a(spi_chn_getc_lib.o)
 .debug_aranges
                0x00000820       0x30 /home/opt/microchip/xc32/v1.00/bin/../lib/gcc/pic32mx/4.5.1/../../../../pic32mx/lib/libmchp_peripheral_32MX440F128H.a(spi_chn_putc_lib.o)
 .debug_aranges
                0x00000850       0x20 /home/opt/microchip/xc32/v1.00/bin/../lib/gcc/pic32mx/4.5.1/../../../../pic32mx/lib/libmchp_peripheral_32MX440F128H.a(spi_open_spi2_lib_legacy.o)
 .debug_aranges
                0x00000870       0x20 /home/opt/microchip/xc32/v1.00/bin/../lib/gcc/pic32mx/4.5.1/../../../../pic32mx/lib/libmchp_peripheral_32MX440F128H.a(nvm_erase_page_lib.o)
 .debug_aranges
                0x00000890       0x20 /home/opt/microchip/xc32/v1.00/bin/../lib/gcc/pic32mx/4.5.1/../../../../pic32mx/lib/libmchp_peripheral_32MX440F128H.a(nvm_operation_lib.o)
 .debug_aranges
                0x000008b0       0x20 /home/opt/microchip/xc32/v1.00/bin/../lib/gcc/pic32mx/4.5.1/../../../../pic32mx/lib/libmchp_peripheral_32MX440F128H.a(nvm_write_word_lib.o)
 .debug_aranges
                0x000008d0       0x20 /home/opt/microchip/xc32/v1.00/bin/../lib/gcc/pic32mx/4.5.1/../../../../pic32mx/lib/libmchp_peripheral_32MX440F128H.a(port_set_pins_digital_out_lib.o)
 .debug_aranges
                0x000008f0       0x20 /home/opt/microchip/xc32/v1.00/bin/../lib/gcc/pic32mx/4.5.1/../../../../pic32mx/lib/libmchp_peripheral_32MX440F128H.a(port_clear_bits_lib.o)
 .debug_aranges
                0x00000910       0x20 /home/opt/microchip/xc32/v1.00/bin/../lib/gcc/pic32mx/4.5.1/../../../../pic32mx/lib/libmchp_peripheral_32MX440F128H.a(port_set_bits_lib.o)
 .debug_aranges
                0x00000930       0x58 /home/opt/microchip/xc32/v1.00/bin/../lib/gcc/pic32mx/4.5.1/../../../../pic32mx/lib/libmchp_peripheral_32MX440F128H.a(uart_lib.o)

.debug_pubnames
                0x00000000     0x2863
 *(.debug_pubnames)
 .debug_pubnames
                0x00000000       0xc2 build/default/production/_ext/1487882678/usb_descriptors.o
 .debug_pubnames
                0x000000c2      0x1b1 build/default/production/_ext/1487882678/usb_function_cdc.o
 .debug_pubnames
                0x00000273       0xe7 build/default/production/_ext/1487882678/usb_fifo.o
 .debug_pubnames
                0x0000035a       0xfc build/default/production/_ext/1487882678/usb_callback.o
 .debug_pubnames
                0x00000456      0x3d5 build/default/production/_ext/1487882678/usb_device.o
 .debug_pubnames
                0x0000082b       0x5d build/default/production/_ext/2118813141/Delay.o
 .debug_pubnames
                0x00000888       0xcd build/default/production/_ext/2118813141/FlashStorage.o
 .debug_pubnames
                0x00000955       0xd7 build/default/production/_ext/2118813141/HAL_P32.o
 .debug_pubnames
                0x00000a2c       0x50 build/default/production/_ext/2118813141/LED.o
 .debug_pubnames
                0x00000a7c       0x8d build/default/production/_ext/2118813141/Tick.o
 .debug_pubnames
                0x00000b09       0xe8 build/default/production/_ext/2118813141/Bowler_UART_HAL.o
 .debug_pubnames
                0x00000bf1       0x4e build/default/production/_ext/2118813141/UART.o
 .debug_pubnames
                0x00000c3f       0x52 build/default/production/_ext/2118813141/ADC.o
 .debug_pubnames
                0x00000c91       0x4c build/default/production/_ext/2118813141/Bowler_USB_HAL.o
 .debug_pubnames
                0x00000cdd       0xf6 build/default/production/_ext/1080174469/Bowler_Helper.o
 .debug_pubnames
                0x00000dd3      0x37e build/default/production/_ext/1080174469/AbstractPID.o
 .debug_pubnames
                0x00001151      0x154 build/default/production/_ext/1080174469/FIFO.o
 .debug_pubnames
                0x000012a5       0x40 build/default/production/_ext/1080174469/Bowler_RPC_Process.o
 .debug_pubnames
                0x000012e5       0x9f build/default/production/_ext/1080174469/Bowler_Transport.o
 .debug_pubnames
                0x00001384      0x163 build/default/production/_ext/1080174469/Debug.o
 .debug_pubnames
                0x000014e7       0x1f build/default/production/_ext/1080174469/Scheduler.o
 .debug_pubnames
                0x00001506       0x71 build/default/production/_ext/1080174469/Bowler_Server.o
 .debug_pubnames
                0x00001577       0xf3 build/default/production/_ext/1080174469/Namespace_bcs_core.o
 .debug_pubnames
                0x0000166a       0x48 build/default/production/_ext/1080174469/Namespace_bcs_pid.o
 .debug_pubnames
                0x000016b2       0x3f build/default/production/_ext/1080174469/Namespace_bcs_rpc.o
 .debug_pubnames
                0x000016f1      0x1cc build/default/production/_ext/263962707/Servo.o
 .debug_pubnames
                0x000018bd       0x2b build/default/production/_ext/263962707/SPIClient.o
 .debug_pubnames
                0x000018e8       0xd9 build/default/production/_ext/263962707/ForgeHeater.o
 .debug_pubnames
                0x000019c1      0x170 build/default/production/_ext/263962707/AS5055.o
 .debug_pubnames
                0x00001b31       0x1d build/default/production/_ext/1494288313/KosselKinematics.o
 .debug_pubnames
                0x00001b4e      0x250 build/default/production/_ext/1494288313/CartesianController.o
 .debug_pubnames
                0x00001d9e       0xe9 build/default/production/_ext/1494288313/delta.o
 .debug_pubnames
                0x00001e87       0x58 build/default/production/_ext/519170017/StepperSim.o
 .debug_pubnames
                0x00001edf       0xd1 build/default/production/_ext/519170017/servoCalibration.o
 .debug_pubnames
                0x00001fb0       0xf9 build/default/production/_ext/519170017/PID.o
 .debug_pubnames
                0x000020a9       0x3c build/default/production/_ext/2048476848/UpstreamPackets.o
 .debug_pubnames
                0x000020e5       0x4f build/default/production/_ext/2048476848/Namespace_bcs_cartesian.o
 .debug_pubnames
                0x00002134       0x54 build/default/production/_ext/2048476848/Callbacks.o
 .debug_pubnames
                0x00002188       0xb8 build/default/production/_ext/1445274692/main.o
 .debug_pubnames
                0x00002240       0x24 /home/opt/microchip/xc32/v1.00/bin/../lib/gcc/pic32mx/4.5.1/libgcc.a(floatunsisf.o)
 .debug_pubnames
                0x00002264       0x33 /home/opt/microchip/xc32/v1.00/bin/../lib/gcc/pic32mx/4.5.1/../../../../pic32mx/lib/libc.a(default-bootstrap-exception-handler.o)
 .debug_pubnames
                0x00002297       0x20 /home/opt/microchip/xc32/v1.00/bin/../lib/gcc/pic32mx/4.5.1/../../../../pic32mx/lib/libc.a(default-on-reset.o)
 .debug_pubnames
                0x000022b7       0x24 /home/opt/microchip/xc32/v1.00/bin/../lib/gcc/pic32mx/4.5.1/../../../../pic32mx/lib/libc.a(default-on-bootstrap.o)
 .debug_pubnames
                0x000022db       0x1d /home/opt/microchip/xc32/v1.00/bin/../lib/gcc/pic32mx/4.5.1/../../../../pic32mx/lib/libm.a(w_atan2f.o)
 .debug_pubnames
                0x000022f8       0x1c /home/opt/microchip/xc32/v1.00/bin/../lib/gcc/pic32mx/4.5.1/../../../../pic32mx/lib/libm.a(w_sqrtf.o)
 .debug_pubnames
                0x00002314       0x32 /home/opt/microchip/xc32/v1.00/bin/../lib/gcc/pic32mx/4.5.1/../../../../pic32mx/lib/libm.a(cabs.o)
 .debug_pubnames
                0x00002346       0x98 /home/opt/microchip/xc32/v1.00/bin/../lib/gcc/pic32mx/4.5.1/../../../../pic32mx/lib/libm.a(support.o)
 .debug_pubnames
                0x000023de       0x1c /home/opt/microchip/xc32/v1.00/bin/../lib/gcc/pic32mx/4.5.1/../../../../pic32mx/lib/libm.a(w_ldexp.o)
 .debug_pubnames
                0x000023fa       0x1b /home/opt/microchip/xc32/v1.00/bin/../lib/gcc/pic32mx/4.5.1/../../../../pic32mx/lib/libm.a(w_sqrt.o)
 .debug_pubnames
                0x00002415       0x52 /home/opt/microchip/xc32/v1.00/bin/../lib/gcc/pic32mx/4.5.1/../../../../pic32mx/lib/libc.a(isinf.o)
 .debug_pubnames
                0x00002467       0x21 /home/opt/microchip/xc32/v1.00/bin/../lib/gcc/pic32mx/4.5.1/../../../../pic32mx/lib/libe.a(_unorddf2.o)
 .debug_pubnames
                0x00002488       0x3b /home/opt/microchip/xc32/v1.00/bin/../lib/gcc/pic32mx/4.5.1/../../../../pic32mx/lib/libmchp_peripheral_32MX440F128H.a(pcache.o)
 .debug_pubnames
                0x000024c3       0x2a /home/opt/microchip/xc32/v1.00/bin/../lib/gcc/pic32mx/4.5.1/../../../../pic32mx/lib/libmchp_peripheral_32MX440F128H.a(int_enable_interrupts_lib.o)
 .debug_pubnames
                0x000024ed       0x2b /home/opt/microchip/xc32/v1.00/bin/../lib/gcc/pic32mx/4.5.1/../../../../pic32mx/lib/libmchp_peripheral_32MX440F128H.a(int_disable_interrupts_lib.o)
 .debug_pubnames
                0x00002518       0x2b /home/opt/microchip/xc32/v1.00/bin/../lib/gcc/pic32mx/4.5.1/../../../../pic32mx/lib/libmchp_peripheral_32MX440F128H.a(int_restore_interrupts_lib.o)
 .debug_pubnames
                0x00002543       0x36 /home/opt/microchip/xc32/v1.00/bin/../lib/gcc/pic32mx/4.5.1/../../../../pic32mx/lib/libmchp_peripheral_32MX440F128H.a(int_enable_mv_int_lib.o)
 .debug_pubnames
                0x00002579       0xca /home/opt/microchip/xc32/v1.00/bin/../lib/gcc/pic32mx/4.5.1/../../../../pic32mx/lib/libmchp_peripheral_32MX440F128H.a(int_tbl_lib.o)
 .debug_pubnames
                0x00002643       0x31 /home/opt/microchip/xc32/v1.00/bin/../lib/gcc/pic32mx/4.5.1/../../../../pic32mx/lib/libmchp_peripheral_32MX440F128H.a(spi_chn_getc_lib.o)
 .debug_pubnames
                0x00002674       0x43 /home/opt/microchip/xc32/v1.00/bin/../lib/gcc/pic32mx/4.5.1/../../../../pic32mx/lib/libmchp_peripheral_32MX440F128H.a(spi_chn_putc_lib.o)
 .debug_pubnames
                0x000026b7       0x1f /home/opt/microchip/xc32/v1.00/bin/../lib/gcc/pic32mx/4.5.1/../../../../pic32mx/lib/libmchp_peripheral_32MX440F128H.a(spi_open_spi2_lib_legacy.o)
 .debug_pubnames
                0x000026d6       0x23 /home/opt/microchip/xc32/v1.00/bin/../lib/gcc/pic32mx/4.5.1/../../../../pic32mx/lib/libmchp_peripheral_32MX440F128H.a(nvm_erase_page_lib.o)
 .debug_pubnames
                0x000026f9       0x24 /home/opt/microchip/xc32/v1.00/bin/../lib/gcc/pic32mx/4.5.1/../../../../pic32mx/lib/libmchp_peripheral_32MX440F128H.a(nvm_operation_lib.o)
 .debug_pubnames
                0x0000271d       0x23 /home/opt/microchip/xc32/v1.00/bin/../lib/gcc/pic32mx/4.5.1/../../../../pic32mx/lib/libmchp_peripheral_32MX440F128H.a(nvm_write_word_lib.o)
 .debug_pubnames
                0x00002740       0x2c /home/opt/microchip/xc32/v1.00/bin/../lib/gcc/pic32mx/4.5.1/../../../../pic32mx/lib/libmchp_peripheral_32MX440F128H.a(port_set_pins_digital_out_lib.o)
 .debug_pubnames
                0x0000276c       0x24 /home/opt/microchip/xc32/v1.00/bin/../lib/gcc/pic32mx/4.5.1/../../../../pic32mx/lib/libmchp_peripheral_32MX440F128H.a(port_clear_bits_lib.o)
 .debug_pubnames
                0x00002790       0x22 /home/opt/microchip/xc32/v1.00/bin/../lib/gcc/pic32mx/4.5.1/../../../../pic32mx/lib/libmchp_peripheral_32MX440F128H.a(port_set_bits_lib.o)
 .debug_pubnames
                0x000027b2       0xb1 /home/opt/microchip/xc32/v1.00/bin/../lib/gcc/pic32mx/4.5.1/../../../../pic32mx/lib/libmchp_peripheral_32MX440F128H.a(uart_lib.o)

.debug_info     0x00000000    0x42f19
 *(.debug_info .gnu.linkonce.wi.*)
 .debug_info    0x00000000     0x169f build/default/production/_ext/1487882678/usb_descriptors.o
 .debug_info    0x0000169f     0x2907 build/default/production/_ext/1487882678/usb_function_cdc.o
 .debug_info    0x00003fa6     0x1af3 build/default/production/_ext/1487882678/usb_fifo.o
 .debug_info    0x00005a99     0x1c63 build/default/production/_ext/1487882678/usb_callback.o
 .debug_info    0x000076fc      0xf77 build/default/production/_ext/1487882678/usb_interrupt.o
 .debug_info    0x00008673     0x3643 build/default/production/_ext/1487882678/usb_device.o
 .debug_info    0x0000bcb6     0x108a build/default/production/_ext/2118813141/Delay.o
 .debug_info    0x0000cd40     0x160a build/default/production/_ext/2118813141/FlashStorage.o
 .debug_info    0x0000e34a     0x17a2 build/default/production/_ext/2118813141/HAL_P32.o
 .debug_info    0x0000faec     0x117f build/default/production/_ext/2118813141/LED.o
 .debug_info    0x00010c6b     0x1472 build/default/production/_ext/2118813141/Tick.o
 .debug_info    0x000120dd     0x255c build/default/production/_ext/2118813141/Bowler_UART_HAL.o
 .debug_info    0x00014639     0x16cd build/default/production/_ext/2118813141/UART.o
 .debug_info    0x00015d06     0x1b8a build/default/production/_ext/2118813141/ADC.o
 .debug_info    0x00017890     0x106a build/default/production/_ext/2118813141/Bowler_USB_HAL.o
 .debug_info    0x000188fa     0x16d6 build/default/production/_ext/1080174469/Bowler_Helper.o
 .debug_info    0x00019fd0     0x1756 build/default/production/_ext/1080174469/AbstractPID.o
 .debug_info    0x0001b726      0xf78 build/default/production/_ext/1080174469/Bowler_Stack_Callback.o
 .debug_info    0x0001c69e     0x17e7 build/default/production/_ext/1080174469/FIFO.o
 .debug_info    0x0001de85     0x1721 build/default/production/_ext/1080174469/Bowler_RPC_Process.o
 .debug_info    0x0001f5a6     0x151c build/default/production/_ext/1080174469/Bowler_Transport.o
 .debug_info    0x00020ac2     0x1c47 build/default/production/_ext/1080174469/Debug.o
 .debug_info    0x00022709     0x1013 build/default/production/_ext/1080174469/Scheduler.o
 .debug_info    0x0002371c     0x1809 build/default/production/_ext/1080174469/Bowler_Server.o
 .debug_info    0x00024f25     0x19d4 build/default/production/_ext/1080174469/Namespace_bcs_core.o
 .debug_info    0x000268f9     0x17b1 build/default/production/_ext/1080174469/Namespace_bcs_pid.o
 .debug_info    0x000280aa     0x1810 build/default/production/_ext/1080174469/Namespace_bcs_rpc.o
 .debug_info    0x000298ba     0x1de6 build/default/production/_ext/263962707/Servo.o
 .debug_info    0x0002b6a0      0xfd1 build/default/production/_ext/263962707/SPIClient.o
 .debug_info    0x0002c671     0x196f build/default/production/_ext/263962707/ForgeHeater.o
 .debug_info    0x0002dfe0     0x2421 build/default/production/_ext/263962707/AS5055.o
 .debug_info    0x00030401      0x466 build/default/production/_ext/1494288313/KosselKinematics.o
 .debug_info    0x00030867     0x1e78 build/default/production/_ext/1494288313/CartesianController.o
 .debug_info    0x000326df      0xf66 build/default/production/_ext/1494288313/DeltaKinematics.o
 .debug_info    0x00033645     0x170c build/default/production/_ext/1494288313/delta.o
 .debug_info    0x00034d51      0xf5d build/default/production/_ext/519170017/MotionTest.o
 .debug_info    0x00035cae      0xf5e build/default/production/_ext/519170017/Calibration.o
 .debug_info    0x00036c0c     0x1543 build/default/production/_ext/519170017/StepperSim.o
 .debug_info    0x0003814f     0x164e build/default/production/_ext/519170017/servoCalibration.o
 .debug_info    0x0003979d     0x1b79 build/default/production/_ext/519170017/PID.o
 .debug_info    0x0003b316     0x15dc build/default/production/_ext/2048476848/UpstreamPackets.o
 .debug_info    0x0003c8f2     0x173c build/default/production/_ext/2048476848/Namespace_bcs_cartesian.o
 .debug_info    0x0003e02e     0x1578 build/default/production/_ext/2048476848/Callbacks.o
 .debug_info    0x0003f5a6     0x2134 build/default/production/_ext/1445274692/main.o
 .debug_info    0x000416da      0x146 /home/opt/microchip/xc32/v1.00/bin/../lib/gcc/pic32mx/4.5.1/libgcc.a(floatunsisf.o)
 .debug_info    0x00041820       0xcb /home/opt/microchip/xc32/v1.00/bin/../lib/gcc/pic32mx/4.5.1/../../../../pic32mx/lib/libc.a(default-bootstrap-exception-handler.o)
 .debug_info    0x000418eb       0xa5 /home/opt/microchip/xc32/v1.00/bin/../lib/gcc/pic32mx/4.5.1/../../../../pic32mx/lib/libc.a(default-on-reset.o)
 .debug_info    0x00041990       0xad /home/opt/microchip/xc32/v1.00/bin/../lib/gcc/pic32mx/4.5.1/../../../../pic32mx/lib/libc.a(default-on-bootstrap.o)
 .debug_info    0x00041a3d       0xb7 /home/opt/microchip/xc32/v1.00/bin/../lib/gcc/pic32mx/4.5.1/../../../../pic32mx/lib/libm.a(w_atan2f.o)
 .debug_info    0x00041af4       0x99 /home/opt/microchip/xc32/v1.00/bin/../lib/gcc/pic32mx/4.5.1/../../../../pic32mx/lib/libm.a(w_sqrtf.o)
 .debug_info    0x00041b8d        0x0 /home/opt/microchip/xc32/v1.00/bin/../lib/gcc/pic32mx/4.5.1/../../../../pic32mx/lib/libm.a(s_lib_ver.o)
 .debug_info    0x00041b8d       0xcf /home/opt/microchip/xc32/v1.00/bin/../lib/gcc/pic32mx/4.5.1/../../../../pic32mx/lib/libm.a(cabs.o)
 .debug_info    0x00041c5c      0x18f /home/opt/microchip/xc32/v1.00/bin/../lib/gcc/pic32mx/4.5.1/../../../../pic32mx/lib/libm.a(support.o)
 .debug_info    0x00041deb       0xa0 /home/opt/microchip/xc32/v1.00/bin/../lib/gcc/pic32mx/4.5.1/../../../../pic32mx/lib/libm.a(w_ldexp.o)
 .debug_info    0x00041e8b       0x97 /home/opt/microchip/xc32/v1.00/bin/../lib/gcc/pic32mx/4.5.1/../../../../pic32mx/lib/libm.a(w_sqrt.o)
 .debug_info    0x00041f22        0x0 /home/opt/microchip/xc32/v1.00/bin/../lib/gcc/pic32mx/4.5.1/../../../../pic32mx/lib/libc.a(errno.o)
 .debug_info    0x00041f22       0xfc /home/opt/microchip/xc32/v1.00/bin/../lib/gcc/pic32mx/4.5.1/../../../../pic32mx/lib/libc.a(isinf.o)
 .debug_info    0x0004201e       0xaa /home/opt/microchip/xc32/v1.00/bin/../lib/gcc/pic32mx/4.5.1/../../../../pic32mx/lib/libe.a(_unorddf2.o)
 .debug_info    0x000420c8       0xd4 /home/opt/microchip/xc32/v1.00/bin/../lib/gcc/pic32mx/4.5.1/../../../../pic32mx/lib/libmchp_peripheral_32MX440F128H.a(pcache.o)
 .debug_info    0x0004219c       0xc9 /home/opt/microchip/xc32/v1.00/bin/../lib/gcc/pic32mx/4.5.1/../../../../pic32mx/lib/libmchp_peripheral_32MX440F128H.a(int_enable_interrupts_lib.o)
 .debug_info    0x00042265       0xcb /home/opt/microchip/xc32/v1.00/bin/../lib/gcc/pic32mx/4.5.1/../../../../pic32mx/lib/libmchp_peripheral_32MX440F128H.a(int_disable_interrupts_lib.o)
 .debug_info    0x00042330       0xcb /home/opt/microchip/xc32/v1.00/bin/../lib/gcc/pic32mx/4.5.1/../../../../pic32mx/lib/libmchp_peripheral_32MX440F128H.a(int_restore_interrupts_lib.o)
 .debug_info    0x000423fb       0xd1 /home/opt/microchip/xc32/v1.00/bin/../lib/gcc/pic32mx/4.5.1/../../../../pic32mx/lib/libmchp_peripheral_32MX440F128H.a(int_enable_mv_int_lib.o)
 .debug_info    0x000424cc      0x1ab /home/opt/microchip/xc32/v1.00/bin/../lib/gcc/pic32mx/4.5.1/../../../../pic32mx/lib/libmchp_peripheral_32MX440F128H.a(int_tbl_lib.o)
 .debug_info    0x00042677       0xd1 /home/opt/microchip/xc32/v1.00/bin/../lib/gcc/pic32mx/4.5.1/../../../../pic32mx/lib/libmchp_peripheral_32MX440F128H.a(spi_chn_getc_lib.o)
 .debug_info    0x00042748       0xed /home/opt/microchip/xc32/v1.00/bin/../lib/gcc/pic32mx/4.5.1/../../../../pic32mx/lib/libmchp_peripheral_32MX440F128H.a(spi_chn_putc_lib.o)
 .debug_info    0x00042835        0x0 /home/opt/microchip/xc32/v1.00/bin/../lib/gcc/pic32mx/4.5.1/../../../../pic32mx/lib/libmchp_peripheral_32MX440F128H.a(spi_map_tbl_libp.o)
 .debug_info    0x00042835       0xbd /home/opt/microchip/xc32/v1.00/bin/../lib/gcc/pic32mx/4.5.1/../../../../pic32mx/lib/libmchp_peripheral_32MX440F128H.a(spi_open_spi2_lib_legacy.o)
 .debug_info    0x000428f2        0x0 /home/opt/microchip/xc32/v1.00/bin/../lib/gcc/pic32mx/4.5.1/../../../../pic32mx/lib/libmchp_peripheral_32MX440F128H.a(spi_brg_tbl_lib_legacy.o)
 .debug_info    0x000428f2       0xbb /home/opt/microchip/xc32/v1.00/bin/../lib/gcc/pic32mx/4.5.1/../../../../pic32mx/lib/libmchp_peripheral_32MX440F128H.a(nvm_erase_page_lib.o)
 .debug_info    0x000429ad       0xdc /home/opt/microchip/xc32/v1.00/bin/../lib/gcc/pic32mx/4.5.1/../../../../pic32mx/lib/libmchp_peripheral_32MX440F128H.a(nvm_operation_lib.o)
 .debug_info    0x00042a89       0xbb /home/opt/microchip/xc32/v1.00/bin/../lib/gcc/pic32mx/4.5.1/../../../../pic32mx/lib/libmchp_peripheral_32MX440F128H.a(nvm_write_word_lib.o)
 .debug_info    0x00042b44       0xd1 /home/opt/microchip/xc32/v1.00/bin/../lib/gcc/pic32mx/4.5.1/../../../../pic32mx/lib/libmchp_peripheral_32MX440F128H.a(port_set_pins_digital_out_lib.o)
 .debug_info    0x00042c15       0xbf /home/opt/microchip/xc32/v1.00/bin/../lib/gcc/pic32mx/4.5.1/../../../../pic32mx/lib/libmchp_peripheral_32MX440F128H.a(port_clear_bits_lib.o)
 .debug_info    0x00042cd4       0xbb /home/opt/microchip/xc32/v1.00/bin/../lib/gcc/pic32mx/4.5.1/../../../../pic32mx/lib/libmchp_peripheral_32MX440F128H.a(port_set_bits_lib.o)
 .debug_info    0x00042d8f        0x0 /home/opt/microchip/xc32/v1.00/bin/../lib/gcc/pic32mx/4.5.1/../../../../pic32mx/lib/libmchp_peripheral_32MX440F128H.a(_ports_tbl_libp.o)
 .debug_info    0x00042d8f      0x18a /home/opt/microchip/xc32/v1.00/bin/../lib/gcc/pic32mx/4.5.1/../../../../pic32mx/lib/libmchp_peripheral_32MX440F128H.a(uart_lib.o)

.debug_abbrev   0x00000000     0x64bd
 *(.debug_abbrev)
 .debug_abbrev  0x00000000      0x209 build/default/production/_ext/1487882678/usb_descriptors.o
 .debug_abbrev  0x00000209      0x2e3 build/default/production/_ext/1487882678/usb_function_cdc.o
 .debug_abbrev  0x000004ec      0x289 build/default/production/_ext/1487882678/usb_fifo.o
 .debug_abbrev  0x00000775      0x23e build/default/production/_ext/1487882678/usb_callback.o
 .debug_abbrev  0x000009b3      0x166 build/default/production/_ext/1487882678/usb_interrupt.o
 .debug_abbrev  0x00000b19      0x2c0 build/default/production/_ext/1487882678/usb_device.o
 .debug_abbrev  0x00000dd9      0x1b0 build/default/production/_ext/2118813141/Delay.o
 .debug_abbrev  0x00000f89      0x20f build/default/production/_ext/2118813141/FlashStorage.o
 .debug_abbrev  0x00001198      0x2a1 build/default/production/_ext/2118813141/HAL_P32.o
 .debug_abbrev  0x00001439      0x1b7 build/default/production/_ext/2118813141/LED.o
 .debug_abbrev  0x000015f0      0x20b build/default/production/_ext/2118813141/Tick.o
 .debug_abbrev  0x000017fb      0x279 build/default/production/_ext/2118813141/Bowler_UART_HAL.o
 .debug_abbrev  0x00001a74      0x231 build/default/production/_ext/2118813141/UART.o
 .debug_abbrev  0x00001ca5      0x1db build/default/production/_ext/2118813141/ADC.o
 .debug_abbrev  0x00001e80      0x1d4 build/default/production/_ext/2118813141/Bowler_USB_HAL.o
 .debug_abbrev  0x00002054      0x23d build/default/production/_ext/1080174469/Bowler_Helper.o
 .debug_abbrev  0x00002291      0x282 build/default/production/_ext/1080174469/AbstractPID.o
 .debug_abbrev  0x00002513      0x166 build/default/production/_ext/1080174469/Bowler_Stack_Callback.o
 .debug_abbrev  0x00002679      0x24c build/default/production/_ext/1080174469/FIFO.o
 .debug_abbrev  0x000028c5      0x256 build/default/production/_ext/1080174469/Bowler_RPC_Process.o
 .debug_abbrev  0x00002b1b      0x244 build/default/production/_ext/1080174469/Bowler_Transport.o
 .debug_abbrev  0x00002d5f      0x2b0 build/default/production/_ext/1080174469/Debug.o
 .debug_abbrev  0x0000300f      0x1ac build/default/production/_ext/1080174469/Scheduler.o
 .debug_abbrev  0x000031bb      0x28b build/default/production/_ext/1080174469/Bowler_Server.o
 .debug_abbrev  0x00003446      0x2a8 build/default/production/_ext/1080174469/Namespace_bcs_core.o
 .debug_abbrev  0x000036ee      0x242 build/default/production/_ext/1080174469/Namespace_bcs_pid.o
 .debug_abbrev  0x00003930      0x251 build/default/production/_ext/1080174469/Namespace_bcs_rpc.o
 .debug_abbrev  0x00003b81      0x2b1 build/default/production/_ext/263962707/Servo.o
 .debug_abbrev  0x00003e32      0x19d build/default/production/_ext/263962707/SPIClient.o
 .debug_abbrev  0x00003fcf      0x217 build/default/production/_ext/263962707/ForgeHeater.o
 .debug_abbrev  0x000041e6      0x292 build/default/production/_ext/263962707/AS5055.o
 .debug_abbrev  0x00004478       0x7a build/default/production/_ext/1494288313/KosselKinematics.o
 .debug_abbrev  0x000044f2      0x357 build/default/production/_ext/1494288313/CartesianController.o
 .debug_abbrev  0x00004849      0x166 build/default/production/_ext/1494288313/DeltaKinematics.o
 .debug_abbrev  0x000049af      0x1ee build/default/production/_ext/1494288313/delta.o
 .debug_abbrev  0x00004b9d      0x166 build/default/production/_ext/519170017/MotionTest.o
 .debug_abbrev  0x00004d03      0x166 build/default/production/_ext/519170017/Calibration.o
 .debug_abbrev  0x00004e69      0x1ca build/default/production/_ext/519170017/StepperSim.o
 .debug_abbrev  0x00005033      0x250 build/default/production/_ext/519170017/servoCalibration.o
 .debug_abbrev  0x00005283      0x2aa build/default/production/_ext/519170017/PID.o
 .debug_abbrev  0x0000552d      0x219 build/default/production/_ext/2048476848/UpstreamPackets.o
 .debug_abbrev  0x00005746      0x258 build/default/production/_ext/2048476848/Namespace_bcs_cartesian.o
 .debug_abbrev  0x0000599e      0x242 build/default/production/_ext/2048476848/Callbacks.o
 .debug_abbrev  0x00005be0      0x3f2 build/default/production/_ext/1445274692/main.o
 .debug_abbrev  0x00005fd2       0x61 /home/opt/microchip/xc32/v1.00/bin/../lib/gcc/pic32mx/4.5.1/libgcc.a(floatunsisf.o)
 .debug_abbrev  0x00006033       0x25 /home/opt/microchip/xc32/v1.00/bin/../lib/gcc/pic32mx/4.5.1/../../../../pic32mx/lib/libc.a(default-bootstrap-exception-handler.o)
 .debug_abbrev  0x00006058       0x25 /home/opt/microchip/xc32/v1.00/bin/../lib/gcc/pic32mx/4.5.1/../../../../pic32mx/lib/libc.a(default-on-reset.o)
 .debug_abbrev  0x0000607d       0x25 /home/opt/microchip/xc32/v1.00/bin/../lib/gcc/pic32mx/4.5.1/../../../../pic32mx/lib/libc.a(default-on-bootstrap.o)
 .debug_abbrev  0x000060a2       0x41 /home/opt/microchip/xc32/v1.00/bin/../lib/gcc/pic32mx/4.5.1/../../../../pic32mx/lib/libm.a(w_atan2f.o)
 .debug_abbrev  0x000060e3       0x25 /home/opt/microchip/xc32/v1.00/bin/../lib/gcc/pic32mx/4.5.1/../../../../pic32mx/lib/libm.a(w_sqrtf.o)
 .debug_abbrev  0x00006108        0x1 /home/opt/microchip/xc32/v1.00/bin/../lib/gcc/pic32mx/4.5.1/../../../../pic32mx/lib/libm.a(s_lib_ver.o)
 .debug_abbrev  0x00006109       0x49 /home/opt/microchip/xc32/v1.00/bin/../lib/gcc/pic32mx/4.5.1/../../../../pic32mx/lib/libm.a(cabs.o)
 .debug_abbrev  0x00006152       0x54 /home/opt/microchip/xc32/v1.00/bin/../lib/gcc/pic32mx/4.5.1/../../../../pic32mx/lib/libm.a(support.o)
 .debug_abbrev  0x000061a6       0x25 /home/opt/microchip/xc32/v1.00/bin/../lib/gcc/pic32mx/4.5.1/../../../../pic32mx/lib/libm.a(w_ldexp.o)
 .debug_abbrev  0x000061cb       0x25 /home/opt/microchip/xc32/v1.00/bin/../lib/gcc/pic32mx/4.5.1/../../../../pic32mx/lib/libm.a(w_sqrt.o)
 .debug_abbrev  0x000061f0        0x1 /home/opt/microchip/xc32/v1.00/bin/../lib/gcc/pic32mx/4.5.1/../../../../pic32mx/lib/libc.a(errno.o)
 .debug_abbrev  0x000061f1       0x25 /home/opt/microchip/xc32/v1.00/bin/../lib/gcc/pic32mx/4.5.1/../../../../pic32mx/lib/libc.a(isinf.o)
 .debug_abbrev  0x00006216       0x32 /home/opt/microchip/xc32/v1.00/bin/../lib/gcc/pic32mx/4.5.1/../../../../pic32mx/lib/libe.a(_unorddf2.o)
 .debug_abbrev  0x00006248       0x25 /home/opt/microchip/xc32/v1.00/bin/../lib/gcc/pic32mx/4.5.1/../../../../pic32mx/lib/libmchp_peripheral_32MX440F128H.a(pcache.o)
 .debug_abbrev  0x0000626d       0x25 /home/opt/microchip/xc32/v1.00/bin/../lib/gcc/pic32mx/4.5.1/../../../../pic32mx/lib/libmchp_peripheral_32MX440F128H.a(int_enable_interrupts_lib.o)
 .debug_abbrev  0x00006292       0x25 /home/opt/microchip/xc32/v1.00/bin/../lib/gcc/pic32mx/4.5.1/../../../../pic32mx/lib/libmchp_peripheral_32MX440F128H.a(int_disable_interrupts_lib.o)
 .debug_abbrev  0x000062b7       0x25 /home/opt/microchip/xc32/v1.00/bin/../lib/gcc/pic32mx/4.5.1/../../../../pic32mx/lib/libmchp_peripheral_32MX440F128H.a(int_restore_interrupts_lib.o)
 .debug_abbrev  0x000062dc       0x25 /home/opt/microchip/xc32/v1.00/bin/../lib/gcc/pic32mx/4.5.1/../../../../pic32mx/lib/libmchp_peripheral_32MX440F128H.a(int_enable_mv_int_lib.o)
 .debug_abbrev  0x00006301       0x25 /home/opt/microchip/xc32/v1.00/bin/../lib/gcc/pic32mx/4.5.1/../../../../pic32mx/lib/libmchp_peripheral_32MX440F128H.a(int_tbl_lib.o)
 .debug_abbrev  0x00006326       0x25 /home/opt/microchip/xc32/v1.00/bin/../lib/gcc/pic32mx/4.5.1/../../../../pic32mx/lib/libmchp_peripheral_32MX440F128H.a(spi_chn_getc_lib.o)
 .debug_abbrev  0x0000634b       0x25 /home/opt/microchip/xc32/v1.00/bin/../lib/gcc/pic32mx/4.5.1/../../../../pic32mx/lib/libmchp_peripheral_32MX440F128H.a(spi_chn_putc_lib.o)
 .debug_abbrev  0x00006370        0x1 /home/opt/microchip/xc32/v1.00/bin/../lib/gcc/pic32mx/4.5.1/../../../../pic32mx/lib/libmchp_peripheral_32MX440F128H.a(spi_map_tbl_libp.o)
 .debug_abbrev  0x00006371       0x25 /home/opt/microchip/xc32/v1.00/bin/../lib/gcc/pic32mx/4.5.1/../../../../pic32mx/lib/libmchp_peripheral_32MX440F128H.a(spi_open_spi2_lib_legacy.o)
 .debug_abbrev  0x00006396        0x1 /home/opt/microchip/xc32/v1.00/bin/../lib/gcc/pic32mx/4.5.1/../../../../pic32mx/lib/libmchp_peripheral_32MX440F128H.a(spi_brg_tbl_lib_legacy.o)
 .debug_abbrev  0x00006397       0x25 /home/opt/microchip/xc32/v1.00/bin/../lib/gcc/pic32mx/4.5.1/../../../../pic32mx/lib/libmchp_peripheral_32MX440F128H.a(nvm_erase_page_lib.o)
 .debug_abbrev  0x000063bc       0x34 /home/opt/microchip/xc32/v1.00/bin/../lib/gcc/pic32mx/4.5.1/../../../../pic32mx/lib/libmchp_peripheral_32MX440F128H.a(nvm_operation_lib.o)
 .debug_abbrev  0x000063f0       0x25 /home/opt/microchip/xc32/v1.00/bin/../lib/gcc/pic32mx/4.5.1/../../../../pic32mx/lib/libmchp_peripheral_32MX440F128H.a(nvm_write_word_lib.o)
 .debug_abbrev  0x00006415       0x25 /home/opt/microchip/xc32/v1.00/bin/../lib/gcc/pic32mx/4.5.1/../../../../pic32mx/lib/libmchp_peripheral_32MX440F128H.a(port_set_pins_digital_out_lib.o)
 .debug_abbrev  0x0000643a       0x25 /home/opt/microchip/xc32/v1.00/bin/../lib/gcc/pic32mx/4.5.1/../../../../pic32mx/lib/libmchp_peripheral_32MX440F128H.a(port_clear_bits_lib.o)
 .debug_abbrev  0x0000645f       0x25 /home/opt/microchip/xc32/v1.00/bin/../lib/gcc/pic32mx/4.5.1/../../../../pic32mx/lib/libmchp_peripheral_32MX440F128H.a(port_set_bits_lib.o)
 .debug_abbrev  0x00006484        0x1 /home/opt/microchip/xc32/v1.00/bin/../lib/gcc/pic32mx/4.5.1/../../../../pic32mx/lib/libmchp_peripheral_32MX440F128H.a(_ports_tbl_libp.o)
 .debug_abbrev  0x00006485       0x38 /home/opt/microchip/xc32/v1.00/bin/../lib/gcc/pic32mx/4.5.1/../../../../pic32mx/lib/libmchp_peripheral_32MX440F128H.a(uart_lib.o)

.debug_line     0x00000000     0x7487
 *(.debug_line)
 .debug_line    0x00000000      0x244 build/default/production/_ext/1487882678/usb_descriptors.o
 .debug_line    0x00000244      0x339 build/default/production/_ext/1487882678/usb_function_cdc.o
 .debug_line    0x0000057d      0x304 build/default/production/_ext/1487882678/usb_fifo.o
 .debug_line    0x00000881      0x285 build/default/production/_ext/1487882678/usb_callback.o
 .debug_line    0x00000b06      0x133 build/default/production/_ext/1487882678/usb_interrupt.o
 .debug_line    0x00000c39      0x621 build/default/production/_ext/1487882678/usb_device.o
 .debug_line    0x0000125a      0x1d6 build/default/production/_ext/2118813141/Delay.o
 .debug_line    0x00001430      0x295 build/default/production/_ext/2118813141/FlashStorage.o
 .debug_line    0x000016c5      0x277 build/default/production/_ext/2118813141/HAL_P32.o
 .debug_line    0x0000193c      0x1dd build/default/production/_ext/2118813141/LED.o
 .debug_line    0x00001b19      0x22d build/default/production/_ext/2118813141/Tick.o
 .debug_line    0x00001d46      0x293 build/default/production/_ext/2118813141/Bowler_UART_HAL.o
 .debug_line    0x00001fd9      0x211 build/default/production/_ext/2118813141/UART.o
 .debug_line    0x000021ea      0x20f build/default/production/_ext/2118813141/ADC.o
 .debug_line    0x000023f9      0x1cb build/default/production/_ext/2118813141/Bowler_USB_HAL.o
 .debug_line    0x000025c4      0x24c build/default/production/_ext/1080174469/Bowler_Helper.o
 .debug_line    0x00002810      0x485 build/default/production/_ext/1080174469/AbstractPID.o
 .debug_line    0x00002c95      0x133 build/default/production/_ext/1080174469/Bowler_Stack_Callback.o
 .debug_line    0x00002dc8      0x292 build/default/production/_ext/1080174469/FIFO.o
 .debug_line    0x0000305a      0x229 build/default/production/_ext/1080174469/Bowler_RPC_Process.o
 .debug_line    0x00003283      0x232 build/default/production/_ext/1080174469/Bowler_Transport.o
 .debug_line    0x000034b5      0x348 build/default/production/_ext/1080174469/Debug.o
 .debug_line    0x000037fd      0x199 build/default/production/_ext/1080174469/Scheduler.o
 .debug_line    0x00003996      0x23a build/default/production/_ext/1080174469/Bowler_Server.o
 .debug_line    0x00003bd0      0x2b1 build/default/production/_ext/1080174469/Namespace_bcs_core.o
 .debug_line    0x00003e81      0x206 build/default/production/_ext/1080174469/Namespace_bcs_pid.o
 .debug_line    0x00004087      0x242 build/default/production/_ext/1080174469/Namespace_bcs_rpc.o
 .debug_line    0x000042c9      0x31b build/default/production/_ext/263962707/Servo.o
 .debug_line    0x000045e4      0x162 build/default/production/_ext/263962707/SPIClient.o
 .debug_line    0x00004746      0x240 build/default/production/_ext/263962707/ForgeHeater.o
 .debug_line    0x00004986      0x2f0 build/default/production/_ext/263962707/AS5055.o
 .debug_line    0x00004c76      0x135 build/default/production/_ext/1494288313/KosselKinematics.o
 .debug_line    0x00004dab      0x3bc build/default/production/_ext/1494288313/CartesianController.o
 .debug_line    0x00005167      0x128 build/default/production/_ext/1494288313/DeltaKinematics.o
 .debug_line    0x0000528f      0x244 build/default/production/_ext/1494288313/delta.o
 .debug_line    0x000054d3      0x128 build/default/production/_ext/519170017/MotionTest.o
 .debug_line    0x000055fb      0x128 build/default/production/_ext/519170017/Calibration.o
 .debug_line    0x00005723      0x1b8 build/default/production/_ext/519170017/StepperSim.o
 .debug_line    0x000058db      0x267 build/default/production/_ext/519170017/servoCalibration.o
 .debug_line    0x00005b42      0x2dc build/default/production/_ext/519170017/PID.o
 .debug_line    0x00005e1e      0x245 build/default/production/_ext/2048476848/UpstreamPackets.o
 .debug_line    0x00006063      0x1f8 build/default/production/_ext/2048476848/Namespace_bcs_cartesian.o
 .debug_line    0x0000625b      0x20a build/default/production/_ext/2048476848/Callbacks.o
 .debug_line    0x00006465      0x3b5 build/default/production/_ext/1445274692/main.o
 .debug_line    0x0000681a       0x6d /home/opt/microchip/xc32/v1.00/bin/../lib/gcc/pic32mx/4.5.1/libgcc.a(floatunsisf.o)
 .debug_line    0x00006887       0x89 /home/opt/microchip/xc32/v1.00/bin/../lib/gcc/pic32mx/4.5.1/../../../../pic32mx/lib/libc.a(default-bootstrap-exception-handler.o)
 .debug_line    0x00006910       0x76 /home/opt/microchip/xc32/v1.00/bin/../lib/gcc/pic32mx/4.5.1/../../../../pic32mx/lib/libc.a(default-on-reset.o)
 .debug_line    0x00006986       0x7a /home/opt/microchip/xc32/v1.00/bin/../lib/gcc/pic32mx/4.5.1/../../../../pic32mx/lib/libc.a(default-on-bootstrap.o)
 .debug_line    0x00006a00       0x6f /home/opt/microchip/xc32/v1.00/bin/../lib/gcc/pic32mx/4.5.1/../../../../pic32mx/lib/libm.a(w_atan2f.o)
 .debug_line    0x00006a6f       0x6e /home/opt/microchip/xc32/v1.00/bin/../lib/gcc/pic32mx/4.5.1/../../../../pic32mx/lib/libm.a(w_sqrtf.o)
 .debug_line    0x00006add        0x0 /home/opt/microchip/xc32/v1.00/bin/../lib/gcc/pic32mx/4.5.1/../../../../pic32mx/lib/libm.a(s_lib_ver.o)
 .debug_line    0x00006add       0x69 /home/opt/microchip/xc32/v1.00/bin/../lib/gcc/pic32mx/4.5.1/../../../../pic32mx/lib/libm.a(cabs.o)
 .debug_line    0x00006b46       0x6c /home/opt/microchip/xc32/v1.00/bin/../lib/gcc/pic32mx/4.5.1/../../../../pic32mx/lib/libm.a(support.o)
 .debug_line    0x00006bb2       0x75 /home/opt/microchip/xc32/v1.00/bin/../lib/gcc/pic32mx/4.5.1/../../../../pic32mx/lib/libm.a(w_ldexp.o)
 .debug_line    0x00006c27       0x6d /home/opt/microchip/xc32/v1.00/bin/../lib/gcc/pic32mx/4.5.1/../../../../pic32mx/lib/libm.a(w_sqrt.o)
 .debug_line    0x00006c94        0x0 /home/opt/microchip/xc32/v1.00/bin/../lib/gcc/pic32mx/4.5.1/../../../../pic32mx/lib/libc.a(errno.o)
 .debug_line    0x00006c94       0x69 /home/opt/microchip/xc32/v1.00/bin/../lib/gcc/pic32mx/4.5.1/../../../../pic32mx/lib/libc.a(isinf.o)
 .debug_line    0x00006cfd       0x75 /home/opt/microchip/xc32/v1.00/bin/../lib/gcc/pic32mx/4.5.1/../../../../pic32mx/lib/libe.a(_unorddf2.o)
 .debug_line    0x00006d72       0x62 /home/opt/microchip/xc32/v1.00/bin/../lib/gcc/pic32mx/4.5.1/../../../../pic32mx/lib/libmchp_peripheral_32MX440F128H.a(pcache.o)
 .debug_line    0x00006dd4       0x72 /home/opt/microchip/xc32/v1.00/bin/../lib/gcc/pic32mx/4.5.1/../../../../pic32mx/lib/libmchp_peripheral_32MX440F128H.a(int_enable_interrupts_lib.o)
 .debug_line    0x00006e46       0x73 /home/opt/microchip/xc32/v1.00/bin/../lib/gcc/pic32mx/4.5.1/../../../../pic32mx/lib/libmchp_peripheral_32MX440F128H.a(int_disable_interrupts_lib.o)
 .debug_line    0x00006eb9       0x73 /home/opt/microchip/xc32/v1.00/bin/../lib/gcc/pic32mx/4.5.1/../../../../pic32mx/lib/libmchp_peripheral_32MX440F128H.a(int_restore_interrupts_lib.o)
 .debug_line    0x00006f2c       0x6e /home/opt/microchip/xc32/v1.00/bin/../lib/gcc/pic32mx/4.5.1/../../../../pic32mx/lib/libmchp_peripheral_32MX440F128H.a(int_enable_mv_int_lib.o)
 .debug_line    0x00006f9a       0x64 /home/opt/microchip/xc32/v1.00/bin/../lib/gcc/pic32mx/4.5.1/../../../../pic32mx/lib/libmchp_peripheral_32MX440F128H.a(int_tbl_lib.o)
 .debug_line    0x00006ffe       0x69 /home/opt/microchip/xc32/v1.00/bin/../lib/gcc/pic32mx/4.5.1/../../../../pic32mx/lib/libmchp_peripheral_32MX440F128H.a(spi_chn_getc_lib.o)
 .debug_line    0x00007067       0x69 /home/opt/microchip/xc32/v1.00/bin/../lib/gcc/pic32mx/4.5.1/../../../../pic32mx/lib/libmchp_peripheral_32MX440F128H.a(spi_chn_putc_lib.o)
 .debug_line    0x000070d0        0x0 /home/opt/microchip/xc32/v1.00/bin/../lib/gcc/pic32mx/4.5.1/../../../../pic32mx/lib/libmchp_peripheral_32MX440F128H.a(spi_map_tbl_libp.o)
 .debug_line    0x000070d0       0x71 /home/opt/microchip/xc32/v1.00/bin/../lib/gcc/pic32mx/4.5.1/../../../../pic32mx/lib/libmchp_peripheral_32MX440F128H.a(spi_open_spi2_lib_legacy.o)
 .debug_line    0x00007141        0x0 /home/opt/microchip/xc32/v1.00/bin/../lib/gcc/pic32mx/4.5.1/../../../../pic32mx/lib/libmchp_peripheral_32MX440F128H.a(spi_brg_tbl_lib_legacy.o)
 .debug_line    0x00007141       0x6b /home/opt/microchip/xc32/v1.00/bin/../lib/gcc/pic32mx/4.5.1/../../../../pic32mx/lib/libmchp_peripheral_32MX440F128H.a(nvm_erase_page_lib.o)
 .debug_line    0x000071ac       0xbc /home/opt/microchip/xc32/v1.00/bin/../lib/gcc/pic32mx/4.5.1/../../../../pic32mx/lib/libmchp_peripheral_32MX440F128H.a(nvm_operation_lib.o)
 .debug_line    0x00007268       0x6b /home/opt/microchip/xc32/v1.00/bin/../lib/gcc/pic32mx/4.5.1/../../../../pic32mx/lib/libmchp_peripheral_32MX440F128H.a(nvm_write_word_lib.o)
 .debug_line    0x000072d3       0x78 /home/opt/microchip/xc32/v1.00/bin/../lib/gcc/pic32mx/4.5.1/../../../../pic32mx/lib/libmchp_peripheral_32MX440F128H.a(port_set_pins_digital_out_lib.o)
 .debug_line    0x0000734b       0x6e /home/opt/microchip/xc32/v1.00/bin/../lib/gcc/pic32mx/4.5.1/../../../../pic32mx/lib/libmchp_peripheral_32MX440F128H.a(port_clear_bits_lib.o)
 .debug_line    0x000073b9       0x6c /home/opt/microchip/xc32/v1.00/bin/../lib/gcc/pic32mx/4.5.1/../../../../pic32mx/lib/libmchp_peripheral_32MX440F128H.a(port_set_bits_lib.o)
 .debug_line    0x00007425        0x0 /home/opt/microchip/xc32/v1.00/bin/../lib/gcc/pic32mx/4.5.1/../../../../pic32mx/lib/libmchp_peripheral_32MX440F128H.a(_ports_tbl_libp.o)
 .debug_line    0x00007425       0x62 /home/opt/microchip/xc32/v1.00/bin/../lib/gcc/pic32mx/4.5.1/../../../../pic32mx/lib/libmchp_peripheral_32MX440F128H.a(uart_lib.o)

.debug_frame    0x00000000     0x2f14
 *(.debug_frame)
 .debug_frame   0x00000000       0x64 build/default/production/_ext/1487882678/usb_descriptors.o
 .debug_frame   0x00000064       0xf0 build/default/production/_ext/1487882678/usb_function_cdc.o
 .debug_frame   0x00000154      0x164 build/default/production/_ext/1487882678/usb_fifo.o
 .debug_frame   0x000002b8      0x128 build/default/production/_ext/1487882678/usb_callback.o
 .debug_frame   0x000003e0      0x310 build/default/production/_ext/1487882678/usb_device.o
 .debug_frame   0x000006f0       0x9c build/default/production/_ext/2118813141/Delay.o
 .debug_frame   0x0000078c      0x128 build/default/production/_ext/2118813141/FlashStorage.o
 .debug_frame   0x000008b4      0x128 build/default/production/_ext/2118813141/HAL_P32.o
 .debug_frame   0x000009dc       0x9c build/default/production/_ext/2118813141/LED.o
 .debug_frame   0x00000a78       0xdc build/default/production/_ext/2118813141/Tick.o
 .debug_frame   0x00000b54      0x148 build/default/production/_ext/2118813141/Bowler_UART_HAL.o
 .debug_frame   0x00000c9c       0x48 build/default/production/_ext/2118813141/UART.o
 .debug_frame   0x00000ce4       0x64 build/default/production/_ext/2118813141/ADC.o
 .debug_frame   0x00000d48       0x64 build/default/production/_ext/2118813141/Bowler_USB_HAL.o
 .debug_frame   0x00000dac      0x1bc build/default/production/_ext/1080174469/Bowler_Helper.o
 .debug_frame   0x00000f68      0x44c build/default/production/_ext/1080174469/AbstractPID.o
 .debug_frame   0x000013b4      0x1f4 build/default/production/_ext/1080174469/FIFO.o
 .debug_frame   0x000015a8       0x4c build/default/production/_ext/1080174469/Bowler_RPC_Process.o
 .debug_frame   0x000015f4       0xf4 build/default/production/_ext/1080174469/Bowler_Transport.o
 .debug_frame   0x000016e8      0x1ec build/default/production/_ext/1080174469/Debug.o
 .debug_frame   0x000018d4       0x30 build/default/production/_ext/1080174469/Scheduler.o
 .debug_frame   0x00001904       0x88 build/default/production/_ext/1080174469/Bowler_Server.o
 .debug_frame   0x0000198c      0x148 build/default/production/_ext/1080174469/Namespace_bcs_core.o