Archive member included because of file (symbol)

/home/opt/microchip/xc32/v1.00/bin/../lib/gcc/pic32mx/4.5.1/libgcc.a(floatunsisf.o)
                              build/default/production/_ext/1494288313/CartesianController.o (__floatunsisf)
/home/opt/microchip/xc32/v1.00/bin/../lib/gcc/pic32mx/4.5.1/../../../../pic32mx/lib/libc.a(memset.o)
                              build/default/production/_ext/161057953/usb_device.o (memset)
/home/opt/microchip/xc32/v1.00/bin/../lib/gcc/pic32mx/4.5.1/../../../../pic32mx/lib/libc.a(general-exception.o)
                              /home/opt/microchip/xc32/v1.00/bin/../lib/gcc/pic32mx/4.5.1/../../../../pic32mx/lib/crt0.o (_general_exception_context)
/home/opt/microchip/xc32/v1.00/bin/../lib/gcc/pic32mx/4.5.1/../../../../pic32mx/lib/libc.a(default-bootstrap-exception-handler.o)
                              /home/opt/microchip/xc32/v1.00/bin/../lib/gcc/pic32mx/4.5.1/../../../../pic32mx/lib/crt0.o (_bootstrap_exception_handler)
/home/opt/microchip/xc32/v1.00/bin/../lib/gcc/pic32mx/4.5.1/../../../../pic32mx/lib/libc.a(default-on-reset.o)
                              /home/opt/microchip/xc32/v1.00/bin/../lib/gcc/pic32mx/4.5.1/../../../../pic32mx/lib/crt0.o (_on_reset)
/home/opt/microchip/xc32/v1.00/bin/../lib/gcc/pic32mx/4.5.1/../../../../pic32mx/lib/libc.a(default-on-bootstrap.o)
                              /home/opt/microchip/xc32/v1.00/bin/../lib/gcc/pic32mx/4.5.1/../../../../pic32mx/lib/crt0.o (_on_bootstrap)
/home/opt/microchip/xc32/v1.00/bin/../lib/gcc/pic32mx/4.5.1/../../../../pic32mx/lib/libc.a(default-nmi-handler.o)
                              /home/opt/microchip/xc32/v1.00/bin/../lib/gcc/pic32mx/4.5.1/../../../../pic32mx/lib/crt0.o (_nmi_handler)
/home/opt/microchip/xc32/v1.00/bin/../lib/gcc/pic32mx/4.5.1/../../../../pic32mx/lib/libm.a(w_atan2f.o)
                              build/default/production/_ext/1494288313/KosselKinematics.o (atan2f)
/home/opt/microchip/xc32/v1.00/bin/../lib/gcc/pic32mx/4.5.1/../../../../pic32mx/lib/libm.a(fparc32.o)
                              build/default/production/_ext/1494288313/delta.o (atanf)
/home/opt/microchip/xc32/v1.00/bin/../lib/gcc/pic32mx/4.5.1/../../../../pic32mx/lib/libm.a(fpfloo32.o)
                              build/default/production/_ext/1494288313/KosselKinematics.o (floorf)
/home/opt/microchip/xc32/v1.00/bin/../lib/gcc/pic32mx/4.5.1/../../../../pic32mx/lib/libm.a(dp32.o)
                              /home/opt/microchip/xc32/v1.00/bin/../lib/gcc/pic32mx/4.5.1/../../../../pic32mx/lib/libm.a(w_atan2f.o) (fptodp)
/home/opt/microchip/xc32/v1.00/bin/../lib/gcc/pic32mx/4.5.1/../../../../pic32mx/lib/libm.a(fpsqrt32.o)
                              /home/opt/microchip/xc32/v1.00/bin/../lib/gcc/pic32mx/4.5.1/../../../../pic32mx/lib/libm.a(fparc32.o) (fpexsqrt)
/home/opt/microchip/xc32/v1.00/bin/../lib/gcc/pic32mx/4.5.1/../../../../pic32mx/lib/libm.a(w_sqrtf.o)
                              build/default/production/_ext/1494288313/delta.o (sqrtf)
/home/opt/microchip/xc32/v1.00/bin/../lib/gcc/pic32mx/4.5.1/../../../../pic32mx/lib/libm.a(fp32.o)
                              build/default/production/_ext/263962707/AS5055.o (fpsub)
/home/opt/microchip/xc32/v1.00/bin/../lib/gcc/pic32mx/4.5.1/../../../../pic32mx/lib/libm.a(fpcos32.o)
                              build/default/production/_ext/1494288313/KosselKinematics.o (cosf)
/home/opt/microchip/xc32/v1.00/bin/../lib/gcc/pic32mx/4.5.1/../../../../pic32mx/lib/libm.a(fpsin32.o)
                              build/default/production/_ext/1494288313/KosselKinematics.o (sinf)
/home/opt/microchip/xc32/v1.00/bin/../lib/gcc/pic32mx/4.5.1/../../../../pic32mx/lib/libm.a(fpreduct32.o)
                              /home/opt/microchip/xc32/v1.00/bin/../lib/gcc/pic32mx/4.5.1/../../../../pic32mx/lib/libm.a(fpcos32.o) (fpreduct)
/home/opt/microchip/xc32/v1.00/bin/../lib/gcc/pic32mx/4.5.1/../../../../pic32mx/lib/libm.a(sincof32.o)
                              /home/opt/microchip/xc32/v1.00/bin/../lib/gcc/pic32mx/4.5.1/../../../../pic32mx/lib/libm.a(fpcos32.o) (_sincof)
/home/opt/microchip/xc32/v1.00/bin/../lib/gcc/pic32mx/4.5.1/../../../../pic32mx/lib/libm.a(s_lib_ver.o)
                              /home/opt/microchip/xc32/v1.00/bin/../lib/gcc/pic32mx/4.5.1/../../../../pic32mx/lib/libm.a(w_sqrtf.o) (math_errhandling)
/home/opt/microchip/xc32/v1.00/bin/../lib/gcc/pic32mx/4.5.1/../../../../pic32mx/lib/libm.a(cabs.o)
                              build/default/production/_ext/1494288313/KosselKinematics.o (hypotf)
/home/opt/microchip/xc32/v1.00/bin/../lib/gcc/pic32mx/4.5.1/../../../../pic32mx/lib/libm.a(support.o)
                              /home/opt/microchip/xc32/v1.00/bin/../lib/gcc/pic32mx/4.5.1/../../../../pic32mx/lib/libm.a(cabs.o) (copysign)
/home/opt/microchip/xc32/v1.00/bin/../lib/gcc/pic32mx/4.5.1/../../../../pic32mx/lib/libm.a(w_ldexp.o)
[...]
Memory Configuration

Name             Origin             Length             Attributes
kseg0_program_mem 0x9d000000         0x00020000         xr
kseg0_boot_mem   0x9fc00490         0x00000970
exception_mem    0x9fc01000         0x00001000
kseg1_boot_mem   0xbfc00000         0x00000490
debug_exec_mem   0xbfc02000         0x00000ff0
config3          0xbfc02ff0         0x00000004
config2          0xbfc02ff4         0x00000004
config1          0xbfc02ff8         0x00000004
config0          0xbfc02ffc         0x00000004
kseg1_data_mem   0xa0000000         0x00008000         w !x
sfrs             0xbf800000         0x00100000
configsfrs       0xbfc02ff0         0x00000010
*default*        0x00000000         0xffffffff

Linker script and memory map

LOAD /home/opt/microchip/xc32/v1.00/bin/../lib/gcc/pic32mx/4.5.1/../../../../pic32mx/lib/crt0.o
LOAD build/default/production/_ext/263962707/Servo.o
LOAD build/default/production/_ext/263962707/SPIClient.o
LOAD build/default/production/_ext/263962707/ForgeHeater.o
LOAD build/default/production/_ext/263962707/AS5055.o
LOAD build/default/production/_ext/1494288313/KosselKinematics.o
LOAD build/default/production/_ext/1494288313/CartesianController.o
LOAD build/default/production/_ext/1494288313/DeltaKinematics.o
LOAD build/default/production/_ext/1494288313/delta.o
LOAD build/default/production/_ext/519170017/MotionTest.o
LOAD build/default/production/_ext/519170017/StepperSim.o
LOAD build/default/production/_ext/519170017/servoCalibration.o
LOAD build/default/production/_ext/519170017/PID.o
LOAD build/default/production/_ext/2048476848/UpstreamPackets.o
LOAD build/default/production/_ext/2048476848/Namespace_bcs_cartesian.o
LOAD build/default/production/_ext/2048476848/Callbacks.o
LOAD build/default/production/_ext/1445274692/main.o
LOAD build/default/production/_ext/464348676/Namespace_bcs_rpc.o
LOAD build/default/production/_ext/464348676/Bowler_RPC_Process.o
LOAD build/default/production/_ext/464348676/AbstractPID.o
LOAD build/default/production/_ext/464348676/Scheduler.o
LOAD build/default/production/_ext/464348676/Namespace_bcs_core.o
LOAD build/default/production/_ext/464348676/Bowler_Transport.o
LOAD build/default/production/_ext/464348676/Bowler_Server.o
LOAD build/default/production/_ext/464348676/FIFO.o
LOAD build/default/production/_ext/464348676/Debug.o
LOAD build/default/production/_ext/464348676/Bowler_Stack_Callback.o
LOAD build/default/production/_ext/464348676/Namespace_bcs_pid.o
LOAD build/default/production/_ext/464348676/Bowler_Helper.o
LOAD build/default/production/_ext/1271783508/Bowler_UART_HAL.o
LOAD build/default/production/_ext/1271783508/Bowler_USB_HAL.o
LOAD build/default/production/_ext/1271783508/LED.o
LOAD build/default/production/_ext/1271783508/Tick.o
LOAD build/default/production/_ext/1271783508/Delay.o
LOAD build/default/production/_ext/1271783508/HAL_P32.o
LOAD build/default/production/_ext/1271783508/ADC.o
LOAD build/default/production/_ext/1271783508/UART.o
LOAD build/default/production/_ext/1271783508/FlashStorage.o
LOAD build/default/production/_ext/161057953/usb_interrupt.o
LOAD build/default/production/_ext/161057953/usb_device.o
LOAD build/default/production/_ext/161057953/usb_fifo.o
LOAD build/default/production/_ext/161057953/usb_descriptors.o
LOAD build/default/production/_ext/161057953/usb_callback.o
LOAD build/default/production/_ext/161057953/usb_function_cdc.o
                0x00000001                __MPLAB_BUILD = 0x1
LOAD /home/opt/microchip/xc32/v1.00/bin/../lib/gcc/pic32mx/4.5.1/libgcc.a
START GROUP
LOAD /home/opt/microchip/xc32/v1.00/bin/../lib/gcc/pic32mx/4.5.1/../../../../pic32mx/lib/libdebug.a
LOAD /home/opt/microchip/xc32/v1.00/bin/../lib/gcc/pic32mx/4.5.1/../../../../pic32mx/lib/libc.a
LOAD /home/opt/microchip/xc32/v1.00/bin/../lib/gcc/pic32mx/4.5.1/../../../../pic32mx/lib/libm.a
LOAD /home/opt/microchip/xc32/v1.00/bin/../lib/gcc/pic32mx/4.5.1/../../../../pic32mx/lib/libe.a
LOAD /home/opt/microchip/xc32/v1.00/bin/../lib/gcc/pic32mx/4.5.1/../../../../pic32mx/lib/libdsp.a
END GROUP
LOAD /home/opt/microchip/xc32/v1.00/bin/../lib/gcc/pic32mx/4.5.1/libgcc.a
                0x00000400                PROVIDE (_min_stack_size, 0x400)
                0x00000000                PROVIDE (_min_heap_size, 0x0)
LOAD /home/opt/microchip/xc32/v1.00/bin/../lib/gcc/pic32mx/4.5.1/../../../../pic32mx/lib/./proc/32MX440F128H/processor.o
START GROUP
LOAD /home/opt/microchip/xc32/v1.00/bin/../lib/gcc/pic32mx/4.5.1/../../../../pic32mx/lib/libmchp_peripheral.a
END GROUP
START GROUP
LOAD /home/opt/microchip/xc32/v1.00/bin/../lib/gcc/pic32mx/4.5.1/../../../../pic32mx/lib/libmchp_peripheral_32MX440F128H.a
END GROUP
                0x00000001                PROVIDE (_vector_spacing, 0x1)
                0x9fc01000                _ebase_address = 0x9fc01000
                0xbfc00000                _RESET_ADDR = 0xbfc00000
                0xbfc00380                _BEV_EXCPT_ADDR = 0xbfc00380
                0xbfc00480                _DBG_EXCPT_ADDR = 0xbfc00480
                0xbfc02000                _DBG_CODE_ADDR = 0xbfc02000
                0x00000ff0                _DBG_CODE_SIZE = 0xff0
                0x9fc01180                _GEN_EXCPT_ADDR = (_ebase_address + 0x180)

.config_BFC02FF0
 *(.config_BFC02FF0)

.config_BFC02FF4
                0xbfc02ff4        0x4
 *(.config_BFC02FF4)
 .config_BFC02FF4
                0xbfc02ff4        0x4 build/default/production/_ext/1445274692/main.o

.config_BFC02FF8
                0xbfc02ff8        0x4
 *(.config_BFC02FF8)
 .config_BFC02FF8
                0xbfc02ff8        0x4 build/default/production/_ext/1445274692/main.o

.config_BFC02FFC
                0xbfc02ffc        0x4
 *(.config_BFC02FFC)
 .config_BFC02FFC
                0xbfc02ffc        0x4 build/default/production/_ext/1445274692/main.o
                0xbfc02000                PROVIDE (_DBG_CODE_ADDR, 0xbfc02000)
                0x00000ff0                PROVIDE (_DBG_CODE_SIZE, 0xff0)

.reset          0xbfc00000      0x1f4
 *(.reset)
 .reset         0xbfc00000       0x10 /home/opt/microchip/xc32/v1.00/bin/../lib/gcc/pic32mx/4.5.1/../../../../pic32mx/lib/crt0.o
                0xbfc00000                _reset
 *(.reset.startup)
 .reset.startup
                0xbfc00010      0x1e4 /home/opt/microchip/xc32/v1.00/bin/../lib/gcc/pic32mx/4.5.1/../../../../pic32mx/lib/crt0.o

.bev_excpt      0xbfc00380       0x10
 *(.bev_handler)
 .bev_handler   0xbfc00380       0x10 /home/opt/microchip/xc32/v1.00/bin/../lib/gcc/pic32mx/4.5.1/../../../../pic32mx/lib/crt0.o

.dbg_excpt      0xbfc00480        0x0
                0xbfc00480                . = (. + DEFINED (_DEBUGGER)?0x8:0x0)

.dbg_code       0xbfc02000        0x0
                0xbfc02000                . = (. + DEFINED (_DEBUGGER)?_DBG_CODE_SIZE:0x0)

.app_excpt      0x9fc01180       0x10
 *(.gen_handler)
 .gen_handler   0x9fc01180       0x10 /home/opt/microchip/xc32/v1.00/bin/../lib/gcc/pic32mx/4.5.1/../../../../pic32mx/lib/crt0.o

.vector_0       0x9fc01200        0x0
 *(.vector_0)
                0x00000001                ASSERT (((_vector_spacing == 0x0) || (SIZEOF (.vector_0) <= (_vector_spacing << 0x5))), function at exception vector 0 too large)

.vector_1       0x9fc01220        0x0
 *(.vector_1)
                0x00000001                ASSERT (((_vector_spacing == 0x0) || (SIZEOF (.vector_1) <= (_vector_spacing << 0x5))), function at exception vector 1 too large)

.vector_2       0x9fc01240        0x0
 *(.vector_2)
                0x00000001                ASSERT (((_vector_spacing == 0x0) || (SIZEOF (.vector_2) <= (_vector_spacing << 0x5))), function at exception vector 2 too large)

.vector_3       0x9fc01260        0x0
 *(.vector_3)
                0x00000001                ASSERT (((_vector_spacing == 0x0) || (SIZEOF (.vector_3) <= (_vector_spacing << 0x5))), function at exception vector 3 too large)

.vector_4       0x9fc01280        0x8
 *(.vector_4)
 .vector_4      0x9fc01280        0x8 build/default/production/_ext/1271783508/Tick.o
                0x00000001                ASSERT (((_vector_spacing == 0x0) || (SIZEOF (.vector_4) <= (_vector_spacing << 0x5))), function at exception vector 4 too large)

.vector_5       0x9fc012a0        0x0
 *(.vector_5)
                0x00000001                ASSERT (((_vector_spacing == 0x0) || (SIZEOF (.vector_5) <= (_vector_spacing << 0x5))), function at exception vector 5 too large)

.vector_6       0x9fc012c0        0x0
 *(.vector_6)
                0x00000001                ASSERT (((_vector_spacing == 0x0) || (SIZEOF (.vector_6) <= (_vector_spacing << 0x5))), function at exception vector 6 too large)

.vector_7       0x9fc012e0        0x0
 *(.vector_7)
                0x00000001                ASSERT (((_vector_spacing == 0x0) || (SIZEOF (.vector_7) <= (_vector_spacing << 0x5))), function at exception vector 7 too large)

.vector_8       0x9fc01300        0x8
 *(.vector_8)
 .vector_8      0x9fc01300        0x8 build/default/production/_ext/263962707/Servo.o
                0x00000001                ASSERT (((_vector_spacing == 0x0) || (SIZEOF (.vector_8) <= (_vector_spacing << 0x5))), function at exception vector 8 too large)

.vector_9       0x9fc01320        0x0
 *(.vector_9)
                0x00000001                ASSERT (((_vector_spacing == 0x0) || (SIZEOF (.vector_9) <= (_vector_spacing << 0x5))), function at exception vector 9 too large)

.vector_10      0x9fc01340        0x0
 *(.vector_10)
                0x00000001                ASSERT (((_vector_spacing == 0x0) || (SIZEOF (.vector_10) <= (_vector_spacing << 0x5))), function at exception vector 10 too large)

.vector_11      0x9fc01360        0x0
 *(.vector_11)
                0x00000001                ASSERT (((_vector_spacing == 0x0) || (SIZEOF (.vector_11) <= (_vector_spacing << 0x5))), function at exception vector 11 too large)

.vector_12      0x9fc01380        0x8
 *(.vector_12)
 .vector_12     0x9fc01380        0x8 build/default/production/_ext/263962707/ForgeHeater.o
                0x00000001                ASSERT (((_vector_spacing == 0x0) || (SIZEOF (.vector_12) <= (_vector_spacing << 0x5))), function at exception vector 12 too large)

.vector_13      0x9fc013a0        0x0
 *(.vector_13)
                0x00000001                ASSERT (((_vector_spacing == 0x0) || (SIZEOF (.vector_13) <= (_vector_spacing << 0x5))), function at exception vector 13 too large)

.vector_14      0x9fc013c0        0x0
 *(.vector_14)
                0x00000001                ASSERT (((_vector_spacing == 0x0) || (SIZEOF (.vector_14) <= (_vector_spacing << 0x5))), function at exception vector 14 too large)

.vector_15      0x9fc013e0        0x0
 *(.vector_15)
                0x00000001                ASSERT (((_vector_spacing == 0x0) || (SIZEOF (.vector_15) <= (_vector_spacing << 0x5))), function at exception vector 15 too large)

.vector_16      0x9fc01400        0x0
 *(.vector_16)
                0x00000001                ASSERT (((_vector_spacing == 0x0) || (SIZEOF (.vector_16) <= (_vector_spacing << 0x5))), function at exception vector 16 too large)

.vector_17      0x9fc01420        0x0
 *(.vector_17)
                0x00000001                ASSERT (((_vector_spacing == 0x0) || (SIZEOF (.vector_17) <= (_vector_spacing << 0x5))), function at exception vector 17 too large)

.vector_18      0x9fc01440        0x0
 *(.vector_18)
                0x00000001                ASSERT (((_vector_spacing == 0x0) || (SIZEOF (.vector_18) <= (_vector_spacing << 0x5))), function at exception vector 18 too large)

.vector_19      0x9fc01460        0x8
 *(.vector_19)
 .vector_19     0x9fc01460        0x8 build/default/production/_ext/519170017/StepperSim.o
                0x00000001                ASSERT (((_vector_spacing == 0x0) || (SIZEOF (.vector_19) <= (_vector_spacing << 0x5))), function at exception vector 19 too large)

.vector_20      0x9fc01480        0x0
 *(.vector_20)
                0x00000001                ASSERT (((_vector_spacing == 0x0) || (SIZEOF (.vector_20) <= (_vector_spacing << 0x5))), function at exception vector 20 too large)

.vector_21      0x9fc014a0        0x0
 *(.vector_21)
                0x00000001                ASSERT (((_vector_spacing == 0x0) || (SIZEOF (.vector_21) <= (_vector_spacing << 0x5))), function at exception vector 21 too large)

.vector_22      0x9fc014c0        0x0
 *(.vector_22)
                0x00000001                ASSERT (((_vector_spacing == 0x0) || (SIZEOF (.vector_22) <= (_vector_spacing << 0x5))), function at exception vector 22 too large)

.vector_23      0x9fc014e0        0x0
 *(.vector_23)
                0x00000001                ASSERT (((_vector_spacing == 0x0) || (SIZEOF (.vector_23) <= (_vector_spacing << 0x5))), function at exception vector 23 too large)

.vector_24      0x9fc01500        0x8
 *(.vector_24)
 .vector_24     0x9fc01500        0x8 build/default/production/_ext/1271783508/Bowler_UART_HAL.o
                0x00000001                ASSERT (((_vector_spacing == 0x0) || (SIZEOF (.vector_24) <= (_vector_spacing << 0x5))), function at exception vector 24 too large)

.vector_25      0x9fc01520        0x0
 *(.vector_25)
                0x00000001                ASSERT (((_vector_spacing == 0x0) || (SIZEOF (.vector_25) <= (_vector_spacing << 0x5))), function at exception vector 25 too large)

.vector_26      0x9fc01540        0x0
 *(.vector_26)
                0x00000001                ASSERT (((_vector_spacing == 0x0) || (SIZEOF (.vector_26) <= (_vector_spacing << 0x5))), function at exception vector 26 too large)

.vector_27      0x9fc01560        0x0
 *(.vector_27)
                0x00000001                ASSERT (((_vector_spacing == 0x0) || (SIZEOF (.vector_27) <= (_vector_spacing << 0x5))), function at exception vector 27 too large)

.vector_28      0x9fc01580        0x0
 *(.vector_28)
                0x00000001                ASSERT (((_vector_spacing == 0x0) || (SIZEOF (.vector_28) <= (_vector_spacing << 0x5))), function at exception vector 28 too large)

.vector_29      0x9fc015a0        0x0
 *(.vector_29)
                0x00000001                ASSERT (((_vector_spacing == 0x0) || (SIZEOF (.vector_29) <= (_vector_spacing << 0x5))), function at exception vector 29 too large)

.vector_30      0x9fc015c0        0x0
 *(.vector_30)
                0x00000001                ASSERT (((_vector_spacing == 0x0) || (SIZEOF (.vector_30) <= (_vector_spacing << 0x5))), function at exception vector 30 too large)

.vector_31      0x9fc015e0        0x0
 *(.vector_31)
                0x00000001                ASSERT (((_vector_spacing == 0x0) || (SIZEOF (.vector_31) <= (_vector_spacing << 0x5))), function at exception vector 31 too large)

.vector_32      0x9fc01600        0x0
 *(.vector_32)
                0x00000001                ASSERT (((_vector_spacing == 0x0) || (SIZEOF (.vector_32) <= (_vector_spacing << 0x5))), function at exception vector 32 too large)

.vector_33      0x9fc01620        0x0
 *(.vector_33)
                0x00000001                ASSERT (((_vector_spacing == 0x0) || (SIZEOF (.vector_33) <= (_vector_spacing << 0x5))), function at exception vector 33 too large)

.vector_34      0x9fc01640        0x0
 *(.vector_34)
                0x00000001                ASSERT (((_vector_spacing == 0x0) || (SIZEOF (.vector_34) <= (_vector_spacing << 0x5))), function at exception vector 34 too large)

.vector_35      0x9fc01660        0x0
 *(.vector_35)
                0x00000001                ASSERT (((_vector_spacing == 0x0) || (SIZEOF (.vector_35) <= (_vector_spacing << 0x5))), function at exception vector 35 too large)

.vector_36      0x9fc01680        0x0
 *(.vector_36)
                0x00000001                ASSERT (((_vector_spacing == 0x0) || (SIZEOF (.vector_36) <= (_vector_spacing << 0x5))), function at exception vector 36 too large)

.vector_37      0x9fc016a0        0x0
 *(.vector_37)
                0x00000001                ASSERT (((_vector_spacing == 0x0) || (SIZEOF (.vector_37) <= (_vector_spacing << 0x5))), function at exception vector 37 too large)

.vector_38      0x9fc016c0        0x0
 *(.vector_38)
                0x00000001                ASSERT (((_vector_spacing == 0x0) || (SIZEOF (.vector_38) <= (_vector_spacing << 0x5))), function at exception vector 38 too large)

.vector_39      0x9fc016e0        0x0
 *(.vector_39)
                0x00000001                ASSERT (((_vector_spacing == 0x0) || (SIZEOF (.vector_39) <= (_vector_spacing << 0x5))), function at exception vector 39 too large)

.vector_40      0x9fc01700        0x0
 *(.vector_40)
                0x00000001                ASSERT (((_vector_spacing == 0x0) || (SIZEOF (.vector_40) <= (_vector_spacing << 0x5))), function at exception vector 40 too large)

.vector_41      0x9fc01720        0x0
 *(.vector_41)
                0x00000001                ASSERT (((_vector_spacing == 0x0) || (SIZEOF (.vector_41) <= (_vector_spacing << 0x5))), function at exception vector 41 too large)

.vector_42      0x9fc01740        0x0
 *(.vector_42)
                0x00000001                ASSERT (((_vector_spacing == 0x0) || (SIZEOF (.vector_42) <= (_vector_spacing << 0x5))), function at exception vector 42 too large)

.vector_43      0x9fc01760        0x0
 *(.vector_43)
                0x00000001                ASSERT (((_vector_spacing == 0x0) || (SIZEOF (.vector_43) <= (_vector_spacing << 0x5))), function at exception vector 43 too large)

.vector_44      0x9fc01780        0x0
 *(.vector_44)
                0x00000001                ASSERT (((_vector_spacing == 0x0) || (SIZEOF (.vector_44) <= (_vector_spacing << 0x5))), function at exception vector 44 too large)

.vector_45      0x9fc017a0        0x8
 *(.vector_45)
 .vector_45     0x9fc017a0        0x8 build/default/production/_ext/161057953/usb_device.o
                0x00000001                ASSERT (((_vector_spacing == 0x0) || (SIZEOF (.vector_45) <= (_vector_spacing << 0x5))), function at exception vector 45 too large)

.vector_46      0x9fc017c0        0x0
 *(.vector_46)
                0x00000001                ASSERT (((_vector_spacing == 0x0) || (SIZEOF (.vector_46) <= (_vector_spacing << 0x5))), function at exception vector 46 too large)

.vector_47      0x9fc017e0        0x0
 *(.vector_47)
                0x00000001                ASSERT (((_vector_spacing == 0x0) || (SIZEOF (.vector_47) <= (_vector_spacing << 0x5))), function at exception vector 47 too large)

.vector_48      0x9fc01800        0x0
 *(.vector_48)
                0x00000001                ASSERT (((_vector_spacing == 0x0) || (SIZEOF (.vector_48) <= (_vector_spacing << 0x5))), function at exception vector 48 too large)

.vector_49      0x9fc01820        0x0
 *(.vector_49)
                0x00000001                ASSERT (((_vector_spacing == 0x0) || (SIZEOF (.vector_49) <= (_vector_spacing << 0x5))), function at exception vector 49 too large)

.vector_50      0x9fc01840        0x0
 *(.vector_50)
                0x00000001                ASSERT (((_vector_spacing == 0x0) || (SIZEOF (.vector_50) <= (_vector_spacing << 0x5))), function at exception vector 50 too large)

.vector_51      0x9fc01860        0x0
 *(.vector_51)
                0x00000001                ASSERT (((_vector_spacing == 0x0) || (SIZEOF (.vector_51) <= (_vector_spacing << 0x5))), function at exception vector 51 too large)

.vector_52      0x9fc01880        0x0
 *(.vector_52)
                0x00000001                ASSERT (((_vector_spacing == 0x0) || (SIZEOF (.vector_52) <= (_vector_spacing << 0x5))), function at exception vector 52 too large)

.vector_53      0x9fc018a0        0x0
 *(.vector_53)
                0x00000001                ASSERT (((_vector_spacing == 0x0) || (SIZEOF (.vector_53) <= (_vector_spacing << 0x5))), function at exception vector 53 too large)

.vector_54      0x9fc018c0        0x0
 *(.vector_54)
                0x00000001                ASSERT (((_vector_spacing == 0x0) || (SIZEOF (.vector_54) <= (_vector_spacing << 0x5))), function at exception vector 54 too large)

.vector_55      0x9fc018e0        0x0
 *(.vector_55)
                0x00000001                ASSERT (((_vector_spacing == 0x0) || (SIZEOF (.vector_55) <= (_vector_spacing << 0x5))), function at exception vector 55 too large)

.vector_56      0x9fc01900        0x0
 *(.vector_56)
                0x00000001                ASSERT (((_vector_spacing == 0x0) || (SIZEOF (.vector_56) <= (_vector_spacing << 0x5))), function at exception vector 56 too large)

.vector_57      0x9fc01920        0x0
 *(.vector_57)
                0x00000001                ASSERT (((_vector_spacing == 0x0) || (SIZEOF (.vector_57) <= (_vector_spacing << 0x5))), function at exception vector 57 too large)

.vector_58      0x9fc01940        0x0
 *(.vector_58)
                0x00000001                ASSERT (((_vector_spacing == 0x0) || (SIZEOF (.vector_58) <= (_vector_spacing << 0x5))), function at exception vector 58 too large)

.vector_59      0x9fc01960        0x0
 *(.vector_59)
                0x00000001                ASSERT (((_vector_spacing == 0x0) || (SIZEOF (.vector_59) <= (_vector_spacing << 0x5))), function at exception vector 59 too large)

.vector_60      0x9fc01980        0x0
 *(.vector_60)
                0x00000001                ASSERT (((_vector_spacing == 0x0) || (SIZEOF (.vector_60) <= (_vector_spacing << 0x5))), function at exception vector 60 too large)

.vector_61      0x9fc019a0        0x0
 *(.vector_61)
                0x00000001                ASSERT (((_vector_spacing == 0x0) || (SIZEOF (.vector_61) <= (_vector_spacing << 0x5))), function at exception vector 61 too large)

.vector_62      0x9fc019c0        0x0
 *(.vector_62)
                0x00000001                ASSERT (((_vector_spacing == 0x0) || (SIZEOF (.vector_62) <= (_vector_spacing << 0x5))), function at exception vector 62 too large)

.vector_63      0x9fc019e0        0x0
 *(.vector_63)
                0x00000001                ASSERT (((_vector_spacing == 0x0) || (SIZEOF (.vector_63) <= (_vector_spacing << 0x5))), function at exception vector 63 too large)

.startup
 *(.startup)

.text
 *(.stub .gnu.linkonce.t.*)
 *(.text.*personality*)
 *(.mips16.fn.*)
 *(.mips16.call.*)
 *(.gnu.warning)

.rodata         0x9d000000        0x0
 *(.rodata.* .gnu.linkonce.r.*)
 *(.rodata1)
                0x9d000000                . = ALIGN (0x4)

.sdata2         0x9fc00490        0x0
 *(.sdata2 .sdata2.* .gnu.linkonce.s2.*)
                0x9fc00490                . = ALIGN (0x4)

.sbss2          0x9fc00490        0x0
 *(.sbss2 .sbss2.* .gnu.linkonce.sb2.*)
                0x9fc00490                . = ALIGN (0x4)

.eh_frame_hdr
 *(.eh_frame_hdr)

.eh_frame
 *(.eh_frame)

.dbg_data       0xa0000000        0x0
                0xa0000000                . = (. + DEFINED (_DEBUGGER)?0x200:0x0)

.persist        0xa0000000        0x0
                0xa0000000                _persist_begin = .
 *(.persist .persist.*)
                0xa0000000                . = ALIGN (0x4)
                0xa0000000                _persist_end = .

.eh_frame
 *(.eh_frame)
                0xa0000000                . = .
                0xa0007ff0                _gp = (ALIGN (0x10) + 0x7ff0)

.got
 *(.got.plt)
 *(.got)

.sdata          0xa0000000       0xd8
                0xa0000000                _sdata_begin = .
 *(.sdata .sdata.* .gnu.linkonce.s.*)
 .sdata         0xa0000000        0x1 build/default/production/_ext/263962707/Servo.o
                0xa0000000                stop
 *fill*         0xa0000001        0x3 00
 .sdata         0xa0000004       0x18 build/default/production/_ext/1494288313/CartesianController.o
                0xa0000004                scale
                0xa0000008                extrusionScale
 .sdata         0xa000001c       0x14 build/default/production/_ext/1494288313/delta.o
                0xa000001c                e
                0xa0000020                f
                0xa0000024                re
                0xa0000028                rf
                0xa000002c                zOffset
 .sdata         0xa0000030        0x8 build/default/production/_ext/519170017/servoCalibration.o
 .sdata         0xa0000038       0x14 build/default/production/_ext/1445274692/main.o
                0xa0000048                serVal
 .sdata         0xa000004c       0x18 build/default/production/_ext/464348676/Namespace_bcs_rpc.o
 .sdata         0xa0000064        0x4 build/default/production/_ext/464348676/AbstractPID.o
                0xa0000064                zone
 .sdata         0xa0000068        0x8 build/default/production/_ext/464348676/Namespace_bcs_core.o
 .sdata         0xa0000070        0x8 build/default/production/_ext/464348676/Bowler_Server.o
                0xa0000070                MyMAC
 .sdata         0xa0000078       0x4c build/default/production/_ext/464348676/Namespace_bcs_pid.o
 .sdata         0xa00000c4        0x8 build/default/production/_ext/1271783508/FlashStorage.o
                0xa00000c4                defMac
 .sdata         0xa00000cc        0x4 build/default/production/_ext/161057953/usb_fifo.o
 .sdata         0xa00000d0        0x8 build/default/production/_ext/161057953/usb_descriptors.o
                0xa00000d0                sd000
                0xa00000d4                USB_CD_Ptr
                0xa00000d8                _sdata_end = .

.lit8
 *(.lit8)

.lit4
 *(.lit4)
                0xa00000d8                . = ALIGN (0x4)
                0xa00000d8                _data_end = .
                0xa00000d8                _bss_begin = .

.sbss           0xa00000d8      0x190
                0xa00000d8                _sbss_begin = .
 *(.dynsbss)
 *(.sbss .sbss.* .gnu.linkonce.sb.*)
 .sbss          0xa00000d8       0x10 build/default/production/_ext/263962707/Servo.o
                0xa00000d8                lastValue
                0xa00000dc                sortedIndex
                0xa00000e0                start
                0xa00000e4                servoStateMachineCurrentState
 .sbss          0xa00000e8        0x4 build/default/production/_ext/263962707/ForgeHeater.o
                0xa00000e8                heaterIndex
 .sbss          0xa00000ec        0x3 build/default/production/_ext/263962707/AS5055.o
                0xa00000ec                initialized
                0xa00000ed                busy
                0xa00000ee                lock
 *fill*         0xa00000ef        0x1 00
 .sbss          0xa00000f0        0xc build/default/production/_ext/1494288313/CartesianController.o
                0xa00000f0                full
                0xa00000f4                lastPushedBufferSize
 .sbss          0xa00000fc        0x4 build/default/production/_ext/519170017/StepperSim.o
                0xa00000fc                current
 .sbss          0xa0000100        0x4 build/default/production/_ext/519170017/PID.o
                0xa0000100                runPidIsr
 .sbss          0xa0000104        0x4 build/default/production/_ext/2048476848/Namespace_bcs_cartesian.o
 .sbss          0xa0000108        0xc build/default/production/_ext/2048476848/Callbacks.o
 .sbss          0xa0000114        0xc build/default/production/_ext/1445274692/main.o
                0xa0000114                height
                0xa0000118                j
                0xa000011c                i
 .sbss          0xa0000120        0x4 build/default/production/_ext/464348676/Namespace_bcs_rpc.o
 .sbss          0xa0000124        0x4 build/default/production/_ext/464348676/Bowler_RPC_Process.o
 .sbss          0xa0000128       0x14 build/default/production/_ext/464348676/AbstractPID.o
                0xa0000128                number_of_pid_groups
 .sbss          0xa000013c        0x4 build/default/production/_ext/464348676/Namespace_bcs_core.o
 .sbss          0xa0000140        0xc build/default/production/_ext/464348676/Debug.o
                0xa0000140                level
 .sbss          0xa000014c        0x4 build/default/production/_ext/464348676/Namespace_bcs_pid.o
 .sbss          0xa0000150        0x8 build/default/production/_ext/1271783508/Bowler_UART_HAL.o
 .sbss          0xa0000158        0x8 build/default/production/_ext/1271783508/Tick.o
 .sbss          0xa0000160        0x8 build/default/production/_ext/1271783508/HAL_P32.o
 .sbss          0xa0000168        0x4 build/default/production/_ext/1271783508/ADC.o
                0xa0000168                ADCMask
 .sbss          0xa000016c        0x8 build/default/production/_ext/1271783508/UART.o
                0xa000016c                useUart2
                0xa0000170                useUart1
 .sbss          0xa0000174       0x10 build/default/production/_ext/161057953/usb_fifo.o
 .sbss          0xa0000184        0x2 build/default/production/_ext/161057953/usb_callback.o
 *fill*         0xa0000186        0x2 00
 .sbss          0xa0000188        0x4 /home/opt/microchip/xc32/v1.00/bin/../lib/gcc/pic32mx/4.5.1/../../../../pic32mx/lib/libc.a(errno.o)
                0xa0000188                errno
 *(.scommon)
 .scommon       0xa000018c        0x4 build/default/production/_ext/263962707/ForgeHeater.o
                0xa000018c                heaterLowpassIndex
 .scommon       0xa0000190       0x10 build/default/production/_ext/1494288313/CartesianController.o
                0xa0000190                eCurrent
                0xa0000194                xCurrent
                0xa0000198                zCurrent
                0xa000019c                yCurrent
 .scommon       0xa00001a0       0x1c build/default/production/_ext/1494288313/delta.o
                0xa00001a0                cos120
                0xa00001a4                sqrt3
                0xa00001a8                sin30
                0xa00001ac                tan30
                0xa00001b0                pi
                0xa00001b4                sin120
                0xa00001b8                tan60
 .scommon       0xa00001bc        0x4 build/default/production/_ext/519170017/servoCalibration.o
                0xa00001bc                state
 .scommon       0xa00001c0       0x24 build/default/production/_ext/464348676/AbstractPID.o
                0xa00001c0                resetPosition
                0xa00001c4                MathCalculationVelocity
                0xa00001c8                velData
                0xa00001cc                MathCalculationPosition
                0xa00001d0                onPidConfigure
                0xa00001d4                pidGroups
                0xa00001d8                setOutput
                0xa00001dc                getPosition
                0xa00001e0                checkPIDLimitEvents
 .scommon       0xa00001e4       0x41 build/default/production/_ext/161057953/usb_device.o
                0xa00001e4                pDst
                0xa00001e8                USBDeviceState
                0xa00001ec                controlTransferState
                0xa00001f0                USBInMaxPacketSize
                0xa00001f8                inPipes
                0xa0000200                BothEP0OutUOWNsSet
                0xa0000204                pBDTEntryEP0OutNext
                0xa0000208                SetupPkt
                0xa0000210                shortPacketStatus
                0xa0000214                pBDTEntryEP0OutCurrent
                0xa0000218                USBActiveConfiguration
                0xa000021c                RemoteWakeup
                0xa0000220                USTATcopy
                0xa0000224                USBAlternateInterface
 *fill*         0xa0000225        0x3 00
 .scommon       0xa0000228       0x40 build/default/production/_ext/161057953/usb_function_cdc.o
                0xa0000228                control_signal_bitmap
                0xa000022c                cdc_tx_len
                0xa0000230                pCDCSrc
                0xa0000234                CDCDataOutHandle
                0xa0000238                cdc_rx_len
                0xa000023c                line_coding
                0xa0000244                BaudRateGen
                0xa0000248                CDCDataInHandle
                0xa000024c                cdc_notice
                0xa0000254                cdc_trf_state
                0xa0000258                pCDCDst
                0xa000025c                cdc_mem_type
                0xa0000260                dummy_encapsulated_cmd_response
                0xa0000268                _sbss_end = .

.bss            0xa0000400     0x3178
 *(.dynbss)
 *(COMMON)
 COMMON         0xa0000400       0x40 build/default/production/_ext/263962707/Servo.o
                0xa0000400                position
                0xa0000420                sort
 COMMON         0xa0000440       0x10 build/default/production/_ext/263962707/ForgeHeater.o
                0xa0000440                heaterLowpass
 COMMON         0xa0000450       0xb0 build/default/production/_ext/263962707/AS5055.o
                0xa0000450                overflow
                0xa000047c                raw
                0xa00004a8                offset
                0xa00004d4                recent
 COMMON         0xa0000500     0x2bfe build/default/production/_ext/1494288313/CartesianController.o
                0xa0000500                packetFifo
                0xa0000518                intCartesian
                0xa0000548                linTmpPack
                0xa0000654                lastXYZE
                0xa0000664                buffer
                0xa0002ff4                packetTemp
 *fill*         0xa00030fe        0x2 00
 COMMON         0xa0003100      0x10a build/default/production/_ext/2048476848/Callbacks.o
                0xa0003100                tmpData
 *fill*         0xa000320a        0x2 00
 COMMON         0xa000320c       0x50 build/default/production/_ext/1271783508/FlashStorage.o
                0xa000320c                flash
 *fill*         0xa000325c      0x1a4 00
 COMMON         0xa0003400       0xf7 build/default/production/_ext/161057953/usb_device.o
                0xa0003400                BDT
                0xa0003480                CtrlTrfData
                0xa00034c0                pBDTEntryIn
                0xa00034d0                pBDTEntryOut
                0xa00034e0                USBInData
                0xa00034ec                outPipes
 *fill*         0xa00034f7        0x1 00
 COMMON         0xa00034f8       0x80 build/default/production/_ext/161057953/usb_function_cdc.o
                0xa00034f8                cdc_data_tx
                0xa0003538                cdc_data_rx
                0xa0003578                . = ALIGN (0x4)
                0xa0003578                . = ALIGN (0x4)
                0xa0003578                _end = .
                0xa0003578                _bss_end = .
                0x00008000                _bmxdudba_address = 0x8000
                0x00008000                _bmxdupba_address = 0x8000

/DISCARD/
 *(.pdr)
 *(.reginfo)
 *(.rel.dyn)
 *(.note.GNU-stack)
 *(.note.GNU-stack)
 *(.gnu_debuglink)
 *(.gnu.lto_*)
 *(.discard)

.stab
 *(.stab)

.stabstr
 *(.stabstr)

.stab.excl
 *(.stab.excl)

.stab.exclstr
 *(.stab.exclstr)

.stab.index
 *(.stab.index)

.stab.indexstr
 *(.stab.indexstr)

.comment        0x00000000       0xea
 *(.comment)
 .comment       0x00000000       0x33 build/default/production/_ext/263962707/Servo.o
                                 0x34 (size before relaxing)
 .comment       0x00000000       0x34 build/default/production/_ext/263962707/SPIClient.o
 .comment       0x00000000       0x34 build/default/production/_ext/263962707/ForgeHeater.o
 .comment       0x00000000       0x34 build/default/production/_ext/263962707/AS5055.o
 .comment       0x00000000       0x34 build/default/production/_ext/1494288313/KosselKinematics.o
 .comment       0x00000000       0x34 build/default/production/_ext/1494288313/CartesianController.o
 .comment       0x00000000       0x34 build/default/production/_ext/1494288313/DeltaKinematics.o
 .comment       0x00000000       0x34 build/default/production/_ext/1494288313/delta.o
 .comment       0x00000000       0x34 build/default/production/_ext/519170017/MotionTest.o
 .comment       0x00000000       0x34 build/default/production/_ext/519170017/StepperSim.o
 .comment       0x00000000       0x34 build/default/production/_ext/519170017/servoCalibration.o
 .comment       0x00000000       0x34 build/default/production/_ext/519170017/PID.o
 .comment       0x00000000       0x34 build/default/production/_ext/2048476848/UpstreamPackets.o
 .comment       0x00000000       0x34 build/default/production/_ext/2048476848/Namespace_bcs_cartesian.o
 .comment       0x00000000       0x34 build/default/production/_ext/2048476848/Callbacks.o
 .comment       0x00000000       0x34 build/default/production/_ext/1445274692/main.o
 .comment       0x00000000       0x34 build/default/production/_ext/464348676/Namespace_bcs_rpc.o
 .comment       0x00000000       0x34 build/default/production/_ext/464348676/Bowler_RPC_Process.o
 .comment       0x00000000       0x34 build/default/production/_ext/464348676/AbstractPID.o
 .comment       0x00000000       0x34 build/default/production/_ext/464348676/Scheduler.o
 .comment       0x00000000       0x34 build/default/production/_ext/464348676/Namespace_bcs_core.o
 .comment       0x00000000       0x34 build/default/production/_ext/464348676/Bowler_Transport.o
 .comment       0x00000000       0x34 build/default/production/_ext/464348676/Bowler_Server.o
 .comment       0x00000000       0x34 build/default/production/_ext/464348676/FIFO.o
 .comment       0x00000000       0x34 build/default/production/_ext/464348676/Debug.o
 .comment       0x00000000       0x34 build/default/production/_ext/464348676/Bowler_Stack_Callback.o
 .comment       0x00000000       0x34 build/default/production/_ext/464348676/Namespace_bcs_pid.o
 .comment       0x00000000       0x34 build/default/production/_ext/464348676/Bowler_Helper.o
 .comment       0x00000000       0x34 build/default/production/_ext/1271783508/Bowler_UART_HAL.o
 .comment       0x00000000       0x34 build/default/production/_ext/1271783508/Bowler_USB_HAL.o
 .comment       0x00000000       0x34 build/default/production/_ext/1271783508/LED.o
 .comment       0x00000000       0x34 build/default/production/_ext/1271783508/Tick.o
 .comment       0x00000000       0x34 build/default/production/_ext/1271783508/Delay.o
 .comment       0x00000000       0x34 build/default/production/_ext/1271783508/HAL_P32.o
 .comment       0x00000000       0x34 build/default/production/_ext/1271783508/ADC.o
 .comment       0x00000000       0x34 build/default/production/_ext/1271783508/UART.o
 .comment       0x00000000       0x34 build/default/production/_ext/1271783508/FlashStorage.o
 .comment       0x00000000       0x34 build/default/production/_ext/161057953/usb_interrupt.o
 .comment       0x00000000       0x34 build/default/production/_ext/161057953/usb_device.o
 .comment       0x00000000       0x34 build/default/production/_ext/161057953/usb_fifo.o
 .comment       0x00000000       0x34 build/default/production/_ext/161057953/usb_descriptors.o
 .comment       0x00000000       0x34 build/default/production/_ext/161057953/usb_callback.o
 .comment       0x00000000       0x34 build/default/production/_ext/161057953/usb_function_cdc.o
 .comment       0x00000000       0x34 /home/opt/microchip/xc32/v1.00/bin/../lib/gcc/pic32mx/4.5.1/libgcc.a(floatunsisf.o)
 .comment       0x00000033       0x18 /home/opt/microchip/xc32/v1.00/bin/../lib/gcc/pic32mx/4.5.1/../../../../pic32mx/lib/libc.a(memset.o)
                                 0x19 (size before relaxing)
 .comment       0x00000000       0x34 /home/opt/microchip/xc32/v1.00/bin/../lib/gcc/pic32mx/4.5.1/../../../../pic32mx/lib/libc.a(default-bootstrap-exception-handler.o)
 .comment       0x00000000       0x34 /home/opt/microchip/xc32/v1.00/bin/../lib/gcc/pic32mx/4.5.1/../../../../pic32mx/lib/libc.a(default-on-reset.o)
 .comment       0x00000000       0x34 /home/opt/microchip/xc32/v1.00/bin/../lib/gcc/pic32mx/4.5.1/../../../../pic32mx/lib/libc.a(default-on-bootstrap.o)
 .comment       0x00000000       0x34 /home/opt/microchip/xc32/v1.00/bin/../lib/gcc/pic32mx/4.5.1/../../../../pic32mx/lib/libm.a(w_atan2f.o)
 .comment       0x00000000       0x34 /home/opt/microchip/xc32/v1.00/bin/../lib/gcc/pic32mx/4.5.1/../../../../pic32mx/lib/libm.a(w_sqrtf.o)
 .comment       0x00000000       0x34 /home/opt/microchip/xc32/v1.00/bin/../lib/gcc/pic32mx/4.5.1/../../../../pic32mx/lib/libm.a(s_lib_ver.o)
 .comment       0x00000000       0x34 /home/opt/microchip/xc32/v1.00/bin/../lib/gcc/pic32mx/4.5.1/../../../../pic32mx/lib/libm.a(cabs.o)
 .comment       0x00000000       0x34 /home/opt/microchip/xc32/v1.00/bin/../lib/gcc/pic32mx/4.5.1/../../../../pic32mx/lib/libm.a(support.o)
 .comment       0x00000000       0x34 /home/opt/microchip/xc32/v1.00/bin/../lib/gcc/pic32mx/4.5.1/../../../../pic32mx/lib/libm.a(w_ldexp.o)
 .comment       0x00000000       0x34 /home/opt/microchip/xc32/v1.00/bin/../lib/gcc/pic32mx/4.5.1/../../../../pic32mx/lib/libm.a(w_sqrt.o)
 .comment       0x00000000       0x34 /home/opt/microchip/xc32/v1.00/bin/../lib/gcc/pic32mx/4.5.1/../../../../pic32mx/lib/libc.a(errno.o)
 .comment       0x00000000       0x34 /home/opt/microchip/xc32/v1.00/bin/../lib/gcc/pic32mx/4.5.1/../../../../pic32mx/lib/libc.a(isinf.o)
 .comment       0x0000004b       0x4e /home/opt/microchip/xc32/v1.00/bin/../lib/gcc/pic32mx/4.5.1/../../../../pic32mx/lib/libe.a(_unorddf2.o)
                                 0x82 (size before relaxing)
 .comment       0x00000099       0x51 /home/opt/microchip/xc32/v1.00/bin/../lib/gcc/pic32mx/4.5.1/../../../../pic32mx/lib/libmchp_peripheral_32MX440F128H.a(pcache.o)
                                 0x52 (size before relaxing)
 .comment       0x00000000       0x52 /home/opt/microchip/xc32/v1.00/bin/../lib/gcc/pic32mx/4.5.1/../../../../pic32mx/lib/libmchp_peripheral_32MX440F128H.a(int_enable_interrupts_lib.o)
 .comment       0x00000000       0x52 /home/opt/microchip/xc32/v1.00/bin/../lib/gcc/pic32mx/4.5.1/../../../../pic32mx/lib/libmchp_peripheral_32MX440F128H.a(int_disable_interrupts_lib.o)
 .comment       0x00000000       0x52 /home/opt/microchip/xc32/v1.00/bin/../lib/gcc/pic32mx/4.5.1/../../../../pic32mx/lib/libmchp_peripheral_32MX440F128H.a(int_restore_interrupts_lib.o)
 .comment       0x00000000       0x52 /home/opt/microchip/xc32/v1.00/bin/../lib/gcc/pic32mx/4.5.1/../../../../pic32mx/lib/libmchp_peripheral_32MX440F128H.a(int_enable_mv_int_lib.o)
 .comment       0x00000000       0x52 /home/opt/microchip/xc32/v1.00/bin/../lib/gcc/pic32mx/4.5.1/../../../../pic32mx/lib/libmchp_peripheral_32MX440F128H.a(int_tbl_lib.o)
 .comment       0x00000000       0x52 /home/opt/microchip/xc32/v1.00/bin/../lib/gcc/pic32mx/4.5.1/../../../../pic32mx/lib/libmchp_peripheral_32MX440F128H.a(spi_chn_getc_lib.o)
 .comment       0x00000000       0x52 /home/opt/microchip/xc32/v1.00/bin/../lib/gcc/pic32mx/4.5.1/../../../../pic32mx/lib/libmchp_peripheral_32MX440F128H.a(spi_chn_putc_lib.o)
 .comment       0x00000000       0x52 /home/opt/microchip/xc32/v1.00/bin/../lib/gcc/pic32mx/4.5.1/../../../../pic32mx/lib/libmchp_peripheral_32MX440F128H.a(spi_map_tbl_libp.o)
 .comment       0x00000000       0x52 /home/opt/microchip/xc32/v1.00/bin/../lib/gcc/pic32mx/4.5.1/../../../../pic32mx/lib/libmchp_peripheral_32MX440F128H.a(spi_open_spi2_lib_legacy.o)
 .comment       0x00000000       0x52 /home/opt/microchip/xc32/v1.00/bin/../lib/gcc/pic32mx/4.5.1/../../../../pic32mx/lib/libmchp_peripheral_32MX440F128H.a(spi_brg_tbl_lib_legacy.o)
 .comment       0x00000000       0x52 /home/opt/microchip/xc32/v1.00/bin/../lib/gcc/pic32mx/4.5.1/../../../../pic32mx/lib/libmchp_peripheral_32MX440F128H.a(nvm_erase_page_lib.o)
 .comment       0x00000000       0x52 /home/opt/microchip/xc32/v1.00/bin/../lib/gcc/pic32mx/4.5.1/../../../../pic32mx/lib/libmchp_peripheral_32MX440F128H.a(nvm_operation_lib.o)
 .comment       0x00000000       0x52 /home/opt/microchip/xc32/v1.00/bin/../lib/gcc/pic32mx/4.5.1/../../../../pic32mx/lib/libmchp_peripheral_32MX440F128H.a(nvm_write_word_lib.o)
 .comment       0x00000000       0x52 /home/opt/microchip/xc32/v1.00/bin/../lib/gcc/pic32mx/4.5.1/../../../../pic32mx/lib/libmchp_peripheral_32MX440F128H.a(port_set_pins_digital_out_lib.o)
 .comment       0x00000000       0x52 /home/opt/microchip/xc32/v1.00/bin/../lib/gcc/pic32mx/4.5.1/../../../../pic32mx/lib/libmchp_peripheral_32MX440F128H.a(port_clear_bits_lib.o)
 .comment       0x00000000       0x52 /home/opt/microchip/xc32/v1.00/bin/../lib/gcc/pic32mx/4.5.1/../../../../pic32mx/lib/libmchp_peripheral_32MX440F128H.a(port_set_bits_lib.o)
 .comment       0x00000000       0x52 /home/opt/microchip/xc32/v1.00/bin/../lib/gcc/pic32mx/4.5.1/../../../../pic32mx/lib/libmchp_peripheral_32MX440F128H.a(_ports_tbl_libp.o)
 .comment       0x00000000       0x52 /home/opt/microchip/xc32/v1.00/bin/../lib/gcc/pic32mx/4.5.1/../../../../pic32mx/lib/libmchp_peripheral_32MX440F128H.a(uart_lib.o)

.debug
 *(.debug)

.line
 *(.line)

.debug_srcinfo
 *(.debug_srcinfo)

.debug_sfnames
 *(.debug_sfnames)

.debug_aranges  0x00000000      0x988
 *(.debug_aranges)
 .debug_aranges
                0x00000000       0x20 build/default/production/_ext/263962707/Servo.o
 .debug_aranges
                0x00000020       0x20 build/default/production/_ext/263962707/SPIClient.o
 .debug_aranges
                0x00000040       0x20 build/default/production/_ext/263962707/ForgeHeater.o
 .debug_aranges
                0x00000060       0x20 build/default/production/_ext/263962707/AS5055.o
 .debug_aranges
                0x00000080       0x20 build/default/production/_ext/1494288313/KosselKinematics.o
 .debug_aranges
                0x000000a0       0x20 build/default/production/_ext/1494288313/CartesianController.o
 .debug_aranges
                0x000000c0       0x20 build/default/production/_ext/1494288313/delta.o
 .debug_aranges
                0x000000e0       0x20 build/default/production/_ext/519170017/StepperSim.o
 .debug_aranges
                0x00000100       0x20 build/default/production/_ext/519170017/servoCalibration.o
 .debug_aranges
                0x00000120       0x20 build/default/production/_ext/519170017/PID.o
 .debug_aranges
                0x00000140       0x20 build/default/production/_ext/2048476848/UpstreamPackets.o
 .debug_aranges
                0x00000160       0x20 build/default/production/_ext/2048476848/Namespace_bcs_cartesian.o
 .debug_aranges
                0x00000180       0x20 build/default/production/_ext/2048476848/Callbacks.o
 .debug_aranges
                0x000001a0       0x20 build/default/production/_ext/1445274692/main.o
 .debug_aranges
                0x000001c0       0x20 build/default/production/_ext/464348676/Namespace_bcs_rpc.o
 .debug_aranges
                0x000001e0       0x20 build/default/production/_ext/464348676/Bowler_RPC_Process.o
 .debug_aranges
                0x00000200       0x20 build/default/production/_ext/464348676/AbstractPID.o
 .debug_aranges
                0x00000220       0x20 build/default/production/_ext/464348676/Scheduler.o
 .debug_aranges
                0x00000240       0x20 build/default/production/_ext/464348676/Namespace_bcs_core.o
 .debug_aranges
                0x00000260       0x20 build/default/production/_ext/464348676/Bowler_Transport.o
 .debug_aranges
                0x00000280       0x20 build/default/production/_ext/464348676/Bowler_Server.o
 .debug_aranges
                0x000002a0       0x20 build/default/production/_ext/464348676/FIFO.o
 .debug_aranges
                0x000002c0       0x20 build/default/production/_ext/464348676/Debug.o
 .debug_aranges
                0x000002e0       0x20 build/default/production/_ext/464348676/Namespace_bcs_pid.o
 .debug_aranges
                0x00000300       0x20 build/default/production/_ext/464348676/Bowler_Helper.o
 .debug_aranges
                0x00000320       0x20 build/default/production/_ext/1271783508/Bowler_UART_HAL.o
 .debug_aranges
                0x00000340       0x20 build/default/production/_ext/1271783508/Bowler_USB_HAL.o
 .debug_aranges
                0x00000360       0x20 build/default/production/_ext/1271783508/LED.o
 .debug_aranges
                0x00000380       0x20 build/default/production/_ext/1271783508/Tick.o
 .debug_aranges
                0x000003a0       0x20 build/default/production/_ext/1271783508/Delay.o
 .debug_aranges
                0x000003c0       0x20 build/default/production/_ext/1271783508/HAL_P32.o
 .debug_aranges
                0x000003e0       0x20 build/default/production/_ext/1271783508/ADC.o
 .debug_aranges
                0x00000400       0x20 build/default/production/_ext/1271783508/UART.o
 .debug_aranges
                0x00000420       0x20 build/default/production/_ext/1271783508/FlashStorage.o
 .debug_aranges
                0x00000440       0x20 build/default/production/_ext/161057953/usb_device.o
 .debug_aranges
                0x00000460       0x20 build/default/production/_ext/161057953/usb_fifo.o
 .debug_aranges
                0x00000480       0x20 build/default/production/_ext/161057953/usb_descriptors.o
 .debug_aranges
                0x000004a0       0x20 build/default/production/_ext/161057953/usb_callback.o
 .debug_aranges
                0x000004c0       0x20 build/default/production/_ext/161057953/usb_function_cdc.o
 .debug_aranges
                0x000004e0       0x20 /home/opt/microchip/xc32/v1.00/bin/../lib/gcc/pic32mx/4.5.1/libgcc.a(floatunsisf.o)
 .debug_aranges
                0x00000500       0x20 /home/opt/microchip/xc32/v1.00/bin/../lib/gcc/pic32mx/4.5.1/../../../../pic32mx/lib/libc.a(default-bootstrap-exception-handler.o)
 .debug_aranges
                0x00000520       0x20 /home/opt/microchip/xc32/v1.00/bin/../lib/gcc/pic32mx/4.5.1/../../../../pic32mx/lib/libc.a(default-on-reset.o)
 .debug_aranges
                0x00000540       0x20 /home/opt/microchip/xc32/v1.00/bin/../lib/gcc/pic32mx/4.5.1/../../../../pic32mx/lib/libc.a(default-on-bootstrap.o)
 .debug_aranges
                0x00000560       0x20 /home/opt/microchip/xc32/v1.00/bin/../lib/gcc/pic32mx/4.5.1/../../../../pic32mx/lib/libm.a(w_atan2f.o)
 .debug_aranges
                0x00000580       0x20 /home/opt/microchip/xc32/v1.00/bin/../lib/gcc/pic32mx/4.5.1/../../../../pic32mx/lib/libm.a(w_sqrtf.o)
 .debug_aranges
                0x000005a0       0x30 /home/opt/microchip/xc32/v1.00/bin/../lib/gcc/pic32mx/4.5.1/../../../../pic32mx/lib/libm.a(cabs.o)
 .debug_aranges
                0x000005d0       0x78 /home/opt/microchip/xc32/v1.00/bin/../lib/gcc/pic32mx/4.5.1/../../../../pic32mx/lib/libm.a(support.o)
 .debug_aranges
                0x00000648       0x20 /home/opt/microchip/xc32/v1.00/bin/../lib/gcc/pic32mx/4.5.1/../../../../pic32mx/lib/libm.a(w_ldexp.o)
 .debug_aranges
                0x00000668       0x20 /home/opt/microchip/xc32/v1.00/bin/../lib/gcc/pic32mx/4.5.1/../../../../pic32mx/lib/libm.a(w_sqrt.o)
 .debug_aranges
                0x00000688       0x48 /home/opt/microchip/xc32/v1.00/bin/../lib/gcc/pic32mx/4.5.1/../../../../pic32mx/lib/libc.a(isinf.o)
 .debug_aranges
                0x000006d0       0x20 /home/opt/microchip/xc32/v1.00/bin/../lib/gcc/pic32mx/4.5.1/../../../../pic32mx/lib/libe.a(_unorddf2.o)
 .debug_aranges
                0x000006f0       0x28 /home/opt/microchip/xc32/v1.00/bin/../lib/gcc/pic32mx/4.5.1/../../../../pic32mx/lib/libmchp_peripheral_32MX440F128H.a(pcache.o)
 .debug_aranges
                0x00000718       0x20 /home/opt/microchip/xc32/v1.00/bin/../lib/gcc/pic32mx/4.5.1/../../../../pic32mx/lib/libmchp_peripheral_32MX440F128H.a(int_enable_interrupts_lib.o)
 .debug_aranges
                0x00000738       0x20 /home/opt/microchip/xc32/v1.00/bin/../lib/gcc/pic32mx/4.5.1/../../../../pic32mx/lib/libmchp_peripheral_32MX440F128H.a(int_disable_interrupts_lib.o)
 .debug_aranges
                0x00000758       0x20 /home/opt/microchip/xc32/v1.00/bin/../lib/gcc/pic32mx/4.5.1/../../../../pic32mx/lib/libmchp_peripheral_32MX440F128H.a(int_restore_interrupts_lib.o)
 .debug_aranges
                0x00000778       0x20 /home/opt/microchip/xc32/v1.00/bin/../lib/gcc/pic32mx/4.5.1/../../../../pic32mx/lib/libmchp_peripheral_32MX440F128H.a(int_enable_mv_int_lib.o)
 .debug_aranges
                0x00000798       0x60 /home/opt/microchip/xc32/v1.00/bin/../lib/gcc/pic32mx/4.5.1/../../../../pic32mx/lib/libmchp_peripheral_32MX440F128H.a(int_tbl_lib.o)
 .debug_aranges
                0x000007f8       0x28 /home/opt/microchip/xc32/v1.00/bin/../lib/gcc/pic32mx/4.5.1/../../../../pic32mx/lib/libmchp_peripheral_32MX440F128H.a(spi_chn_getc_lib.o)
 .debug_aranges
                0x00000820       0x30 /home/opt/microchip/xc32/v1.00/bin/../lib/gcc/pic32mx/4.5.1/../../../../pic32mx/lib/libmchp_peripheral_32MX440F128H.a(spi_chn_putc_lib.o)
 .debug_aranges
                0x00000850       0x20 /home/opt/microchip/xc32/v1.00/bin/../lib/gcc/pic32mx/4.5.1/../../../../pic32mx/lib/libmchp_peripheral_32MX440F128H.a(spi_open_spi2_lib_legacy.o)
 .debug_aranges
                0x00000870       0x20 /home/opt/microchip/xc32/v1.00/bin/../lib/gcc/pic32mx/4.5.1/../../../../pic32mx/lib/libmchp_peripheral_32MX440F128H.a(nvm_erase_page_lib.o)
 .debug_aranges
                0x00000890       0x20 /home/opt/microchip/xc32/v1.00/bin/../lib/gcc/pic32mx/4.5.1/../../../../pic32mx/lib/libmchp_peripheral_32MX440F128H.a(nvm_operation_lib.o)
 .debug_aranges
                0x000008b0       0x20 /home/opt/microchip/xc32/v1.00/bin/../lib/gcc/pic32mx/4.5.1/../../../../pic32mx/lib/libmchp_peripheral_32MX440F128H.a(nvm_write_word_lib.o)
 .debug_aranges
                0x000008d0       0x20 /home/opt/microchip/xc32/v1.00/bin/../lib/gcc/pic32mx/4.5.1/../../../../pic32mx/lib/libmchp_peripheral_32MX440F128H.a(port_set_pins_digital_out_lib.o)
 .debug_aranges
                0x000008f0       0x20 /home/opt/microchip/xc32/v1.00/bin/../lib/gcc/pic32mx/4.5.1/../../../../pic32mx/lib/libmchp_peripheral_32MX440F128H.a(port_clear_bits_lib.o)
 .debug_aranges
                0x00000910       0x20 /home/opt/microchip/xc32/v1.00/bin/../lib/gcc/pic32mx/4.5.1/../../../../pic32mx/lib/libmchp_peripheral_32MX440F128H.a(port_set_bits_lib.o)
 .debug_aranges
                0x00000930       0x58 /home/opt/microchip/xc32/v1.00/bin/../lib/gcc/pic32mx/4.5.1/../../../../pic32mx/lib/libmchp_peripheral_32MX440F128H.a(uart_lib.o)

.debug_pubnames
                0x00000000     0x290e
 *(.debug_pubnames)
 .debug_pubnames
                0x00000000      0x1bf build/default/production/_ext/263962707/Servo.o
 .debug_pubnames
                0x000001bf       0x2b build/default/production/_ext/263962707/SPIClient.o
 .debug_pubnames
                0x000001ea       0xd9 build/default/production/_ext/263962707/ForgeHeater.o
 .debug_pubnames
                0x000002c3      0x170 build/default/production/_ext/263962707/AS5055.o
 .debug_pubnames
                0x00000433       0x53 build/default/production/_ext/1494288313/KosselKinematics.o
 .debug_pubnames
                0x00000486      0x29a build/default/production/_ext/1494288313/CartesianController.o
 .debug_pubnames
                0x00000720       0xe9 build/default/production/_ext/1494288313/delta.o
 .debug_pubnames
                0x00000809       0x58 build/default/production/_ext/519170017/StepperSim.o
 .debug_pubnames
                0x00000861       0xe6 build/default/production/_ext/519170017/servoCalibration.o
 .debug_pubnames
                0x00000947       0xf9 build/default/production/_ext/519170017/PID.o
 .debug_pubnames
                0x00000a40       0x3c build/default/production/_ext/2048476848/UpstreamPackets.o
 .debug_pubnames
                0x00000a7c       0x4f build/default/production/_ext/2048476848/Namespace_bcs_cartesian.o
 .debug_pubnames
                0x00000acb       0x54 build/default/production/_ext/2048476848/Callbacks.o
 .debug_pubnames
                0x00000b1f       0x96 build/default/production/_ext/1445274692/main.o
 .debug_pubnames
                0x00000bb5       0x3f build/default/production/_ext/464348676/Namespace_bcs_rpc.o
 .debug_pubnames
                0x00000bf4       0x40 build/default/production/_ext/464348676/Bowler_RPC_Process.o
 .debug_pubnames
                0x00000c34      0x375 build/default/production/_ext/464348676/AbstractPID.o
 .debug_pubnames
                0x00000fa9       0x1f build/default/production/_ext/464348676/Scheduler.o
 .debug_pubnames
                0x00000fc8       0xf3 build/default/production/_ext/464348676/Namespace_bcs_core.o
 .debug_pubnames
                0x000010bb       0x9f build/default/production/_ext/464348676/Bowler_Transport.o
 .debug_pubnames
                0x0000115a       0x71 build/default/production/_ext/464348676/Bowler_Server.o
 .debug_pubnames
                0x000011cb      0x154 build/default/production/_ext/464348676/FIFO.o
 .debug_pubnames
                0x0000131f      0x192 build/default/production/_ext/464348676/Debug.o
 .debug_pubnames
                0x000014b1       0x48 build/default/production/_ext/464348676/Namespace_bcs_pid.o
 .debug_pubnames
                0x000014f9       0xf6 build/default/production/_ext/464348676/Bowler_Helper.o
 .debug_pubnames
                0x000015ef       0xe8 build/default/production/_ext/1271783508/Bowler_UART_HAL.o
 .debug_pubnames
                0x000016d7       0x4c build/default/production/_ext/1271783508/Bowler_USB_HAL.o
 .debug_pubnames
                0x00001723       0x50 build/default/production/_ext/1271783508/LED.o
 .debug_pubnames
                0x00001773       0x8d build/default/production/_ext/1271783508/Tick.o
 .debug_pubnames
                0x00001800       0x5d build/default/production/_ext/1271783508/Delay.o
 .debug_pubnames
                0x0000185d       0xf6 build/default/production/_ext/1271783508/HAL_P32.o
 .debug_pubnames
                0x00001953       0x52 build/default/production/_ext/1271783508/ADC.o
 .debug_pubnames
                0x000019a5       0x4e build/default/production/_ext/1271783508/UART.o
 .debug_pubnames
                0x000019f3       0xcd build/default/production/_ext/1271783508/FlashStorage.o
 .debug_pubnames
                0x00001ac0      0x3d5 build/default/production/_ext/161057953/usb_device.o
 .debug_pubnames
                0x00001e95       0xe7 build/default/production/_ext/161057953/usb_fifo.o
 .debug_pubnames
                0x00001f7c       0xc2 build/default/production/_ext/161057953/usb_descriptors.o
 .debug_pubnames
                0x0000203e       0xfc build/default/production/_ext/161057953/usb_callback.o
 .debug_pubnames
                0x0000213a      0x1b1 build/default/production/_ext/161057953/usb_function_cdc.o
 .debug_pubnames
                0x000022eb       0x24 /home/opt/microchip/xc32/v1.00/bin/../lib/gcc/pic32mx/4.5.1/libgcc.a(floatunsisf.o)
 .debug_pubnames
                0x0000230f       0x33 /home/opt/microchip/xc32/v1.00/bin/../lib/gcc/pic32mx/4.5.1/../../../../pic32mx/lib/libc.a(default-bootstrap-exception-handler.o)
 .debug_pubnames
                0x00002342       0x20 /home/opt/microchip/xc32/v1.00/bin/../lib/gcc/pic32mx/4.5.1/../../../../pic32mx/lib/libc.a(default-on-reset.o)
 .debug_pubnames
                0x00002362       0x24 /home/opt/microchip/xc32/v1.00/bin/../lib/gcc/pic32mx/4.5.1/../../../../pic32mx/lib/libc.a(default-on-bootstrap.o)
 .debug_pubnames
                0x00002386       0x1d /home/opt/microchip/xc32/v1.00/bin/../lib/gcc/pic32mx/4.5.1/../../../../pic32mx/lib/libm.a(w_atan2f.o)
 .debug_pubnames
                0x000023a3       0x1c /home/opt/microchip/xc32/v1.00/bin/../lib/gcc/pic32mx/4.5.1/../../../../pic32mx/lib/libm.a(w_sqrtf.o)
 .debug_pubnames
                0x000023bf       0x32 /home/opt/microchip/xc32/v1.00/bin/../lib/gcc/pic32mx/4.5.1/../../../../pic32mx/lib/libm.a(cabs.o)
 .debug_pubnames
                0x000023f1       0x98 /home/opt/microchip/xc32/v1.00/bin/../lib/gcc/pic32mx/4.5.1/../../../../pic32mx/lib/libm.a(support.o)
 .debug_pubnames
                0x00002489       0x1c /home/opt/microchip/xc32/v1.00/bin/../lib/gcc/pic32mx/4.5.1/../../../../pic32mx/lib/libm.a(w_ldexp.o)
 .debug_pubnames
                0x000024a5       0x1b /home/opt/microchip/xc32/v1.00/bin/../lib/gcc/pic32mx/4.5.1/../../../../pic32mx/lib/libm.a(w_sqrt.o)
 .debug_pubnames
                0x000024c0       0x52 /home/opt/microchip/xc32/v1.00/bin/../lib/gcc/pic32mx/4.5.1/../../../../pic32mx/lib/libc.a(isinf.o)
 .debug_pubnames
                0x00002512       0x21 /home/opt/microchip/xc32/v1.00/bin/../lib/gcc/pic32mx/4.5.1/../../../../pic32mx/lib/libe.a(_unorddf2.o)
 .debug_pubnames
                0x00002533       0x3b /home/opt/microchip/xc32/v1.00/bin/../lib/gcc/pic32mx/4.5.1/../../../../pic32mx/lib/libmchp_peripheral_32MX440F128H.a(pcache.o)
 .debug_pubnames
                0x0000256e       0x2a /home/opt/microchip/xc32/v1.00/bin/../lib/gcc/pic32mx/4.5.1/../../../../pic32mx/lib/libmchp_peripheral_32MX440F128H.a(int_enable_interrupts_lib.o)
 .debug_pubnames
                0x00002598       0x2b /home/opt/microchip/xc32/v1.00/bin/../lib/gcc/pic32mx/4.5.1/../../../../pic32mx/lib/libmchp_peripheral_32MX440F128H.a(int_disable_interrupts_lib.o)
 .debug_pubnames
                0x000025c3       0x2b /home/opt/microchip/xc32/v1.00/bin/../lib/gcc/pic32mx/4.5.1/../../../../pic32mx/lib/libmchp_peripheral_32MX440F128H.a(int_restore_interrupts_lib.o)
 .debug_pubnames
                0x000025ee       0x36 /home/opt/microchip/xc32/v1.00/bin/../lib/gcc/pic32mx/4.5.1/../../../../pic32mx/lib/libmchp_peripheral_32MX440F128H.a(int_enable_mv_int_lib.o)
 .debug_pubnames
                0x00002624       0xca /home/opt/microchip/xc32/v1.00/bin/../lib/gcc/pic32mx/4.5.1/../../../../pic32mx/lib/libmchp_peripheral_32MX440F128H.a(int_tbl_lib.o)
 .debug_pubnames
                0x000026ee       0x31 /home/opt/microchip/xc32/v1.00/bin/../lib/gcc/pic32mx/4.5.1/../../../../pic32mx/lib/libmchp_peripheral_32MX440F128H.a(spi_chn_getc_lib.o)
 .debug_pubnames
                0x0000271f       0x43 /home/opt/microchip/xc32/v1.00/bin/../lib/gcc/pic32mx/4.5.1/../../../../pic32mx/lib/libmchp_peripheral_32MX440F128H.a(spi_chn_putc_lib.o)
 .debug_pubnames
                0x00002762       0x1f /home/opt/microchip/xc32/v1.00/bin/../lib/gcc/pic32mx/4.5.1/../../../../pic32mx/lib/libmchp_peripheral_32MX440F128H.a(spi_open_spi2_lib_legacy.o)
 .debug_pubnames
                0x00002781       0x23 /home/opt/microchip/xc32/v1.00/bin/../lib/gcc/pic32mx/4.5.1/../../../../pic32mx/lib/libmchp_peripheral_32MX440F128H.a(nvm_erase_page_lib.o)
 .debug_pubnames
                0x000027a4       0x24 /home/opt/microchip/xc32/v1.00/bin/../lib/gcc/pic32mx/4.5.1/../../../../pic32mx/lib/libmchp_peripheral_32MX440F128H.a(nvm_operation_lib.o)
 .debug_pubnames
                0x000027c8       0x23 /home/opt/microchip/xc32/v1.00/bin/../lib/gcc/pic32mx/4.5.1/../../../../pic32mx/lib/libmchp_peripheral_32MX440F128H.a(nvm_write_word_lib.o)
 .debug_pubnames
                0x000027eb       0x2c /home/opt/microchip/xc32/v1.00/bin/../lib/gcc/pic32mx/4.5.1/../../../../pic32mx/lib/libmchp_peripheral_32MX440F128H.a(port_set_pins_digital_out_lib.o)
 .debug_pubnames
                0x00002817       0x24 /home/opt/microchip/xc32/v1.00/bin/../lib/gcc/pic32mx/4.5.1/../../../../pic32mx/lib/libmchp_peripheral_32MX440F128H.a(port_clear_bits_lib.o)
 .debug_pubnames
                0x0000283b       0x22 /home/opt/microchip/xc32/v1.00/bin/../lib/gcc/pic32mx/4.5.1/../../../../pic32mx/lib/libmchp_peripheral_32MX440F128H.a(port_set_bits_lib.o)
 .debug_pubnames
                0x0000285d       0xb1 /home/opt/microchip/xc32/v1.00/bin/../lib/gcc/pic32mx/4.5.1/../../../../pic32mx/lib/libmchp_peripheral_32MX440F128H.a(uart_lib.o)

.debug_info     0x00000000    0x428f4
 *(.debug_info .gnu.linkonce.wi.*)
 .debug_info    0x00000000     0x1c8e build/default/production/_ext/263962707/Servo.o
 .debug_info    0x00001c8e      0xfd4 build/default/production/_ext/263962707/SPIClient.o
 .debug_info    0x00002c62     0x1972 build/default/production/_ext/263962707/ForgeHeater.o
 .debug_info    0x000045d4     0x246c build/default/production/_ext/263962707/AS5055.o
 .debug_info    0x00006a40      0x536 build/default/production/_ext/1494288313/KosselKinematics.o
 .debug_info    0x00006f76     0x2126 build/default/production/_ext/1494288313/CartesianController.o
 .debug_info    0x0000909c      0xf69 build/default/production/_ext/1494288313/DeltaKinematics.o
 .debug_info    0x0000a005     0x170f build/default/production/_ext/1494288313/delta.o
 .debug_info    0x0000b714      0xf60 build/default/production/_ext/519170017/MotionTest.o
 .debug_info    0x0000c674     0x1546 build/default/production/_ext/519170017/StepperSim.o
 .debug_info    0x0000dbba     0x1699 build/default/production/_ext/519170017/servoCalibration.o
 .debug_info    0x0000f253     0x1b62 build/default/production/_ext/519170017/PID.o
 .debug_info    0x00010db5     0x15df build/default/production/_ext/2048476848/UpstreamPackets.o
 .debug_info    0x00012394     0x173f build/default/production/_ext/2048476848/Namespace_bcs_cartesian.o
 .debug_info    0x00013ad3     0x157b build/default/production/_ext/2048476848/Callbacks.o
 .debug_info    0x0001504e     0x20f0 build/default/production/_ext/1445274692/main.o
 .debug_info    0x0001713e     0x184b build/default/production/_ext/464348676/Namespace_bcs_rpc.o
 .debug_info    0x00018989     0x174d build/default/production/_ext/464348676/Bowler_RPC_Process.o
 .debug_info    0x0001a0d6     0x177f build/default/production/_ext/464348676/AbstractPID.o
 .debug_info    0x0001b855     0x103f build/default/production/_ext/464348676/Scheduler.o
 .debug_info    0x0001c894     0x1a00 build/default/production/_ext/464348676/Namespace_bcs_core.o
 .debug_info    0x0001e294     0x1548 build/default/production/_ext/464348676/Bowler_Transport.o
 .debug_info    0x0001f7dc     0x1835 build/default/production/_ext/464348676/Bowler_Server.o
 .debug_info    0x00021011     0x1813 build/default/production/_ext/464348676/FIFO.o
 .debug_info    0x00022824     0x1cef build/default/production/_ext/464348676/Debug.o
 .debug_info    0x00024513      0xfa4 build/default/production/_ext/464348676/Bowler_Stack_Callback.o
 .debug_info    0x000254b7     0x17dd build/default/production/_ext/464348676/Namespace_bcs_pid.o
 .debug_info    0x00026c94     0x1702 build/default/production/_ext/464348676/Bowler_Helper.o
 .debug_info    0x00028396     0x2588 build/default/production/_ext/1271783508/Bowler_UART_HAL.o
 .debug_info    0x0002a91e     0x1096 build/default/production/_ext/1271783508/Bowler_USB_HAL.o
 .debug_info    0x0002b9b4     0x11ab build/default/production/_ext/1271783508/LED.o
 .debug_info    0x0002cb5f     0x149e build/default/production/_ext/1271783508/Tick.o
 .debug_info    0x0002dffd     0x10b6 build/default/production/_ext/1271783508/Delay.o
 .debug_info    0x0002f0b3     0x195f build/default/production/_ext/1271783508/HAL_P32.o
 .debug_info    0x00030a12     0x1bb6 build/default/production/_ext/1271783508/ADC.o
 .debug_info    0x000325c8     0x16f9 build/default/production/_ext/1271783508/UART.o
 .debug_info    0x00033cc1     0x1636 build/default/production/_ext/1271783508/FlashStorage.o
 .debug_info    0x000352f7      0xfa3 build/default/production/_ext/161057953/usb_interrupt.o
 .debug_info    0x0003629a     0x366f build/default/production/_ext/161057953/usb_device.o
 .debug_info    0x00039909     0x1b1f build/default/production/_ext/161057953/usb_fifo.o
 .debug_info    0x0003b428     0x16cb build/default/production/_ext/161057953/usb_descriptors.o
 .debug_info    0x0003caf3     0x1c8f build/default/production/_ext/161057953/usb_callback.o
 .debug_info    0x0003e782     0x2933 build/default/production/_ext/161057953/usb_function_cdc.o
 .debug_info    0x000410b5      0x146 /home/opt/microchip/xc32/v1.00/bin/../lib/gcc/pic32mx/4.5.1/libgcc.a(floatunsisf.o)
 .debug_info    0x000411fb       0xcb /home/opt/microchip/xc32/v1.00/bin/../lib/gcc/pic32mx/4.5.1/../../../../pic32mx/lib/libc.a(default-bootstrap-exception-handler.o)
 .debug_info    0x000412c6       0xa5 /home/opt/microchip/xc32/v1.00/bin/../lib/gcc/pic32mx/4.5.1/../../../../pic32mx/lib/libc.a(default-on-reset.o)
 .debug_info    0x0004136b       0xad /home/opt/microchip/xc32/v1.00/bin/../lib/gcc/pic32mx/4.5.1/../../../../pic32mx/lib/libc.a(default-on-bootstrap.o)
 .debug_info    0x00041418       0xb7 /home/opt/microchip/xc32/v1.00/bin/../lib/gcc/pic32mx/4.5.1/../../../../pic32mx/lib/libm.a(w_atan2f.o)
 .debug_info    0x000414cf       0x99 /home/opt/microchip/xc32/v1.00/bin/../lib/gcc/pic32mx/4.5.1/../../../../pic32mx/lib/libm.a(w_sqrtf.o)
 .debug_info    0x00041568        0x0 /home/opt/microchip/xc32/v1.00/bin/../lib/gcc/pic32mx/4.5.1/../../../../pic32mx/lib/libm.a(s_lib_ver.o)
 .debug_info    0x00041568       0xcf /home/opt/microchip/xc32/v1.00/bin/../lib/gcc/pic32mx/4.5.1/../../../../pic32mx/lib/libm.a(cabs.o)
 .debug_info    0x00041637      0x18f /home/opt/microchip/xc32/v1.00/bin/../lib/gcc/pic32mx/4.5.1/../../../../pic32mx/lib/libm.a(support.o)
 .debug_info    0x000417c6       0xa0 /home/opt/microchip/xc32/v1.00/bin/../lib/gcc/pic32mx/4.5.1/../../../../pic32mx/lib/libm.a(w_ldexp.o)
 .debug_info    0x00041866       0x97 /home/opt/microchip/xc32/v1.00/bin/../lib/gcc/pic32mx/4.5.1/../../../../pic32mx/lib/libm.a(w_sqrt.o)
 .debug_info    0x000418fd        0x0 /home/opt/microchip/xc32/v1.00/bin/../lib/gcc/pic32mx/4.5.1/../../../../pic32mx/lib/libc.a(errno.o)
 .debug_info    0x000418fd       0xfc /home/opt/microchip/xc32/v1.00/bin/../lib/gcc/pic32mx/4.5.1/../../../../pic32mx/lib/libc.a(isinf.o)
 .debug_info    0x000419f9       0xaa /home/opt/microchip/xc32/v1.00/bin/../lib/gcc/pic32mx/4.5.1/../../../../pic32mx/lib/libe.a(_unorddf2.o)
 .debug_info    0x00041aa3       0xd4 /home/opt/microchip/xc32/v1.00/bin/../lib/gcc/pic32mx/4.5.1/../../../../pic32mx/lib/libmchp_peripheral_32MX440F128H.a(pcache.o)
 .debug_info    0x00041b77       0xc9 /home/opt/microchip/xc32/v1.00/bin/../lib/gcc/pic32mx/4.5.1/../../../../pic32mx/lib/libmchp_peripheral_32MX440F128H.a(int_enable_interrupts_lib.o)
 .debug_info    0x00041c40       0xcb /home/opt/microchip/xc32/v1.00/bin/../lib/gcc/pic32mx/4.5.1/../../../../pic32mx/lib/libmchp_peripheral_32MX440F128H.a(int_disable_interrupts_lib.o)
 .debug_info    0x00041d0b       0xcb /home/opt/microchip/xc32/v1.00/bin/../lib/gcc/pic32mx/4.5.1/../../../../pic32mx/lib/libmchp_peripheral_32MX440F128H.a(int_restore_interrupts_lib.o)
 .debug_info    0x00041dd6       0xd1 /home/opt/microchip/xc32/v1.00/bin/../lib/gcc/pic32mx/4.5.1/../../../../pic32mx/lib/libmchp_peripheral_32MX440F128H.a(int_enable_mv_int_lib.o)
 .debug_info    0x00041ea7      0x1ab /home/opt/microchip/xc32/v1.00/bin/../lib/gcc/pic32mx/4.5.1/../../../../pic32mx/lib/libmchp_peripheral_32MX440F128H.a(int_tbl_lib.o)
 .debug_info    0x00042052       0xd1 /home/opt/microchip/xc32/v1.00/bin/../lib/gcc/pic32mx/4.5.1/../../../../pic32mx/lib/libmchp_peripheral_32MX440F128H.a(spi_chn_getc_lib.o)
 .debug_info    0x00042123       0xed /home/opt/microchip/xc32/v1.00/bin/../lib/gcc/pic32mx/4.5.1/../../../../pic32mx/lib/libmchp_peripheral_32MX440F128H.a(spi_chn_putc_lib.o)
 .debug_info    0x00042210        0x0 /home/opt/microchip/xc32/v1.00/bin/../lib/gcc/pic32mx/4.5.1/../../../../pic32mx/lib/libmchp_peripheral_32MX440F128H.a(spi_map_tbl_libp.o)
 .debug_info    0x00042210       0xbd /home/opt/microchip/xc32/v1.00/bin/../lib/gcc/pic32mx/4.5.1/../../../../pic32mx/lib/libmchp_peripheral_32MX440F128H.a(spi_open_spi2_lib_legacy.o)
 .debug_info    0x000422cd        0x0 /home/opt/microchip/xc32/v1.00/bin/../lib/gcc/pic32mx/4.5.1/../../../../pic32mx/lib/libmchp_peripheral_32MX440F128H.a(spi_brg_tbl_lib_legacy.o)
 .debug_info    0x000422cd       0xbb /home/opt/microchip/xc32/v1.00/bin/../lib/gcc/pic32mx/4.5.1/../../../../pic32mx/lib/libmchp_peripheral_32MX440F128H.a(nvm_erase_page_lib.o)
 .debug_info    0x00042388       0xdc /home/opt/microchip/xc32/v1.00/bin/../lib/gcc/pic32mx/4.5.1/../../../../pic32mx/lib/libmchp_peripheral_32MX440F128H.a(nvm_operation_lib.o)
 .debug_info    0x00042464       0xbb /home/opt/microchip/xc32/v1.00/bin/../lib/gcc/pic32mx/4.5.1/../../../../pic32mx/lib/libmchp_peripheral_32MX440F128H.a(nvm_write_word_lib.o)
 .debug_info    0x0004251f       0xd1 /home/opt/microchip/xc32/v1.00/bin/../lib/gcc/pic32mx/4.5.1/../../../../pic32mx/lib/libmchp_peripheral_32MX440F128H.a(port_set_pins_digital_out_lib.o)
 .debug_info    0x000425f0       0xbf /home/opt/microchip/xc32/v1.00/bin/../lib/gcc/pic32mx/4.5.1/../../../../pic32mx/lib/libmchp_peripheral_32MX440F128H.a(port_clear_bits_lib.o)
 .debug_info    0x000426af       0xbb /home/opt/microchip/xc32/v1.00/bin/../lib/gcc/pic32mx/4.5.1/../../../../pic32mx/lib/libmchp_peripheral_32MX440F128H.a(port_set_bits_lib.o)
 .debug_info    0x0004276a        0x0 /home/opt/microchip/xc32/v1.00/bin/../lib/gcc/pic32mx/4.5.1/../../../../pic32mx/lib/libmchp_peripheral_32MX440F128H.a(_ports_tbl_libp.o)
 .debug_info    0x0004276a      0x18a /home/opt/microchip/xc32/v1.00/bin/../lib/gcc/pic32mx/4.5.1/../../../../pic32mx/lib/libmchp_peripheral_32MX440F128H.a(uart_lib.o)

.debug_abbrev   0x00000000     0x636c
 *(.debug_abbrev)
 .debug_abbrev  0x00000000      0x302 build/default/production/_ext/263962707/Servo.o
 .debug_abbrev  0x00000302      0x19d build/default/production/_ext/263962707/SPIClient.o
 .debug_abbrev  0x0000049f      0x217 build/default/production/_ext/263962707/ForgeHeater.o
 .debug_abbrev  0x000006b6      0x292 build/default/production/_ext/263962707/AS5055.o
 .debug_abbrev  0x00000948       0x93 build/default/production/_ext/1494288313/KosselKinematics.o
 .debug_abbrev  0x000009db      0x35d build/default/production/_ext/1494288313/CartesianController.o
 .debug_abbrev  0x00000d38      0x166 build/default/production/_ext/1494288313/DeltaKinematics.o
 .debug_abbrev  0x00000e9e      0x1ee build/default/production/_ext/1494288313/delta.o
 .debug_abbrev  0x0000108c      0x166 build/default/production/_ext/519170017/MotionTest.o
 .debug_abbrev  0x000011f2      0x1ca build/default/production/_ext/519170017/StepperSim.o
 .debug_abbrev  0x000013bc      0x250 build/default/production/_ext/519170017/servoCalibration.o
 .debug_abbrev  0x0000160c      0x2aa build/default/production/_ext/519170017/PID.o
 .debug_abbrev  0x000018b6      0x219 build/default/production/_ext/2048476848/UpstreamPackets.o
 .debug_abbrev  0x00001acf      0x258 build/default/production/_ext/2048476848/Namespace_bcs_cartesian.o
 .debug_abbrev  0x00001d27      0x242 build/default/production/_ext/2048476848/Callbacks.o
 .debug_abbrev  0x00001f69      0x382 build/default/production/_ext/1445274692/main.o
 .debug_abbrev  0x000022eb      0x251 build/default/production/_ext/464348676/Namespace_bcs_rpc.o
 .debug_abbrev  0x0000253c      0x256 build/default/production/_ext/464348676/Bowler_RPC_Process.o
 .debug_abbrev  0x00002792      0x282 build/default/production/_ext/464348676/AbstractPID.o
 .debug_abbrev  0x00002a14      0x1ac build/default/production/_ext/464348676/Scheduler.o
 .debug_abbrev  0x00002bc0      0x2a8 build/default/production/_ext/464348676/Namespace_bcs_core.o
 .debug_abbrev  0x00002e68      0x244 build/default/production/_ext/464348676/Bowler_Transport.o
 .debug_abbrev  0x000030ac      0x28b build/default/production/_ext/464348676/Bowler_Server.o
 .debug_abbrev  0x00003337      0x24c build/default/production/_ext/464348676/FIFO.o
 .debug_abbrev  0x00003583      0x2b0 build/default/production/_ext/464348676/Debug.o
 .debug_abbrev  0x00003833      0x166 build/default/production/_ext/464348676/Bowler_Stack_Callback.o
 .debug_abbrev  0x00003999      0x242 build/default/production/_ext/464348676/Namespace_bcs_pid.o
 .debug_abbrev  0x00003bdb      0x23d build/default/production/_ext/464348676/Bowler_Helper.o
 .debug_abbrev  0x00003e18      0x279 build/default/production/_ext/1271783508/Bowler_UART_HAL.o
 .debug_abbrev  0x00004091      0x1d4 build/default/production/_ext/1271783508/Bowler_USB_HAL.o
 .debug_abbrev  0x00004265      0x1b7 build/default/production/_ext/1271783508/LED.o
 .debug_abbrev  0x0000441c      0x20b build/default/production/_ext/1271783508/Tick.o
 .debug_abbrev  0x00004627      0x1b0 build/default/production/_ext/1271783508/Delay.o
 .debug_abbrev  0x000047d7      0x2b6 build/default/production/_ext/1271783508/HAL_P32.o
 .debug_abbrev  0x00004a8d      0x1db build/default/production/_ext/1271783508/ADC.o
 .debug_abbrev  0x00004c68      0x231 build/default/production/_ext/1271783508/UART.o
 .debug_abbrev  0x00004e99      0x20f build/default/production/_ext/1271783508/FlashStorage.o
 .debug_abbrev  0x000050a8      0x166 build/default/production/_ext/161057953/usb_interrupt.o
 .debug_abbrev  0x0000520e      0x2c0 build/default/production/_ext/161057953/usb_device.o
 .debug_abbrev  0x000054ce      0x289 build/default/production/_ext/161057953/usb_fifo.o
 .debug_abbrev  0x00005757      0x209 build/default/production/_ext/161057953/usb_descriptors.o
 .debug_abbrev  0x00005960      0x23e build/default/production/_ext/161057953/usb_callback.o
 .debug_abbrev  0x00005b9e      0x2e3 build/default/production/_ext/161057953/usb_function_cdc.o
 .debug_abbrev  0x00005e81       0x61 /home/opt/microchip/xc32/v1.00/bin/../lib/gcc/pic32mx/4.5.1/libgcc.a(floatunsisf.o)
 .debug_abbrev  0x00005ee2       0x25 /home/opt/microchip/xc32/v1.00/bin/../lib/gcc/pic32mx/4.5.1/../../../../pic32mx/lib/libc.a(default-bootstrap-exception-handler.o)
 .debug_abbrev  0x00005f07       0x25 /home/opt/microchip/xc32/v1.00/bin/../lib/gcc/pic32mx/4.5.1/../../../../pic32mx/lib/libc.a(default-on-reset.o)
 .debug_abbrev  0x00005f2c       0x25 /home/opt/microchip/xc32/v1.00/bin/../lib/gcc/pic32mx/4.5.1/../../../../pic32mx/lib/libc.a(default-on-bootstrap.o)
 .debug_abbrev  0x00005f51       0x41 /home/opt/microchip/xc32/v1.00/bin/../lib/gcc/pic32mx/4.5.1/../../../../pic32mx/lib/libm.a(w_atan2f.o)
 .debug_abbrev  0x00005f92       0x25 /home/opt/microchip/xc32/v1.00/bin/../lib/gcc/pic32mx/4.5.1/../../../../pic32mx/lib/libm.a(w_sqrtf.o)
 .debug_abbrev  0x00005fb7        0x1 /home/opt/microchip/xc32/v1.00/bin/../lib/gcc/pic32mx/4.5.1/../../../../pic32mx/lib/libm.a(s_lib_ver.o)
 .debug_abbrev  0x00005fb8       0x49 /home/opt/microchip/xc32/v1.00/bin/../lib/gcc/pic32mx/4.5.1/../../../../pic32mx/lib/libm.a(cabs.o)
 .debug_abbrev  0x00006001       0x54 /home/opt/microchip/xc32/v1.00/bin/../lib/gcc/pic32mx/4.5.1/../../../../pic32mx/lib/libm.a(support.o)
 .debug_abbrev  0x00006055       0x25 /home/opt/microchip/xc32/v1.00/bin/../lib/gcc/pic32mx/4.5.1/../../../../pic32mx/lib/libm.a(w_ldexp.o)
 .debug_abbrev  0x0000607a       0x25 /home/opt/microchip/xc32/v1.00/bin/../lib/gcc/pic32mx/4.5.1/../../../../pic32mx/lib/libm.a(w_sqrt.o)
 .debug_abbrev  0x0000609f        0x1 /home/opt/microchip/xc32/v1.00/bin/../lib/gcc/pic32mx/4.5.1/../../../../pic32mx/lib/libc.a(errno.o)
 .debug_abbrev  0x000060a0       0x25 /home/opt/microchip/xc32/v1.00/bin/../lib/gcc/pic32mx/4.5.1/../../../../pic32mx/lib/libc.a(isinf.o)
 .debug_abbrev  0x000060c5       0x32 /home/opt/microchip/xc32/v1.00/bin/../lib/gcc/pic32mx/4.5.1/../../../../pic32mx/lib/libe.a(_unorddf2.o)
 .debug_abbrev  0x000060f7       0x25 /home/opt/microchip/xc32/v1.00/bin/../lib/gcc/pic32mx/4.5.1/../../../../pic32mx/lib/libmchp_peripheral_32MX440F128H.a(pcache.o)
 .debug_abbrev  0x0000611c       0x25 /home/opt/microchip/xc32/v1.00/bin/../lib/gcc/pic32mx/4.5.1/../../../../pic32mx/lib/libmchp_peripheral_32MX440F128H.a(int_enable_interrupts_lib.o)
 .debug_abbrev  0x00006141       0x25 /home/opt/microchip/xc32/v1.00/bin/../lib/gcc/pic32mx/4.5.1/../../../../pic32mx/lib/libmchp_peripheral_32MX440F128H.a(int_disable_interrupts_lib.o)
 .debug_abbrev  0x00006166       0x25 /home/opt/microchip/xc32/v1.00/bin/../lib/gcc/pic32mx/4.5.1/../../../../pic32mx/lib/libmchp_peripheral_32MX440F128H.a(int_restore_interrupts_lib.o)
 .debug_abbrev  0x0000618b       0x25 /home/opt/microchip/xc32/v1.00/bin/../lib/gcc/pic32mx/4.5.1/../../../../pic32mx/lib/libmchp_peripheral_32MX440F128H.a(int_enable_mv_int_lib.o)
 .debug_abbrev  0x000061b0       0x25 /home/opt/microchip/xc32/v1.00/bin/../lib/gcc/pic32mx/4.5.1/../../../../pic32mx/lib/libmchp_peripheral_32MX440F128H.a(int_tbl_lib.o)
 .debug_abbrev  0x000061d5       0x25 /home/opt/microchip/xc32/v1.00/bin/../lib/gcc/pic32mx/4.5.1/../../../../pic32mx/lib/libmchp_peripheral_32MX440F128H.a(spi_chn_getc_lib.o)
 .debug_abbrev  0x000061fa       0x25 /home/opt/microchip/xc32/v1.00/bin/../lib/gcc/pic32mx/4.5.1/../../../../pic32mx/lib/libmchp_peripheral_32MX440F128H.a(spi_chn_putc_lib.o)
 .debug_abbrev  0x0000621f        0x1 /home/opt/microchip/xc32/v1.00/bin/../lib/gcc/pic32mx/4.5.1/../../../../pic32mx/lib/libmchp_peripheral_32MX440F128H.a(spi_map_tbl_libp.o)
 .debug_abbrev  0x00006220       0x25 /home/opt/microchip/xc32/v1.00/bin/../lib/gcc/pic32mx/4.5.1/../../../../pic32mx/lib/libmchp_peripheral_32MX440F128H.a(spi_open_spi2_lib_legacy.o)
 .debug_abbrev  0x00006245        0x1 /home/opt/microchip/xc32/v1.00/bin/../lib/gcc/pic32mx/4.5.1/../../../../pic32mx/lib/libmchp_peripheral_32MX440F128H.a(spi_brg_tbl_lib_legacy.o)
 .debug_abbrev  0x00006246       0x25 /home/opt/microchip/xc32/v1.00/bin/../lib/gcc/pic32mx/4.5.1/../../../../pic32mx/lib/libmchp_peripheral_32MX440F128H.a(nvm_erase_page_lib.o)
 .debug_abbrev  0x0000626b       0x34 /home/opt/microchip/xc32/v1.00/bin/../lib/gcc/pic32mx/4.5.1/../../../../pic32mx/lib/libmchp_peripheral_32MX440F128H.a(nvm_operation_lib.o)
 .debug_abbrev  0x0000629f       0x25 /home/opt/microchip/xc32/v1.00/bin/../lib/gcc/pic32mx/4.5.1/../../../../pic32mx/lib/libmchp_peripheral_32MX440F128H.a(nvm_write_word_lib.o)
 .debug_abbrev  0x000062c4       0x25 /home/opt/microchip/xc32/v1.00/bin/../lib/gcc/pic32mx/4.5.1/../../../../pic32mx/lib/libmchp_peripheral_32MX440F128H.a(port_set_pins_digital_out_lib.o)
 .debug_abbrev  0x000062e9       0x25 /home/opt/microchip/xc32/v1.00/bin/../lib/gcc/pic32mx/4.5.1/../../../../pic32mx/lib/libmchp_peripheral_32MX440F128H.a(port_clear_bits_lib.o)
 .debug_abbrev  0x0000630e       0x25 /home/opt/microchip/xc32/v1.00/bin/../lib/gcc/pic32mx/4.5.1/../../../../pic32mx/lib/libmchp_peripheral_32MX440F128H.a(port_set_bits_lib.o)
 .debug_abbrev  0x00006333        0x1 /home/opt/microchip/xc32/v1.00/bin/../lib/gcc/pic32mx/4.5.1/../../../../pic32mx/lib/libmchp_peripheral_32MX440F128H.a(_ports_tbl_libp.o)
 .debug_abbrev  0x00006334       0x38 /home/opt/microchip/xc32/v1.00/bin/../lib/gcc/pic32mx/4.5.1/../../../../pic32mx/lib/libmchp_peripheral_32MX440F128H.a(uart_lib.o)

.debug_line     0x00000000     0x84ae
 *(.debug_line)
 .debug_line    0x00000000      0x350 build/default/production/_ext/263962707/Servo.o
 .debug_line    0x00000350      0x162 build/default/production/_ext/263962707/SPIClient.o
 .debug_line    0x000004b2      0x292 build/default/production/_ext/263962707/ForgeHeater.o
 .debug_line    0x00000744      0x34c build/default/production/_ext/263962707/AS5055.o
 .debug_line    0x00000a90      0x134 build/default/production/_ext/1494288313/KosselKinematics.o
 .debug_line    0x00000bc4      0x482 build/default/production/_ext/1494288313/CartesianController.o
 .debug_line    0x00001046      0x128 build/default/production/_ext/1494288313/DeltaKinematics.o
 .debug_line    0x0000116e      0x26d build/default/production/_ext/1494288313/delta.o
 .debug_line    0x000013db      0x128 build/default/production/_ext/519170017/MotionTest.o
 .debug_line    0x00001503      0x1e1 build/default/production/_ext/519170017/StepperSim.o
 .debug_line    0x000016e4      0x2d4 build/default/production/_ext/519170017/servoCalibration.o
 .debug_line    0x000019b8      0x2f4 build/default/production/_ext/519170017/PID.o
 .debug_line    0x00001cac      0x297 build/default/production/_ext/2048476848/UpstreamPackets.o
 .debug_line    0x00001f43      0x24a build/default/production/_ext/2048476848/Namespace_bcs_cartesian.o
 .debug_line    0x0000218d      0x25c build/default/production/_ext/2048476848/Callbacks.o
 .debug_line    0x000023e9      0x3c4 build/default/production/_ext/1445274692/main.o
 .debug_line    0x000027ad      0x2c1 build/default/production/_ext/464348676/Namespace_bcs_rpc.o
 .debug_line    0x00002a6e      0x2a4 build/default/production/_ext/464348676/Bowler_RPC_Process.o
 .debug_line    0x00002d12      0x4e4 build/default/production/_ext/464348676/AbstractPID.o
 .debug_line    0x000031f6      0x1eb build/default/production/_ext/464348676/Scheduler.o
 .debug_line    0x000033e1      0x32c build/default/production/_ext/464348676/Namespace_bcs_core.o
 .debug_line    0x0000370d      0x28c build/default/production/_ext/464348676/Bowler_Transport.o
 .debug_line    0x00003999      0x2b5 build/default/production/_ext/464348676/Bowler_Server.o
 .debug_line    0x00003c4e      0x2e4 build/default/production/_ext/464348676/FIFO.o
 .debug_line    0x00003f32      0x3e0 build/default/production/_ext/464348676/Debug.o
 .debug_line    0x00004312      0x15c build/default/production/_ext/464348676/Bowler_Stack_Callback.o
 .debug_line    0x0000446e      0x281 build/default/production/_ext/464348676/Namespace_bcs_pid.o
 .debug_line    0x000046ef      0x29e build/default/production/_ext/464348676/Bowler_Helper.o
 .debug_line    0x0000498d      0x337 build/default/production/_ext/1271783508/Bowler_UART_HAL.o
 .debug_line    0x00004cc4      0x246 build/default/production/_ext/1271783508/Bowler_USB_HAL.o
 .debug_line    0x00004f0a      0x258 build/default/production/_ext/1271783508/LED.o
 .debug_line    0x00005162      0x2d1 build/default/production/_ext/1271783508/Tick.o
 .debug_line    0x00005433      0x251 build/default/production/_ext/1271783508/Delay.o
 .debug_line    0x00005684      0x3b7 build/default/production/_ext/1271783508/HAL_P32.o
 .debug_line    0x00005a3b      0x28a build/default/production/_ext/1271783508/ADC.o
 .debug_line    0x00005cc5      0x28c build/default/production/_ext/1271783508/UART.o
 .debug_line    0x00005f51      0x339 build/default/production/_ext/1271783508/FlashStorage.o
 .debug_line    0x0000628a      0x15c build/default/production/_ext/161057953/usb_interrupt.o
 .debug_line    0x000063e6      0x6c5 build/default/production/_ext/161057953/usb_device.o
 .debug_line    0x00006aab      0x3a8 build/default/production/_ext/161057953/usb_fifo.o
 .debug_line    0x00006e53      0x2e8 build/default/production/_ext/161057953/usb_descriptors.o
 .debug_line    0x0000713b      0x329 build/default/production/_ext/161057953/usb_callback.o
 .debug_line    0x00007464      0x3dd build/default/production/_ext/161057953/usb_function_cdc.o
 .debug_line    0x00007841       0x6d /home/opt/microchip/xc32/v1.00/bin/../lib/gcc/pic32mx/4.5.1/libgcc.a(floatunsisf.o)
 .debug_line    0x000078ae       0x89 /home/opt/microchip/xc32/v1.00/bin/../lib/gcc/pic32mx/4.5.1/../../../../pic32mx/lib/libc.a(default-bootstrap-exception-handler.o)
 .debug_line    0x00007937       0x76 /home/opt/microchip/xc32/v1.00/bin/../lib/gcc/pic32mx/4.5.1/../../../../pic32mx/lib/libc.a(default-on-reset.o)
 .debug_line    0x000079ad       0x7a /home/opt/microchip/xc32/v1.00/bin/../lib/gcc/pic32mx/4.5.1/../../../../pic32mx/lib/libc.a(default-on-bootstrap.o)
 .debug_line    0x00007a27       0x6f /home/opt/microchip/xc32/v1.00/bin/../lib/gcc/pic32mx/4.5.1/../../../../pic32mx/lib/libm.a(w_atan2f.o)
 .debug_line    0x00007a96       0x6e /home/opt/microchip/xc32/v1.00/bin/../lib/gcc/pic32mx/4.5.1/../../../../pic32mx/lib/libm.a(w_sqrtf.o)
 .debug_line    0x00007b04        0x0 /home/opt/microchip/xc32/v1.00/bin/../lib/gcc/pic32mx/4.5.1/../../../../pic32mx/lib/libm.a(s_lib_ver.o)
 .debug_line    0x00007b04       0x69 /home/opt/microchip/xc32/v1.00/bin/../lib/gcc/pic32mx/4.5.1/../../../../pic32mx/lib/libm.a(cabs.o)
 .debug_line    0x00007b6d       0x6c /home/opt/microchip/xc32/v1.00/bin/../lib/gcc/pic32mx/4.5.1/../../../../pic32mx/lib/libm.a(support.o)
 .debug_line    0x00007bd9       0x75 /home/opt/microchip/xc32/v1.00/bin/../lib/gcc/pic32mx/4.5.1/../../../../pic32mx/lib/libm.a(w_ldexp.o)
 .debug_line    0x00007c4e       0x6d /home/opt/microchip/xc32/v1.00/bin/../lib/gcc/pic32mx/4.5.1/../../../../pic32mx/lib/libm.a(w_sqrt.o)
 .debug_line    0x00007cbb        0x0 /home/opt/microchip/xc32/v1.00/bin/../lib/gcc/pic32mx/4.5.1/../../../../pic32mx/lib/libc.a(errno.o)
 .debug_line    0x00007cbb       0x69 /home/opt/microchip/xc32/v1.00/bin/../lib/gcc/pic32mx/4.5.1/../../../../pic32mx/lib/libc.a(isinf.o)
 .debug_line    0x00007d24       0x75 /home/opt/microchip/xc32/v1.00/bin/../lib/gcc/pic32mx/4.5.1/../../../../pic32mx/lib/libe.a(_unorddf2.o)
 .debug_line    0x00007d99       0x62 /home/opt/microchip/xc32/v1.00/bin/../lib/gcc/pic32mx/4.5.1/../../../../pic32mx/lib/libmchp_peripheral_32MX440F128H.a(pcache.o)
 .debug_line    0x00007dfb       0x72 /home/opt/microchip/xc32/v1.00/bin/../lib/gcc/pic32mx/4.5.1/../../../../pic32mx/lib/libmchp_peripheral_32MX440F128H.a(int_enable_interrupts_lib.o)
 .debug_line    0x00007e6d       0x73 /home/opt/microchip/xc32/v1.00/bin/../lib/gcc/pic32mx/4.5.1/../../../../pic32mx/lib/libmchp_peripheral_32MX440F128H.a(int_disable_interrupts_lib.o)
 .debug_line    0x00007ee0       0x73 /home/opt/microchip/xc32/v1.00/bin/../lib/gcc/pic32mx/4.5.1/../../../../pic32mx/lib/libmchp_peripheral_32MX440F128H.a(int_restore_interrupts_lib.o)
 .debug_line    0x00007f53       0x6e /home/opt/microchip/xc32/v1.00/bin/../lib/gcc/pic32mx/4.5.1/../../../../pic32mx/lib/libmchp_peripheral_32MX440F128H.a(int_enable_mv_int_lib.o)
 .debug_line    0x00007fc1       0x64 /home/opt/microchip/xc32/v1.00/bin/../lib/gcc/pic32mx/4.5.1/../../../../pic32mx/lib/libmchp_peripheral_32MX440F128H.a(int_tbl_lib.o)
 .debug_line    0x00008025       0x69 /home/opt/microchip/xc32/v1.00/bin/../lib/gcc/pic32mx/4.5.1/../../../../pic32mx/lib/libmchp_peripheral_32MX440F128H.a(spi_chn_getc_lib.o)
 .debug_line    0x0000808e       0x69 /home/opt/microchip/xc32/v1.00/bin/../lib/gcc/pic32mx/4.5.1/../../../../pic32mx/lib/libmchp_peripheral_32MX440F128H.a(spi_chn_putc_lib.o)
 .debug_line    0x000080f7        0x0 /home/opt/microchip/xc32/v1.00/bin/../lib/gcc/pic32mx/4.5.1/../../../../pic32mx/lib/libmchp_peripheral_32MX440F128H.a(spi_map_tbl_libp.o)
 .debug_line    0x000080f7       0x71 /home/opt/microchip/xc32/v1.00/bin/../lib/gcc/pic32mx/4.5.1/../../../../pic32mx/lib/libmchp_peripheral_32MX440F128H.a(spi_open_spi2_lib_legacy.o)
 .debug_line    0x00008168        0x0 /home/opt/microchip/xc32/v1.00/bin/../lib/gcc/pic32mx/4.5.1/../../../../pic32mx/lib/libmchp_peripheral_32MX440F128H.a(spi_brg_tbl_lib_legacy.o)
 .debug_line    0x00008168       0x6b /home/opt/microchip/xc32/v1.00/bin/../lib/gcc/pic32mx/4.5.1/../../../../pic32mx/lib/libmchp_peripheral_32MX440F128H.a(nvm_erase_page_lib.o)
 .debug_line    0x000081d3       0xbc /home/opt/microchip/xc32/v1.00/bin/../lib/gcc/pic32mx/4.5.1/../../../../pic32mx/lib/libmchp_peripheral_32MX440F128H.a(nvm_operation_lib.o)
 .debug_line    0x0000828f       0x6b /home/opt/microchip/xc32/v1.00/bin/../lib/gcc/pic32mx/4.5.1/../../../../pic32mx/lib/libmchp_peripheral_32MX440F128H.a(nvm_write_word_lib.o)
 .debug_line    0x000082fa       0x78 /home/opt/microchip/xc32/v1.00/bin/../lib/gcc/pic32mx/4.5.1/../../../../pic32mx/lib/libmchp_peripheral_32MX440F128H.a(port_set_pins_digital_out_lib.o)
 .debug_line    0x00008372       0x6e /home/opt/microchip/xc32/v1.00/bin/../lib/gcc/pic32mx/4.5.1/../../../../pic32mx/lib/libmchp_peripheral_32MX440F128H.a(port_clear_bits_lib.o)
 .debug_line    0x000083e0       0x6c /home/opt/microchip/xc32/v1.00/bin/../lib/gcc/pic32mx/4.5.1/../../../../pic32mx/lib/libmchp_peripheral_32MX440F128H.a(port_set_bits_lib.o)
 .debug_line    0x0000844c        0x0 /home/opt/microchip/xc32/v1.00/bin/../lib/gcc/pic32mx/4.5.1/../../../../pic32mx/lib/libmchp_peripheral_32MX440F128H.a(_ports_tbl_libp.o)
 .debug_line    0x0000844c       0x62 /home/opt/microchip/xc32/v1.00/bin/../lib/gcc/pic32mx/4.5.1/../../../../pic32mx/lib/libmchp_peripheral_32MX440F128H.a(uart_lib.o)

.debug_frame    0x00000000     0x2fd0
 *(.debug_frame)
 .debug_frame   0x00000000      0x250 build/default/production/_ext/263962707/Servo.o
 .debug_frame   0x00000250       0x48 build/default/production/_ext/263962707/SPIClient.o
 .debug_frame   0x00000298      0x100 build/default/production/_ext/263962707/ForgeHeater.o
 .debug_frame   0x00000398      0x184 build/default/production/_ext/263962707/AS5055.o
 .debug_frame   0x0000051c       0x68 build/default/production/_ext/1494288313/KosselKinematics.o
 .debug_frame   0x00000584      0x270 build/default/production/_ext/1494288313/CartesianController.o
 .debug_frame   0x000007f4       0xac build/default/production/_ext/1494288313/delta.o
 .debug_frame   0x000008a0       0x8c build/default/production/_ext/519170017/StepperSim.o
 .debug_frame   0x0000092c      0x110 build/default/production/_ext/519170017/servoCalibration.o
 .debug_frame   0x00000a3c      0x148 build/default/production/_ext/519170017/PID.o
 .debug_frame   0x00000b84       0x6c build/default/production/_ext/2048476848/UpstreamPackets.o
 .debug_frame   0x00000bf0       0x48 build/default/production/_ext/2048476848/Namespace_bcs_cartesian.o
 .debug_frame   0x00000c38       0x64 build/default/production/_ext/2048476848/Callbacks.o
 .debug_frame   0x00000c9c       0xa4 build/default/production/_ext/1445274692/main.o
 .debug_frame   0x00000d40       0x64 build/default/production/_ext/464348676/Namespace_bcs_rpc.o
 .debug_frame   0x00000da4       0x4c build/default/production/_ext/464348676/Bowler_RPC_Process.o
 .debug_frame   0x00000df0      0x430 build/default/production/_ext/464348676/AbstractPID.o
 .debug_frame   0x00001220       0x30 build/default/production/_ext/464348676/Scheduler.o
 .debug_frame   0x00001250      0x148 build/default/production/_ext/464348676/Namespace_bcs_core.o
 .debug_frame   0x00001398       0xf4 build/default/production/_ext/464348676/Bowler_Transport.o
 .debug_frame   0x0000148c       0x88 build/default/production/_ext/464348676/Bowler_Server.o
 .debug_frame   0x00001514      0x1f4 build/default/production/_ext/464348676/FIFO.o
 .debug_frame   0x00001708      0x208 build/default/production/_ext/464348676/Debug.o
 .debug_frame   0x00001910       0x48 build/default/production/_ext/464348676/Namespace_bcs_pid.o
 .debug_frame   0x00001958      0x1bc build/default/production/_ext/464348676/Bowler_Helper.o
 .debug_frame   0x00001b14      0x148 build/default/production/_ext/1271783508/Bowler_UART_HAL.o
 .debug_frame   0x00001c5c       0x64 build/default/production/_ext/1271783508/Bowler_USB_HAL.o
 .debug_frame   0x00001cc0       0x9c build/default/production/_ext/1271783508/LED.o
 .debug_frame   0x00001d5c       0xdc build/default/production/_ext/1271783508/Tick.o
 .debug_frame   0x00001e38       0x9c build/default/production/_ext/1271783508/Delay.o