Archive member included because of file (symbol)

/home/opt/microchip/xc32/v1.00/bin/../lib/gcc/pic32mx/4.5.1/libgcc.a(floatunsisf.o)
                              build/default/debug/_ext/1494288313/CartesianController.o (__floatunsisf)
/home/opt/microchip/xc32/v1.00/bin/../lib/gcc/pic32mx/4.5.1/../../../../pic32mx/lib/libc.a(memset.o)
                              build/default/debug/_ext/161057953/usb_device.o (memset)
/home/opt/microchip/xc32/v1.00/bin/../lib/gcc/pic32mx/4.5.1/../../../../pic32mx/lib/libc.a(general-exception.o)
                              /home/opt/microchip/xc32/v1.00/bin/../lib/gcc/pic32mx/4.5.1/../../../../pic32mx/lib/crt0.o (_general_exception_context)
/home/opt/microchip/xc32/v1.00/bin/../lib/gcc/pic32mx/4.5.1/../../../../pic32mx/lib/libc.a(default-bootstrap-exception-handler.o)
                              /home/opt/microchip/xc32/v1.00/bin/../lib/gcc/pic32mx/4.5.1/../../../../pic32mx/lib/crt0.o (_bootstrap_exception_handler)
/home/opt/microchip/xc32/v1.00/bin/../lib/gcc/pic32mx/4.5.1/../../../../pic32mx/lib/libc.a(default-on-reset.o)
                              /home/opt/microchip/xc32/v1.00/bin/../lib/gcc/pic32mx/4.5.1/../../../../pic32mx/lib/crt0.o (_on_reset)
/home/opt/microchip/xc32/v1.00/bin/../lib/gcc/pic32mx/4.5.1/../../../../pic32mx/lib/libc.a(default-on-bootstrap.o)
                              /home/opt/microchip/xc32/v1.00/bin/../lib/gcc/pic32mx/4.5.1/../../../../pic32mx/lib/crt0.o (_on_bootstrap)
/home/opt/microchip/xc32/v1.00/bin/../lib/gcc/pic32mx/4.5.1/../../../../pic32mx/lib/libc.a(default-nmi-handler.o)
                              /home/opt/microchip/xc32/v1.00/bin/../lib/gcc/pic32mx/4.5.1/../../../../pic32mx/lib/crt0.o (_nmi_handler)
/home/opt/microchip/xc32/v1.00/bin/../lib/gcc/pic32mx/4.5.1/../../../../pic32mx/lib/libm.a(w_atan2f.o)
                              build/default/debug/_ext/1494288313/KosselKinematics.o (atan2f)
/home/opt/microchip/xc32/v1.00/bin/../lib/gcc/pic32mx/4.5.1/../../../../pic32mx/lib/libm.a(fparc32.o)
                              build/default/debug/_ext/1494288313/delta.o (atanf)
/home/opt/microchip/xc32/v1.00/bin/../lib/gcc/pic32mx/4.5.1/../../../../pic32mx/lib/libm.a(fpfloo32.o)
                              build/default/debug/_ext/1494288313/KosselKinematics.o (floorf)
/home/opt/microchip/xc32/v1.00/bin/../lib/gcc/pic32mx/4.5.1/../../../../pic32mx/lib/libm.a(dp32.o)
                              /home/opt/microchip/xc32/v1.00/bin/../lib/gcc/pic32mx/4.5.1/../../../../pic32mx/lib/libm.a(w_atan2f.o) (fptodp)
/home/opt/microchip/xc32/v1.00/bin/../lib/gcc/pic32mx/4.5.1/../../../../pic32mx/lib/libm.a(fpsqrt32.o)
                              /home/opt/microchip/xc32/v1.00/bin/../lib/gcc/pic32mx/4.5.1/../../../../pic32mx/lib/libm.a(fparc32.o) (fpexsqrt)
/home/opt/microchip/xc32/v1.00/bin/../lib/gcc/pic32mx/4.5.1/../../../../pic32mx/lib/libm.a(w_sqrtf.o)
                              build/default/debug/_ext/1494288313/delta.o (sqrtf)
/home/opt/microchip/xc32/v1.00/bin/../lib/gcc/pic32mx/4.5.1/../../../../pic32mx/lib/libm.a(fp32.o)
                              build/default/debug/_ext/464348676/AbstractPID.o (fpsub)
/home/opt/microchip/xc32/v1.00/bin/../lib/gcc/pic32mx/4.5.1/../../../../pic32mx/lib/libm.a(fpcos32.o)
                              build/default/debug/_ext/1494288313/KosselKinematics.o (cosf)
/home/opt/microchip/xc32/v1.00/bin/../lib/gcc/pic32mx/4.5.1/../../../../pic32mx/lib/libm.a(fpsin32.o)
                              build/default/debug/_ext/1494288313/KosselKinematics.o (sinf)
/home/opt/microchip/xc32/v1.00/bin/../lib/gcc/pic32mx/4.5.1/../../../../pic32mx/lib/libm.a(fpreduct32.o)
                              /home/opt/microchip/xc32/v1.00/bin/../lib/gcc/pic32mx/4.5.1/../../../../pic32mx/lib/libm.a(fpcos32.o) (fpreduct)
/home/opt/microchip/xc32/v1.00/bin/../lib/gcc/pic32mx/4.5.1/../../../../pic32mx/lib/libm.a(sincof32.o)
                              /home/opt/microchip/xc32/v1.00/bin/../lib/gcc/pic32mx/4.5.1/../../../../pic32mx/lib/libm.a(fpcos32.o) (_sincof)
/home/opt/microchip/xc32/v1.00/bin/../lib/gcc/pic32mx/4.5.1/../../../../pic32mx/lib/libm.a(s_lib_ver.o)
                              /home/opt/microchip/xc32/v1.00/bin/../lib/gcc/pic32mx/4.5.1/../../../../pic32mx/lib/libm.a(w_sqrtf.o) (math_errhandling)
/home/opt/microchip/xc32/v1.00/bin/../lib/gcc/pic32mx/4.5.1/../../../../pic32mx/lib/libm.a(cabs.o)
                              build/default/debug/_ext/1494288313/KosselKinematics.o (hypotf)
/home/opt/microchip/xc32/v1.00/bin/../lib/gcc/pic32mx/4.5.1/../../../../pic32mx/lib/libm.a(support.o)
                              /home/opt/microchip/xc32/v1.00/bin/../lib/gcc/pic32mx/4.5.1/../../../../pic32mx/lib/libm.a(cabs.o) (copysign)
/home/opt/microchip/xc32/v1.00/bin/../lib/gcc/pic32mx/4.5.1/../../../../pic32mx/lib/libm.a(w_ldexp.o)
                              /home/opt/microchip/xc32/v1.00/bin/../lib/gcc/pic32mx/4.5.1/../../../../pic32mx/lib/libm.a(support.o) (ldexp)
[...]
Memory Configuration

Name             Origin             Length             Attributes
kseg0_program_mem 0x9d000000         0x00020000         xr
kseg0_boot_mem   0x9fc00490         0x00000970
exception_mem    0x9fc01000         0x00001000
kseg1_boot_mem   0xbfc00000         0x00000490
debug_exec_mem   0xbfc02000         0x00000ff0
config3          0xbfc02ff0         0x00000004
config2          0xbfc02ff4         0x00000004
config1          0xbfc02ff8         0x00000004
config0          0xbfc02ffc         0x00000004
kseg1_data_mem   0xa0000000         0x00008000         w !x
sfrs             0xbf800000         0x00100000
configsfrs       0xbfc02ff0         0x00000010
*default*        0x00000000         0xffffffff

Linker script and memory map

LOAD /home/opt/microchip/xc32/v1.00/bin/../lib/gcc/pic32mx/4.5.1/../../../../pic32mx/lib/crt0.o
                0x00000001                _DEBUGGER = 0x1
LOAD build/default/debug/_ext/464348676/Namespace_bcs_rpc.o
LOAD build/default/debug/_ext/464348676/Bowler_RPC_Process.o
LOAD build/default/debug/_ext/464348676/AbstractPID.o
LOAD build/default/debug/_ext/464348676/Scheduler.o
LOAD build/default/debug/_ext/464348676/Namespace_bcs_core.o
LOAD build/default/debug/_ext/464348676/Bowler_Transport.o
LOAD build/default/debug/_ext/464348676/Bowler_Server.o
LOAD build/default/debug/_ext/464348676/FIFO.o
LOAD build/default/debug/_ext/464348676/Debug.o
LOAD build/default/debug/_ext/464348676/Bowler_Stack_Callback.o
LOAD build/default/debug/_ext/464348676/Namespace_bcs_pid.o
LOAD build/default/debug/_ext/464348676/Bowler_Helper.o
LOAD build/default/debug/_ext/263962707/Servo.o
LOAD build/default/debug/_ext/263962707/SPIClient.o
LOAD build/default/debug/_ext/263962707/ForgeHeater.o
LOAD build/default/debug/_ext/263962707/AS5055.o
LOAD build/default/debug/_ext/1494288313/KosselKinematics.o
LOAD build/default/debug/_ext/1494288313/CartesianController.o
LOAD build/default/debug/_ext/1494288313/DeltaKinematics.o
LOAD build/default/debug/_ext/1494288313/delta.o
LOAD build/default/debug/_ext/519170017/MotionTest.o
LOAD build/default/debug/_ext/519170017/StepperSim.o
LOAD build/default/debug/_ext/519170017/servoCalibration.o
LOAD build/default/debug/_ext/519170017/PID.o
LOAD build/default/debug/_ext/2048476848/UpstreamPackets.o
LOAD build/default/debug/_ext/2048476848/Namespace_bcs_cartesian.o
LOAD build/default/debug/_ext/2048476848/Callbacks.o
LOAD build/default/debug/_ext/161057953/usb_interrupt.o
LOAD build/default/debug/_ext/161057953/usb_device.o
LOAD build/default/debug/_ext/161057953/usb_fifo.o
LOAD build/default/debug/_ext/161057953/usb_descriptors.o
LOAD build/default/debug/_ext/161057953/usb_callback.o
LOAD build/default/debug/_ext/161057953/usb_function_cdc.o
LOAD build/default/debug/_ext/1271783508/Bowler_UART_HAL.o
LOAD build/default/debug/_ext/1271783508/Bowler_USB_HAL.o
LOAD build/default/debug/_ext/1271783508/LED.o
LOAD build/default/debug/_ext/1271783508/Tick.o
LOAD build/default/debug/_ext/1271783508/Delay.o
LOAD build/default/debug/_ext/1271783508/HAL_P32.o
LOAD build/default/debug/_ext/1271783508/ADC.o
LOAD build/default/debug/_ext/1271783508/UART.o
LOAD build/default/debug/_ext/1271783508/FlashStorage.o
LOAD build/default/debug/_ext/1445274692/main.o
                0x00000001                __MPLAB_BUILD = 0x1
                0x00000001                __ICD2RAM = 0x1
                0x00000001                __MPLAB_DEBUG = 0x1
                0x00000001                __DEBUG = 0x1
                0x00000001                __MPLAB_DEBUGGER_PK3 = 0x1
LOAD /home/opt/microchip/xc32/v1.00/bin/../lib/gcc/pic32mx/4.5.1/libgcc.a
START GROUP
LOAD /home/opt/microchip/xc32/v1.00/bin/../lib/gcc/pic32mx/4.5.1/../../../../pic32mx/lib/libdebug.a
LOAD /home/opt/microchip/xc32/v1.00/bin/../lib/gcc/pic32mx/4.5.1/../../../../pic32mx/lib/libc.a
LOAD /home/opt/microchip/xc32/v1.00/bin/../lib/gcc/pic32mx/4.5.1/../../../../pic32mx/lib/libm.a
LOAD /home/opt/microchip/xc32/v1.00/bin/../lib/gcc/pic32mx/4.5.1/../../../../pic32mx/lib/libe.a
LOAD /home/opt/microchip/xc32/v1.00/bin/../lib/gcc/pic32mx/4.5.1/../../../../pic32mx/lib/libdsp.a
END GROUP
LOAD /home/opt/microchip/xc32/v1.00/bin/../lib/gcc/pic32mx/4.5.1/libgcc.a
                0x00000400                PROVIDE (_min_stack_size, 0x400)
                0x00000000                PROVIDE (_min_heap_size, 0x0)
LOAD /home/opt/microchip/xc32/v1.00/bin/../lib/gcc/pic32mx/4.5.1/../../../../pic32mx/lib/./proc/32MX440F128H/processor.o
START GROUP
LOAD /home/opt/microchip/xc32/v1.00/bin/../lib/gcc/pic32mx/4.5.1/../../../../pic32mx/lib/libmchp_peripheral.a
END GROUP
START GROUP
LOAD /home/opt/microchip/xc32/v1.00/bin/../lib/gcc/pic32mx/4.5.1/../../../../pic32mx/lib/libmchp_peripheral_32MX440F128H.a
END GROUP
                0x00000001                PROVIDE (_vector_spacing, 0x1)
                0x9fc01000                _ebase_address = 0x9fc01000
                0xbfc00000                _RESET_ADDR = 0xbfc00000
                0xbfc00380                _BEV_EXCPT_ADDR = 0xbfc00380
                0xbfc00480                _DBG_EXCPT_ADDR = 0xbfc00480
                0xbfc02000                _DBG_CODE_ADDR = 0xbfc02000
                0x00000ff0                _DBG_CODE_SIZE = 0xff0
                0x9fc01180                _GEN_EXCPT_ADDR = (_ebase_address + 0x180)

.config_BFC02FF0
 *(.config_BFC02FF0)

.config_BFC02FF4
                0xbfc02ff4        0x4
 *(.config_BFC02FF4)
 .config_BFC02FF4
                0xbfc02ff4        0x4 build/default/debug/_ext/1445274692/main.o

.config_BFC02FF8
                0xbfc02ff8        0x4
 *(.config_BFC02FF8)
 .config_BFC02FF8
                0xbfc02ff8        0x4 build/default/debug/_ext/1445274692/main.o

.config_BFC02FFC
                0xbfc02ffc        0x4
 *(.config_BFC02FFC)
 .config_BFC02FFC
                0xbfc02ffc        0x4 build/default/debug/_ext/1445274692/main.o
                0xbfc02000                PROVIDE (_DBG_CODE_ADDR, 0xbfc02000)
                0x00000ff0                PROVIDE (_DBG_CODE_SIZE, 0xff0)

.reset          0xbfc00000      0x1f4
 *(.reset)
 .reset         0xbfc00000       0x10 /home/opt/microchip/xc32/v1.00/bin/../lib/gcc/pic32mx/4.5.1/../../../../pic32mx/lib/crt0.o
                0xbfc00000                _reset
 *(.reset.startup)
 .reset.startup
                0xbfc00010      0x1e4 /home/opt/microchip/xc32/v1.00/bin/../lib/gcc/pic32mx/4.5.1/../../../../pic32mx/lib/crt0.o

.bev_excpt      0xbfc00380       0x10
 *(.bev_handler)
 .bev_handler   0xbfc00380       0x10 /home/opt/microchip/xc32/v1.00/bin/../lib/gcc/pic32mx/4.5.1/../../../../pic32mx/lib/crt0.o

.dbg_excpt      0xbfc00480        0x8
                0xbfc00480                . = (. + DEFINED (_DEBUGGER)?0x8:0x0)
 *fill*         0xbfc00480        0x8 00

.dbg_code       0xbfc02000      0xff0
                0xbfc02000                . = (. + DEFINED (_DEBUGGER)?_DBG_CODE_SIZE:0x0)
 *fill*         0xbfc02000      0xff0 00

.app_excpt      0x9fc01180       0x10
 *(.gen_handler)
 .gen_handler   0x9fc01180       0x10 /home/opt/microchip/xc32/v1.00/bin/../lib/gcc/pic32mx/4.5.1/../../../../pic32mx/lib/crt0.o

.vector_0       0x9fc01200        0x0
 *(.vector_0)
                0x00000001                ASSERT (((_vector_spacing == 0x0) || (SIZEOF (.vector_0) <= (_vector_spacing << 0x5))), function at exception vector 0 too large)

.vector_1       0x9fc01220        0x0
 *(.vector_1)
                0x00000001                ASSERT (((_vector_spacing == 0x0) || (SIZEOF (.vector_1) <= (_vector_spacing << 0x5))), function at exception vector 1 too large)

.vector_2       0x9fc01240        0x0
 *(.vector_2)
                0x00000001                ASSERT (((_vector_spacing == 0x0) || (SIZEOF (.vector_2) <= (_vector_spacing << 0x5))), function at exception vector 2 too large)

.vector_3       0x9fc01260        0x0
 *(.vector_3)
                0x00000001                ASSERT (((_vector_spacing == 0x0) || (SIZEOF (.vector_3) <= (_vector_spacing << 0x5))), function at exception vector 3 too large)

.vector_4       0x9fc01280        0x8
 *(.vector_4)
 .vector_4      0x9fc01280        0x8 build/default/debug/_ext/1271783508/Tick.o
                0x00000001                ASSERT (((_vector_spacing == 0x0) || (SIZEOF (.vector_4) <= (_vector_spacing << 0x5))), function at exception vector 4 too large)

.vector_5       0x9fc012a0        0x0
 *(.vector_5)
                0x00000001                ASSERT (((_vector_spacing == 0x0) || (SIZEOF (.vector_5) <= (_vector_spacing << 0x5))), function at exception vector 5 too large)

.vector_6       0x9fc012c0        0x0
 *(.vector_6)
                0x00000001                ASSERT (((_vector_spacing == 0x0) || (SIZEOF (.vector_6) <= (_vector_spacing << 0x5))), function at exception vector 6 too large)

.vector_7       0x9fc012e0        0x0
 *(.vector_7)
                0x00000001                ASSERT (((_vector_spacing == 0x0) || (SIZEOF (.vector_7) <= (_vector_spacing << 0x5))), function at exception vector 7 too large)

.vector_8       0x9fc01300        0x8
 *(.vector_8)
 .vector_8      0x9fc01300        0x8 build/default/debug/_ext/263962707/Servo.o
                0x00000001                ASSERT (((_vector_spacing == 0x0) || (SIZEOF (.vector_8) <= (_vector_spacing << 0x5))), function at exception vector 8 too large)

.vector_9       0x9fc01320        0x0
 *(.vector_9)
                0x00000001                ASSERT (((_vector_spacing == 0x0) || (SIZEOF (.vector_9) <= (_vector_spacing << 0x5))), function at exception vector 9 too large)

.vector_10      0x9fc01340        0x0
 *(.vector_10)
                0x00000001                ASSERT (((_vector_spacing == 0x0) || (SIZEOF (.vector_10) <= (_vector_spacing << 0x5))), function at exception vector 10 too large)

.vector_11      0x9fc01360        0x0
 *(.vector_11)
                0x00000001                ASSERT (((_vector_spacing == 0x0) || (SIZEOF (.vector_11) <= (_vector_spacing << 0x5))), function at exception vector 11 too large)

.vector_12      0x9fc01380        0x8
 *(.vector_12)
 .vector_12     0x9fc01380        0x8 build/default/debug/_ext/263962707/ForgeHeater.o
                0x00000001                ASSERT (((_vector_spacing == 0x0) || (SIZEOF (.vector_12) <= (_vector_spacing << 0x5))), function at exception vector 12 too large)

.vector_13      0x9fc013a0        0x0
 *(.vector_13)
                0x00000001                ASSERT (((_vector_spacing == 0x0) || (SIZEOF (.vector_13) <= (_vector_spacing << 0x5))), function at exception vector 13 too large)

.vector_14      0x9fc013c0        0x0
 *(.vector_14)
                0x00000001                ASSERT (((_vector_spacing == 0x0) || (SIZEOF (.vector_14) <= (_vector_spacing << 0x5))), function at exception vector 14 too large)

.vector_15      0x9fc013e0        0x0
 *(.vector_15)
                0x00000001                ASSERT (((_vector_spacing == 0x0) || (SIZEOF (.vector_15) <= (_vector_spacing << 0x5))), function at exception vector 15 too large)

.vector_16      0x9fc01400        0x0
 *(.vector_16)
                0x00000001                ASSERT (((_vector_spacing == 0x0) || (SIZEOF (.vector_16) <= (_vector_spacing << 0x5))), function at exception vector 16 too large)

.vector_17      0x9fc01420        0x0
 *(.vector_17)
                0x00000001                ASSERT (((_vector_spacing == 0x0) || (SIZEOF (.vector_17) <= (_vector_spacing << 0x5))), function at exception vector 17 too large)

.vector_18      0x9fc01440        0x0
 *(.vector_18)
                0x00000001                ASSERT (((_vector_spacing == 0x0) || (SIZEOF (.vector_18) <= (_vector_spacing << 0x5))), function at exception vector 18 too large)

.vector_19      0x9fc01460        0x8
 *(.vector_19)
 .vector_19     0x9fc01460        0x8 build/default/debug/_ext/519170017/StepperSim.o
                0x00000001                ASSERT (((_vector_spacing == 0x0) || (SIZEOF (.vector_19) <= (_vector_spacing << 0x5))), function at exception vector 19 too large)

.vector_20      0x9fc01480        0x0
 *(.vector_20)
                0x00000001                ASSERT (((_vector_spacing == 0x0) || (SIZEOF (.vector_20) <= (_vector_spacing << 0x5))), function at exception vector 20 too large)

.vector_21      0x9fc014a0        0x0
 *(.vector_21)
                0x00000001                ASSERT (((_vector_spacing == 0x0) || (SIZEOF (.vector_21) <= (_vector_spacing << 0x5))), function at exception vector 21 too large)

.vector_22      0x9fc014c0        0x0
 *(.vector_22)
                0x00000001                ASSERT (((_vector_spacing == 0x0) || (SIZEOF (.vector_22) <= (_vector_spacing << 0x5))), function at exception vector 22 too large)

.vector_23      0x9fc014e0        0x0
 *(.vector_23)
                0x00000001                ASSERT (((_vector_spacing == 0x0) || (SIZEOF (.vector_23) <= (_vector_spacing << 0x5))), function at exception vector 23 too large)

.vector_24      0x9fc01500        0x8
 *(.vector_24)
 .vector_24     0x9fc01500        0x8 build/default/debug/_ext/1271783508/Bowler_UART_HAL.o
                0x00000001                ASSERT (((_vector_spacing == 0x0) || (SIZEOF (.vector_24) <= (_vector_spacing << 0x5))), function at exception vector 24 too large)

.vector_25      0x9fc01520        0x0
 *(.vector_25)
                0x00000001                ASSERT (((_vector_spacing == 0x0) || (SIZEOF (.vector_25) <= (_vector_spacing << 0x5))), function at exception vector 25 too large)

.vector_26      0x9fc01540        0x0
 *(.vector_26)
                0x00000001                ASSERT (((_vector_spacing == 0x0) || (SIZEOF (.vector_26) <= (_vector_spacing << 0x5))), function at exception vector 26 too large)

.vector_27      0x9fc01560        0x0
 *(.vector_27)
                0x00000001                ASSERT (((_vector_spacing == 0x0) || (SIZEOF (.vector_27) <= (_vector_spacing << 0x5))), function at exception vector 27 too large)

.vector_28      0x9fc01580        0x0
 *(.vector_28)
                0x00000001                ASSERT (((_vector_spacing == 0x0) || (SIZEOF (.vector_28) <= (_vector_spacing << 0x5))), function at exception vector 28 too large)

.vector_29      0x9fc015a0        0x0
 *(.vector_29)
                0x00000001                ASSERT (((_vector_spacing == 0x0) || (SIZEOF (.vector_29) <= (_vector_spacing << 0x5))), function at exception vector 29 too large)

.vector_30      0x9fc015c0        0x0
 *(.vector_30)
                0x00000001                ASSERT (((_vector_spacing == 0x0) || (SIZEOF (.vector_30) <= (_vector_spacing << 0x5))), function at exception vector 30 too large)

.vector_31      0x9fc015e0        0x0
 *(.vector_31)
                0x00000001                ASSERT (((_vector_spacing == 0x0) || (SIZEOF (.vector_31) <= (_vector_spacing << 0x5))), function at exception vector 31 too large)

.vector_32      0x9fc01600        0x0
 *(.vector_32)
                0x00000001                ASSERT (((_vector_spacing == 0x0) || (SIZEOF (.vector_32) <= (_vector_spacing << 0x5))), function at exception vector 32 too large)

.vector_33      0x9fc01620        0x0
 *(.vector_33)
                0x00000001                ASSERT (((_vector_spacing == 0x0) || (SIZEOF (.vector_33) <= (_vector_spacing << 0x5))), function at exception vector 33 too large)

.vector_34      0x9fc01640        0x0
 *(.vector_34)
                0x00000001                ASSERT (((_vector_spacing == 0x0) || (SIZEOF (.vector_34) <= (_vector_spacing << 0x5))), function at exception vector 34 too large)

.vector_35      0x9fc01660        0x0
 *(.vector_35)
                0x00000001                ASSERT (((_vector_spacing == 0x0) || (SIZEOF (.vector_35) <= (_vector_spacing << 0x5))), function at exception vector 35 too large)

.vector_36      0x9fc01680        0x0
 *(.vector_36)
                0x00000001                ASSERT (((_vector_spacing == 0x0) || (SIZEOF (.vector_36) <= (_vector_spacing << 0x5))), function at exception vector 36 too large)

.vector_37      0x9fc016a0        0x0
 *(.vector_37)
                0x00000001                ASSERT (((_vector_spacing == 0x0) || (SIZEOF (.vector_37) <= (_vector_spacing << 0x5))), function at exception vector 37 too large)

.vector_38      0x9fc016c0        0x0
 *(.vector_38)
                0x00000001                ASSERT (((_vector_spacing == 0x0) || (SIZEOF (.vector_38) <= (_vector_spacing << 0x5))), function at exception vector 38 too large)

.vector_39      0x9fc016e0        0x0
 *(.vector_39)
                0x00000001                ASSERT (((_vector_spacing == 0x0) || (SIZEOF (.vector_39) <= (_vector_spacing << 0x5))), function at exception vector 39 too large)

.vector_40      0x9fc01700        0x0
 *(.vector_40)
                0x00000001                ASSERT (((_vector_spacing == 0x0) || (SIZEOF (.vector_40) <= (_vector_spacing << 0x5))), function at exception vector 40 too large)

.vector_41      0x9fc01720        0x0
 *(.vector_41)
                0x00000001                ASSERT (((_vector_spacing == 0x0) || (SIZEOF (.vector_41) <= (_vector_spacing << 0x5))), function at exception vector 41 too large)

.vector_42      0x9fc01740        0x0
 *(.vector_42)
                0x00000001                ASSERT (((_vector_spacing == 0x0) || (SIZEOF (.vector_42) <= (_vector_spacing << 0x5))), function at exception vector 42 too large)

.vector_43      0x9fc01760        0x0
 *(.vector_43)
                0x00000001                ASSERT (((_vector_spacing == 0x0) || (SIZEOF (.vector_43) <= (_vector_spacing << 0x5))), function at exception vector 43 too large)

.vector_44      0x9fc01780        0x0
 *(.vector_44)
                0x00000001                ASSERT (((_vector_spacing == 0x0) || (SIZEOF (.vector_44) <= (_vector_spacing << 0x5))), function at exception vector 44 too large)

.vector_45      0x9fc017a0        0x8
 *(.vector_45)
 .vector_45     0x9fc017a0        0x8 build/default/debug/_ext/161057953/usb_device.o
                0x00000001                ASSERT (((_vector_spacing == 0x0) || (SIZEOF (.vector_45) <= (_vector_spacing << 0x5))), function at exception vector 45 too large)

.vector_46      0x9fc017c0        0x0
 *(.vector_46)
                0x00000001                ASSERT (((_vector_spacing == 0x0) || (SIZEOF (.vector_46) <= (_vector_spacing << 0x5))), function at exception vector 46 too large)

.vector_47      0x9fc017e0        0x0
 *(.vector_47)
                0x00000001                ASSERT (((_vector_spacing == 0x0) || (SIZEOF (.vector_47) <= (_vector_spacing << 0x5))), function at exception vector 47 too large)

.vector_48      0x9fc01800        0x0
 *(.vector_48)
                0x00000001                ASSERT (((_vector_spacing == 0x0) || (SIZEOF (.vector_48) <= (_vector_spacing << 0x5))), function at exception vector 48 too large)

.vector_49      0x9fc01820        0x0
 *(.vector_49)
                0x00000001                ASSERT (((_vector_spacing == 0x0) || (SIZEOF (.vector_49) <= (_vector_spacing << 0x5))), function at exception vector 49 too large)

.vector_50      0x9fc01840        0x0
 *(.vector_50)
                0x00000001                ASSERT (((_vector_spacing == 0x0) || (SIZEOF (.vector_50) <= (_vector_spacing << 0x5))), function at exception vector 50 too large)

.vector_51      0x9fc01860        0x0
 *(.vector_51)
                0x00000001                ASSERT (((_vector_spacing == 0x0) || (SIZEOF (.vector_51) <= (_vector_spacing << 0x5))), function at exception vector 51 too large)

.vector_52      0x9fc01880        0x0
 *(.vector_52)
                0x00000001                ASSERT (((_vector_spacing == 0x0) || (SIZEOF (.vector_52) <= (_vector_spacing << 0x5))), function at exception vector 52 too large)

.vector_53      0x9fc018a0        0x0
 *(.vector_53)
                0x00000001                ASSERT (((_vector_spacing == 0x0) || (SIZEOF (.vector_53) <= (_vector_spacing << 0x5))), function at exception vector 53 too large)

.vector_54      0x9fc018c0        0x0
 *(.vector_54)
                0x00000001                ASSERT (((_vector_spacing == 0x0) || (SIZEOF (.vector_54) <= (_vector_spacing << 0x5))), function at exception vector 54 too large)

.vector_55      0x9fc018e0        0x0
 *(.vector_55)
                0x00000001                ASSERT (((_vector_spacing == 0x0) || (SIZEOF (.vector_55) <= (_vector_spacing << 0x5))), function at exception vector 55 too large)

.vector_56      0x9fc01900        0x0
 *(.vector_56)
                0x00000001                ASSERT (((_vector_spacing == 0x0) || (SIZEOF (.vector_56) <= (_vector_spacing << 0x5))), function at exception vector 56 too large)

.vector_57      0x9fc01920        0x0
 *(.vector_57)
                0x00000001                ASSERT (((_vector_spacing == 0x0) || (SIZEOF (.vector_57) <= (_vector_spacing << 0x5))), function at exception vector 57 too large)

.vector_58      0x9fc01940        0x0
 *(.vector_58)
                0x00000001                ASSERT (((_vector_spacing == 0x0) || (SIZEOF (.vector_58) <= (_vector_spacing << 0x5))), function at exception vector 58 too large)

.vector_59      0x9fc01960        0x0
 *(.vector_59)
                0x00000001                ASSERT (((_vector_spacing == 0x0) || (SIZEOF (.vector_59) <= (_vector_spacing << 0x5))), function at exception vector 59 too large)

.vector_60      0x9fc01980        0x0
 *(.vector_60)
                0x00000001                ASSERT (((_vector_spacing == 0x0) || (SIZEOF (.vector_60) <= (_vector_spacing << 0x5))), function at exception vector 60 too large)

.vector_61      0x9fc019a0        0x0
 *(.vector_61)
                0x00000001                ASSERT (((_vector_spacing == 0x0) || (SIZEOF (.vector_61) <= (_vector_spacing << 0x5))), function at exception vector 61 too large)

.vector_62      0x9fc019c0        0x0
 *(.vector_62)
                0x00000001                ASSERT (((_vector_spacing == 0x0) || (SIZEOF (.vector_62) <= (_vector_spacing << 0x5))), function at exception vector 62 too large)

.vector_63      0x9fc019e0        0x0
 *(.vector_63)
                0x00000001                ASSERT (((_vector_spacing == 0x0) || (SIZEOF (.vector_63) <= (_vector_spacing << 0x5))), function at exception vector 63 too large)

.startup
 *(.startup)

.text
 *(.stub .gnu.linkonce.t.*)
 *(.text.*personality*)
 *(.mips16.fn.*)
 *(.mips16.call.*)
 *(.gnu.warning)

.rodata         0x9d000000        0x0
 *(.rodata.* .gnu.linkonce.r.*)
 *(.rodata1)
                0x9d000000                . = ALIGN (0x4)

.sdata2         0x9fc00490        0x0
 *(.sdata2 .sdata2.* .gnu.linkonce.s2.*)
                0x9fc00490                . = ALIGN (0x4)

.sbss2          0x9fc00490        0x0
 *(.sbss2 .sbss2.* .gnu.linkonce.sb2.*)
                0x9fc00490                . = ALIGN (0x4)

.eh_frame_hdr
 *(.eh_frame_hdr)

.eh_frame
 *(.eh_frame)

.dbg_data       0xa0000000      0x200
                0xa0000000                . = (. + DEFINED (_DEBUGGER)?0x200:0x0)
 *fill*         0xa0000000      0x200 00

.persist        0xa0000200        0x0
                0xa0000200                _persist_begin = .
 *(.persist .persist.*)
                0xa0000200                . = ALIGN (0x4)
                0xa0000200                _persist_end = .

.eh_frame
 *(.eh_frame)
                0xa0000200                . = .
                0xa00081f0                _gp = (ALIGN (0x10) + 0x7ff0)

.got
 *(.got.plt)
 *(.got)

.sdata          0xa0000200       0xd8
                0xa0000200                _sdata_begin = .
 *(.sdata .sdata.* .gnu.linkonce.s.*)
 .sdata         0xa0000200       0x18 build/default/debug/_ext/464348676/Namespace_bcs_rpc.o
 .sdata         0xa0000218        0x4 build/default/debug/_ext/464348676/AbstractPID.o
                0xa0000218                zone
 .sdata         0xa000021c        0x8 build/default/debug/_ext/464348676/Namespace_bcs_core.o
 .sdata         0xa0000224        0x8 build/default/debug/_ext/464348676/Bowler_Server.o
                0xa0000224                MyMAC
 .sdata         0xa000022c       0x4c build/default/debug/_ext/464348676/Namespace_bcs_pid.o
 .sdata         0xa0000278        0x1 build/default/debug/_ext/263962707/Servo.o
                0xa0000278                stop
 *fill*         0xa0000279        0x3 00
 .sdata         0xa000027c       0x18 build/default/debug/_ext/1494288313/CartesianController.o
                0xa000027c                scale
                0xa0000280                extrusionScale
 .sdata         0xa0000294       0x14 build/default/debug/_ext/1494288313/delta.o
                0xa0000294                e
                0xa0000298                f
                0xa000029c                re
                0xa00002a0                rf
                0xa00002a4                zOffset
 .sdata         0xa00002a8        0x8 build/default/debug/_ext/519170017/servoCalibration.o
 .sdata         0xa00002b0        0x4 build/default/debug/_ext/161057953/usb_fifo.o
 .sdata         0xa00002b4        0x8 build/default/debug/_ext/161057953/usb_descriptors.o
                0xa00002b4                sd000
                0xa00002b8                USB_CD_Ptr
 .sdata         0xa00002bc        0x8 build/default/debug/_ext/1271783508/FlashStorage.o
                0xa00002bc                defMac
 .sdata         0xa00002c4       0x14 build/default/debug/_ext/1445274692/main.o
                0xa00002d4                serVal
                0xa00002d8                _sdata_end = .

.lit8
 *(.lit8)

.lit4
 *(.lit4)
                0xa00002d8                . = ALIGN (0x4)
                0xa00002d8                _data_end = .
                0xa00002d8                _bss_begin = .

.sbss           0xa00002d8      0x190
                0xa00002d8                _sbss_begin = .
 *(.dynsbss)
 *(.sbss .sbss.* .gnu.linkonce.sb.*)
 .sbss          0xa00002d8        0x4 build/default/debug/_ext/464348676/Namespace_bcs_rpc.o
 .sbss          0xa00002dc        0x4 build/default/debug/_ext/464348676/Bowler_RPC_Process.o
 .sbss          0xa00002e0       0x14 build/default/debug/_ext/464348676/AbstractPID.o
                0xa00002e0                number_of_pid_groups
 .sbss          0xa00002f4        0x4 build/default/debug/_ext/464348676/Namespace_bcs_core.o
 .sbss          0xa00002f8        0xc build/default/debug/_ext/464348676/Debug.o
                0xa00002f8                level
 .sbss          0xa0000304        0x4 build/default/debug/_ext/464348676/Namespace_bcs_pid.o
 .sbss          0xa0000308       0x10 build/default/debug/_ext/263962707/Servo.o
                0xa0000308                lastValue
                0xa000030c                sortedIndex
                0xa0000310                start
                0xa0000314                servoStateMachineCurrentState
 .sbss          0xa0000318        0x4 build/default/debug/_ext/263962707/ForgeHeater.o
                0xa0000318                heaterIndex
 .sbss          0xa000031c        0x3 build/default/debug/_ext/263962707/AS5055.o
                0xa000031c                initialized
                0xa000031d                busy
                0xa000031e                lock
 *fill*         0xa000031f        0x1 00
 .sbss          0xa0000320        0xc build/default/debug/_ext/1494288313/CartesianController.o
                0xa0000320                full
                0xa0000324                lastPushedBufferSize
 .sbss          0xa000032c        0x4 build/default/debug/_ext/519170017/StepperSim.o
                0xa000032c                current
 .sbss          0xa0000330        0x4 build/default/debug/_ext/519170017/PID.o
                0xa0000330                runPidIsr
 .sbss          0xa0000334        0x4 build/default/debug/_ext/2048476848/Namespace_bcs_cartesian.o
 .sbss          0xa0000338        0xc build/default/debug/_ext/2048476848/Callbacks.o
 .sbss          0xa0000344       0x10 build/default/debug/_ext/161057953/usb_fifo.o
 .sbss          0xa0000354        0x2 build/default/debug/_ext/161057953/usb_callback.o
 *fill*         0xa0000356        0x2 00
 .sbss          0xa0000358        0x8 build/default/debug/_ext/1271783508/Bowler_UART_HAL.o
 .sbss          0xa0000360        0x8 build/default/debug/_ext/1271783508/Tick.o
 .sbss          0xa0000368        0x8 build/default/debug/_ext/1271783508/HAL_P32.o
 .sbss          0xa0000370        0x4 build/default/debug/_ext/1271783508/ADC.o
                0xa0000370                ADCMask
 .sbss          0xa0000374        0x8 build/default/debug/_ext/1271783508/UART.o
                0xa0000374                useUart2
                0xa0000378                useUart1
 .sbss          0xa000037c        0xc build/default/debug/_ext/1445274692/main.o
                0xa000037c                height
                0xa0000380                j
                0xa0000384                i
 .sbss          0xa0000388        0x4 /home/opt/microchip/xc32/v1.00/bin/../lib/gcc/pic32mx/4.5.1/../../../../pic32mx/lib/libc.a(errno.o)
                0xa0000388                errno
 *(.scommon)
 .scommon       0xa000038c       0x24 build/default/debug/_ext/464348676/AbstractPID.o
                0xa000038c                resetPosition
                0xa0000390                MathCalculationVelocity
                0xa0000394                velData
                0xa0000398                MathCalculationPosition
                0xa000039c                onPidConfigure
                0xa00003a0                pidGroups
                0xa00003a4                setOutput
                0xa00003a8                getPosition
                0xa00003ac                checkPIDLimitEvents
 .scommon       0xa00003b0        0x4 build/default/debug/_ext/263962707/ForgeHeater.o
                0xa00003b0                heaterLowpassIndex
 .scommon       0xa00003b4       0x10 build/default/debug/_ext/1494288313/CartesianController.o
                0xa00003b4                eCurrent
                0xa00003b8                xCurrent
                0xa00003bc                zCurrent
                0xa00003c0                yCurrent
 .scommon       0xa00003c4       0x1c build/default/debug/_ext/1494288313/delta.o
                0xa00003c4                cos120
                0xa00003c8                sqrt3
                0xa00003cc                sin30
                0xa00003d0                tan30
                0xa00003d4                pi
                0xa00003d8                sin120
                0xa00003dc                tan60
 .scommon       0xa00003e0        0x4 build/default/debug/_ext/519170017/servoCalibration.o
                0xa00003e0                state
 .scommon       0xa00003e4       0x41 build/default/debug/_ext/161057953/usb_device.o
                0xa00003e4                pDst
                0xa00003e8                USBDeviceState
                0xa00003ec                controlTransferState
                0xa00003f0                USBInMaxPacketSize
                0xa00003f8                inPipes
                0xa0000400                BothEP0OutUOWNsSet
                0xa0000404                pBDTEntryEP0OutNext
                0xa0000408                SetupPkt
                0xa0000410                shortPacketStatus
                0xa0000414                pBDTEntryEP0OutCurrent
                0xa0000418                USBActiveConfiguration
                0xa000041c                RemoteWakeup
                0xa0000420                USTATcopy
                0xa0000424                USBAlternateInterface
 *fill*         0xa0000425        0x3 00
 .scommon       0xa0000428       0x40 build/default/debug/_ext/161057953/usb_function_cdc.o
                0xa0000428                control_signal_bitmap
                0xa000042c                cdc_tx_len
                0xa0000430                pCDCSrc
                0xa0000434                CDCDataOutHandle
                0xa0000438                cdc_rx_len
                0xa000043c                line_coding
                0xa0000444                BaudRateGen
                0xa0000448                CDCDataInHandle
                0xa000044c                cdc_notice
                0xa0000454                cdc_trf_state
                0xa0000458                pCDCDst
                0xa000045c                cdc_mem_type
                0xa0000460                dummy_encapsulated_cmd_response
                0xa0000468                _sbss_end = .

.bss            0xa0000600     0x31c8
 *(.dynbss)
 *(COMMON)
 COMMON         0xa0000600       0x60 build/default/debug/_ext/263962707/Servo.o
                0xa0000600                position
                0xa0000620                positionTemp
                0xa0000640                sort
 COMMON         0xa0000660       0x10 build/default/debug/_ext/263962707/ForgeHeater.o
                0xa0000660                heaterLowpass
 COMMON         0xa0000670       0xb0 build/default/debug/_ext/263962707/AS5055.o
                0xa0000670                overflow
                0xa000069c                raw
                0xa00006c8                offset
                0xa00006f4                recent
 COMMON         0xa0000720     0x2bfe build/default/debug/_ext/1494288313/CartesianController.o
                0xa0000720                packetFifo
                0xa0000738                intCartesian
                0xa0000768                linTmpPack
                0xa0000874                lastXYZE
                0xa0000884                buffer
                0xa0003214                packetTemp
 *fill*         0xa000331e        0x2 00
 COMMON         0xa0003320      0x10a build/default/debug/_ext/2048476848/Callbacks.o
                0xa0003320                tmpData
 *fill*         0xa000342a      0x1d6 00
 COMMON         0xa0003600       0xf7 build/default/debug/_ext/161057953/usb_device.o
                0xa0003600                BDT
                0xa0003680                CtrlTrfData
                0xa00036c0                pBDTEntryIn
                0xa00036d0                pBDTEntryOut
                0xa00036e0                USBInData
                0xa00036ec                outPipes
 *fill*         0xa00036f7        0x1 00
 COMMON         0xa00036f8       0x80 build/default/debug/_ext/161057953/usb_function_cdc.o
                0xa00036f8                cdc_data_tx
                0xa0003738                cdc_data_rx
 COMMON         0xa0003778       0x50 build/default/debug/_ext/1271783508/FlashStorage.o
                0xa0003778                flash
                0xa00037c8                . = ALIGN (0x4)
                0xa00037c8                . = ALIGN (0x4)
                0xa00037c8                _end = .
                0xa00037c8                _bss_end = .
                0x00008000                _bmxdudba_address = 0x8000
                0x00008000                _bmxdupba_address = 0x8000

/DISCARD/
 *(.pdr)
 *(.reginfo)
 *(.rel.dyn)
 *(.note.GNU-stack)
 *(.note.GNU-stack)
 *(.gnu_debuglink)
 *(.gnu.lto_*)
 *(.discard)

.stab
 *(.stab)

.stabstr
 *(.stabstr)

.stab.excl
 *(.stab.excl)

.stab.exclstr
 *(.stab.exclstr)

.stab.index
 *(.stab.index)

.stab.indexstr
 *(.stab.indexstr)

.comment        0x00000000       0xea
 *(.comment)
 .comment       0x00000000       0x33 build/default/debug/_ext/464348676/Namespace_bcs_rpc.o
                                 0x34 (size before relaxing)
 .comment       0x00000000       0x34 build/default/debug/_ext/464348676/Bowler_RPC_Process.o
 .comment       0x00000000       0x34 build/default/debug/_ext/464348676/AbstractPID.o
 .comment       0x00000000       0x34 build/default/debug/_ext/464348676/Scheduler.o
 .comment       0x00000000       0x34 build/default/debug/_ext/464348676/Namespace_bcs_core.o
 .comment       0x00000000       0x34 build/default/debug/_ext/464348676/Bowler_Transport.o
 .comment       0x00000000       0x34 build/default/debug/_ext/464348676/Bowler_Server.o
 .comment       0x00000000       0x34 build/default/debug/_ext/464348676/FIFO.o
 .comment       0x00000000       0x34 build/default/debug/_ext/464348676/Debug.o
 .comment       0x00000000       0x34 build/default/debug/_ext/464348676/Bowler_Stack_Callback.o
 .comment       0x00000000       0x34 build/default/debug/_ext/464348676/Namespace_bcs_pid.o
 .comment       0x00000000       0x34 build/default/debug/_ext/464348676/Bowler_Helper.o
 .comment       0x00000000       0x34 build/default/debug/_ext/263962707/Servo.o
 .comment       0x00000000       0x34 build/default/debug/_ext/263962707/SPIClient.o
 .comment       0x00000000       0x34 build/default/debug/_ext/263962707/ForgeHeater.o
 .comment       0x00000000       0x34 build/default/debug/_ext/263962707/AS5055.o
 .comment       0x00000000       0x34 build/default/debug/_ext/1494288313/KosselKinematics.o
 .comment       0x00000000       0x34 build/default/debug/_ext/1494288313/CartesianController.o
 .comment       0x00000000       0x34 build/default/debug/_ext/1494288313/DeltaKinematics.o
 .comment       0x00000000       0x34 build/default/debug/_ext/1494288313/delta.o
 .comment       0x00000000       0x34 build/default/debug/_ext/519170017/MotionTest.o
 .comment       0x00000000       0x34 build/default/debug/_ext/519170017/StepperSim.o
 .comment       0x00000000       0x34 build/default/debug/_ext/519170017/servoCalibration.o
 .comment       0x00000000       0x34 build/default/debug/_ext/519170017/PID.o
 .comment       0x00000000       0x34 build/default/debug/_ext/2048476848/UpstreamPackets.o
 .comment       0x00000000       0x34 build/default/debug/_ext/2048476848/Namespace_bcs_cartesian.o
 .comment       0x00000000       0x34 build/default/debug/_ext/2048476848/Callbacks.o
 .comment       0x00000000       0x34 build/default/debug/_ext/161057953/usb_interrupt.o
 .comment       0x00000000       0x34 build/default/debug/_ext/161057953/usb_device.o
 .comment       0x00000000       0x34 build/default/debug/_ext/161057953/usb_fifo.o
 .comment       0x00000000       0x34 build/default/debug/_ext/161057953/usb_descriptors.o
 .comment       0x00000000       0x34 build/default/debug/_ext/161057953/usb_callback.o
 .comment       0x00000000       0x34 build/default/debug/_ext/161057953/usb_function_cdc.o
 .comment       0x00000000       0x34 build/default/debug/_ext/1271783508/Bowler_UART_HAL.o
 .comment       0x00000000       0x34 build/default/debug/_ext/1271783508/Bowler_USB_HAL.o
 .comment       0x00000000       0x34 build/default/debug/_ext/1271783508/LED.o
 .comment       0x00000000       0x34 build/default/debug/_ext/1271783508/Tick.o
 .comment       0x00000000       0x34 build/default/debug/_ext/1271783508/Delay.o
 .comment       0x00000000       0x34 build/default/debug/_ext/1271783508/HAL_P32.o
 .comment       0x00000000       0x34 build/default/debug/_ext/1271783508/ADC.o
 .comment       0x00000000       0x34 build/default/debug/_ext/1271783508/UART.o
 .comment       0x00000000       0x34 build/default/debug/_ext/1271783508/FlashStorage.o
 .comment       0x00000000       0x34 build/default/debug/_ext/1445274692/main.o
 .comment       0x00000000       0x34 /home/opt/microchip/xc32/v1.00/bin/../lib/gcc/pic32mx/4.5.1/libgcc.a(floatunsisf.o)
 .comment       0x00000033       0x18 /home/opt/microchip/xc32/v1.00/bin/../lib/gcc/pic32mx/4.5.1/../../../../pic32mx/lib/libc.a(memset.o)
                                 0x19 (size before relaxing)
 .comment       0x00000000       0x34 /home/opt/microchip/xc32/v1.00/bin/../lib/gcc/pic32mx/4.5.1/../../../../pic32mx/lib/libc.a(default-bootstrap-exception-handler.o)
 .comment       0x00000000       0x34 /home/opt/microchip/xc32/v1.00/bin/../lib/gcc/pic32mx/4.5.1/../../../../pic32mx/lib/libc.a(default-on-reset.o)
 .comment       0x00000000       0x34 /home/opt/microchip/xc32/v1.00/bin/../lib/gcc/pic32mx/4.5.1/../../../../pic32mx/lib/libc.a(default-on-bootstrap.o)
 .comment       0x00000000       0x34 /home/opt/microchip/xc32/v1.00/bin/../lib/gcc/pic32mx/4.5.1/../../../../pic32mx/lib/libm.a(w_atan2f.o)
 .comment       0x00000000       0x34 /home/opt/microchip/xc32/v1.00/bin/../lib/gcc/pic32mx/4.5.1/../../../../pic32mx/lib/libm.a(w_sqrtf.o)
 .comment       0x00000000       0x34 /home/opt/microchip/xc32/v1.00/bin/../lib/gcc/pic32mx/4.5.1/../../../../pic32mx/lib/libm.a(s_lib_ver.o)
 .comment       0x00000000       0x34 /home/opt/microchip/xc32/v1.00/bin/../lib/gcc/pic32mx/4.5.1/../../../../pic32mx/lib/libm.a(cabs.o)
 .comment       0x00000000       0x34 /home/opt/microchip/xc32/v1.00/bin/../lib/gcc/pic32mx/4.5.1/../../../../pic32mx/lib/libm.a(support.o)
 .comment       0x00000000       0x34 /home/opt/microchip/xc32/v1.00/bin/../lib/gcc/pic32mx/4.5.1/../../../../pic32mx/lib/libm.a(w_ldexp.o)
 .comment       0x00000000       0x34 /home/opt/microchip/xc32/v1.00/bin/../lib/gcc/pic32mx/4.5.1/../../../../pic32mx/lib/libm.a(w_sqrt.o)
 .comment       0x00000000       0x34 /home/opt/microchip/xc32/v1.00/bin/../lib/gcc/pic32mx/4.5.1/../../../../pic32mx/lib/libc.a(errno.o)
 .comment       0x00000000       0x34 /home/opt/microchip/xc32/v1.00/bin/../lib/gcc/pic32mx/4.5.1/../../../../pic32mx/lib/libc.a(isinf.o)
 .comment       0x0000004b       0x4e /home/opt/microchip/xc32/v1.00/bin/../lib/gcc/pic32mx/4.5.1/../../../../pic32mx/lib/libe.a(_unorddf2.o)
                                 0x82 (size before relaxing)
 .comment       0x00000099       0x51 /home/opt/microchip/xc32/v1.00/bin/../lib/gcc/pic32mx/4.5.1/../../../../pic32mx/lib/libmchp_peripheral_32MX440F128H.a(pcache.o)
                                 0x52 (size before relaxing)
 .comment       0x00000000       0x52 /home/opt/microchip/xc32/v1.00/bin/../lib/gcc/pic32mx/4.5.1/../../../../pic32mx/lib/libmchp_peripheral_32MX440F128H.a(int_enable_interrupts_lib.o)
 .comment       0x00000000       0x52 /home/opt/microchip/xc32/v1.00/bin/../lib/gcc/pic32mx/4.5.1/../../../../pic32mx/lib/libmchp_peripheral_32MX440F128H.a(int_disable_interrupts_lib.o)
 .comment       0x00000000       0x52 /home/opt/microchip/xc32/v1.00/bin/../lib/gcc/pic32mx/4.5.1/../../../../pic32mx/lib/libmchp_peripheral_32MX440F128H.a(int_restore_interrupts_lib.o)
 .comment       0x00000000       0x52 /home/opt/microchip/xc32/v1.00/bin/../lib/gcc/pic32mx/4.5.1/../../../../pic32mx/lib/libmchp_peripheral_32MX440F128H.a(int_enable_mv_int_lib.o)
 .comment       0x00000000       0x52 /home/opt/microchip/xc32/v1.00/bin/../lib/gcc/pic32mx/4.5.1/../../../../pic32mx/lib/libmchp_peripheral_32MX440F128H.a(int_tbl_lib.o)
 .comment       0x00000000       0x52 /home/opt/microchip/xc32/v1.00/bin/../lib/gcc/pic32mx/4.5.1/../../../../pic32mx/lib/libmchp_peripheral_32MX440F128H.a(spi_chn_getc_lib.o)
 .comment       0x00000000       0x52 /home/opt/microchip/xc32/v1.00/bin/../lib/gcc/pic32mx/4.5.1/../../../../pic32mx/lib/libmchp_peripheral_32MX440F128H.a(spi_chn_putc_lib.o)
 .comment       0x00000000       0x52 /home/opt/microchip/xc32/v1.00/bin/../lib/gcc/pic32mx/4.5.1/../../../../pic32mx/lib/libmchp_peripheral_32MX440F128H.a(spi_map_tbl_libp.o)
 .comment       0x00000000       0x52 /home/opt/microchip/xc32/v1.00/bin/../lib/gcc/pic32mx/4.5.1/../../../../pic32mx/lib/libmchp_peripheral_32MX440F128H.a(spi_open_spi2_lib_legacy.o)
 .comment       0x00000000       0x52 /home/opt/microchip/xc32/v1.00/bin/../lib/gcc/pic32mx/4.5.1/../../../../pic32mx/lib/libmchp_peripheral_32MX440F128H.a(spi_brg_tbl_lib_legacy.o)
 .comment       0x00000000       0x52 /home/opt/microchip/xc32/v1.00/bin/../lib/gcc/pic32mx/4.5.1/../../../../pic32mx/lib/libmchp_peripheral_32MX440F128H.a(nvm_erase_page_lib.o)
 .comment       0x00000000       0x52 /home/opt/microchip/xc32/v1.00/bin/../lib/gcc/pic32mx/4.5.1/../../../../pic32mx/lib/libmchp_peripheral_32MX440F128H.a(nvm_operation_lib.o)
 .comment       0x00000000       0x52 /home/opt/microchip/xc32/v1.00/bin/../lib/gcc/pic32mx/4.5.1/../../../../pic32mx/lib/libmchp_peripheral_32MX440F128H.a(nvm_write_word_lib.o)
 .comment       0x00000000       0x52 /home/opt/microchip/xc32/v1.00/bin/../lib/gcc/pic32mx/4.5.1/../../../../pic32mx/lib/libmchp_peripheral_32MX440F128H.a(port_set_pins_digital_out_lib.o)
 .comment       0x00000000       0x52 /home/opt/microchip/xc32/v1.00/bin/../lib/gcc/pic32mx/4.5.1/../../../../pic32mx/lib/libmchp_peripheral_32MX440F128H.a(port_clear_bits_lib.o)
 .comment       0x00000000       0x52 /home/opt/microchip/xc32/v1.00/bin/../lib/gcc/pic32mx/4.5.1/../../../../pic32mx/lib/libmchp_peripheral_32MX440F128H.a(port_set_bits_lib.o)
 .comment       0x00000000       0x52 /home/opt/microchip/xc32/v1.00/bin/../lib/gcc/pic32mx/4.5.1/../../../../pic32mx/lib/libmchp_peripheral_32MX440F128H.a(_ports_tbl_libp.o)
 .comment       0x00000000       0x52 /home/opt/microchip/xc32/v1.00/bin/../lib/gcc/pic32mx/4.5.1/../../../../pic32mx/lib/libmchp_peripheral_32MX440F128H.a(uart_lib.o)

.debug
 *(.debug)

.line
 *(.line)

.debug_srcinfo
 *(.debug_srcinfo)

.debug_sfnames
 *(.debug_sfnames)

.debug_aranges  0x00000000      0x988
 *(.debug_aranges)
 .debug_aranges
                0x00000000       0x20 build/default/debug/_ext/464348676/Namespace_bcs_rpc.o
 .debug_aranges
                0x00000020       0x20 build/default/debug/_ext/464348676/Bowler_RPC_Process.o
 .debug_aranges
                0x00000040       0x20 build/default/debug/_ext/464348676/AbstractPID.o
 .debug_aranges
                0x00000060       0x20 build/default/debug/_ext/464348676/Scheduler.o
 .debug_aranges
                0x00000080       0x20 build/default/debug/_ext/464348676/Namespace_bcs_core.o
 .debug_aranges
                0x000000a0       0x20 build/default/debug/_ext/464348676/Bowler_Transport.o
 .debug_aranges
                0x000000c0       0x20 build/default/debug/_ext/464348676/Bowler_Server.o
 .debug_aranges
                0x000000e0       0x20 build/default/debug/_ext/464348676/FIFO.o
 .debug_aranges
                0x00000100       0x20 build/default/debug/_ext/464348676/Debug.o
 .debug_aranges
                0x00000120       0x20 build/default/debug/_ext/464348676/Namespace_bcs_pid.o
 .debug_aranges
                0x00000140       0x20 build/default/debug/_ext/464348676/Bowler_Helper.o
 .debug_aranges
                0x00000160       0x20 build/default/debug/_ext/263962707/Servo.o
 .debug_aranges
                0x00000180       0x20 build/default/debug/_ext/263962707/SPIClient.o
 .debug_aranges
                0x000001a0       0x20 build/default/debug/_ext/263962707/ForgeHeater.o
 .debug_aranges
                0x000001c0       0x20 build/default/debug/_ext/263962707/AS5055.o
 .debug_aranges
                0x000001e0       0x20 build/default/debug/_ext/1494288313/KosselKinematics.o
 .debug_aranges
                0x00000200       0x20 build/default/debug/_ext/1494288313/CartesianController.o
 .debug_aranges
                0x00000220       0x20 build/default/debug/_ext/1494288313/delta.o
 .debug_aranges
                0x00000240       0x20 build/default/debug/_ext/519170017/StepperSim.o
 .debug_aranges
                0x00000260       0x20 build/default/debug/_ext/519170017/servoCalibration.o
 .debug_aranges
                0x00000280       0x20 build/default/debug/_ext/519170017/PID.o
 .debug_aranges
                0x000002a0       0x20 build/default/debug/_ext/2048476848/UpstreamPackets.o
 .debug_aranges
                0x000002c0       0x20 build/default/debug/_ext/2048476848/Namespace_bcs_cartesian.o
 .debug_aranges
                0x000002e0       0x20 build/default/debug/_ext/2048476848/Callbacks.o
 .debug_aranges
                0x00000300       0x20 build/default/debug/_ext/161057953/usb_device.o
 .debug_aranges
                0x00000320       0x20 build/default/debug/_ext/161057953/usb_fifo.o
 .debug_aranges
                0x00000340       0x20 build/default/debug/_ext/161057953/usb_descriptors.o
 .debug_aranges
                0x00000360       0x20 build/default/debug/_ext/161057953/usb_callback.o
 .debug_aranges
                0x00000380       0x20 build/default/debug/_ext/161057953/usb_function_cdc.o
 .debug_aranges
                0x000003a0       0x20 build/default/debug/_ext/1271783508/Bowler_UART_HAL.o
 .debug_aranges
                0x000003c0       0x20 build/default/debug/_ext/1271783508/Bowler_USB_HAL.o
 .debug_aranges
                0x000003e0       0x20 build/default/debug/_ext/1271783508/LED.o
 .debug_aranges
                0x00000400       0x20 build/default/debug/_ext/1271783508/Tick.o
 .debug_aranges
                0x00000420       0x20 build/default/debug/_ext/1271783508/Delay.o
 .debug_aranges
                0x00000440       0x20 build/default/debug/_ext/1271783508/HAL_P32.o
 .debug_aranges
                0x00000460       0x20 build/default/debug/_ext/1271783508/ADC.o
 .debug_aranges
                0x00000480       0x20 build/default/debug/_ext/1271783508/UART.o
 .debug_aranges
                0x000004a0       0x20 build/default/debug/_ext/1271783508/FlashStorage.o
 .debug_aranges
                0x000004c0       0x20 build/default/debug/_ext/1445274692/main.o
 .debug_aranges
                0x000004e0       0x20 /home/opt/microchip/xc32/v1.00/bin/../lib/gcc/pic32mx/4.5.1/libgcc.a(floatunsisf.o)
 .debug_aranges
                0x00000500       0x20 /home/opt/microchip/xc32/v1.00/bin/../lib/gcc/pic32mx/4.5.1/../../../../pic32mx/lib/libc.a(default-bootstrap-exception-handler.o)
 .debug_aranges
                0x00000520       0x20 /home/opt/microchip/xc32/v1.00/bin/../lib/gcc/pic32mx/4.5.1/../../../../pic32mx/lib/libc.a(default-on-reset.o)
 .debug_aranges
                0x00000540       0x20 /home/opt/microchip/xc32/v1.00/bin/../lib/gcc/pic32mx/4.5.1/../../../../pic32mx/lib/libc.a(default-on-bootstrap.o)
 .debug_aranges
                0x00000560       0x20 /home/opt/microchip/xc32/v1.00/bin/../lib/gcc/pic32mx/4.5.1/../../../../pic32mx/lib/libm.a(w_atan2f.o)
 .debug_aranges
                0x00000580       0x20 /home/opt/microchip/xc32/v1.00/bin/../lib/gcc/pic32mx/4.5.1/../../../../pic32mx/lib/libm.a(w_sqrtf.o)
 .debug_aranges
                0x000005a0       0x30 /home/opt/microchip/xc32/v1.00/bin/../lib/gcc/pic32mx/4.5.1/../../../../pic32mx/lib/libm.a(cabs.o)
 .debug_aranges
                0x000005d0       0x78 /home/opt/microchip/xc32/v1.00/bin/../lib/gcc/pic32mx/4.5.1/../../../../pic32mx/lib/libm.a(support.o)
 .debug_aranges
                0x00000648       0x20 /home/opt/microchip/xc32/v1.00/bin/../lib/gcc/pic32mx/4.5.1/../../../../pic32mx/lib/libm.a(w_ldexp.o)
 .debug_aranges
                0x00000668       0x20 /home/opt/microchip/xc32/v1.00/bin/../lib/gcc/pic32mx/4.5.1/../../../../pic32mx/lib/libm.a(w_sqrt.o)
 .debug_aranges
                0x00000688       0x48 /home/opt/microchip/xc32/v1.00/bin/../lib/gcc/pic32mx/4.5.1/../../../../pic32mx/lib/libc.a(isinf.o)
 .debug_aranges
                0x000006d0       0x20 /home/opt/microchip/xc32/v1.00/bin/../lib/gcc/pic32mx/4.5.1/../../../../pic32mx/lib/libe.a(_unorddf2.o)
 .debug_aranges
                0x000006f0       0x28 /home/opt/microchip/xc32/v1.00/bin/../lib/gcc/pic32mx/4.5.1/../../../../pic32mx/lib/libmchp_peripheral_32MX440F128H.a(pcache.o)
 .debug_aranges
                0x00000718       0x20 /home/opt/microchip/xc32/v1.00/bin/../lib/gcc/pic32mx/4.5.1/../../../../pic32mx/lib/libmchp_peripheral_32MX440F128H.a(int_enable_interrupts_lib.o)
 .debug_aranges
                0x00000738       0x20 /home/opt/microchip/xc32/v1.00/bin/../lib/gcc/pic32mx/4.5.1/../../../../pic32mx/lib/libmchp_peripheral_32MX440F128H.a(int_disable_interrupts_lib.o)
 .debug_aranges
                0x00000758       0x20 /home/opt/microchip/xc32/v1.00/bin/../lib/gcc/pic32mx/4.5.1/../../../../pic32mx/lib/libmchp_peripheral_32MX440F128H.a(int_restore_interrupts_lib.o)
 .debug_aranges
                0x00000778       0x20 /home/opt/microchip/xc32/v1.00/bin/../lib/gcc/pic32mx/4.5.1/../../../../pic32mx/lib/libmchp_peripheral_32MX440F128H.a(int_enable_mv_int_lib.o)
 .debug_aranges
                0x00000798       0x60 /home/opt/microchip/xc32/v1.00/bin/../lib/gcc/pic32mx/4.5.1/../../../../pic32mx/lib/libmchp_peripheral_32MX440F128H.a(int_tbl_lib.o)
 .debug_aranges
                0x000007f8       0x28 /home/opt/microchip/xc32/v1.00/bin/../lib/gcc/pic32mx/4.5.1/../../../../pic32mx/lib/libmchp_peripheral_32MX440F128H.a(spi_chn_getc_lib.o)
 .debug_aranges
                0x00000820       0x30 /home/opt/microchip/xc32/v1.00/bin/../lib/gcc/pic32mx/4.5.1/../../../../pic32mx/lib/libmchp_peripheral_32MX440F128H.a(spi_chn_putc_lib.o)
 .debug_aranges
                0x00000850       0x20 /home/opt/microchip/xc32/v1.00/bin/../lib/gcc/pic32mx/4.5.1/../../../../pic32mx/lib/libmchp_peripheral_32MX440F128H.a(spi_open_spi2_lib_legacy.o)
 .debug_aranges
                0x00000870       0x20 /home/opt/microchip/xc32/v1.00/bin/../lib/gcc/pic32mx/4.5.1/../../../../pic32mx/lib/libmchp_peripheral_32MX440F128H.a(nvm_erase_page_lib.o)
 .debug_aranges
                0x00000890       0x20 /home/opt/microchip/xc32/v1.00/bin/../lib/gcc/pic32mx/4.5.1/../../../../pic32mx/lib/libmchp_peripheral_32MX440F128H.a(nvm_operation_lib.o)
 .debug_aranges
                0x000008b0       0x20 /home/opt/microchip/xc32/v1.00/bin/../lib/gcc/pic32mx/4.5.1/../../../../pic32mx/lib/libmchp_peripheral_32MX440F128H.a(nvm_write_word_lib.o)
 .debug_aranges
                0x000008d0       0x20 /home/opt/microchip/xc32/v1.00/bin/../lib/gcc/pic32mx/4.5.1/../../../../pic32mx/lib/libmchp_peripheral_32MX440F128H.a(port_set_pins_digital_out_lib.o)
 .debug_aranges
                0x000008f0       0x20 /home/opt/microchip/xc32/v1.00/bin/../lib/gcc/pic32mx/4.5.1/../../../../pic32mx/lib/libmchp_peripheral_32MX440F128H.a(port_clear_bits_lib.o)
 .debug_aranges
                0x00000910       0x20 /home/opt/microchip/xc32/v1.00/bin/../lib/gcc/pic32mx/4.5.1/../../../../pic32mx/lib/libmchp_peripheral_32MX440F128H.a(port_set_bits_lib.o)
 .debug_aranges
                0x00000930       0x58 /home/opt/microchip/xc32/v1.00/bin/../lib/gcc/pic32mx/4.5.1/../../../../pic32mx/lib/libmchp_peripheral_32MX440F128H.a(uart_lib.o)

.debug_pubnames
                0x00000000     0x296b
 *(.debug_pubnames)
 .debug_pubnames
                0x00000000       0x3f build/default/debug/_ext/464348676/Namespace_bcs_rpc.o
 .debug_pubnames
                0x0000003f       0x40 build/default/debug/_ext/464348676/Bowler_RPC_Process.o
 .debug_pubnames
                0x0000007f      0x3ad build/default/debug/_ext/464348676/AbstractPID.o
 .debug_pubnames
                0x0000042c       0x1f build/default/debug/_ext/464348676/Scheduler.o
 .debug_pubnames
                0x0000044b       0xf3 build/default/debug/_ext/464348676/Namespace_bcs_core.o
 .debug_pubnames
                0x0000053e       0x9f build/default/debug/_ext/464348676/Bowler_Transport.o
 .debug_pubnames
                0x000005dd       0x71 build/default/debug/_ext/464348676/Bowler_Server.o
 .debug_pubnames
                0x0000064e      0x154 build/default/debug/_ext/464348676/FIFO.o
 .debug_pubnames
                0x000007a2      0x192 build/default/debug/_ext/464348676/Debug.o
 .debug_pubnames
                0x00000934       0x48 build/default/debug/_ext/464348676/Namespace_bcs_pid.o
 .debug_pubnames
                0x0000097c       0xf6 build/default/debug/_ext/464348676/Bowler_Helper.o
 .debug_pubnames
                0x00000a72      0x1d0 build/default/debug/_ext/263962707/Servo.o
 .debug_pubnames
                0x00000c42       0x2b build/default/debug/_ext/263962707/SPIClient.o
 .debug_pubnames
                0x00000c6d       0xd9 build/default/debug/_ext/263962707/ForgeHeater.o
 .debug_pubnames
                0x00000d46      0x170 build/default/debug/_ext/263962707/AS5055.o
 .debug_pubnames
                0x00000eb6       0x53 build/default/debug/_ext/1494288313/KosselKinematics.o
 .debug_pubnames
                0x00000f09      0x2ae build/default/debug/_ext/1494288313/CartesianController.o
 .debug_pubnames
                0x000011b7       0xe9 build/default/debug/_ext/1494288313/delta.o
 .debug_pubnames
                0x000012a0       0x58 build/default/debug/_ext/519170017/StepperSim.o
 .debug_pubnames
                0x000012f8       0xe6 build/default/debug/_ext/519170017/servoCalibration.o
 .debug_pubnames
                0x000013de       0xf9 build/default/debug/_ext/519170017/PID.o
 .debug_pubnames
                0x000014d7       0x3c build/default/debug/_ext/2048476848/UpstreamPackets.o
 .debug_pubnames
                0x00001513       0x4f build/default/debug/_ext/2048476848/Namespace_bcs_cartesian.o
 .debug_pubnames
                0x00001562       0x54 build/default/debug/_ext/2048476848/Callbacks.o
 .debug_pubnames
                0x000015b6      0x3d5 build/default/debug/_ext/161057953/usb_device.o
 .debug_pubnames
                0x0000198b       0xe7 build/default/debug/_ext/161057953/usb_fifo.o
 .debug_pubnames
                0x00001a72       0xc2 build/default/debug/_ext/161057953/usb_descriptors.o
 .debug_pubnames
                0x00001b34       0xfc build/default/debug/_ext/161057953/usb_callback.o
 .debug_pubnames
                0x00001c30      0x1b1 build/default/debug/_ext/161057953/usb_function_cdc.o
 .debug_pubnames
                0x00001de1       0xe8 build/default/debug/_ext/1271783508/Bowler_UART_HAL.o
 .debug_pubnames
                0x00001ec9       0x4c build/default/debug/_ext/1271783508/Bowler_USB_HAL.o
 .debug_pubnames
                0x00001f15       0x50 build/default/debug/_ext/1271783508/LED.o
 .debug_pubnames
                0x00001f65       0x8d build/default/debug/_ext/1271783508/Tick.o
 .debug_pubnames
                0x00001ff2       0x5d build/default/debug/_ext/1271783508/Delay.o
 .debug_pubnames
                0x0000204f       0xf6 build/default/debug/_ext/1271783508/HAL_P32.o
 .debug_pubnames
                0x00002145       0x52 build/default/debug/_ext/1271783508/ADC.o
 .debug_pubnames
                0x00002197       0x4e build/default/debug/_ext/1271783508/UART.o
 .debug_pubnames
                0x000021e5       0xcd build/default/debug/_ext/1271783508/FlashStorage.o
 .debug_pubnames
                0x000022b2       0x96 build/default/debug/_ext/1445274692/main.o
 .debug_pubnames
                0x00002348       0x24 /home/opt/microchip/xc32/v1.00/bin/../lib/gcc/pic32mx/4.5.1/libgcc.a(floatunsisf.o)
 .debug_pubnames
                0x0000236c       0x33 /home/opt/microchip/xc32/v1.00/bin/../lib/gcc/pic32mx/4.5.1/../../../../pic32mx/lib/libc.a(default-bootstrap-exception-handler.o)
 .debug_pubnames
                0x0000239f       0x20 /home/opt/microchip/xc32/v1.00/bin/../lib/gcc/pic32mx/4.5.1/../../../../pic32mx/lib/libc.a(default-on-reset.o)
 .debug_pubnames
                0x000023bf       0x24 /home/opt/microchip/xc32/v1.00/bin/../lib/gcc/pic32mx/4.5.1/../../../../pic32mx/lib/libc.a(default-on-bootstrap.o)
 .debug_pubnames
                0x000023e3       0x1d /home/opt/microchip/xc32/v1.00/bin/../lib/gcc/pic32mx/4.5.1/../../../../pic32mx/lib/libm.a(w_atan2f.o)
 .debug_pubnames
                0x00002400       0x1c /home/opt/microchip/xc32/v1.00/bin/../lib/gcc/pic32mx/4.5.1/../../../../pic32mx/lib/libm.a(w_sqrtf.o)
 .debug_pubnames
                0x0000241c       0x32 /home/opt/microchip/xc32/v1.00/bin/../lib/gcc/pic32mx/4.5.1/../../../../pic32mx/lib/libm.a(cabs.o)
 .debug_pubnames
                0x0000244e       0x98 /home/opt/microchip/xc32/v1.00/bin/../lib/gcc/pic32mx/4.5.1/../../../../pic32mx/lib/libm.a(support.o)
 .debug_pubnames
                0x000024e6       0x1c /home/opt/microchip/xc32/v1.00/bin/../lib/gcc/pic32mx/4.5.1/../../../../pic32mx/lib/libm.a(w_ldexp.o)
 .debug_pubnames
                0x00002502       0x1b /home/opt/microchip/xc32/v1.00/bin/../lib/gcc/pic32mx/4.5.1/../../../../pic32mx/lib/libm.a(w_sqrt.o)
 .debug_pubnames
                0x0000251d       0x52 /home/opt/microchip/xc32/v1.00/bin/../lib/gcc/pic32mx/4.5.1/../../../../pic32mx/lib/libc.a(isinf.o)
 .debug_pubnames
                0x0000256f       0x21 /home/opt/microchip/xc32/v1.00/bin/../lib/gcc/pic32mx/4.5.1/../../../../pic32mx/lib/libe.a(_unorddf2.o)
 .debug_pubnames
                0x00002590       0x3b /home/opt/microchip/xc32/v1.00/bin/../lib/gcc/pic32mx/4.5.1/../../../../pic32mx/lib/libmchp_peripheral_32MX440F128H.a(pcache.o)
 .debug_pubnames
                0x000025cb       0x2a /home/opt/microchip/xc32/v1.00/bin/../lib/gcc/pic32mx/4.5.1/../../../../pic32mx/lib/libmchp_peripheral_32MX440F128H.a(int_enable_interrupts_lib.o)
 .debug_pubnames
                0x000025f5       0x2b /home/opt/microchip/xc32/v1.00/bin/../lib/gcc/pic32mx/4.5.1/../../../../pic32mx/lib/libmchp_peripheral_32MX440F128H.a(int_disable_interrupts_lib.o)
 .debug_pubnames
                0x00002620       0x2b /home/opt/microchip/xc32/v1.00/bin/../lib/gcc/pic32mx/4.5.1/../../../../pic32mx/lib/libmchp_peripheral_32MX440F128H.a(int_restore_interrupts_lib.o)
 .debug_pubnames
                0x0000264b       0x36 /home/opt/microchip/xc32/v1.00/bin/../lib/gcc/pic32mx/4.5.1/../../../../pic32mx/lib/libmchp_peripheral_32MX440F128H.a(int_enable_mv_int_lib.o)
 .debug_pubnames
                0x00002681       0xca /home/opt/microchip/xc32/v1.00/bin/../lib/gcc/pic32mx/4.5.1/../../../../pic32mx/lib/libmchp_peripheral_32MX440F128H.a(int_tbl_lib.o)
 .debug_pubnames
                0x0000274b       0x31 /home/opt/microchip/xc32/v1.00/bin/../lib/gcc/pic32mx/4.5.1/../../../../pic32mx/lib/libmchp_peripheral_32MX440F128H.a(spi_chn_getc_lib.o)
 .debug_pubnames
                0x0000277c       0x43 /home/opt/microchip/xc32/v1.00/bin/../lib/gcc/pic32mx/4.5.1/../../../../pic32mx/lib/libmchp_peripheral_32MX440F128H.a(spi_chn_putc_lib.o)
 .debug_pubnames
                0x000027bf       0x1f /home/opt/microchip/xc32/v1.00/bin/../lib/gcc/pic32mx/4.5.1/../../../../pic32mx/lib/libmchp_peripheral_32MX440F128H.a(spi_open_spi2_lib_legacy.o)
 .debug_pubnames
                0x000027de       0x23 /home/opt/microchip/xc32/v1.00/bin/../lib/gcc/pic32mx/4.5.1/../../../../pic32mx/lib/libmchp_peripheral_32MX440F128H.a(nvm_erase_page_lib.o)
 .debug_pubnames
                0x00002801       0x24 /home/opt/microchip/xc32/v1.00/bin/../lib/gcc/pic32mx/4.5.1/../../../../pic32mx/lib/libmchp_peripheral_32MX440F128H.a(nvm_operation_lib.o)
 .debug_pubnames
                0x00002825       0x23 /home/opt/microchip/xc32/v1.00/bin/../lib/gcc/pic32mx/4.5.1/../../../../pic32mx/lib/libmchp_peripheral_32MX440F128H.a(nvm_write_word_lib.o)
 .debug_pubnames
                0x00002848       0x2c /home/opt/microchip/xc32/v1.00/bin/../lib/gcc/pic32mx/4.5.1/../../../../pic32mx/lib/libmchp_peripheral_32MX440F128H.a(port_set_pins_digital_out_lib.o)
 .debug_pubnames
                0x00002874       0x24 /home/opt/microchip/xc32/v1.00/bin/../lib/gcc/pic32mx/4.5.1/../../../../pic32mx/lib/libmchp_peripheral_32MX440F128H.a(port_clear_bits_lib.o)
 .debug_pubnames
                0x00002898       0x22 /home/opt/microchip/xc32/v1.00/bin/../lib/gcc/pic32mx/4.5.1/../../../../pic32mx/lib/libmchp_peripheral_32MX440F128H.a(port_set_bits_lib.o)
 .debug_pubnames
                0x000028ba       0xb1 /home/opt/microchip/xc32/v1.00/bin/../lib/gcc/pic32mx/4.5.1/../../../../pic32mx/lib/libmchp_peripheral_32MX440F128H.a(uart_lib.o)

.debug_info     0x00000000    0x42fd9
 *(.debug_info .gnu.linkonce.wi.*)
 .debug_info    0x00000000     0x1851 build/default/debug/_ext/464348676/Namespace_bcs_rpc.o
 .debug_info    0x00001851     0x1751 build/default/debug/_ext/464348676/Bowler_RPC_Process.o
 .debug_info    0x00002fa2     0x192f build/default/debug/_ext/464348676/AbstractPID.o
 .debug_info    0x000048d1     0x1041 build/default/debug/_ext/464348676/Scheduler.o
 .debug_info    0x00005912     0x1a16 build/default/debug/_ext/464348676/Namespace_bcs_core.o
 .debug_info    0x00007328     0x1558 build/default/debug/_ext/464348676/Bowler_Transport.o
 .debug_info    0x00008880     0x183d build/default/debug/_ext/464348676/Bowler_Server.o
 .debug_info    0x0000a0bd     0x1835 build/default/debug/_ext/464348676/FIFO.o
 .debug_info    0x0000b8f2     0x1d13 build/default/debug/_ext/464348676/Debug.o
 .debug_info    0x0000d605      0xfa4 build/default/debug/_ext/464348676/Bowler_Stack_Callback.o
 .debug_info    0x0000e5a9     0x17e1 build/default/debug/_ext/464348676/Namespace_bcs_pid.o
 .debug_info    0x0000fd8a     0x1720 build/default/debug/_ext/464348676/Bowler_Helper.o
 .debug_info    0x000114aa     0x1cd3 build/default/debug/_ext/263962707/Servo.o
 .debug_info    0x0001317d      0xfd8 build/default/debug/_ext/263962707/SPIClient.o
 .debug_info    0x00014155     0x1981 build/default/debug/_ext/263962707/ForgeHeater.o
 .debug_info    0x00015ad6     0x2486 build/default/debug/_ext/263962707/AS5055.o
 .debug_info    0x00017f5c      0x53a build/default/debug/_ext/1494288313/KosselKinematics.o
 .debug_info    0x00018496     0x2254 build/default/debug/_ext/1494288313/CartesianController.o
 .debug_info    0x0001a6ea      0xf69 build/default/debug/_ext/1494288313/DeltaKinematics.o
 .debug_info    0x0001b653     0x1713 build/default/debug/_ext/1494288313/delta.o
 .debug_info    0x0001cd66      0xf60 build/default/debug/_ext/519170017/MotionTest.o
 .debug_info    0x0001dcc6     0x154c build/default/debug/_ext/519170017/StepperSim.o
 .debug_info    0x0001f212     0x176a build/default/debug/_ext/519170017/servoCalibration.o
 .debug_info    0x0002097c     0x1c63 build/default/debug/_ext/519170017/PID.o
 .debug_info    0x000225df     0x15e5 build/default/debug/_ext/2048476848/UpstreamPackets.o
 .debug_info    0x00023bc4     0x1743 build/default/debug/_ext/2048476848/Namespace_bcs_cartesian.o
 .debug_info    0x00025307     0x1581 build/default/debug/_ext/2048476848/Callbacks.o
 .debug_info    0x00026888      0xfa3 build/default/debug/_ext/161057953/usb_interrupt.o
 .debug_info    0x0002782b     0x36a3 build/default/debug/_ext/161057953/usb_device.o
 .debug_info    0x0002aece     0x1b37 build/default/debug/_ext/161057953/usb_fifo.o
 .debug_info    0x0002ca05     0x16d1 build/default/debug/_ext/161057953/usb_descriptors.o
 .debug_info    0x0002e0d6     0x1ca3 build/default/debug/_ext/161057953/usb_callback.o
 .debug_info    0x0002fd79     0x2943 build/default/debug/_ext/161057953/usb_function_cdc.o
 .debug_info    0x000326bc     0x259e build/default/debug/_ext/1271783508/Bowler_UART_HAL.o
 .debug_info    0x00034c5a     0x109c build/default/debug/_ext/1271783508/Bowler_USB_HAL.o
 .debug_info    0x00035cf6     0x11b5 build/default/debug/_ext/1271783508/LED.o
 .debug_info    0x00036eab     0x14ac build/default/debug/_ext/1271783508/Tick.o
 .debug_info    0x00038357     0x10c0 build/default/debug/_ext/1271783508/Delay.o
 .debug_info    0x00039417     0x1975 build/default/debug/_ext/1271783508/HAL_P32.o
 .debug_info    0x0003ad8c     0x1bbc build/default/debug/_ext/1271783508/ADC.o
 .debug_info    0x0003c948     0x16fd build/default/debug/_ext/1271783508/UART.o
 .debug_info    0x0003e045     0x164a build/default/debug/_ext/1271783508/FlashStorage.o
 .debug_info    0x0003f68f     0x210b build/default/debug/_ext/1445274692/main.o
 .debug_info    0x0004179a      0x146 /home/opt/microchip/xc32/v1.00/bin/../lib/gcc/pic32mx/4.5.1/libgcc.a(floatunsisf.o)
 .debug_info    0x000418e0       0xcb /home/opt/microchip/xc32/v1.00/bin/../lib/gcc/pic32mx/4.5.1/../../../../pic32mx/lib/libc.a(default-bootstrap-exception-handler.o)
 .debug_info    0x000419ab       0xa5 /home/opt/microchip/xc32/v1.00/bin/../lib/gcc/pic32mx/4.5.1/../../../../pic32mx/lib/libc.a(default-on-reset.o)
 .debug_info    0x00041a50       0xad /home/opt/microchip/xc32/v1.00/bin/../lib/gcc/pic32mx/4.5.1/../../../../pic32mx/lib/libc.a(default-on-bootstrap.o)
 .debug_info    0x00041afd       0xb7 /home/opt/microchip/xc32/v1.00/bin/../lib/gcc/pic32mx/4.5.1/../../../../pic32mx/lib/libm.a(w_atan2f.o)
 .debug_info    0x00041bb4       0x99 /home/opt/microchip/xc32/v1.00/bin/../lib/gcc/pic32mx/4.5.1/../../../../pic32mx/lib/libm.a(w_sqrtf.o)
 .debug_info    0x00041c4d        0x0 /home/opt/microchip/xc32/v1.00/bin/../lib/gcc/pic32mx/4.5.1/../../../../pic32mx/lib/libm.a(s_lib_ver.o)
 .debug_info    0x00041c4d       0xcf /home/opt/microchip/xc32/v1.00/bin/../lib/gcc/pic32mx/4.5.1/../../../../pic32mx/lib/libm.a(cabs.o)
 .debug_info    0x00041d1c      0x18f /home/opt/microchip/xc32/v1.00/bin/../lib/gcc/pic32mx/4.5.1/../../../../pic32mx/lib/libm.a(support.o)
 .debug_info    0x00041eab       0xa0 /home/opt/microchip/xc32/v1.00/bin/../lib/gcc/pic32mx/4.5.1/../../../../pic32mx/lib/libm.a(w_ldexp.o)
 .debug_info    0x00041f4b       0x97 /home/opt/microchip/xc32/v1.00/bin/../lib/gcc/pic32mx/4.5.1/../../../../pic32mx/lib/libm.a(w_sqrt.o)
 .debug_info    0x00041fe2        0x0 /home/opt/microchip/xc32/v1.00/bin/../lib/gcc/pic32mx/4.5.1/../../../../pic32mx/lib/libc.a(errno.o)
 .debug_info    0x00041fe2       0xfc /home/opt/microchip/xc32/v1.00/bin/../lib/gcc/pic32mx/4.5.1/../../../../pic32mx/lib/libc.a(isinf.o)
 .debug_info    0x000420de       0xaa /home/opt/microchip/xc32/v1.00/bin/../lib/gcc/pic32mx/4.5.1/../../../../pic32mx/lib/libe.a(_unorddf2.o)
 .debug_info    0x00042188       0xd4 /home/opt/microchip/xc32/v1.00/bin/../lib/gcc/pic32mx/4.5.1/../../../../pic32mx/lib/libmchp_peripheral_32MX440F128H.a(pcache.o)
 .debug_info    0x0004225c       0xc9 /home/opt/microchip/xc32/v1.00/bin/../lib/gcc/pic32mx/4.5.1/../../../../pic32mx/lib/libmchp_peripheral_32MX440F128H.a(int_enable_interrupts_lib.o)
 .debug_info    0x00042325       0xcb /home/opt/microchip/xc32/v1.00/bin/../lib/gcc/pic32mx/4.5.1/../../../../pic32mx/lib/libmchp_peripheral_32MX440F128H.a(int_disable_interrupts_lib.o)
 .debug_info    0x000423f0       0xcb /home/opt/microchip/xc32/v1.00/bin/../lib/gcc/pic32mx/4.5.1/../../../../pic32mx/lib/libmchp_peripheral_32MX440F128H.a(int_restore_interrupts_lib.o)
 .debug_info    0x000424bb       0xd1 /home/opt/microchip/xc32/v1.00/bin/../lib/gcc/pic32mx/4.5.1/../../../../pic32mx/lib/libmchp_peripheral_32MX440F128H.a(int_enable_mv_int_lib.o)
 .debug_info    0x0004258c      0x1ab /home/opt/microchip/xc32/v1.00/bin/../lib/gcc/pic32mx/4.5.1/../../../../pic32mx/lib/libmchp_peripheral_32MX440F128H.a(int_tbl_lib.o)
 .debug_info    0x00042737       0xd1 /home/opt/microchip/xc32/v1.00/bin/../lib/gcc/pic32mx/4.5.1/../../../../pic32mx/lib/libmchp_peripheral_32MX440F128H.a(spi_chn_getc_lib.o)
 .debug_info    0x00042808       0xed /home/opt/microchip/xc32/v1.00/bin/../lib/gcc/pic32mx/4.5.1/../../../../pic32mx/lib/libmchp_peripheral_32MX440F128H.a(spi_chn_putc_lib.o)
 .debug_info    0x000428f5        0x0 /home/opt/microchip/xc32/v1.00/bin/../lib/gcc/pic32mx/4.5.1/../../../../pic32mx/lib/libmchp_peripheral_32MX440F128H.a(spi_map_tbl_libp.o)
 .debug_info    0x000428f5       0xbd /home/opt/microchip/xc32/v1.00/bin/../lib/gcc/pic32mx/4.5.1/../../../../pic32mx/lib/libmchp_peripheral_32MX440F128H.a(spi_open_spi2_lib_legacy.o)
 .debug_info    0x000429b2        0x0 /home/opt/microchip/xc32/v1.00/bin/../lib/gcc/pic32mx/4.5.1/../../../../pic32mx/lib/libmchp_peripheral_32MX440F128H.a(spi_brg_tbl_lib_legacy.o)
 .debug_info    0x000429b2       0xbb /home/opt/microchip/xc32/v1.00/bin/../lib/gcc/pic32mx/4.5.1/../../../../pic32mx/lib/libmchp_peripheral_32MX440F128H.a(nvm_erase_page_lib.o)
 .debug_info    0x00042a6d       0xdc /home/opt/microchip/xc32/v1.00/bin/../lib/gcc/pic32mx/4.5.1/../../../../pic32mx/lib/libmchp_peripheral_32MX440F128H.a(nvm_operation_lib.o)
 .debug_info    0x00042b49       0xbb /home/opt/microchip/xc32/v1.00/bin/../lib/gcc/pic32mx/4.5.1/../../../../pic32mx/lib/libmchp_peripheral_32MX440F128H.a(nvm_write_word_lib.o)
 .debug_info    0x00042c04       0xd1 /home/opt/microchip/xc32/v1.00/bin/../lib/gcc/pic32mx/4.5.1/../../../../pic32mx/lib/libmchp_peripheral_32MX440F128H.a(port_set_pins_digital_out_lib.o)
 .debug_info    0x00042cd5       0xbf /home/opt/microchip/xc32/v1.00/bin/../lib/gcc/pic32mx/4.5.1/../../../../pic32mx/lib/libmchp_peripheral_32MX440F128H.a(port_clear_bits_lib.o)
 .debug_info    0x00042d94       0xbb /home/opt/microchip/xc32/v1.00/bin/../lib/gcc/pic32mx/4.5.1/../../../../pic32mx/lib/libmchp_peripheral_32MX440F128H.a(port_set_bits_lib.o)
 .debug_info    0x00042e4f        0x0 /home/opt/microchip/xc32/v1.00/bin/../lib/gcc/pic32mx/4.5.1/../../../../pic32mx/lib/libmchp_peripheral_32MX440F128H.a(_ports_tbl_libp.o)
 .debug_info    0x00042e4f      0x18a /home/opt/microchip/xc32/v1.00/bin/../lib/gcc/pic32mx/4.5.1/../../../../pic32mx/lib/libmchp_peripheral_32MX440F128H.a(uart_lib.o)

.debug_abbrev   0x00000000     0x6396
 *(.debug_abbrev)
 .debug_abbrev  0x00000000      0x251 build/default/debug/_ext/464348676/Namespace_bcs_rpc.o
 .debug_abbrev  0x00000251      0x256 build/default/debug/_ext/464348676/Bowler_RPC_Process.o
 .debug_abbrev  0x000004a7      0x282 build/default/debug/_ext/464348676/AbstractPID.o
 .debug_abbrev  0x00000729      0x1ac build/default/debug/_ext/464348676/Scheduler.o
 .debug_abbrev  0x000008d5      0x2a8 build/default/debug/_ext/464348676/Namespace_bcs_core.o
 .debug_abbrev  0x00000b7d      0x244 build/default/debug/_ext/464348676/Bowler_Transport.o
 .debug_abbrev  0x00000dc1      0x28b build/default/debug/_ext/464348676/Bowler_Server.o
 .debug_abbrev  0x0000104c      0x24c build/default/debug/_ext/464348676/FIFO.o
 .debug_abbrev  0x00001298      0x2b0 build/default/debug/_ext/464348676/Debug.o
 .debug_abbrev  0x00001548      0x166 build/default/debug/_ext/464348676/Bowler_Stack_Callback.o
 .debug_abbrev  0x000016ae      0x242 build/default/debug/_ext/464348676/Namespace_bcs_pid.o
 .debug_abbrev  0x000018f0      0x23d build/default/debug/_ext/464348676/Bowler_Helper.o
 .debug_abbrev  0x00001b2d      0x302 build/default/debug/_ext/263962707/Servo.o
 .debug_abbrev  0x00001e2f      0x19d build/default/debug/_ext/263962707/SPIClient.o
 .debug_abbrev  0x00001fcc      0x217 build/default/debug/_ext/263962707/ForgeHeater.o
 .debug_abbrev  0x000021e3      0x292 build/default/debug/_ext/263962707/AS5055.o
 .debug_abbrev  0x00002475       0x93 build/default/debug/_ext/1494288313/KosselKinematics.o
 .debug_abbrev  0x00002508      0x387 build/default/debug/_ext/1494288313/CartesianController.o
 .debug_abbrev  0x0000288f      0x166 build/default/debug/_ext/1494288313/DeltaKinematics.o
 .debug_abbrev  0x000029f5      0x1ee build/default/debug/_ext/1494288313/delta.o
 .debug_abbrev  0x00002be3      0x166 build/default/debug/_ext/519170017/MotionTest.o
 .debug_abbrev  0x00002d49      0x1ca build/default/debug/_ext/519170017/StepperSim.o
 .debug_abbrev  0x00002f13      0x250 build/default/debug/_ext/519170017/servoCalibration.o
 .debug_abbrev  0x00003163      0x2aa build/default/debug/_ext/519170017/PID.o
 .debug_abbrev  0x0000340d      0x219 build/default/debug/_ext/2048476848/UpstreamPackets.o
 .debug_abbrev  0x00003626      0x258 build/default/debug/_ext/2048476848/Namespace_bcs_cartesian.o
 .debug_abbrev  0x0000387e      0x242 build/default/debug/_ext/2048476848/Callbacks.o
 .debug_abbrev  0x00003ac0      0x166 build/default/debug/_ext/161057953/usb_interrupt.o
 .debug_abbrev  0x00003c26      0x2c0 build/default/debug/_ext/161057953/usb_device.o
 .debug_abbrev  0x00003ee6      0x289 build/default/debug/_ext/161057953/usb_fifo.o
 .debug_abbrev  0x0000416f      0x209 build/default/debug/_ext/161057953/usb_descriptors.o
 .debug_abbrev  0x00004378      0x23e build/default/debug/_ext/161057953/usb_callback.o
 .debug_abbrev  0x000045b6      0x2e3 build/default/debug/_ext/161057953/usb_function_cdc.o
 .debug_abbrev  0x00004899      0x279 build/default/debug/_ext/1271783508/Bowler_UART_HAL.o
 .debug_abbrev  0x00004b12      0x1d4 build/default/debug/_ext/1271783508/Bowler_USB_HAL.o
 .debug_abbrev  0x00004ce6      0x1b7 build/default/debug/_ext/1271783508/LED.o
 .debug_abbrev  0x00004e9d      0x20b build/default/debug/_ext/1271783508/Tick.o
 .debug_abbrev  0x000050a8      0x1b0 build/default/debug/_ext/1271783508/Delay.o
 .debug_abbrev  0x00005258      0x2b6 build/default/debug/_ext/1271783508/HAL_P32.o
 .debug_abbrev  0x0000550e      0x1db build/default/debug/_ext/1271783508/ADC.o
 .debug_abbrev  0x000056e9      0x231 build/default/debug/_ext/1271783508/UART.o
 .debug_abbrev  0x0000591a      0x20f build/default/debug/_ext/1271783508/FlashStorage.o
 .debug_abbrev  0x00005b29      0x382 build/default/debug/_ext/1445274692/main.o
 .debug_abbrev  0x00005eab       0x61 /home/opt/microchip/xc32/v1.00/bin/../lib/gcc/pic32mx/4.5.1/libgcc.a(floatunsisf.o)
 .debug_abbrev  0x00005f0c       0x25 /home/opt/microchip/xc32/v1.00/bin/../lib/gcc/pic32mx/4.5.1/../../../../pic32mx/lib/libc.a(default-bootstrap-exception-handler.o)
 .debug_abbrev  0x00005f31       0x25 /home/opt/microchip/xc32/v1.00/bin/../lib/gcc/pic32mx/4.5.1/../../../../pic32mx/lib/libc.a(default-on-reset.o)
 .debug_abbrev  0x00005f56       0x25 /home/opt/microchip/xc32/v1.00/bin/../lib/gcc/pic32mx/4.5.1/../../../../pic32mx/lib/libc.a(default-on-bootstrap.o)
 .debug_abbrev  0x00005f7b       0x41 /home/opt/microchip/xc32/v1.00/bin/../lib/gcc/pic32mx/4.5.1/../../../../pic32mx/lib/libm.a(w_atan2f.o)
 .debug_abbrev  0x00005fbc       0x25 /home/opt/microchip/xc32/v1.00/bin/../lib/gcc/pic32mx/4.5.1/../../../../pic32mx/lib/libm.a(w_sqrtf.o)
 .debug_abbrev  0x00005fe1        0x1 /home/opt/microchip/xc32/v1.00/bin/../lib/gcc/pic32mx/4.5.1/../../../../pic32mx/lib/libm.a(s_lib_ver.o)
 .debug_abbrev  0x00005fe2       0x49 /home/opt/microchip/xc32/v1.00/bin/../lib/gcc/pic32mx/4.5.1/../../../../pic32mx/lib/libm.a(cabs.o)
 .debug_abbrev  0x0000602b       0x54 /home/opt/microchip/xc32/v1.00/bin/../lib/gcc/pic32mx/4.5.1/../../../../pic32mx/lib/libm.a(support.o)
 .debug_abbrev  0x0000607f       0x25 /home/opt/microchip/xc32/v1.00/bin/../lib/gcc/pic32mx/4.5.1/../../../../pic32mx/lib/libm.a(w_ldexp.o)
 .debug_abbrev  0x000060a4       0x25 /home/opt/microchip/xc32/v1.00/bin/../lib/gcc/pic32mx/4.5.1/../../../../pic32mx/lib/libm.a(w_sqrt.o)
 .debug_abbrev  0x000060c9        0x1 /home/opt/microchip/xc32/v1.00/bin/../lib/gcc/pic32mx/4.5.1/../../../../pic32mx/lib/libc.a(errno.o)
 .debug_abbrev  0x000060ca       0x25 /home/opt/microchip/xc32/v1.00/bin/../lib/gcc/pic32mx/4.5.1/../../../../pic32mx/lib/libc.a(isinf.o)
 .debug_abbrev  0x000060ef       0x32 /home/opt/microchip/xc32/v1.00/bin/../lib/gcc/pic32mx/4.5.1/../../../../pic32mx/lib/libe.a(_unorddf2.o)
 .debug_abbrev  0x00006121       0x25 /home/opt/microchip/xc32/v1.00/bin/../lib/gcc/pic32mx/4.5.1/../../../../pic32mx/lib/libmchp_peripheral_32MX440F128H.a(pcache.o)
 .debug_abbrev  0x00006146       0x25 /home/opt/microchip/xc32/v1.00/bin/../lib/gcc/pic32mx/4.5.1/../../../../pic32mx/lib/libmchp_peripheral_32MX440F128H.a(int_enable_interrupts_lib.o)
 .debug_abbrev  0x0000616b       0x25 /home/opt/microchip/xc32/v1.00/bin/../lib/gcc/pic32mx/4.5.1/../../../../pic32mx/lib/libmchp_peripheral_32MX440F128H.a(int_disable_interrupts_lib.o)
 .debug_abbrev  0x00006190       0x25 /home/opt/microchip/xc32/v1.00/bin/../lib/gcc/pic32mx/4.5.1/../../../../pic32mx/lib/libmchp_peripheral_32MX440F128H.a(int_restore_interrupts_lib.o)
 .debug_abbrev  0x000061b5       0x25 /home/opt/microchip/xc32/v1.00/bin/../lib/gcc/pic32mx/4.5.1/../../../../pic32mx/lib/libmchp_peripheral_32MX440F128H.a(int_enable_mv_int_lib.o)
 .debug_abbrev  0x000061da       0x25 /home/opt/microchip/xc32/v1.00/bin/../lib/gcc/pic32mx/4.5.1/../../../../pic32mx/lib/libmchp_peripheral_32MX440F128H.a(int_tbl_lib.o)
 .debug_abbrev  0x000061ff       0x25 /home/opt/microchip/xc32/v1.00/bin/../lib/gcc/pic32mx/4.5.1/../../../../pic32mx/lib/libmchp_peripheral_32MX440F128H.a(spi_chn_getc_lib.o)
 .debug_abbrev  0x00006224       0x25 /home/opt/microchip/xc32/v1.00/bin/../lib/gcc/pic32mx/4.5.1/../../../../pic32mx/lib/libmchp_peripheral_32MX440F128H.a(spi_chn_putc_lib.o)
 .debug_abbrev  0x00006249        0x1 /home/opt/microchip/xc32/v1.00/bin/../lib/gcc/pic32mx/4.5.1/../../../../pic32mx/lib/libmchp_peripheral_32MX440F128H.a(spi_map_tbl_libp.o)
 .debug_abbrev  0x0000624a       0x25 /home/opt/microchip/xc32/v1.00/bin/../lib/gcc/pic32mx/4.5.1/../../../../pic32mx/lib/libmchp_peripheral_32MX440F128H.a(spi_open_spi2_lib_legacy.o)
 .debug_abbrev  0x0000626f        0x1 /home/opt/microchip/xc32/v1.00/bin/../lib/gcc/pic32mx/4.5.1/../../../../pic32mx/lib/libmchp_peripheral_32MX440F128H.a(spi_brg_tbl_lib_legacy.o)
 .debug_abbrev  0x00006270       0x25 /home/opt/microchip/xc32/v1.00/bin/../lib/gcc/pic32mx/4.5.1/../../../../pic32mx/lib/libmchp_peripheral_32MX440F128H.a(nvm_erase_page_lib.o)
 .debug_abbrev  0x00006295       0x34 /home/opt/microchip/xc32/v1.00/bin/../lib/gcc/pic32mx/4.5.1/../../../../pic32mx/lib/libmchp_peripheral_32MX440F128H.a(nvm_operation_lib.o)
 .debug_abbrev  0x000062c9       0x25 /home/opt/microchip/xc32/v1.00/bin/../lib/gcc/pic32mx/4.5.1/../../../../pic32mx/lib/libmchp_peripheral_32MX440F128H.a(nvm_write_word_lib.o)
 .debug_abbrev  0x000062ee       0x25 /home/opt/microchip/xc32/v1.00/bin/../lib/gcc/pic32mx/4.5.1/../../../../pic32mx/lib/libmchp_peripheral_32MX440F128H.a(port_set_pins_digital_out_lib.o)
 .debug_abbrev  0x00006313       0x25 /home/opt/microchip/xc32/v1.00/bin/../lib/gcc/pic32mx/4.5.1/../../../../pic32mx/lib/libmchp_peripheral_32MX440F128H.a(port_clear_bits_lib.o)
 .debug_abbrev  0x00006338       0x25 /home/opt/microchip/xc32/v1.00/bin/../lib/gcc/pic32mx/4.5.1/../../../../pic32mx/lib/libmchp_peripheral_32MX440F128H.a(port_set_bits_lib.o)
 .debug_abbrev  0x0000635d        0x1 /home/opt/microchip/xc32/v1.00/bin/../lib/gcc/pic32mx/4.5.1/../../../../pic32mx/lib/libmchp_peripheral_32MX440F128H.a(_ports_tbl_libp.o)
 .debug_abbrev  0x0000635e       0x38 /home/opt/microchip/xc32/v1.00/bin/../lib/gcc/pic32mx/4.5.1/../../../../pic32mx/lib/libmchp_peripheral_32MX440F128H.a(uart_lib.o)

.debug_line     0x00000000     0x8509
 *(.debug_line)
 .debug_line    0x00000000      0x2c1 build/default/debug/_ext/464348676/Namespace_bcs_rpc.o
 .debug_line    0x000002c1      0x2a4 build/default/debug/_ext/464348676/Bowler_RPC_Process.o
 .debug_line    0x00000565      0x4fa build/default/debug/_ext/464348676/AbstractPID.o
 .debug_line    0x00000a5f      0x1eb build/default/debug/_ext/464348676/Scheduler.o
 .debug_line    0x00000c4a      0x32c build/default/debug/_ext/464348676/Namespace_bcs_core.o
 .debug_line    0x00000f76      0x28c build/default/debug/_ext/464348676/Bowler_Transport.o
 .debug_line    0x00001202      0x2b5 build/default/debug/_ext/464348676/Bowler_Server.o
 .debug_line    0x000014b7      0x2e4 build/default/debug/_ext/464348676/FIFO.o
 .debug_line    0x0000179b      0x3e0 build/default/debug/_ext/464348676/Debug.o
 .debug_line    0x00001b7b      0x15c build/default/debug/_ext/464348676/Bowler_Stack_Callback.o
 .debug_line    0x00001cd7      0x281 build/default/debug/_ext/464348676/Namespace_bcs_pid.o
 .debug_line    0x00001f58      0x29e build/default/debug/_ext/464348676/Bowler_Helper.o
 .debug_line    0x000021f6      0x356 build/default/debug/_ext/263962707/Servo.o
 .debug_line    0x0000254c      0x162 build/default/debug/_ext/263962707/SPIClient.o
 .debug_line    0x000026ae      0x292 build/default/debug/_ext/263962707/ForgeHeater.o
 .debug_line    0x00002940      0x34c build/default/debug/_ext/263962707/AS5055.o
 .debug_line    0x00002c8c      0x134 build/default/debug/_ext/1494288313/KosselKinematics.o
 .debug_line    0x00002dc0      0x4a2 build/default/debug/_ext/1494288313/CartesianController.o
 .debug_line    0x00003262      0x128 build/default/debug/_ext/1494288313/DeltaKinematics.o
 .debug_line    0x0000338a      0x26d build/default/debug/_ext/1494288313/delta.o
 .debug_line    0x000035f7      0x128 build/default/debug/_ext/519170017/MotionTest.o
 .debug_line    0x0000371f      0x1e1 build/default/debug/_ext/519170017/StepperSim.o
 .debug_line    0x00003900      0x2ec build/default/debug/_ext/519170017/servoCalibration.o
 .debug_line    0x00003bec      0x2f7 build/default/debug/_ext/519170017/PID.o
 .debug_line    0x00003ee3      0x297 build/default/debug/_ext/2048476848/UpstreamPackets.o
 .debug_line    0x0000417a      0x24a build/default/debug/_ext/2048476848/Namespace_bcs_cartesian.o
 .debug_line    0x000043c4      0x25c build/default/debug/_ext/2048476848/Callbacks.o
 .debug_line    0x00004620      0x15c build/default/debug/_ext/161057953/usb_interrupt.o
 .debug_line    0x0000477c      0x6c5 build/default/debug/_ext/161057953/usb_device.o
 .debug_line    0x00004e41      0x3a8 build/default/debug/_ext/161057953/usb_fifo.o
 .debug_line    0x000051e9      0x2e8 build/default/debug/_ext/161057953/usb_descriptors.o
 .debug_line    0x000054d1      0x329 build/default/debug/_ext/161057953/usb_callback.o
 .debug_line    0x000057fa      0x3dd build/default/debug/_ext/161057953/usb_function_cdc.o
 .debug_line    0x00005bd7      0x337 build/default/debug/_ext/1271783508/Bowler_UART_HAL.o
 .debug_line    0x00005f0e      0x246 build/default/debug/_ext/1271783508/Bowler_USB_HAL.o
 .debug_line    0x00006154      0x258 build/default/debug/_ext/1271783508/LED.o
 .debug_line    0x000063ac      0x2d1 build/default/debug/_ext/1271783508/Tick.o
 .debug_line    0x0000667d      0x251 build/default/debug/_ext/1271783508/Delay.o
 .debug_line    0x000068ce      0x3b7 build/default/debug/_ext/1271783508/HAL_P32.o
 .debug_line    0x00006c85      0x28a build/default/debug/_ext/1271783508/ADC.o
 .debug_line    0x00006f0f      0x28c build/default/debug/_ext/1271783508/UART.o
 .debug_line    0x0000719b      0x339 build/default/debug/_ext/1271783508/FlashStorage.o
 .debug_line    0x000074d4      0x3c8 build/default/debug/_ext/1445274692/main.o
 .debug_line    0x0000789c       0x6d /home/opt/microchip/xc32/v1.00/bin/../lib/gcc/pic32mx/4.5.1/libgcc.a(floatunsisf.o)
 .debug_line    0x00007909       0x89 /home/opt/microchip/xc32/v1.00/bin/../lib/gcc/pic32mx/4.5.1/../../../../pic32mx/lib/libc.a(default-bootstrap-exception-handler.o)
 .debug_line    0x00007992       0x76 /home/opt/microchip/xc32/v1.00/bin/../lib/gcc/pic32mx/4.5.1/../../../../pic32mx/lib/libc.a(default-on-reset.o)
 .debug_line    0x00007a08       0x7a /home/opt/microchip/xc32/v1.00/bin/../lib/gcc/pic32mx/4.5.1/../../../../pic32mx/lib/libc.a(default-on-bootstrap.o)
 .debug_line    0x00007a82       0x6f /home/opt/microchip/xc32/v1.00/bin/../lib/gcc/pic32mx/4.5.1/../../../../pic32mx/lib/libm.a(w_atan2f.o)
 .debug_line    0x00007af1       0x6e /home/opt/microchip/xc32/v1.00/bin/../lib/gcc/pic32mx/4.5.1/../../../../pic32mx/lib/libm.a(w_sqrtf.o)
 .debug_line    0x00007b5f        0x0 /home/opt/microchip/xc32/v1.00/bin/../lib/gcc/pic32mx/4.5.1/../../../../pic32mx/lib/libm.a(s_lib_ver.o)
 .debug_line    0x00007b5f       0x69 /home/opt/microchip/xc32/v1.00/bin/../lib/gcc/pic32mx/4.5.1/../../../../pic32mx/lib/libm.a(cabs.o)
 .debug_line    0x00007bc8       0x6c /home/opt/microchip/xc32/v1.00/bin/../lib/gcc/pic32mx/4.5.1/../../../../pic32mx/lib/libm.a(support.o)
 .debug_line    0x00007c34       0x75 /home/opt/microchip/xc32/v1.00/bin/../lib/gcc/pic32mx/4.5.1/../../../../pic32mx/lib/libm.a(w_ldexp.o)
 .debug_line    0x00007ca9       0x6d /home/opt/microchip/xc32/v1.00/bin/../lib/gcc/pic32mx/4.5.1/../../../../pic32mx/lib/libm.a(w_sqrt.o)
 .debug_line    0x00007d16        0x0 /home/opt/microchip/xc32/v1.00/bin/../lib/gcc/pic32mx/4.5.1/../../../../pic32mx/lib/libc.a(errno.o)
 .debug_line    0x00007d16       0x69 /home/opt/microchip/xc32/v1.00/bin/../lib/gcc/pic32mx/4.5.1/../../../../pic32mx/lib/libc.a(isinf.o)
 .debug_line    0x00007d7f       0x75 /home/opt/microchip/xc32/v1.00/bin/../lib/gcc/pic32mx/4.5.1/../../../../pic32mx/lib/libe.a(_unorddf2.o)
 .debug_line    0x00007df4       0x62 /home/opt/microchip/xc32/v1.00/bin/../lib/gcc/pic32mx/4.5.1/../../../../pic32mx/lib/libmchp_peripheral_32MX440F128H.a(pcache.o)
 .debug_line    0x00007e56       0x72 /home/opt/microchip/xc32/v1.00/bin/../lib/gcc/pic32mx/4.5.1/../../../../pic32mx/lib/libmchp_peripheral_32MX440F128H.a(int_enable_interrupts_lib.o)
 .debug_line    0x00007ec8       0x73 /home/opt/microchip/xc32/v1.00/bin/../lib/gcc/pic32mx/4.5.1/../../../../pic32mx/lib/libmchp_peripheral_32MX440F128H.a(int_disable_interrupts_lib.o)
 .debug_line    0x00007f3b       0x73 /home/opt/microchip/xc32/v1.00/bin/../lib/gcc/pic32mx/4.5.1/../../../../pic32mx/lib/libmchp_peripheral_32MX440F128H.a(int_restore_interrupts_lib.o)
 .debug_line    0x00007fae       0x6e /home/opt/microchip/xc32/v1.00/bin/../lib/gcc/pic32mx/4.5.1/../../../../pic32mx/lib/libmchp_peripheral_32MX440F128H.a(int_enable_mv_int_lib.o)
 .debug_line    0x0000801c       0x64 /home/opt/microchip/xc32/v1.00/bin/../lib/gcc/pic32mx/4.5.1/../../../../pic32mx/lib/libmchp_peripheral_32MX440F128H.a(int_tbl_lib.o)
 .debug_line    0x00008080       0x69 /home/opt/microchip/xc32/v1.00/bin/../lib/gcc/pic32mx/4.5.1/../../../../pic32mx/lib/libmchp_peripheral_32MX440F128H.a(spi_chn_getc_lib.o)
 .debug_line    0x000080e9       0x69 /home/opt/microchip/xc32/v1.00/bin/../lib/gcc/pic32mx/4.5.1/../../../../pic32mx/lib/libmchp_peripheral_32MX440F128H.a(spi_chn_putc_lib.o)
 .debug_line    0x00008152        0x0 /home/opt/microchip/xc32/v1.00/bin/../lib/gcc/pic32mx/4.5.1/../../../../pic32mx/lib/libmchp_peripheral_32MX440F128H.a(spi_map_tbl_libp.o)
 .debug_line    0x00008152       0x71 /home/opt/microchip/xc32/v1.00/bin/../lib/gcc/pic32mx/4.5.1/../../../../pic32mx/lib/libmchp_peripheral_32MX440F128H.a(spi_open_spi2_lib_legacy.o)
 .debug_line    0x000081c3        0x0 /home/opt/microchip/xc32/v1.00/bin/../lib/gcc/pic32mx/4.5.1/../../../../pic32mx/lib/libmchp_peripheral_32MX440F128H.a(spi_brg_tbl_lib_legacy.o)
 .debug_line    0x000081c3       0x6b /home/opt/microchip/xc32/v1.00/bin/../lib/gcc/pic32mx/4.5.1/../../../../pic32mx/lib/libmchp_peripheral_32MX440F128H.a(nvm_erase_page_lib.o)
 .debug_line    0x0000822e       0xbc /home/opt/microchip/xc32/v1.00/bin/../lib/gcc/pic32mx/4.5.1/../../../../pic32mx/lib/libmchp_peripheral_32MX440F128H.a(nvm_operation_lib.o)
 .debug_line    0x000082ea       0x6b /home/opt/microchip/xc32/v1.00/bin/../lib/gcc/pic32mx/4.5.1/../../../../pic32mx/lib/libmchp_peripheral_32MX440F128H.a(nvm_write_word_lib.o)
 .debug_line    0x00008355       0x78 /home/opt/microchip/xc32/v1.00/bin/../lib/gcc/pic32mx/4.5.1/../../../../pic32mx/lib/libmchp_peripheral_32MX440F128H.a(port_set_pins_digital_out_lib.o)
 .debug_line    0x000083cd       0x6e /home/opt/microchip/xc32/v1.00/bin/../lib/gcc/pic32mx/4.5.1/../../../../pic32mx/lib/libmchp_peripheral_32MX440F128H.a(port_clear_bits_lib.o)
 .debug_line    0x0000843b       0x6c /home/opt/microchip/xc32/v1.00/bin/../lib/gcc/pic32mx/4.5.1/../../../../pic32mx/lib/libmchp_peripheral_32MX440F128H.a(port_set_bits_lib.o)
 .debug_line    0x000084a7        0x0 /home/opt/microchip/xc32/v1.00/bin/../lib/gcc/pic32mx/4.5.1/../../../../pic32mx/lib/libmchp_peripheral_32MX440F128H.a(_ports_tbl_libp.o)
 .debug_line    0x000084a7       0x62 /home/opt/microchip/xc32/v1.00/bin/../lib/gcc/pic32mx/4.5.1/../../../../pic32mx/lib/libmchp_peripheral_32MX440F128H.a(uart_lib.o)

.debug_frame    0x00000000     0x3024
 *(.debug_frame)
 .debug_frame   0x00000000       0x64 build/default/debug/_ext/464348676/Namespace_bcs_rpc.o
 .debug_frame   0x00000064       0x4c build/default/debug/_ext/464348676/Bowler_RPC_Process.o
 .debug_frame   0x000000b0      0x468 build/default/debug/_ext/464348676/AbstractPID.o
 .debug_frame   0x00000518       0x30 build/default/debug/_ext/464348676/Scheduler.o
 .debug_frame   0x00000548      0x148 build/default/debug/_ext/464348676/Namespace_bcs_core.o
 .debug_frame   0x00000690       0xf4 build/default/debug/_ext/464348676/Bowler_Transport.o
 .debug_frame   0x00000784       0x88 build/default/debug/_ext/464348676/Bowler_Server.o
 .debug_frame   0x0000080c      0x1f4 build/default/debug/_ext/464348676/FIFO.o
 .debug_frame   0x00000a00      0x208 build/default/debug/_ext/464348676/Debug.o
 .debug_frame   0x00000c08       0x48 build/default/debug/_ext/464348676/Namespace_bcs_pid.o
 .debug_frame   0x00000c50      0x1bc build/default/debug/_ext/464348676/Bowler_Helper.o
 .debug_frame   0x00000e0c      0x250 build/default/debug/_ext/263962707/Servo.o
 .debug_frame   0x0000105c       0x48 build/default/debug/_ext/263962707/SPIClient.o
 .debug_frame   0x000010a4      0x100 build/default/debug/_ext/263962707/ForgeHeater.o
 .debug_frame   0x000011a4      0x184 build/default/debug/_ext/263962707/AS5055.o
 .debug_frame   0x00001328       0x68 build/default/debug/_ext/1494288313/KosselKinematics.o
 .debug_frame   0x00001390      0x28c build/default/debug/_ext/1494288313/CartesianController.o
 .debug_frame   0x0000161c       0xac build/default/debug/_ext/1494288313/delta.o
 .debug_frame   0x000016c8       0x8c build/default/debug/_ext/519170017/StepperSim.o
 .debug_frame   0x00001754      0x110 build/default/debug/_ext/519170017/servoCalibration.o
 .debug_frame   0x00001864      0x148 build/default/debug/_ext/519170017/PID.o
 .debug_frame   0x000019ac       0x6c build/default/debug/_ext/2048476848/UpstreamPackets.o
 .debug_frame   0x00001a18       0x48 build/default/debug/_ext/2048476848/Namespace_bcs_cartesian.o
 .debug_frame   0x00001a60       0x64 build/default/debug/_ext/2048476848/Callbacks.o
 .debug_frame   0x00001ac4      0x310 build/default/debug/_ext/161057953/usb_device.o
 .debug_frame   0x00001dd4      0x164 build/default/debug/_ext/161057953/usb_fifo.o
 .debug_frame   0x00001f38       0x64 build/default/debug/_ext/161057953/usb_descriptors.o
 .debug_frame   0x00001f9c      0x128 build/default/debug/_ext/161057953/usb_callback.o
 .debug_frame   0x000020c4       0xf0 build/default/debug/_ext/161057953/usb_function_cdc.o
 .debug_frame   0x000021b4      0x148 build/default/debug/_ext/1271783508/Bowler_UART_HAL.o
 .debug_frame   0x000022fc       0x64 build/default/debug/_ext/1271783508/Bowler_USB_HAL.o
 .debug_frame   0x00002360       0x9c build/default/debug/_ext/1271783508/LED.o
 .debug_frame   0x000023fc       0xdc build/default/debug/_ext/1271783508/Tick.o
 .debug_frame   0x000024d8       0x9c build/default/debug/_ext/1271783508/Delay.o
 .debug_frame   0x00002574      0x144 build/default/debug/_ext/1271783508/HAL_P32.o
 .debug_frame   0x000026b8       0x64 build/default/debug/_ext/1271783508/ADC.o
 .debug_frame   0x0000271c       0x48 build/default/debug/_ext/1271783508/UART.o
 .debug_frame   0x00002764      0x128 build/default/debug/_ext/1271783508/FlashStorage.o
 .debug_frame   0x0000288c       0xa4 build/default/debug/_ext/1445274692/main.o
 .debug_frame   0x00002930       0x28 /home/opt/microchip/xc32/v1.00/bin/../lib/gcc/pic32mx/4.5.1/libgcc.a(floatunsisf.o)
 .debug_frame   0x00002958       0x20 /home/opt/microchip/xc32/v1.00/bin/../lib/gcc/pic32mx/4.5.1/../../../../pic32mx/lib/libc.a(default-bootstrap-exception-handler.o)
 .debug_frame   0x00002978       0x20 /home/opt/microchip/xc32/v1.00/bin/../lib/gcc/pic32mx/4.5.1/../../../../pic32mx/lib/libc.a(default-on-reset.o)
 .debug_frame   0x00002998       0x20 /home/opt/microchip/xc32/v1.00/bin/../lib/gcc/pic32mx/4.5.1/../../../../pic32mx/lib/libc.a(default-on-bootstrap.o)