Archive member included because of file (symbol)

/home/opt/microchip/xc32/v1.00/bin/../lib/gcc/pic32mx/4.5.1/libgcc.a(floatunsisf.o)
                              build/default/debug/_ext/2118813141/Tick.o (__floatunsisf)
/home/opt/microchip/xc32/v1.00/bin/../lib/gcc/pic32mx/4.5.1/../../../../pic32mx/lib/libc.a(memset.o)
                              build/default/debug/_ext/1487882678/usb_device.o (memset)
/home/opt/microchip/xc32/v1.00/bin/../lib/gcc/pic32mx/4.5.1/../../../../pic32mx/lib/libc.a(general-exception.o)
                              /home/opt/microchip/xc32/v1.00/bin/../lib/gcc/pic32mx/4.5.1/../../../../pic32mx/lib/crt0.o (_general_exception_context)
/home/opt/microchip/xc32/v1.00/bin/../lib/gcc/pic32mx/4.5.1/../../../../pic32mx/lib/libc.a(default-bootstrap-exception-handler.o)
                              /home/opt/microchip/xc32/v1.00/bin/../lib/gcc/pic32mx/4.5.1/../../../../pic32mx/lib/crt0.o (_bootstrap_exception_handler)
/home/opt/microchip/xc32/v1.00/bin/../lib/gcc/pic32mx/4.5.1/../../../../pic32mx/lib/libc.a(default-on-reset.o)
                              /home/opt/microchip/xc32/v1.00/bin/../lib/gcc/pic32mx/4.5.1/../../../../pic32mx/lib/crt0.o (_on_reset)
/home/opt/microchip/xc32/v1.00/bin/../lib/gcc/pic32mx/4.5.1/../../../../pic32mx/lib/libc.a(default-on-bootstrap.o)
                              /home/opt/microchip/xc32/v1.00/bin/../lib/gcc/pic32mx/4.5.1/../../../../pic32mx/lib/crt0.o (_on_bootstrap)
/home/opt/microchip/xc32/v1.00/bin/../lib/gcc/pic32mx/4.5.1/../../../../pic32mx/lib/libc.a(default-nmi-handler.o)
                              /home/opt/microchip/xc32/v1.00/bin/../lib/gcc/pic32mx/4.5.1/../../../../pic32mx/lib/crt0.o (_nmi_handler)
/home/opt/microchip/xc32/v1.00/bin/../lib/gcc/pic32mx/4.5.1/../../../../pic32mx/lib/libm.a(fparc32.o)
                              build/default/debug/_ext/711791526/delta.o (atanf)
/home/opt/microchip/xc32/v1.00/bin/../lib/gcc/pic32mx/4.5.1/../../../../pic32mx/lib/libm.a(fpsqrt32.o)
                              /home/opt/microchip/xc32/v1.00/bin/../lib/gcc/pic32mx/4.5.1/../../../../pic32mx/lib/libm.a(fparc32.o) (fpexsqrt)
/home/opt/microchip/xc32/v1.00/bin/../lib/gcc/pic32mx/4.5.1/../../../../pic32mx/lib/libm.a(w_sqrtf.o)
                              build/default/debug/_ext/711791526/delta.o (sqrtf)
/home/opt/microchip/xc32/v1.00/bin/../lib/gcc/pic32mx/4.5.1/../../../../pic32mx/lib/libm.a(fp32.o)
                              build/default/debug/_ext/1487882678/usb_fifo.o (fpsub)
/home/opt/microchip/xc32/v1.00/bin/../lib/gcc/pic32mx/4.5.1/../../../../pic32mx/lib/libm.a(fpcos32.o)
                              build/default/debug/_ext/711791526/delta.o (cosf)
/home/opt/microchip/xc32/v1.00/bin/../lib/gcc/pic32mx/4.5.1/../../../../pic32mx/lib/libm.a(fpsin32.o)
                              build/default/debug/_ext/711791526/delta.o (sinf)
/home/opt/microchip/xc32/v1.00/bin/../lib/gcc/pic32mx/4.5.1/../../../../pic32mx/lib/libm.a(fpreduct32.o)
                              /home/opt/microchip/xc32/v1.00/bin/../lib/gcc/pic32mx/4.5.1/../../../../pic32mx/lib/libm.a(fpcos32.o) (fpreduct)
/home/opt/microchip/xc32/v1.00/bin/../lib/gcc/pic32mx/4.5.1/../../../../pic32mx/lib/libm.a(sincof32.o)
                              /home/opt/microchip/xc32/v1.00/bin/../lib/gcc/pic32mx/4.5.1/../../../../pic32mx/lib/libm.a(fpcos32.o) (_sincof)
/home/opt/microchip/xc32/v1.00/bin/../lib/gcc/pic32mx/4.5.1/../../../../pic32mx/lib/libm.a(s_lib_ver.o)
                              /home/opt/microchip/xc32/v1.00/bin/../lib/gcc/pic32mx/4.5.1/../../../../pic32mx/lib/libm.a(w_sqrtf.o) (math_errhandling)
/home/opt/microchip/xc32/v1.00/bin/../lib/gcc/pic32mx/4.5.1/../../../../pic32mx/lib/libc.a(errno.o)
                              /home/opt/microchip/xc32/v1.00/bin/../lib/gcc/pic32mx/4.5.1/../../../../pic32mx/lib/libm.a(w_sqrtf.o) (errno)
/home/opt/microchip/xc32/v1.00/bin/../lib/gcc/pic32mx/4.5.1/../../../../pic32mx/lib/libmchp_peripheral_32MX440F128H.a(pcache.o)
                              build/default/debug/_ext/711791526/main.o (CheKseg0CacheOn)
/home/opt/microchip/xc32/v1.00/bin/../lib/gcc/pic32mx/4.5.1/../../../../pic32mx/lib/libmchp_peripheral_32MX440F128H.a(int_enable_interrupts_lib.o)
                              build/default/debug/_ext/1487882678/usb_device.o (INTEnableInterrupts)
/home/opt/microchip/xc32/v1.00/bin/../lib/gcc/pic32mx/4.5.1/../../../../pic32mx/lib/libmchp_peripheral_32MX440F128H.a(int_disable_interrupts_lib.o)
                              build/default/debug/_ext/1080174469/FIFO.o (INTDisableInterrupts)
/home/opt/microchip/xc32/v1.00/bin/../lib/gcc/pic32mx/4.5.1/../../../../pic32mx/lib/libmchp_peripheral_32MX440F128H.a(int_restore_interrupts_lib.o)
                              build/default/debug/_ext/711791526/main.o (INTRestoreInterrupts)
/home/opt/microchip/xc32/v1.00/bin/../lib/gcc/pic32mx/4.5.1/../../../../pic32mx/lib/libmchp_peripheral_32MX440F128H.a(int_enable_mv_int_lib.o)
[...]
Memory Configuration

Name             Origin             Length             Attributes
kseg0_program_mem 0x9d000000         0x00020000         xr
kseg0_boot_mem   0x9fc00490         0x00000970
exception_mem    0x9fc01000         0x00001000
kseg1_boot_mem   0xbfc00000         0x00000490
debug_exec_mem   0xbfc02000         0x00000ff0
config3          0xbfc02ff0         0x00000004
config2          0xbfc02ff4         0x00000004
config1          0xbfc02ff8         0x00000004
config0          0xbfc02ffc         0x00000004
kseg1_data_mem   0xa0000000         0x00008000         w !x
sfrs             0xbf800000         0x00100000
configsfrs       0xbfc02ff0         0x00000010
*default*        0x00000000         0xffffffff

Linker script and memory map

LOAD /home/opt/microchip/xc32/v1.00/bin/../lib/gcc/pic32mx/4.5.1/../../../../pic32mx/lib/crt0.o
                0x00000001                _DEBUGGER = 0x1
LOAD build/default/debug/_ext/1487882678/usb_descriptors.o
LOAD build/default/debug/_ext/1487882678/usb_function_cdc.o
LOAD build/default/debug/_ext/1487882678/usb_fifo.o
LOAD build/default/debug/_ext/1487882678/usb_callback.o
LOAD build/default/debug/_ext/1487882678/usb_interrupt.o
LOAD build/default/debug/_ext/1487882678/usb_device.o
LOAD build/default/debug/_ext/2118813141/Delay.o
LOAD build/default/debug/_ext/2118813141/FlashStorage.o
LOAD build/default/debug/_ext/2118813141/HAL_P32.o
LOAD build/default/debug/_ext/2118813141/LED.o
LOAD build/default/debug/_ext/2118813141/Tick.o
LOAD build/default/debug/_ext/2118813141/Bowler_UART_HAL.o
LOAD build/default/debug/_ext/2118813141/UART.o
LOAD build/default/debug/_ext/2118813141/ADC.o
LOAD build/default/debug/_ext/2118813141/Bowler_USB_HAL.o
LOAD build/default/debug/_ext/1080174469/Bowler_Helper.o
LOAD build/default/debug/_ext/1080174469/AbstractPID.o
LOAD build/default/debug/_ext/1080174469/Bowler_Stack_Callback.o
LOAD build/default/debug/_ext/1080174469/FIFO.o
LOAD build/default/debug/_ext/1080174469/Bowler_RPC_Process.o
LOAD build/default/debug/_ext/1080174469/Bowler_Transport.o
LOAD build/default/debug/_ext/1080174469/Debug.o
LOAD build/default/debug/_ext/1080174469/Scheduler.o
LOAD build/default/debug/_ext/1080174469/Bowler_Server.o
LOAD build/default/debug/_ext/1080174469/Namespace_bcs_core.o
LOAD build/default/debug/_ext/1080174469/Namespace_bcs_pid.o
LOAD build/default/debug/_ext/1080174469/Namespace_bcs_rpc.o
LOAD build/default/debug/_ext/711791526/SPIClient.o
LOAD build/default/debug/_ext/711791526/main.o
LOAD build/default/debug/_ext/711791526/Callbacks.o
LOAD build/default/debug/_ext/711791526/UpstreamPackets.o
LOAD build/default/debug/_ext/711791526/AS5055.o
LOAD build/default/debug/_ext/711791526/PID.o
LOAD build/default/debug/_ext/711791526/Servo.o
LOAD build/default/debug/_ext/711791526/StepperSim.o
LOAD build/default/debug/_ext/711791526/ForgeHeater.o
LOAD build/default/debug/_ext/711791526/CartesianController.o
LOAD build/default/debug/_ext/711791526/DeltaKinematics.o
LOAD build/default/debug/_ext/711791526/delta.o
LOAD build/default/debug/_ext/711791526/Calibration.o
LOAD build/default/debug/_ext/711791526/MotionTest.o
LOAD build/default/debug/_ext/664674842/Namespace_bcs_cartesian.o
LOAD build/default/debug/_ext/711791526/servoCalibration.o
                0x00000001                __MPLAB_BUILD = 0x1
                0x00000001                __ICD2RAM = 0x1
                0x00000001                __MPLAB_DEBUG = 0x1
                0x00000001                __DEBUG = 0x1
                0x00000001                __MPLAB_DEBUGGER_PK3 = 0x1
LOAD /home/opt/microchip/xc32/v1.00/bin/../lib/gcc/pic32mx/4.5.1/libgcc.a
START GROUP
LOAD /home/opt/microchip/xc32/v1.00/bin/../lib/gcc/pic32mx/4.5.1/../../../../pic32mx/lib/libdebug.a
LOAD /home/opt/microchip/xc32/v1.00/bin/../lib/gcc/pic32mx/4.5.1/../../../../pic32mx/lib/libc.a
LOAD /home/opt/microchip/xc32/v1.00/bin/../lib/gcc/pic32mx/4.5.1/../../../../pic32mx/lib/libm.a
LOAD /home/opt/microchip/xc32/v1.00/bin/../lib/gcc/pic32mx/4.5.1/../../../../pic32mx/lib/libe.a
LOAD /home/opt/microchip/xc32/v1.00/bin/../lib/gcc/pic32mx/4.5.1/../../../../pic32mx/lib/libdsp.a
END GROUP
LOAD /home/opt/microchip/xc32/v1.00/bin/../lib/gcc/pic32mx/4.5.1/libgcc.a
                0x00000400                PROVIDE (_min_stack_size, 0x400)
                0x00000000                PROVIDE (_min_heap_size, 0x0)
LOAD /home/opt/microchip/xc32/v1.00/bin/../lib/gcc/pic32mx/4.5.1/../../../../pic32mx/lib/./proc/32MX440F128H/processor.o
START GROUP
LOAD /home/opt/microchip/xc32/v1.00/bin/../lib/gcc/pic32mx/4.5.1/../../../../pic32mx/lib/libmchp_peripheral.a
END GROUP
START GROUP
LOAD /home/opt/microchip/xc32/v1.00/bin/../lib/gcc/pic32mx/4.5.1/../../../../pic32mx/lib/libmchp_peripheral_32MX440F128H.a
END GROUP
                0x00000001                PROVIDE (_vector_spacing, 0x1)
                0x9fc01000                _ebase_address = 0x9fc01000
                0xbfc00000                _RESET_ADDR = 0xbfc00000
                0xbfc00380                _BEV_EXCPT_ADDR = 0xbfc00380
                0xbfc00480                _DBG_EXCPT_ADDR = 0xbfc00480
                0xbfc02000                _DBG_CODE_ADDR = 0xbfc02000
                0x00000ff0                _DBG_CODE_SIZE = 0xff0
                0x9fc01180                _GEN_EXCPT_ADDR = (_ebase_address + 0x180)

.config_BFC02FF0
 *(.config_BFC02FF0)

.config_BFC02FF4
                0xbfc02ff4        0x4
 *(.config_BFC02FF4)
 .config_BFC02FF4
                0xbfc02ff4        0x4 build/default/debug/_ext/711791526/main.o

.config_BFC02FF8
                0xbfc02ff8        0x4
 *(.config_BFC02FF8)
 .config_BFC02FF8
                0xbfc02ff8        0x4 build/default/debug/_ext/711791526/main.o

.config_BFC02FFC
                0xbfc02ffc        0x4
 *(.config_BFC02FFC)
 .config_BFC02FFC
                0xbfc02ffc        0x4 build/default/debug/_ext/711791526/main.o
                0xbfc02000                PROVIDE (_DBG_CODE_ADDR, 0xbfc02000)
                0x00000ff0                PROVIDE (_DBG_CODE_SIZE, 0xff0)

.reset          0xbfc00000      0x1f4
 *(.reset)
 .reset         0xbfc00000       0x10 /home/opt/microchip/xc32/v1.00/bin/../lib/gcc/pic32mx/4.5.1/../../../../pic32mx/lib/crt0.o
                0xbfc00000                _reset
 *(.reset.startup)
 .reset.startup
                0xbfc00010      0x1e4 /home/opt/microchip/xc32/v1.00/bin/../lib/gcc/pic32mx/4.5.1/../../../../pic32mx/lib/crt0.o

.bev_excpt      0xbfc00380       0x10
 *(.bev_handler)
 .bev_handler   0xbfc00380       0x10 /home/opt/microchip/xc32/v1.00/bin/../lib/gcc/pic32mx/4.5.1/../../../../pic32mx/lib/crt0.o

.dbg_excpt      0xbfc00480        0x8
                0xbfc00480                . = (. + DEFINED (_DEBUGGER)?0x8:0x0)
 *fill*         0xbfc00480        0x8 00

.dbg_code       0xbfc02000      0xff0
                0xbfc02000                . = (. + DEFINED (_DEBUGGER)?_DBG_CODE_SIZE:0x0)
 *fill*         0xbfc02000      0xff0 00

.app_excpt      0x9fc01180       0x10
 *(.gen_handler)
 .gen_handler   0x9fc01180       0x10 /home/opt/microchip/xc32/v1.00/bin/../lib/gcc/pic32mx/4.5.1/../../../../pic32mx/lib/crt0.o

.vector_0       0x9fc01200        0x0
 *(.vector_0)
                0x00000001                ASSERT (((_vector_spacing == 0x0) || (SIZEOF (.vector_0) <= (_vector_spacing << 0x5))), function at exception vector 0 too large)

.vector_1       0x9fc01220        0x0
 *(.vector_1)
                0x00000001                ASSERT (((_vector_spacing == 0x0) || (SIZEOF (.vector_1) <= (_vector_spacing << 0x5))), function at exception vector 1 too large)

.vector_2       0x9fc01240        0x0
 *(.vector_2)
                0x00000001                ASSERT (((_vector_spacing == 0x0) || (SIZEOF (.vector_2) <= (_vector_spacing << 0x5))), function at exception vector 2 too large)

.vector_3       0x9fc01260        0x0
 *(.vector_3)
                0x00000001                ASSERT (((_vector_spacing == 0x0) || (SIZEOF (.vector_3) <= (_vector_spacing << 0x5))), function at exception vector 3 too large)

.vector_4       0x9fc01280        0x8
 *(.vector_4)
 .vector_4      0x9fc01280        0x8 build/default/debug/_ext/2118813141/Tick.o
                0x00000001                ASSERT (((_vector_spacing == 0x0) || (SIZEOF (.vector_4) <= (_vector_spacing << 0x5))), function at exception vector 4 too large)

.vector_5       0x9fc012a0        0x0
 *(.vector_5)
                0x00000001                ASSERT (((_vector_spacing == 0x0) || (SIZEOF (.vector_5) <= (_vector_spacing << 0x5))), function at exception vector 5 too large)

.vector_6       0x9fc012c0        0x0
 *(.vector_6)
                0x00000001                ASSERT (((_vector_spacing == 0x0) || (SIZEOF (.vector_6) <= (_vector_spacing << 0x5))), function at exception vector 6 too large)

.vector_7       0x9fc012e0        0x0
 *(.vector_7)
                0x00000001                ASSERT (((_vector_spacing == 0x0) || (SIZEOF (.vector_7) <= (_vector_spacing << 0x5))), function at exception vector 7 too large)

.vector_8       0x9fc01300        0x8
 *(.vector_8)
 .vector_8      0x9fc01300        0x8 build/default/debug/_ext/711791526/Servo.o
                0x00000001                ASSERT (((_vector_spacing == 0x0) || (SIZEOF (.vector_8) <= (_vector_spacing << 0x5))), function at exception vector 8 too large)

.vector_9       0x9fc01320        0x0
 *(.vector_9)
                0x00000001                ASSERT (((_vector_spacing == 0x0) || (SIZEOF (.vector_9) <= (_vector_spacing << 0x5))), function at exception vector 9 too large)

.vector_10      0x9fc01340        0x0
 *(.vector_10)
                0x00000001                ASSERT (((_vector_spacing == 0x0) || (SIZEOF (.vector_10) <= (_vector_spacing << 0x5))), function at exception vector 10 too large)

.vector_11      0x9fc01360        0x0
 *(.vector_11)
                0x00000001                ASSERT (((_vector_spacing == 0x0) || (SIZEOF (.vector_11) <= (_vector_spacing << 0x5))), function at exception vector 11 too large)

.vector_12      0x9fc01380        0x8
 *(.vector_12)
 .vector_12     0x9fc01380        0x8 build/default/debug/_ext/711791526/ForgeHeater.o
                0x00000001                ASSERT (((_vector_spacing == 0x0) || (SIZEOF (.vector_12) <= (_vector_spacing << 0x5))), function at exception vector 12 too large)

.vector_13      0x9fc013a0        0x0
 *(.vector_13)
                0x00000001                ASSERT (((_vector_spacing == 0x0) || (SIZEOF (.vector_13) <= (_vector_spacing << 0x5))), function at exception vector 13 too large)

.vector_14      0x9fc013c0        0x0
 *(.vector_14)
                0x00000001                ASSERT (((_vector_spacing == 0x0) || (SIZEOF (.vector_14) <= (_vector_spacing << 0x5))), function at exception vector 14 too large)

.vector_15      0x9fc013e0        0x0
 *(.vector_15)
                0x00000001                ASSERT (((_vector_spacing == 0x0) || (SIZEOF (.vector_15) <= (_vector_spacing << 0x5))), function at exception vector 15 too large)

.vector_16      0x9fc01400        0x0
 *(.vector_16)
                0x00000001                ASSERT (((_vector_spacing == 0x0) || (SIZEOF (.vector_16) <= (_vector_spacing << 0x5))), function at exception vector 16 too large)

.vector_17      0x9fc01420        0x0
 *(.vector_17)
                0x00000001                ASSERT (((_vector_spacing == 0x0) || (SIZEOF (.vector_17) <= (_vector_spacing << 0x5))), function at exception vector 17 too large)

.vector_18      0x9fc01440        0x0
 *(.vector_18)
                0x00000001                ASSERT (((_vector_spacing == 0x0) || (SIZEOF (.vector_18) <= (_vector_spacing << 0x5))), function at exception vector 18 too large)

.vector_19      0x9fc01460        0x8
 *(.vector_19)
 .vector_19     0x9fc01460        0x8 build/default/debug/_ext/711791526/StepperSim.o
                0x00000001                ASSERT (((_vector_spacing == 0x0) || (SIZEOF (.vector_19) <= (_vector_spacing << 0x5))), function at exception vector 19 too large)

.vector_20      0x9fc01480        0x0
 *(.vector_20)
                0x00000001                ASSERT (((_vector_spacing == 0x0) || (SIZEOF (.vector_20) <= (_vector_spacing << 0x5))), function at exception vector 20 too large)

.vector_21      0x9fc014a0        0x0
 *(.vector_21)
                0x00000001                ASSERT (((_vector_spacing == 0x0) || (SIZEOF (.vector_21) <= (_vector_spacing << 0x5))), function at exception vector 21 too large)

.vector_22      0x9fc014c0        0x0
 *(.vector_22)
                0x00000001                ASSERT (((_vector_spacing == 0x0) || (SIZEOF (.vector_22) <= (_vector_spacing << 0x5))), function at exception vector 22 too large)

.vector_23      0x9fc014e0        0x0
 *(.vector_23)
                0x00000001                ASSERT (((_vector_spacing == 0x0) || (SIZEOF (.vector_23) <= (_vector_spacing << 0x5))), function at exception vector 23 too large)

.vector_24      0x9fc01500        0x8
 *(.vector_24)
 .vector_24     0x9fc01500        0x8 build/default/debug/_ext/2118813141/Bowler_UART_HAL.o
                0x00000001                ASSERT (((_vector_spacing == 0x0) || (SIZEOF (.vector_24) <= (_vector_spacing << 0x5))), function at exception vector 24 too large)

.vector_25      0x9fc01520        0x0
 *(.vector_25)
                0x00000001                ASSERT (((_vector_spacing == 0x0) || (SIZEOF (.vector_25) <= (_vector_spacing << 0x5))), function at exception vector 25 too large)

.vector_26      0x9fc01540        0x0
 *(.vector_26)
                0x00000001                ASSERT (((_vector_spacing == 0x0) || (SIZEOF (.vector_26) <= (_vector_spacing << 0x5))), function at exception vector 26 too large)

.vector_27      0x9fc01560        0x0
 *(.vector_27)
                0x00000001                ASSERT (((_vector_spacing == 0x0) || (SIZEOF (.vector_27) <= (_vector_spacing << 0x5))), function at exception vector 27 too large)

.vector_28      0x9fc01580        0x0
 *(.vector_28)
                0x00000001                ASSERT (((_vector_spacing == 0x0) || (SIZEOF (.vector_28) <= (_vector_spacing << 0x5))), function at exception vector 28 too large)

.vector_29      0x9fc015a0        0x0
 *(.vector_29)
                0x00000001                ASSERT (((_vector_spacing == 0x0) || (SIZEOF (.vector_29) <= (_vector_spacing << 0x5))), function at exception vector 29 too large)

.vector_30      0x9fc015c0        0x0
 *(.vector_30)
                0x00000001                ASSERT (((_vector_spacing == 0x0) || (SIZEOF (.vector_30) <= (_vector_spacing << 0x5))), function at exception vector 30 too large)

.vector_31      0x9fc015e0        0x0
 *(.vector_31)
                0x00000001                ASSERT (((_vector_spacing == 0x0) || (SIZEOF (.vector_31) <= (_vector_spacing << 0x5))), function at exception vector 31 too large)

.vector_32      0x9fc01600        0x0
 *(.vector_32)
                0x00000001                ASSERT (((_vector_spacing == 0x0) || (SIZEOF (.vector_32) <= (_vector_spacing << 0x5))), function at exception vector 32 too large)

.vector_33      0x9fc01620        0x0
 *(.vector_33)
                0x00000001                ASSERT (((_vector_spacing == 0x0) || (SIZEOF (.vector_33) <= (_vector_spacing << 0x5))), function at exception vector 33 too large)

.vector_34      0x9fc01640        0x0
 *(.vector_34)
                0x00000001                ASSERT (((_vector_spacing == 0x0) || (SIZEOF (.vector_34) <= (_vector_spacing << 0x5))), function at exception vector 34 too large)

.vector_35      0x9fc01660        0x0
 *(.vector_35)
                0x00000001                ASSERT (((_vector_spacing == 0x0) || (SIZEOF (.vector_35) <= (_vector_spacing << 0x5))), function at exception vector 35 too large)

.vector_36      0x9fc01680        0x0
 *(.vector_36)
                0x00000001                ASSERT (((_vector_spacing == 0x0) || (SIZEOF (.vector_36) <= (_vector_spacing << 0x5))), function at exception vector 36 too large)

.vector_37      0x9fc016a0        0x0
 *(.vector_37)
                0x00000001                ASSERT (((_vector_spacing == 0x0) || (SIZEOF (.vector_37) <= (_vector_spacing << 0x5))), function at exception vector 37 too large)

.vector_38      0x9fc016c0        0x0
 *(.vector_38)
                0x00000001                ASSERT (((_vector_spacing == 0x0) || (SIZEOF (.vector_38) <= (_vector_spacing << 0x5))), function at exception vector 38 too large)

.vector_39      0x9fc016e0        0x0
 *(.vector_39)
                0x00000001                ASSERT (((_vector_spacing == 0x0) || (SIZEOF (.vector_39) <= (_vector_spacing << 0x5))), function at exception vector 39 too large)

.vector_40      0x9fc01700        0x0
 *(.vector_40)
                0x00000001                ASSERT (((_vector_spacing == 0x0) || (SIZEOF (.vector_40) <= (_vector_spacing << 0x5))), function at exception vector 40 too large)

.vector_41      0x9fc01720        0x0
 *(.vector_41)
                0x00000001                ASSERT (((_vector_spacing == 0x0) || (SIZEOF (.vector_41) <= (_vector_spacing << 0x5))), function at exception vector 41 too large)

.vector_42      0x9fc01740        0x0
 *(.vector_42)
                0x00000001                ASSERT (((_vector_spacing == 0x0) || (SIZEOF (.vector_42) <= (_vector_spacing << 0x5))), function at exception vector 42 too large)

.vector_43      0x9fc01760        0x0
 *(.vector_43)
                0x00000001                ASSERT (((_vector_spacing == 0x0) || (SIZEOF (.vector_43) <= (_vector_spacing << 0x5))), function at exception vector 43 too large)

.vector_44      0x9fc01780        0x0
 *(.vector_44)
                0x00000001                ASSERT (((_vector_spacing == 0x0) || (SIZEOF (.vector_44) <= (_vector_spacing << 0x5))), function at exception vector 44 too large)

.vector_45      0x9fc017a0        0x8
 *(.vector_45)
 .vector_45     0x9fc017a0        0x8 build/default/debug/_ext/1487882678/usb_device.o
                0x00000001                ASSERT (((_vector_spacing == 0x0) || (SIZEOF (.vector_45) <= (_vector_spacing << 0x5))), function at exception vector 45 too large)

.vector_46      0x9fc017c0        0x0
 *(.vector_46)
                0x00000001                ASSERT (((_vector_spacing == 0x0) || (SIZEOF (.vector_46) <= (_vector_spacing << 0x5))), function at exception vector 46 too large)

.vector_47      0x9fc017e0        0x0
 *(.vector_47)
                0x00000001                ASSERT (((_vector_spacing == 0x0) || (SIZEOF (.vector_47) <= (_vector_spacing << 0x5))), function at exception vector 47 too large)

.vector_48      0x9fc01800        0x0
 *(.vector_48)
                0x00000001                ASSERT (((_vector_spacing == 0x0) || (SIZEOF (.vector_48) <= (_vector_spacing << 0x5))), function at exception vector 48 too large)

.vector_49      0x9fc01820        0x0
 *(.vector_49)
                0x00000001                ASSERT (((_vector_spacing == 0x0) || (SIZEOF (.vector_49) <= (_vector_spacing << 0x5))), function at exception vector 49 too large)

.vector_50      0x9fc01840        0x0
 *(.vector_50)
                0x00000001                ASSERT (((_vector_spacing == 0x0) || (SIZEOF (.vector_50) <= (_vector_spacing << 0x5))), function at exception vector 50 too large)

.vector_51      0x9fc01860        0x0
 *(.vector_51)
                0x00000001                ASSERT (((_vector_spacing == 0x0) || (SIZEOF (.vector_51) <= (_vector_spacing << 0x5))), function at exception vector 51 too large)

.vector_52      0x9fc01880        0x0
 *(.vector_52)
                0x00000001                ASSERT (((_vector_spacing == 0x0) || (SIZEOF (.vector_52) <= (_vector_spacing << 0x5))), function at exception vector 52 too large)

.vector_53      0x9fc018a0        0x0
 *(.vector_53)
                0x00000001                ASSERT (((_vector_spacing == 0x0) || (SIZEOF (.vector_53) <= (_vector_spacing << 0x5))), function at exception vector 53 too large)

.vector_54      0x9fc018c0        0x0
 *(.vector_54)
                0x00000001                ASSERT (((_vector_spacing == 0x0) || (SIZEOF (.vector_54) <= (_vector_spacing << 0x5))), function at exception vector 54 too large)

.vector_55      0x9fc018e0        0x0
 *(.vector_55)
                0x00000001                ASSERT (((_vector_spacing == 0x0) || (SIZEOF (.vector_55) <= (_vector_spacing << 0x5))), function at exception vector 55 too large)

.vector_56      0x9fc01900        0x0
 *(.vector_56)
                0x00000001                ASSERT (((_vector_spacing == 0x0) || (SIZEOF (.vector_56) <= (_vector_spacing << 0x5))), function at exception vector 56 too large)

.vector_57      0x9fc01920        0x0
 *(.vector_57)
                0x00000001                ASSERT (((_vector_spacing == 0x0) || (SIZEOF (.vector_57) <= (_vector_spacing << 0x5))), function at exception vector 57 too large)

.vector_58      0x9fc01940        0x0
 *(.vector_58)
                0x00000001                ASSERT (((_vector_spacing == 0x0) || (SIZEOF (.vector_58) <= (_vector_spacing << 0x5))), function at exception vector 58 too large)

.vector_59      0x9fc01960        0x0
 *(.vector_59)
                0x00000001                ASSERT (((_vector_spacing == 0x0) || (SIZEOF (.vector_59) <= (_vector_spacing << 0x5))), function at exception vector 59 too large)

.vector_60      0x9fc01980        0x0
 *(.vector_60)
                0x00000001                ASSERT (((_vector_spacing == 0x0) || (SIZEOF (.vector_60) <= (_vector_spacing << 0x5))), function at exception vector 60 too large)

.vector_61      0x9fc019a0        0x0
 *(.vector_61)
                0x00000001                ASSERT (((_vector_spacing == 0x0) || (SIZEOF (.vector_61) <= (_vector_spacing << 0x5))), function at exception vector 61 too large)

.vector_62      0x9fc019c0        0x0
 *(.vector_62)
                0x00000001                ASSERT (((_vector_spacing == 0x0) || (SIZEOF (.vector_62) <= (_vector_spacing << 0x5))), function at exception vector 62 too large)

.vector_63      0x9fc019e0        0x0
 *(.vector_63)
                0x00000001                ASSERT (((_vector_spacing == 0x0) || (SIZEOF (.vector_63) <= (_vector_spacing << 0x5))), function at exception vector 63 too large)

.startup
 *(.startup)

.text
 *(.stub .gnu.linkonce.t.*)
 *(.text.*personality*)
 *(.mips16.fn.*)
 *(.mips16.call.*)
 *(.gnu.warning)

.rodata         0x9d000000        0x0
 *(.rodata.* .gnu.linkonce.r.*)
 *(.rodata1)
                0x9d000000                . = ALIGN (0x4)

.sdata2         0x9fc00490        0x0
 *(.sdata2 .sdata2.* .gnu.linkonce.s2.*)
                0x9fc00490                . = ALIGN (0x4)

.sbss2          0x9fc00490        0x0
 *(.sbss2 .sbss2.* .gnu.linkonce.sb2.*)
                0x9fc00490                . = ALIGN (0x4)

.eh_frame_hdr
 *(.eh_frame_hdr)

.eh_frame
 *(.eh_frame)

.dbg_data       0xa0000000      0x200
                0xa0000000                . = (. + DEFINED (_DEBUGGER)?0x200:0x0)
 *fill*         0xa0000000      0x200 00

.persist        0xa0000200        0x0
                0xa0000200                _persist_begin = .
 *(.persist .persist.*)
                0xa0000200                . = ALIGN (0x4)
                0xa0000200                _persist_end = .

.eh_frame
 *(.eh_frame)
                0xa0000200                . = .
                0xa00081f0                _gp = (ALIGN (0x10) + 0x7ff0)

.got
 *(.got.plt)
 *(.got)

.sdata          0xa0000200       0xd8
                0xa0000200                _sdata_begin = .
 *(.sdata .sdata.* .gnu.linkonce.s.*)
 .sdata         0xa0000200        0x8 build/default/debug/_ext/1487882678/usb_descriptors.o
                0xa0000200                sd000
                0xa0000204                USB_CD_Ptr
 .sdata         0xa0000208        0x4 build/default/debug/_ext/1487882678/usb_fifo.o
 .sdata         0xa000020c        0x8 build/default/debug/_ext/2118813141/FlashStorage.o
                0xa000020c                defMac
 .sdata         0xa0000214        0x4 build/default/debug/_ext/1080174469/AbstractPID.o
                0xa0000214                zone
 .sdata         0xa0000218        0x8 build/default/debug/_ext/1080174469/Bowler_Server.o
                0xa0000218                MyMAC
 .sdata         0xa0000220        0x8 build/default/debug/_ext/1080174469/Namespace_bcs_core.o
 .sdata         0xa0000228       0x4c build/default/debug/_ext/1080174469/Namespace_bcs_pid.o
 .sdata         0xa0000274       0x18 build/default/debug/_ext/1080174469/Namespace_bcs_rpc.o
 .sdata         0xa000028c       0x1c build/default/debug/_ext/711791526/main.o
 .sdata         0xa00002a8        0x1 build/default/debug/_ext/711791526/Servo.o
                0xa00002a8                stop
 *fill*         0xa00002a9        0x3 00
 .sdata         0xa00002ac       0x10 build/default/debug/_ext/711791526/CartesianController.o
                0xa00002ac                scale
                0xa00002b0                extrusionScale
 .sdata         0xa00002bc       0x14 build/default/debug/_ext/711791526/delta.o
                0xa00002bc                e
                0xa00002c0                f
                0xa00002c4                re
                0xa00002c8                rf
                0xa00002cc                zOffset
 .sdata         0xa00002d0        0x8 build/default/debug/_ext/711791526/servoCalibration.o
                0xa00002d8                _sdata_end = .

.lit8
 *(.lit8)

.lit4
 *(.lit4)
                0xa00002d8                . = ALIGN (0x4)
                0xa00002d8                _data_end = .
                0xa00002d8                _bss_begin = .

.sbss           0xa00002d8      0x190
                0xa00002d8                _sbss_begin = .
 *(.dynsbss)
 *(.sbss .sbss.* .gnu.linkonce.sb.*)
 .sbss          0xa00002d8       0x10 build/default/debug/_ext/1487882678/usb_fifo.o
 .sbss          0xa00002e8        0x2 build/default/debug/_ext/1487882678/usb_callback.o
 *fill*         0xa00002ea        0x2 00
 .sbss          0xa00002ec        0x8 build/default/debug/_ext/2118813141/HAL_P32.o
 .sbss          0xa00002f4        0x8 build/default/debug/_ext/2118813141/Tick.o
 .sbss          0xa00002fc        0x8 build/default/debug/_ext/2118813141/Bowler_UART_HAL.o
 .sbss          0xa0000304        0x8 build/default/debug/_ext/2118813141/UART.o
                0xa0000304                useUart2
                0xa0000308                useUart1
 .sbss          0xa000030c        0x4 build/default/debug/_ext/2118813141/ADC.o
                0xa000030c                ADCMask
 .sbss          0xa0000310       0x14 build/default/debug/_ext/1080174469/AbstractPID.o
                0xa0000310                number_of_pid_groups
 .sbss          0xa0000324        0x4 build/default/debug/_ext/1080174469/Bowler_RPC_Process.o
 .sbss          0xa0000328        0xc build/default/debug/_ext/1080174469/Debug.o
                0xa0000328                level
 .sbss          0xa0000334        0x4 build/default/debug/_ext/1080174469/Namespace_bcs_core.o
 .sbss          0xa0000338        0x4 build/default/debug/_ext/1080174469/Namespace_bcs_pid.o
 .sbss          0xa000033c        0x4 build/default/debug/_ext/1080174469/Namespace_bcs_rpc.o
 .sbss          0xa0000340        0xc build/default/debug/_ext/711791526/main.o
                0xa0000340                height
                0xa0000344                j
                0xa0000348                i
 .sbss          0xa000034c        0xc build/default/debug/_ext/711791526/Callbacks.o
 .sbss          0xa0000358        0x3 build/default/debug/_ext/711791526/AS5055.o
                0xa0000358                busy
                0xa0000359                initialized
                0xa000035a                lock
 *fill*         0xa000035b        0x1 00
 .sbss          0xa000035c        0x4 build/default/debug/_ext/711791526/PID.o
                0xa000035c                runPidIsr
 .sbss          0xa0000360        0xc build/default/debug/_ext/711791526/Servo.o
                0xa0000360                sortedIndex
                0xa0000364                start
                0xa0000368                servoCalibrationState
 .sbss          0xa000036c        0x4 build/default/debug/_ext/711791526/StepperSim.o
                0xa000036c                current
 .sbss          0xa0000370        0x4 build/default/debug/_ext/711791526/ForgeHeater.o
                0xa0000370                heaterIndex
 .sbss          0xa0000374        0x8 build/default/debug/_ext/711791526/CartesianController.o
                0xa0000374                full
                0xa0000378                lastPushedBufferSize
 .sbss          0xa000037c        0x4 build/default/debug/_ext/664674842/Namespace_bcs_cartesian.o
 .sbss          0xa0000380        0x4 /home/opt/microchip/xc32/v1.00/bin/../lib/gcc/pic32mx/4.5.1/../../../../pic32mx/lib/libc.a(errno.o)
                0xa0000380                errno
 *(.scommon)
 .scommon       0xa0000384       0x40 build/default/debug/_ext/1487882678/usb_function_cdc.o
                0xa0000384                control_signal_bitmap
                0xa0000388                cdc_tx_len
                0xa000038c                pCDCSrc
                0xa0000390                CDCDataOutHandle
                0xa0000394                cdc_rx_len
                0xa0000398                line_coding
                0xa00003a0                BaudRateGen
                0xa00003a4                CDCDataInHandle
                0xa00003a8                cdc_notice
                0xa00003b0                cdc_trf_state
                0xa00003b4                pCDCDst
                0xa00003b8                cdc_mem_type
                0xa00003bc                dummy_encapsulated_cmd_response
 .scommon       0xa00003c4       0x41 build/default/debug/_ext/1487882678/usb_device.o
                0xa00003c4                pDst
                0xa00003c8                USBDeviceState
                0xa00003cc                controlTransferState
                0xa00003d0                USBInMaxPacketSize
                0xa00003d8                inPipes
                0xa00003e0                BothEP0OutUOWNsSet
                0xa00003e4                pBDTEntryEP0OutNext
                0xa00003e8                SetupPkt
                0xa00003f0                shortPacketStatus
                0xa00003f4                pBDTEntryEP0OutCurrent
                0xa00003f8                USBActiveConfiguration
                0xa00003fc                RemoteWakeup
                0xa0000400                USTATcopy
                0xa0000404                USBAlternateInterface
 *fill*         0xa0000405        0x3 00
 .scommon       0xa0000408       0x24 build/default/debug/_ext/1080174469/AbstractPID.o
                0xa0000408                resetPosition
                0xa000040c                MathCalculationVelocity
                0xa0000410                velData
                0xa0000414                MathCalculationPosition
                0xa0000418                onPidConfigure
                0xa000041c                pidGroups
                0xa0000420                setOutput
                0xa0000424                getPosition
                0xa0000428                checkPIDLimitEvents
 .scommon       0xa000042c       0x18 build/default/debug/_ext/711791526/Servo.o
                0xa000042c                currentServo
                0xa0000430                lastValue
                0xa0000434                nextServo
                0xa0000438                nextValue
                0xa000043c                diff
                0xa0000440                currentValue
 .scommon       0xa0000444        0x4 build/default/debug/_ext/711791526/ForgeHeater.o
                0xa0000444                heaterLowpassIndex
 .scommon       0xa0000448       0x1c build/default/debug/_ext/711791526/delta.o
                0xa0000448                cos120
                0xa000044c                sqrt3
                0xa0000450                sin30
                0xa0000454                tan30
                0xa0000458                pi
                0xa000045c                sin120
                0xa0000460                tan60
 .scommon       0xa0000464        0x4 build/default/debug/_ext/711791526/servoCalibration.o
                0xa0000464                state
                0xa0000468                _sbss_end = .

.bss            0xa0000600     0x31a8
 *(.dynbss)
 *(COMMON)
 COMMON         0xa0000600       0x80 build/default/debug/_ext/1487882678/usb_function_cdc.o
                0xa0000600                cdc_data_tx
                0xa0000640                cdc_data_rx
 *fill*         0xa0000680      0x180 00
 COMMON         0xa0000800       0xf7 build/default/debug/_ext/1487882678/usb_device.o
                0xa0000800                BDT
                0xa0000880                CtrlTrfData
                0xa00008c0                pBDTEntryIn
                0xa00008d0                pBDTEntryOut
                0xa00008e0                USBInData
                0xa00008ec                outPipes
 *fill*         0xa00008f7        0x1 00
 COMMON         0xa00008f8       0x50 build/default/debug/_ext/2118813141/FlashStorage.o
                0xa00008f8                flash
 COMMON         0xa0000948      0x10a build/default/debug/_ext/711791526/Callbacks.o
                0xa0000948                tmpData
 *fill*         0xa0000a52        0x2 00
 COMMON         0xa0000a54       0x84 build/default/debug/_ext/711791526/AS5055.o
                0xa0000a54                overflow
                0xa0000a80                raw
                0xa0000aac                offset
 COMMON         0xa0000ad8       0xc0 build/default/debug/_ext/711791526/Servo.o
                0xa0000ad8                position
                0xa0000af8                sort
                0xa0000b18                velocity
 COMMON         0xa0000b98       0x10 build/default/debug/_ext/711791526/ForgeHeater.o
                0xa0000b98                heaterLowpass
 COMMON         0xa0000ba8     0x2bfe build/default/debug/_ext/711791526/CartesianController.o
                0xa0000ba8                packetFifo
                0xa0000bc0                intCartesian
                0xa0000bf0                linTmpPack
                0xa0000cfc                lastXYZE
                0xa0000d0c                buffer
                0xa000369c                packetTemp
                0xa00037a8                . = ALIGN (0x4)
 *fill*         0xa00037a6        0x2 00
                0xa00037a8                . = ALIGN (0x4)
                0xa00037a8                _end = .
                0xa00037a8                _bss_end = .
                0x00008000                _bmxdudba_address = 0x8000
                0x00008000                _bmxdupba_address = 0x8000

/DISCARD/
 *(.pdr)
 *(.reginfo)
 *(.rel.dyn)
 *(.note.GNU-stack)
 *(.note.GNU-stack)
 *(.gnu_debuglink)
 *(.gnu.lto_*)
 *(.discard)

.stab
 *(.stab)

.stabstr
 *(.stabstr)

.stab.excl
 *(.stab.excl)

.stab.exclstr
 *(.stab.exclstr)

.stab.index
 *(.stab.index)

.stab.indexstr
 *(.stab.indexstr)

.comment        0x00000000       0x9c
 *(.comment)
 .comment       0x00000000       0x33 build/default/debug/_ext/1487882678/usb_descriptors.o
                                 0x34 (size before relaxing)
 .comment       0x00000000       0x34 build/default/debug/_ext/1487882678/usb_function_cdc.o
 .comment       0x00000000       0x34 build/default/debug/_ext/1487882678/usb_fifo.o
 .comment       0x00000000       0x34 build/default/debug/_ext/1487882678/usb_callback.o
 .comment       0x00000000       0x34 build/default/debug/_ext/1487882678/usb_interrupt.o
 .comment       0x00000000       0x34 build/default/debug/_ext/1487882678/usb_device.o
 .comment       0x00000000       0x34 build/default/debug/_ext/2118813141/Delay.o
 .comment       0x00000000       0x34 build/default/debug/_ext/2118813141/FlashStorage.o
 .comment       0x00000000       0x34 build/default/debug/_ext/2118813141/HAL_P32.o
 .comment       0x00000000       0x34 build/default/debug/_ext/2118813141/LED.o
 .comment       0x00000000       0x34 build/default/debug/_ext/2118813141/Tick.o
 .comment       0x00000000       0x34 build/default/debug/_ext/2118813141/Bowler_UART_HAL.o
 .comment       0x00000000       0x34 build/default/debug/_ext/2118813141/UART.o
 .comment       0x00000000       0x34 build/default/debug/_ext/2118813141/ADC.o
 .comment       0x00000000       0x34 build/default/debug/_ext/2118813141/Bowler_USB_HAL.o
 .comment       0x00000000       0x34 build/default/debug/_ext/1080174469/Bowler_Helper.o
 .comment       0x00000000       0x34 build/default/debug/_ext/1080174469/AbstractPID.o
 .comment       0x00000000       0x34 build/default/debug/_ext/1080174469/Bowler_Stack_Callback.o
 .comment       0x00000000       0x34 build/default/debug/_ext/1080174469/FIFO.o
 .comment       0x00000000       0x34 build/default/debug/_ext/1080174469/Bowler_RPC_Process.o
 .comment       0x00000000       0x34 build/default/debug/_ext/1080174469/Bowler_Transport.o
 .comment       0x00000000       0x34 build/default/debug/_ext/1080174469/Debug.o
 .comment       0x00000000       0x34 build/default/debug/_ext/1080174469/Scheduler.o
 .comment       0x00000000       0x34 build/default/debug/_ext/1080174469/Bowler_Server.o
 .comment       0x00000000       0x34 build/default/debug/_ext/1080174469/Namespace_bcs_core.o
 .comment       0x00000000       0x34 build/default/debug/_ext/1080174469/Namespace_bcs_pid.o
 .comment       0x00000000       0x34 build/default/debug/_ext/1080174469/Namespace_bcs_rpc.o
 .comment       0x00000000       0x34 build/default/debug/_ext/711791526/SPIClient.o
 .comment       0x00000000       0x34 build/default/debug/_ext/711791526/main.o
 .comment       0x00000000       0x34 build/default/debug/_ext/711791526/Callbacks.o
 .comment       0x00000000       0x34 build/default/debug/_ext/711791526/UpstreamPackets.o
 .comment       0x00000000       0x34 build/default/debug/_ext/711791526/AS5055.o
 .comment       0x00000000       0x34 build/default/debug/_ext/711791526/PID.o
 .comment       0x00000000       0x34 build/default/debug/_ext/711791526/Servo.o
 .comment       0x00000000       0x34 build/default/debug/_ext/711791526/StepperSim.o
 .comment       0x00000000       0x34 build/default/debug/_ext/711791526/ForgeHeater.o
 .comment       0x00000000       0x34 build/default/debug/_ext/711791526/CartesianController.o
 .comment       0x00000000       0x34 build/default/debug/_ext/711791526/DeltaKinematics.o
 .comment       0x00000000       0x34 build/default/debug/_ext/711791526/delta.o
 .comment       0x00000000       0x34 build/default/debug/_ext/711791526/Calibration.o
 .comment       0x00000000       0x34 build/default/debug/_ext/711791526/MotionTest.o
 .comment       0x00000000       0x34 build/default/debug/_ext/664674842/Namespace_bcs_cartesian.o
 .comment       0x00000000       0x34 build/default/debug/_ext/711791526/servoCalibration.o
 .comment       0x00000000       0x34 /home/opt/microchip/xc32/v1.00/bin/../lib/gcc/pic32mx/4.5.1/libgcc.a(floatunsisf.o)
 .comment       0x00000033       0x18 /home/opt/microchip/xc32/v1.00/bin/../lib/gcc/pic32mx/4.5.1/../../../../pic32mx/lib/libc.a(memset.o)
                                 0x19 (size before relaxing)
 .comment       0x00000000       0x34 /home/opt/microchip/xc32/v1.00/bin/../lib/gcc/pic32mx/4.5.1/../../../../pic32mx/lib/libc.a(default-bootstrap-exception-handler.o)
 .comment       0x00000000       0x34 /home/opt/microchip/xc32/v1.00/bin/../lib/gcc/pic32mx/4.5.1/../../../../pic32mx/lib/libc.a(default-on-reset.o)
 .comment       0x00000000       0x34 /home/opt/microchip/xc32/v1.00/bin/../lib/gcc/pic32mx/4.5.1/../../../../pic32mx/lib/libc.a(default-on-bootstrap.o)
 .comment       0x00000000       0x34 /home/opt/microchip/xc32/v1.00/bin/../lib/gcc/pic32mx/4.5.1/../../../../pic32mx/lib/libm.a(w_sqrtf.o)
 .comment       0x00000000       0x34 /home/opt/microchip/xc32/v1.00/bin/../lib/gcc/pic32mx/4.5.1/../../../../pic32mx/lib/libm.a(s_lib_ver.o)
 .comment       0x00000000       0x34 /home/opt/microchip/xc32/v1.00/bin/../lib/gcc/pic32mx/4.5.1/../../../../pic32mx/lib/libc.a(errno.o)
 .comment       0x0000004b       0x51 /home/opt/microchip/xc32/v1.00/bin/../lib/gcc/pic32mx/4.5.1/../../../../pic32mx/lib/libmchp_peripheral_32MX440F128H.a(pcache.o)
                                 0x52 (size before relaxing)
 .comment       0x00000000       0x52 /home/opt/microchip/xc32/v1.00/bin/../lib/gcc/pic32mx/4.5.1/../../../../pic32mx/lib/libmchp_peripheral_32MX440F128H.a(int_enable_interrupts_lib.o)
 .comment       0x00000000       0x52 /home/opt/microchip/xc32/v1.00/bin/../lib/gcc/pic32mx/4.5.1/../../../../pic32mx/lib/libmchp_peripheral_32MX440F128H.a(int_disable_interrupts_lib.o)
 .comment       0x00000000       0x52 /home/opt/microchip/xc32/v1.00/bin/../lib/gcc/pic32mx/4.5.1/../../../../pic32mx/lib/libmchp_peripheral_32MX440F128H.a(int_restore_interrupts_lib.o)
 .comment       0x00000000       0x52 /home/opt/microchip/xc32/v1.00/bin/../lib/gcc/pic32mx/4.5.1/../../../../pic32mx/lib/libmchp_peripheral_32MX440F128H.a(int_enable_mv_int_lib.o)
 .comment       0x00000000       0x52 /home/opt/microchip/xc32/v1.00/bin/../lib/gcc/pic32mx/4.5.1/../../../../pic32mx/lib/libmchp_peripheral_32MX440F128H.a(int_tbl_lib.o)
 .comment       0x00000000       0x52 /home/opt/microchip/xc32/v1.00/bin/../lib/gcc/pic32mx/4.5.1/../../../../pic32mx/lib/libmchp_peripheral_32MX440F128H.a(spi_chn_getc_lib.o)
 .comment       0x00000000       0x52 /home/opt/microchip/xc32/v1.00/bin/../lib/gcc/pic32mx/4.5.1/../../../../pic32mx/lib/libmchp_peripheral_32MX440F128H.a(spi_chn_putc_lib.o)
 .comment       0x00000000       0x52 /home/opt/microchip/xc32/v1.00/bin/../lib/gcc/pic32mx/4.5.1/../../../../pic32mx/lib/libmchp_peripheral_32MX440F128H.a(spi_map_tbl_libp.o)
 .comment       0x00000000       0x52 /home/opt/microchip/xc32/v1.00/bin/../lib/gcc/pic32mx/4.5.1/../../../../pic32mx/lib/libmchp_peripheral_32MX440F128H.a(spi_open_spi2_lib_legacy.o)
 .comment       0x00000000       0x52 /home/opt/microchip/xc32/v1.00/bin/../lib/gcc/pic32mx/4.5.1/../../../../pic32mx/lib/libmchp_peripheral_32MX440F128H.a(spi_brg_tbl_lib_legacy.o)
 .comment       0x00000000       0x52 /home/opt/microchip/xc32/v1.00/bin/../lib/gcc/pic32mx/4.5.1/../../../../pic32mx/lib/libmchp_peripheral_32MX440F128H.a(nvm_erase_page_lib.o)
 .comment       0x00000000       0x52 /home/opt/microchip/xc32/v1.00/bin/../lib/gcc/pic32mx/4.5.1/../../../../pic32mx/lib/libmchp_peripheral_32MX440F128H.a(nvm_operation_lib.o)
 .comment       0x00000000       0x52 /home/opt/microchip/xc32/v1.00/bin/../lib/gcc/pic32mx/4.5.1/../../../../pic32mx/lib/libmchp_peripheral_32MX440F128H.a(nvm_write_word_lib.o)
 .comment       0x00000000       0x52 /home/opt/microchip/xc32/v1.00/bin/../lib/gcc/pic32mx/4.5.1/../../../../pic32mx/lib/libmchp_peripheral_32MX440F128H.a(port_set_pins_digital_out_lib.o)
 .comment       0x00000000       0x52 /home/opt/microchip/xc32/v1.00/bin/../lib/gcc/pic32mx/4.5.1/../../../../pic32mx/lib/libmchp_peripheral_32MX440F128H.a(port_clear_bits_lib.o)
 .comment       0x00000000       0x52 /home/opt/microchip/xc32/v1.00/bin/../lib/gcc/pic32mx/4.5.1/../../../../pic32mx/lib/libmchp_peripheral_32MX440F128H.a(port_set_bits_lib.o)
 .comment       0x00000000       0x52 /home/opt/microchip/xc32/v1.00/bin/../lib/gcc/pic32mx/4.5.1/../../../../pic32mx/lib/libmchp_peripheral_32MX440F128H.a(_ports_tbl_libp.o)
 .comment       0x00000000       0x52 /home/opt/microchip/xc32/v1.00/bin/../lib/gcc/pic32mx/4.5.1/../../../../pic32mx/lib/libmchp_peripheral_32MX440F128H.a(uart_lib.o)

.debug
 *(.debug)

.line
 *(.line)

.debug_srcinfo
 *(.debug_srcinfo)

.debug_sfnames
 *(.debug_sfnames)

.debug_aranges  0x00000000      0x7f8
 *(.debug_aranges)
 .debug_aranges
                0x00000000       0x20 build/default/debug/_ext/1487882678/usb_descriptors.o
 .debug_aranges
                0x00000020       0x20 build/default/debug/_ext/1487882678/usb_function_cdc.o
 .debug_aranges
                0x00000040       0x20 build/default/debug/_ext/1487882678/usb_fifo.o
 .debug_aranges
                0x00000060       0x20 build/default/debug/_ext/1487882678/usb_callback.o
 .debug_aranges
                0x00000080       0x20 build/default/debug/_ext/1487882678/usb_device.o
 .debug_aranges
                0x000000a0       0x20 build/default/debug/_ext/2118813141/Delay.o
 .debug_aranges
                0x000000c0       0x20 build/default/debug/_ext/2118813141/FlashStorage.o
 .debug_aranges
                0x000000e0       0x20 build/default/debug/_ext/2118813141/HAL_P32.o
 .debug_aranges
                0x00000100       0x20 build/default/debug/_ext/2118813141/LED.o
 .debug_aranges
                0x00000120       0x20 build/default/debug/_ext/2118813141/Tick.o
 .debug_aranges
                0x00000140       0x20 build/default/debug/_ext/2118813141/Bowler_UART_HAL.o
 .debug_aranges
                0x00000160       0x20 build/default/debug/_ext/2118813141/UART.o
 .debug_aranges
                0x00000180       0x20 build/default/debug/_ext/2118813141/ADC.o
 .debug_aranges
                0x000001a0       0x20 build/default/debug/_ext/2118813141/Bowler_USB_HAL.o
 .debug_aranges
                0x000001c0       0x20 build/default/debug/_ext/1080174469/Bowler_Helper.o
 .debug_aranges
                0x000001e0       0x20 build/default/debug/_ext/1080174469/AbstractPID.o
 .debug_aranges
                0x00000200       0x20 build/default/debug/_ext/1080174469/FIFO.o
 .debug_aranges
                0x00000220       0x20 build/default/debug/_ext/1080174469/Bowler_RPC_Process.o
 .debug_aranges
                0x00000240       0x20 build/default/debug/_ext/1080174469/Bowler_Transport.o
 .debug_aranges
                0x00000260       0x20 build/default/debug/_ext/1080174469/Debug.o
 .debug_aranges
                0x00000280       0x20 build/default/debug/_ext/1080174469/Scheduler.o
 .debug_aranges
                0x000002a0       0x20 build/default/debug/_ext/1080174469/Bowler_Server.o
 .debug_aranges
                0x000002c0       0x20 build/default/debug/_ext/1080174469/Namespace_bcs_core.o
 .debug_aranges
                0x000002e0       0x20 build/default/debug/_ext/1080174469/Namespace_bcs_pid.o
 .debug_aranges
                0x00000300       0x20 build/default/debug/_ext/1080174469/Namespace_bcs_rpc.o
 .debug_aranges
                0x00000320       0x20 build/default/debug/_ext/711791526/SPIClient.o
 .debug_aranges
                0x00000340       0x20 build/default/debug/_ext/711791526/main.o
 .debug_aranges
                0x00000360       0x20 build/default/debug/_ext/711791526/Callbacks.o
 .debug_aranges
                0x00000380       0x20 build/default/debug/_ext/711791526/UpstreamPackets.o
 .debug_aranges
                0x000003a0       0x20 build/default/debug/_ext/711791526/AS5055.o
 .debug_aranges
                0x000003c0       0x20 build/default/debug/_ext/711791526/PID.o
 .debug_aranges
                0x000003e0       0x20 build/default/debug/_ext/711791526/Servo.o
 .debug_aranges
                0x00000400       0x20 build/default/debug/_ext/711791526/StepperSim.o
 .debug_aranges
                0x00000420       0x20 build/default/debug/_ext/711791526/ForgeHeater.o
 .debug_aranges
                0x00000440       0x20 build/default/debug/_ext/711791526/CartesianController.o
 .debug_aranges
                0x00000460       0x20 build/default/debug/_ext/711791526/delta.o
 .debug_aranges
                0x00000480       0x20 build/default/debug/_ext/664674842/Namespace_bcs_cartesian.o
 .debug_aranges
                0x000004a0       0x20 build/default/debug/_ext/711791526/servoCalibration.o
 .debug_aranges
                0x000004c0       0x20 /home/opt/microchip/xc32/v1.00/bin/../lib/gcc/pic32mx/4.5.1/libgcc.a(floatunsisf.o)
 .debug_aranges
                0x000004e0       0x20 /home/opt/microchip/xc32/v1.00/bin/../lib/gcc/pic32mx/4.5.1/../../../../pic32mx/lib/libc.a(default-bootstrap-exception-handler.o)
 .debug_aranges
                0x00000500       0x20 /home/opt/microchip/xc32/v1.00/bin/../lib/gcc/pic32mx/4.5.1/../../../../pic32mx/lib/libc.a(default-on-reset.o)
 .debug_aranges
                0x00000520       0x20 /home/opt/microchip/xc32/v1.00/bin/../lib/gcc/pic32mx/4.5.1/../../../../pic32mx/lib/libc.a(default-on-bootstrap.o)
 .debug_aranges
                0x00000540       0x20 /home/opt/microchip/xc32/v1.00/bin/../lib/gcc/pic32mx/4.5.1/../../../../pic32mx/lib/libm.a(w_sqrtf.o)
 .debug_aranges
                0x00000560       0x28 /home/opt/microchip/xc32/v1.00/bin/../lib/gcc/pic32mx/4.5.1/../../../../pic32mx/lib/libmchp_peripheral_32MX440F128H.a(pcache.o)
 .debug_aranges
                0x00000588       0x20 /home/opt/microchip/xc32/v1.00/bin/../lib/gcc/pic32mx/4.5.1/../../../../pic32mx/lib/libmchp_peripheral_32MX440F128H.a(int_enable_interrupts_lib.o)
 .debug_aranges
                0x000005a8       0x20 /home/opt/microchip/xc32/v1.00/bin/../lib/gcc/pic32mx/4.5.1/../../../../pic32mx/lib/libmchp_peripheral_32MX440F128H.a(int_disable_interrupts_lib.o)
 .debug_aranges
                0x000005c8       0x20 /home/opt/microchip/xc32/v1.00/bin/../lib/gcc/pic32mx/4.5.1/../../../../pic32mx/lib/libmchp_peripheral_32MX440F128H.a(int_restore_interrupts_lib.o)
 .debug_aranges
                0x000005e8       0x20 /home/opt/microchip/xc32/v1.00/bin/../lib/gcc/pic32mx/4.5.1/../../../../pic32mx/lib/libmchp_peripheral_32MX440F128H.a(int_enable_mv_int_lib.o)
 .debug_aranges
                0x00000608       0x60 /home/opt/microchip/xc32/v1.00/bin/../lib/gcc/pic32mx/4.5.1/../../../../pic32mx/lib/libmchp_peripheral_32MX440F128H.a(int_tbl_lib.o)
 .debug_aranges
                0x00000668       0x28 /home/opt/microchip/xc32/v1.00/bin/../lib/gcc/pic32mx/4.5.1/../../../../pic32mx/lib/libmchp_peripheral_32MX440F128H.a(spi_chn_getc_lib.o)
 .debug_aranges
                0x00000690       0x30 /home/opt/microchip/xc32/v1.00/bin/../lib/gcc/pic32mx/4.5.1/../../../../pic32mx/lib/libmchp_peripheral_32MX440F128H.a(spi_chn_putc_lib.o)
 .debug_aranges
                0x000006c0       0x20 /home/opt/microchip/xc32/v1.00/bin/../lib/gcc/pic32mx/4.5.1/../../../../pic32mx/lib/libmchp_peripheral_32MX440F128H.a(spi_open_spi2_lib_legacy.o)
 .debug_aranges
                0x000006e0       0x20 /home/opt/microchip/xc32/v1.00/bin/../lib/gcc/pic32mx/4.5.1/../../../../pic32mx/lib/libmchp_peripheral_32MX440F128H.a(nvm_erase_page_lib.o)
 .debug_aranges
                0x00000700       0x20 /home/opt/microchip/xc32/v1.00/bin/../lib/gcc/pic32mx/4.5.1/../../../../pic32mx/lib/libmchp_peripheral_32MX440F128H.a(nvm_operation_lib.o)
 .debug_aranges
                0x00000720       0x20 /home/opt/microchip/xc32/v1.00/bin/../lib/gcc/pic32mx/4.5.1/../../../../pic32mx/lib/libmchp_peripheral_32MX440F128H.a(nvm_write_word_lib.o)
 .debug_aranges
                0x00000740       0x20 /home/opt/microchip/xc32/v1.00/bin/../lib/gcc/pic32mx/4.5.1/../../../../pic32mx/lib/libmchp_peripheral_32MX440F128H.a(port_set_pins_digital_out_lib.o)
 .debug_aranges
                0x00000760       0x20 /home/opt/microchip/xc32/v1.00/bin/../lib/gcc/pic32mx/4.5.1/../../../../pic32mx/lib/libmchp_peripheral_32MX440F128H.a(port_clear_bits_lib.o)
 .debug_aranges
                0x00000780       0x20 /home/opt/microchip/xc32/v1.00/bin/../lib/gcc/pic32mx/4.5.1/../../../../pic32mx/lib/libmchp_peripheral_32MX440F128H.a(port_set_bits_lib.o)
 .debug_aranges
                0x000007a0       0x58 /home/opt/microchip/xc32/v1.00/bin/../lib/gcc/pic32mx/4.5.1/../../../../pic32mx/lib/libmchp_peripheral_32MX440F128H.a(uart_lib.o)

.debug_pubnames
                0x00000000     0x2682
 *(.debug_pubnames)
 .debug_pubnames
                0x00000000       0xc2 build/default/debug/_ext/1487882678/usb_descriptors.o
 .debug_pubnames
                0x000000c2      0x1b1 build/default/debug/_ext/1487882678/usb_function_cdc.o
 .debug_pubnames
                0x00000273       0xe7 build/default/debug/_ext/1487882678/usb_fifo.o
 .debug_pubnames
                0x0000035a       0xfc build/default/debug/_ext/1487882678/usb_callback.o
 .debug_pubnames
                0x00000456      0x3d5 build/default/debug/_ext/1487882678/usb_device.o
 .debug_pubnames
                0x0000082b       0x5d build/default/debug/_ext/2118813141/Delay.o
 .debug_pubnames
                0x00000888       0xcd build/default/debug/_ext/2118813141/FlashStorage.o
 .debug_pubnames
                0x00000955       0xd7 build/default/debug/_ext/2118813141/HAL_P32.o
 .debug_pubnames
                0x00000a2c       0x50 build/default/debug/_ext/2118813141/LED.o
 .debug_pubnames
                0x00000a7c       0x8d build/default/debug/_ext/2118813141/Tick.o
 .debug_pubnames
                0x00000b09       0xe8 build/default/debug/_ext/2118813141/Bowler_UART_HAL.o
 .debug_pubnames
                0x00000bf1       0x4e build/default/debug/_ext/2118813141/UART.o
 .debug_pubnames
                0x00000c3f       0x52 build/default/debug/_ext/2118813141/ADC.o
 .debug_pubnames
                0x00000c91       0x4c build/default/debug/_ext/2118813141/Bowler_USB_HAL.o
 .debug_pubnames
                0x00000cdd       0xf6 build/default/debug/_ext/1080174469/Bowler_Helper.o
 .debug_pubnames
                0x00000dd3      0x37e build/default/debug/_ext/1080174469/AbstractPID.o
 .debug_pubnames
                0x00001151      0x154 build/default/debug/_ext/1080174469/FIFO.o
 .debug_pubnames
                0x000012a5       0x40 build/default/debug/_ext/1080174469/Bowler_RPC_Process.o
 .debug_pubnames
                0x000012e5       0x9f build/default/debug/_ext/1080174469/Bowler_Transport.o
 .debug_pubnames
                0x00001384      0x163 build/default/debug/_ext/1080174469/Debug.o
 .debug_pubnames
                0x000014e7       0x1f build/default/debug/_ext/1080174469/Scheduler.o
 .debug_pubnames
                0x00001506       0x71 build/default/debug/_ext/1080174469/Bowler_Server.o
 .debug_pubnames
                0x00001577       0xf3 build/default/debug/_ext/1080174469/Namespace_bcs_core.o
 .debug_pubnames
                0x0000166a       0x48 build/default/debug/_ext/1080174469/Namespace_bcs_pid.o
 .debug_pubnames
                0x000016b2       0x3f build/default/debug/_ext/1080174469/Namespace_bcs_rpc.o
 .debug_pubnames
                0x000016f1       0x2b build/default/debug/_ext/711791526/SPIClient.o
 .debug_pubnames
                0x0000171c       0xac build/default/debug/_ext/711791526/main.o
 .debug_pubnames
                0x000017c8       0x54 build/default/debug/_ext/711791526/Callbacks.o
 .debug_pubnames
                0x0000181c       0x3c build/default/debug/_ext/711791526/UpstreamPackets.o
 .debug_pubnames
                0x00001858      0x149 build/default/debug/_ext/711791526/AS5055.o
 .debug_pubnames
                0x000019a1       0xf9 build/default/debug/_ext/711791526/PID.o
 .debug_pubnames
                0x00001a9a      0x1cc build/default/debug/_ext/711791526/Servo.o
 .debug_pubnames
                0x00001c66       0x58 build/default/debug/_ext/711791526/StepperSim.o
 .debug_pubnames
                0x00001cbe       0xd9 build/default/debug/_ext/711791526/ForgeHeater.o
 .debug_pubnames
                0x00001d97      0x250 build/default/debug/_ext/711791526/CartesianController.o
 .debug_pubnames
                0x00001fe7       0xe9 build/default/debug/_ext/711791526/delta.o
 .debug_pubnames
                0x000020d0       0x4f build/default/debug/_ext/664674842/Namespace_bcs_cartesian.o
 .debug_pubnames
                0x0000211f       0xd1 build/default/debug/_ext/711791526/servoCalibration.o
 .debug_pubnames
                0x000021f0       0x24 /home/opt/microchip/xc32/v1.00/bin/../lib/gcc/pic32mx/4.5.1/libgcc.a(floatunsisf.o)
 .debug_pubnames
                0x00002214       0x33 /home/opt/microchip/xc32/v1.00/bin/../lib/gcc/pic32mx/4.5.1/../../../../pic32mx/lib/libc.a(default-bootstrap-exception-handler.o)
 .debug_pubnames
                0x00002247       0x20 /home/opt/microchip/xc32/v1.00/bin/../lib/gcc/pic32mx/4.5.1/../../../../pic32mx/lib/libc.a(default-on-reset.o)
 .debug_pubnames
                0x00002267       0x24 /home/opt/microchip/xc32/v1.00/bin/../lib/gcc/pic32mx/4.5.1/../../../../pic32mx/lib/libc.a(default-on-bootstrap.o)
 .debug_pubnames
                0x0000228b       0x1c /home/opt/microchip/xc32/v1.00/bin/../lib/gcc/pic32mx/4.5.1/../../../../pic32mx/lib/libm.a(w_sqrtf.o)
 .debug_pubnames
                0x000022a7       0x3b /home/opt/microchip/xc32/v1.00/bin/../lib/gcc/pic32mx/4.5.1/../../../../pic32mx/lib/libmchp_peripheral_32MX440F128H.a(pcache.o)
 .debug_pubnames
                0x000022e2       0x2a /home/opt/microchip/xc32/v1.00/bin/../lib/gcc/pic32mx/4.5.1/../../../../pic32mx/lib/libmchp_peripheral_32MX440F128H.a(int_enable_interrupts_lib.o)
 .debug_pubnames
                0x0000230c       0x2b /home/opt/microchip/xc32/v1.00/bin/../lib/gcc/pic32mx/4.5.1/../../../../pic32mx/lib/libmchp_peripheral_32MX440F128H.a(int_disable_interrupts_lib.o)
 .debug_pubnames
                0x00002337       0x2b /home/opt/microchip/xc32/v1.00/bin/../lib/gcc/pic32mx/4.5.1/../../../../pic32mx/lib/libmchp_peripheral_32MX440F128H.a(int_restore_interrupts_lib.o)
 .debug_pubnames
                0x00002362       0x36 /home/opt/microchip/xc32/v1.00/bin/../lib/gcc/pic32mx/4.5.1/../../../../pic32mx/lib/libmchp_peripheral_32MX440F128H.a(int_enable_mv_int_lib.o)
 .debug_pubnames
                0x00002398       0xca /home/opt/microchip/xc32/v1.00/bin/../lib/gcc/pic32mx/4.5.1/../../../../pic32mx/lib/libmchp_peripheral_32MX440F128H.a(int_tbl_lib.o)
 .debug_pubnames
                0x00002462       0x31 /home/opt/microchip/xc32/v1.00/bin/../lib/gcc/pic32mx/4.5.1/../../../../pic32mx/lib/libmchp_peripheral_32MX440F128H.a(spi_chn_getc_lib.o)
 .debug_pubnames
                0x00002493       0x43 /home/opt/microchip/xc32/v1.00/bin/../lib/gcc/pic32mx/4.5.1/../../../../pic32mx/lib/libmchp_peripheral_32MX440F128H.a(spi_chn_putc_lib.o)
 .debug_pubnames
                0x000024d6       0x1f /home/opt/microchip/xc32/v1.00/bin/../lib/gcc/pic32mx/4.5.1/../../../../pic32mx/lib/libmchp_peripheral_32MX440F128H.a(spi_open_spi2_lib_legacy.o)
 .debug_pubnames
                0x000024f5       0x23 /home/opt/microchip/xc32/v1.00/bin/../lib/gcc/pic32mx/4.5.1/../../../../pic32mx/lib/libmchp_peripheral_32MX440F128H.a(nvm_erase_page_lib.o)
 .debug_pubnames
                0x00002518       0x24 /home/opt/microchip/xc32/v1.00/bin/../lib/gcc/pic32mx/4.5.1/../../../../pic32mx/lib/libmchp_peripheral_32MX440F128H.a(nvm_operation_lib.o)
 .debug_pubnames
                0x0000253c       0x23 /home/opt/microchip/xc32/v1.00/bin/../lib/gcc/pic32mx/4.5.1/../../../../pic32mx/lib/libmchp_peripheral_32MX440F128H.a(nvm_write_word_lib.o)
 .debug_pubnames
                0x0000255f       0x2c /home/opt/microchip/xc32/v1.00/bin/../lib/gcc/pic32mx/4.5.1/../../../../pic32mx/lib/libmchp_peripheral_32MX440F128H.a(port_set_pins_digital_out_lib.o)
 .debug_pubnames
                0x0000258b       0x24 /home/opt/microchip/xc32/v1.00/bin/../lib/gcc/pic32mx/4.5.1/../../../../pic32mx/lib/libmchp_peripheral_32MX440F128H.a(port_clear_bits_lib.o)
 .debug_pubnames
                0x000025af       0x22 /home/opt/microchip/xc32/v1.00/bin/../lib/gcc/pic32mx/4.5.1/../../../../pic32mx/lib/libmchp_peripheral_32MX440F128H.a(port_set_bits_lib.o)
 .debug_pubnames
                0x000025d1       0xb1 /home/opt/microchip/xc32/v1.00/bin/../lib/gcc/pic32mx/4.5.1/../../../../pic32mx/lib/libmchp_peripheral_32MX440F128H.a(uart_lib.o)

.debug_info     0x00000000    0x42643
 *(.debug_info .gnu.linkonce.wi.*)
 .debug_info    0x00000000     0x16ad build/default/debug/_ext/1487882678/usb_descriptors.o
 .debug_info    0x000016ad     0x291f build/default/debug/_ext/1487882678/usb_function_cdc.o
 .debug_info    0x00003fcc     0x1b13 build/default/debug/_ext/1487882678/usb_fifo.o
 .debug_info    0x00005adf     0x1c7f build/default/debug/_ext/1487882678/usb_callback.o
 .debug_info    0x0000775e      0xf7f build/default/debug/_ext/1487882678/usb_interrupt.o
 .debug_info    0x000086dd     0x367f build/default/debug/_ext/1487882678/usb_device.o
 .debug_info    0x0000bd5c     0x109c build/default/debug/_ext/2118813141/Delay.o
 .debug_info    0x0000cdf8     0x1626 build/default/debug/_ext/2118813141/FlashStorage.o
 .debug_info    0x0000e41e     0x17be build/default/debug/_ext/2118813141/HAL_P32.o
 .debug_info    0x0000fbdc     0x1191 build/default/debug/_ext/2118813141/LED.o
 .debug_info    0x00010d6d     0x1488 build/default/debug/_ext/2118813141/Tick.o
 .debug_info    0x000121f5     0x257a build/default/debug/_ext/2118813141/Bowler_UART_HAL.o
 .debug_info    0x0001476f     0x16d9 build/default/debug/_ext/2118813141/UART.o
 .debug_info    0x00015e48     0x1b98 build/default/debug/_ext/2118813141/ADC.o
 .debug_info    0x000179e0     0x1078 build/default/debug/_ext/2118813141/Bowler_USB_HAL.o
 .debug_info    0x00018a58     0x16fc build/default/debug/_ext/1080174469/Bowler_Helper.o
 .debug_info    0x0001a154     0x17a5 build/default/debug/_ext/1080174469/AbstractPID.o
 .debug_info    0x0001b8f9      0xf80 build/default/debug/_ext/1080174469/Bowler_Stack_Callback.o
 .debug_info    0x0001c879     0x1811 build/default/debug/_ext/1080174469/FIFO.o
 .debug_info    0x0001e08a     0x172d build/default/debug/_ext/1080174469/Bowler_RPC_Process.o
 .debug_info    0x0001f7b7     0x1534 build/default/debug/_ext/1080174469/Bowler_Transport.o
 .debug_info    0x00020ceb     0x1c71 build/default/debug/_ext/1080174469/Debug.o
 .debug_info    0x0002295c     0x101d build/default/debug/_ext/1080174469/Scheduler.o
 .debug_info    0x00023979     0x1819 build/default/debug/_ext/1080174469/Bowler_Server.o
 .debug_info    0x00025192     0x19f2 build/default/debug/_ext/1080174469/Namespace_bcs_core.o
 .debug_info    0x00026b84     0x17bd build/default/debug/_ext/1080174469/Namespace_bcs_pid.o
 .debug_info    0x00028341     0x181e build/default/debug/_ext/1080174469/Namespace_bcs_rpc.o
 .debug_info    0x00029b5f      0xfdd build/default/debug/_ext/711791526/SPIClient.o
 .debug_info    0x0002ab3c     0x1f66 build/default/debug/_ext/711791526/main.o
 .debug_info    0x0002caa2     0x1583 build/default/debug/_ext/711791526/Callbacks.o
 .debug_info    0x0002e025     0x15e7 build/default/debug/_ext/711791526/UpstreamPackets.o
 .debug_info    0x0002f60c     0x23ce build/default/debug/_ext/711791526/AS5055.o
 .debug_info    0x000319da     0x1b97 build/default/debug/_ext/711791526/PID.o
 .debug_info    0x00033571     0x1e0f build/default/debug/_ext/711791526/Servo.o
 .debug_info    0x00035380     0x1551 build/default/debug/_ext/711791526/StepperSim.o
 .debug_info    0x000368d1     0x1986 build/default/debug/_ext/711791526/ForgeHeater.o
 .debug_info    0x00038257     0x1ea1 build/default/debug/_ext/711791526/CartesianController.o
 .debug_info    0x0003a0f8      0xf6a build/default/debug/_ext/711791526/DeltaKinematics.o
 .debug_info    0x0003b062     0x1714 build/default/debug/_ext/711791526/delta.o
 .debug_info    0x0003c776      0xf66 build/default/debug/_ext/711791526/Calibration.o
 .debug_info    0x0003d6dc      0xf65 build/default/debug/_ext/711791526/MotionTest.o
 .debug_info    0x0003e641     0x174f build/default/debug/_ext/664674842/Namespace_bcs_cartesian.o
 .debug_info    0x0003fd90     0x1666 build/default/debug/_ext/711791526/servoCalibration.o
 .debug_info    0x000413f6      0x146 /home/opt/microchip/xc32/v1.00/bin/../lib/gcc/pic32mx/4.5.1/libgcc.a(floatunsisf.o)
 .debug_info    0x0004153c       0xcb /home/opt/microchip/xc32/v1.00/bin/../lib/gcc/pic32mx/4.5.1/../../../../pic32mx/lib/libc.a(default-bootstrap-exception-handler.o)
 .debug_info    0x00041607       0xa5 /home/opt/microchip/xc32/v1.00/bin/../lib/gcc/pic32mx/4.5.1/../../../../pic32mx/lib/libc.a(default-on-reset.o)
 .debug_info    0x000416ac       0xad /home/opt/microchip/xc32/v1.00/bin/../lib/gcc/pic32mx/4.5.1/../../../../pic32mx/lib/libc.a(default-on-bootstrap.o)
 .debug_info    0x00041759       0x99 /home/opt/microchip/xc32/v1.00/bin/../lib/gcc/pic32mx/4.5.1/../../../../pic32mx/lib/libm.a(w_sqrtf.o)
 .debug_info    0x000417f2        0x0 /home/opt/microchip/xc32/v1.00/bin/../lib/gcc/pic32mx/4.5.1/../../../../pic32mx/lib/libm.a(s_lib_ver.o)
 .debug_info    0x000417f2        0x0 /home/opt/microchip/xc32/v1.00/bin/../lib/gcc/pic32mx/4.5.1/../../../../pic32mx/lib/libc.a(errno.o)
 .debug_info    0x000417f2       0xd4 /home/opt/microchip/xc32/v1.00/bin/../lib/gcc/pic32mx/4.5.1/../../../../pic32mx/lib/libmchp_peripheral_32MX440F128H.a(pcache.o)
 .debug_info    0x000418c6       0xc9 /home/opt/microchip/xc32/v1.00/bin/../lib/gcc/pic32mx/4.5.1/../../../../pic32mx/lib/libmchp_peripheral_32MX440F128H.a(int_enable_interrupts_lib.o)
 .debug_info    0x0004198f       0xcb /home/opt/microchip/xc32/v1.00/bin/../lib/gcc/pic32mx/4.5.1/../../../../pic32mx/lib/libmchp_peripheral_32MX440F128H.a(int_disable_interrupts_lib.o)
 .debug_info    0x00041a5a       0xcb /home/opt/microchip/xc32/v1.00/bin/../lib/gcc/pic32mx/4.5.1/../../../../pic32mx/lib/libmchp_peripheral_32MX440F128H.a(int_restore_interrupts_lib.o)
 .debug_info    0x00041b25       0xd1 /home/opt/microchip/xc32/v1.00/bin/../lib/gcc/pic32mx/4.5.1/../../../../pic32mx/lib/libmchp_peripheral_32MX440F128H.a(int_enable_mv_int_lib.o)
 .debug_info    0x00041bf6      0x1ab /home/opt/microchip/xc32/v1.00/bin/../lib/gcc/pic32mx/4.5.1/../../../../pic32mx/lib/libmchp_peripheral_32MX440F128H.a(int_tbl_lib.o)
 .debug_info    0x00041da1       0xd1 /home/opt/microchip/xc32/v1.00/bin/../lib/gcc/pic32mx/4.5.1/../../../../pic32mx/lib/libmchp_peripheral_32MX440F128H.a(spi_chn_getc_lib.o)
 .debug_info    0x00041e72       0xed /home/opt/microchip/xc32/v1.00/bin/../lib/gcc/pic32mx/4.5.1/../../../../pic32mx/lib/libmchp_peripheral_32MX440F128H.a(spi_chn_putc_lib.o)
 .debug_info    0x00041f5f        0x0 /home/opt/microchip/xc32/v1.00/bin/../lib/gcc/pic32mx/4.5.1/../../../../pic32mx/lib/libmchp_peripheral_32MX440F128H.a(spi_map_tbl_libp.o)
 .debug_info    0x00041f5f       0xbd /home/opt/microchip/xc32/v1.00/bin/../lib/gcc/pic32mx/4.5.1/../../../../pic32mx/lib/libmchp_peripheral_32MX440F128H.a(spi_open_spi2_lib_legacy.o)
 .debug_info    0x0004201c        0x0 /home/opt/microchip/xc32/v1.00/bin/../lib/gcc/pic32mx/4.5.1/../../../../pic32mx/lib/libmchp_peripheral_32MX440F128H.a(spi_brg_tbl_lib_legacy.o)
 .debug_info    0x0004201c       0xbb /home/opt/microchip/xc32/v1.00/bin/../lib/gcc/pic32mx/4.5.1/../../../../pic32mx/lib/libmchp_peripheral_32MX440F128H.a(nvm_erase_page_lib.o)
 .debug_info    0x000420d7       0xdc /home/opt/microchip/xc32/v1.00/bin/../lib/gcc/pic32mx/4.5.1/../../../../pic32mx/lib/libmchp_peripheral_32MX440F128H.a(nvm_operation_lib.o)
 .debug_info    0x000421b3       0xbb /home/opt/microchip/xc32/v1.00/bin/../lib/gcc/pic32mx/4.5.1/../../../../pic32mx/lib/libmchp_peripheral_32MX440F128H.a(nvm_write_word_lib.o)
 .debug_info    0x0004226e       0xd1 /home/opt/microchip/xc32/v1.00/bin/../lib/gcc/pic32mx/4.5.1/../../../../pic32mx/lib/libmchp_peripheral_32MX440F128H.a(port_set_pins_digital_out_lib.o)
 .debug_info    0x0004233f       0xbf /home/opt/microchip/xc32/v1.00/bin/../lib/gcc/pic32mx/4.5.1/../../../../pic32mx/lib/libmchp_peripheral_32MX440F128H.a(port_clear_bits_lib.o)
 .debug_info    0x000423fe       0xbb /home/opt/microchip/xc32/v1.00/bin/../lib/gcc/pic32mx/4.5.1/../../../../pic32mx/lib/libmchp_peripheral_32MX440F128H.a(port_set_bits_lib.o)
 .debug_info    0x000424b9        0x0 /home/opt/microchip/xc32/v1.00/bin/../lib/gcc/pic32mx/4.5.1/../../../../pic32mx/lib/libmchp_peripheral_32MX440F128H.a(_ports_tbl_libp.o)
 .debug_info    0x000424b9      0x18a /home/opt/microchip/xc32/v1.00/bin/../lib/gcc/pic32mx/4.5.1/../../../../pic32mx/lib/libmchp_peripheral_32MX440F128H.a(uart_lib.o)

.debug_abbrev   0x00000000     0x62b3
 *(.debug_abbrev)
 .debug_abbrev  0x00000000      0x209 build/default/debug/_ext/1487882678/usb_descriptors.o
 .debug_abbrev  0x00000209      0x2e3 build/default/debug/_ext/1487882678/usb_function_cdc.o
 .debug_abbrev  0x000004ec      0x289 build/default/debug/_ext/1487882678/usb_fifo.o
 .debug_abbrev  0x00000775      0x23e build/default/debug/_ext/1487882678/usb_callback.o
 .debug_abbrev  0x000009b3      0x166 build/default/debug/_ext/1487882678/usb_interrupt.o
 .debug_abbrev  0x00000b19      0x2c0 build/default/debug/_ext/1487882678/usb_device.o
 .debug_abbrev  0x00000dd9      0x1b0 build/default/debug/_ext/2118813141/Delay.o
 .debug_abbrev  0x00000f89      0x20f build/default/debug/_ext/2118813141/FlashStorage.o
 .debug_abbrev  0x00001198      0x2a1 build/default/debug/_ext/2118813141/HAL_P32.o
 .debug_abbrev  0x00001439      0x1b7 build/default/debug/_ext/2118813141/LED.o
 .debug_abbrev  0x000015f0      0x20b build/default/debug/_ext/2118813141/Tick.o
 .debug_abbrev  0x000017fb      0x279 build/default/debug/_ext/2118813141/Bowler_UART_HAL.o
 .debug_abbrev  0x00001a74      0x231 build/default/debug/_ext/2118813141/UART.o
 .debug_abbrev  0x00001ca5      0x1db build/default/debug/_ext/2118813141/ADC.o
 .debug_abbrev  0x00001e80      0x1d4 build/default/debug/_ext/2118813141/Bowler_USB_HAL.o
 .debug_abbrev  0x00002054      0x23d build/default/debug/_ext/1080174469/Bowler_Helper.o
 .debug_abbrev  0x00002291      0x282 build/default/debug/_ext/1080174469/AbstractPID.o
 .debug_abbrev  0x00002513      0x166 build/default/debug/_ext/1080174469/Bowler_Stack_Callback.o
 .debug_abbrev  0x00002679      0x24c build/default/debug/_ext/1080174469/FIFO.o
 .debug_abbrev  0x000028c5      0x256 build/default/debug/_ext/1080174469/Bowler_RPC_Process.o
 .debug_abbrev  0x00002b1b      0x244 build/default/debug/_ext/1080174469/Bowler_Transport.o
 .debug_abbrev  0x00002d5f      0x2b0 build/default/debug/_ext/1080174469/Debug.o
 .debug_abbrev  0x0000300f      0x1ac build/default/debug/_ext/1080174469/Scheduler.o
 .debug_abbrev  0x000031bb      0x28b build/default/debug/_ext/1080174469/Bowler_Server.o
 .debug_abbrev  0x00003446      0x2a8 build/default/debug/_ext/1080174469/Namespace_bcs_core.o
 .debug_abbrev  0x000036ee      0x242 build/default/debug/_ext/1080174469/Namespace_bcs_pid.o
 .debug_abbrev  0x00003930      0x251 build/default/debug/_ext/1080174469/Namespace_bcs_rpc.o
 .debug_abbrev  0x00003b81      0x19d build/default/debug/_ext/711791526/SPIClient.o
 .debug_abbrev  0x00003d1e      0x3e1 build/default/debug/_ext/711791526/main.o
 .debug_abbrev  0x000040ff      0x242 build/default/debug/_ext/711791526/Callbacks.o
 .debug_abbrev  0x00004341      0x219 build/default/debug/_ext/711791526/UpstreamPackets.o
 .debug_abbrev  0x0000455a      0x292 build/default/debug/_ext/711791526/AS5055.o
 .debug_abbrev  0x000047ec      0x2aa build/default/debug/_ext/711791526/PID.o
 .debug_abbrev  0x00004a96      0x2b1 build/default/debug/_ext/711791526/Servo.o
 .debug_abbrev  0x00004d47      0x1ca build/default/debug/_ext/711791526/StepperSim.o
 .debug_abbrev  0x00004f11      0x217 build/default/debug/_ext/711791526/ForgeHeater.o
 .debug_abbrev  0x00005128      0x357 build/default/debug/_ext/711791526/CartesianController.o
 .debug_abbrev  0x0000547f      0x166 build/default/debug/_ext/711791526/DeltaKinematics.o
 .debug_abbrev  0x000055e5      0x1ee build/default/debug/_ext/711791526/delta.o
 .debug_abbrev  0x000057d3      0x166 build/default/debug/_ext/711791526/Calibration.o
 .debug_abbrev  0x00005939      0x166 build/default/debug/_ext/711791526/MotionTest.o
 .debug_abbrev  0x00005a9f      0x258 build/default/debug/_ext/664674842/Namespace_bcs_cartesian.o
 .debug_abbrev  0x00005cf7      0x250 build/default/debug/_ext/711791526/servoCalibration.o
 .debug_abbrev  0x00005f47       0x61 /home/opt/microchip/xc32/v1.00/bin/../lib/gcc/pic32mx/4.5.1/libgcc.a(floatunsisf.o)
 .debug_abbrev  0x00005fa8       0x25 /home/opt/microchip/xc32/v1.00/bin/../lib/gcc/pic32mx/4.5.1/../../../../pic32mx/lib/libc.a(default-bootstrap-exception-handler.o)
 .debug_abbrev  0x00005fcd       0x25 /home/opt/microchip/xc32/v1.00/bin/../lib/gcc/pic32mx/4.5.1/../../../../pic32mx/lib/libc.a(default-on-reset.o)
 .debug_abbrev  0x00005ff2       0x25 /home/opt/microchip/xc32/v1.00/bin/../lib/gcc/pic32mx/4.5.1/../../../../pic32mx/lib/libc.a(default-on-bootstrap.o)
 .debug_abbrev  0x00006017       0x25 /home/opt/microchip/xc32/v1.00/bin/../lib/gcc/pic32mx/4.5.1/../../../../pic32mx/lib/libm.a(w_sqrtf.o)
 .debug_abbrev  0x0000603c        0x1 /home/opt/microchip/xc32/v1.00/bin/../lib/gcc/pic32mx/4.5.1/../../../../pic32mx/lib/libm.a(s_lib_ver.o)
 .debug_abbrev  0x0000603d        0x1 /home/opt/microchip/xc32/v1.00/bin/../lib/gcc/pic32mx/4.5.1/../../../../pic32mx/lib/libc.a(errno.o)
 .debug_abbrev  0x0000603e       0x25 /home/opt/microchip/xc32/v1.00/bin/../lib/gcc/pic32mx/4.5.1/../../../../pic32mx/lib/libmchp_peripheral_32MX440F128H.a(pcache.o)
 .debug_abbrev  0x00006063       0x25 /home/opt/microchip/xc32/v1.00/bin/../lib/gcc/pic32mx/4.5.1/../../../../pic32mx/lib/libmchp_peripheral_32MX440F128H.a(int_enable_interrupts_lib.o)
 .debug_abbrev  0x00006088       0x25 /home/opt/microchip/xc32/v1.00/bin/../lib/gcc/pic32mx/4.5.1/../../../../pic32mx/lib/libmchp_peripheral_32MX440F128H.a(int_disable_interrupts_lib.o)
 .debug_abbrev  0x000060ad       0x25 /home/opt/microchip/xc32/v1.00/bin/../lib/gcc/pic32mx/4.5.1/../../../../pic32mx/lib/libmchp_peripheral_32MX440F128H.a(int_restore_interrupts_lib.o)
 .debug_abbrev  0x000060d2       0x25 /home/opt/microchip/xc32/v1.00/bin/../lib/gcc/pic32mx/4.5.1/../../../../pic32mx/lib/libmchp_peripheral_32MX440F128H.a(int_enable_mv_int_lib.o)
 .debug_abbrev  0x000060f7       0x25 /home/opt/microchip/xc32/v1.00/bin/../lib/gcc/pic32mx/4.5.1/../../../../pic32mx/lib/libmchp_peripheral_32MX440F128H.a(int_tbl_lib.o)
 .debug_abbrev  0x0000611c       0x25 /home/opt/microchip/xc32/v1.00/bin/../lib/gcc/pic32mx/4.5.1/../../../../pic32mx/lib/libmchp_peripheral_32MX440F128H.a(spi_chn_getc_lib.o)
 .debug_abbrev  0x00006141       0x25 /home/opt/microchip/xc32/v1.00/bin/../lib/gcc/pic32mx/4.5.1/../../../../pic32mx/lib/libmchp_peripheral_32MX440F128H.a(spi_chn_putc_lib.o)
 .debug_abbrev  0x00006166        0x1 /home/opt/microchip/xc32/v1.00/bin/../lib/gcc/pic32mx/4.5.1/../../../../pic32mx/lib/libmchp_peripheral_32MX440F128H.a(spi_map_tbl_libp.o)
 .debug_abbrev  0x00006167       0x25 /home/opt/microchip/xc32/v1.00/bin/../lib/gcc/pic32mx/4.5.1/../../../../pic32mx/lib/libmchp_peripheral_32MX440F128H.a(spi_open_spi2_lib_legacy.o)
 .debug_abbrev  0x0000618c        0x1 /home/opt/microchip/xc32/v1.00/bin/../lib/gcc/pic32mx/4.5.1/../../../../pic32mx/lib/libmchp_peripheral_32MX440F128H.a(spi_brg_tbl_lib_legacy.o)
 .debug_abbrev  0x0000618d       0x25 /home/opt/microchip/xc32/v1.00/bin/../lib/gcc/pic32mx/4.5.1/../../../../pic32mx/lib/libmchp_peripheral_32MX440F128H.a(nvm_erase_page_lib.o)
 .debug_abbrev  0x000061b2       0x34 /home/opt/microchip/xc32/v1.00/bin/../lib/gcc/pic32mx/4.5.1/../../../../pic32mx/lib/libmchp_peripheral_32MX440F128H.a(nvm_operation_lib.o)
 .debug_abbrev  0x000061e6       0x25 /home/opt/microchip/xc32/v1.00/bin/../lib/gcc/pic32mx/4.5.1/../../../../pic32mx/lib/libmchp_peripheral_32MX440F128H.a(nvm_write_word_lib.o)
 .debug_abbrev  0x0000620b       0x25 /home/opt/microchip/xc32/v1.00/bin/../lib/gcc/pic32mx/4.5.1/../../../../pic32mx/lib/libmchp_peripheral_32MX440F128H.a(port_set_pins_digital_out_lib.o)
 .debug_abbrev  0x00006230       0x25 /home/opt/microchip/xc32/v1.00/bin/../lib/gcc/pic32mx/4.5.1/../../../../pic32mx/lib/libmchp_peripheral_32MX440F128H.a(port_clear_bits_lib.o)
 .debug_abbrev  0x00006255       0x25 /home/opt/microchip/xc32/v1.00/bin/../lib/gcc/pic32mx/4.5.1/../../../../pic32mx/lib/libmchp_peripheral_32MX440F128H.a(port_set_bits_lib.o)
 .debug_abbrev  0x0000627a        0x1 /home/opt/microchip/xc32/v1.00/bin/../lib/gcc/pic32mx/4.5.1/../../../../pic32mx/lib/libmchp_peripheral_32MX440F128H.a(_ports_tbl_libp.o)
 .debug_abbrev  0x0000627b       0x38 /home/opt/microchip/xc32/v1.00/bin/../lib/gcc/pic32mx/4.5.1/../../../../pic32mx/lib/libmchp_peripheral_32MX440F128H.a(uart_lib.o)

.debug_line     0x00000000     0x702d
 *(.debug_line)
 .debug_line    0x00000000      0x244 build/default/debug/_ext/1487882678/usb_descriptors.o
 .debug_line    0x00000244      0x339 build/default/debug/_ext/1487882678/usb_function_cdc.o
 .debug_line    0x0000057d      0x304 build/default/debug/_ext/1487882678/usb_fifo.o
 .debug_line    0x00000881      0x285 build/default/debug/_ext/1487882678/usb_callback.o
 .debug_line    0x00000b06      0x133 build/default/debug/_ext/1487882678/usb_interrupt.o
 .debug_line    0x00000c39      0x621 build/default/debug/_ext/1487882678/usb_device.o
 .debug_line    0x0000125a      0x1d6 build/default/debug/_ext/2118813141/Delay.o
 .debug_line    0x00001430      0x295 build/default/debug/_ext/2118813141/FlashStorage.o
 .debug_line    0x000016c5      0x277 build/default/debug/_ext/2118813141/HAL_P32.o
 .debug_line    0x0000193c      0x1dd build/default/debug/_ext/2118813141/LED.o
 .debug_line    0x00001b19      0x22d build/default/debug/_ext/2118813141/Tick.o
 .debug_line    0x00001d46      0x293 build/default/debug/_ext/2118813141/Bowler_UART_HAL.o
 .debug_line    0x00001fd9      0x211 build/default/debug/_ext/2118813141/UART.o
 .debug_line    0x000021ea      0x20f build/default/debug/_ext/2118813141/ADC.o
 .debug_line    0x000023f9      0x1cb build/default/debug/_ext/2118813141/Bowler_USB_HAL.o
 .debug_line    0x000025c4      0x24c build/default/debug/_ext/1080174469/Bowler_Helper.o
 .debug_line    0x00002810      0x485 build/default/debug/_ext/1080174469/AbstractPID.o
 .debug_line    0x00002c95      0x133 build/default/debug/_ext/1080174469/Bowler_Stack_Callback.o
 .debug_line    0x00002dc8      0x292 build/default/debug/_ext/1080174469/FIFO.o
 .debug_line    0x0000305a      0x229 build/default/debug/_ext/1080174469/Bowler_RPC_Process.o
 .debug_line    0x00003283      0x232 build/default/debug/_ext/1080174469/Bowler_Transport.o
 .debug_line    0x000034b5      0x348 build/default/debug/_ext/1080174469/Debug.o
 .debug_line    0x000037fd      0x199 build/default/debug/_ext/1080174469/Scheduler.o
 .debug_line    0x00003996      0x23a build/default/debug/_ext/1080174469/Bowler_Server.o
 .debug_line    0x00003bd0      0x2b1 build/default/debug/_ext/1080174469/Namespace_bcs_core.o
 .debug_line    0x00003e81      0x206 build/default/debug/_ext/1080174469/Namespace_bcs_pid.o
 .debug_line    0x00004087      0x242 build/default/debug/_ext/1080174469/Namespace_bcs_rpc.o
 .debug_line    0x000042c9      0x162 build/default/debug/_ext/711791526/SPIClient.o
 .debug_line    0x0000442b      0x3a2 build/default/debug/_ext/711791526/main.o
 .debug_line    0x000047cd      0x207 build/default/debug/_ext/711791526/Callbacks.o
 .debug_line    0x000049d4      0x242 build/default/debug/_ext/711791526/UpstreamPackets.o
 .debug_line    0x00004c16      0x2ea build/default/debug/_ext/711791526/AS5055.o
 .debug_line    0x00004f00      0x2db build/default/debug/_ext/711791526/PID.o
 .debug_line    0x000051db      0x31b build/default/debug/_ext/711791526/Servo.o
 .debug_line    0x000054f6      0x1b8 build/default/debug/_ext/711791526/StepperSim.o
 .debug_line    0x000056ae      0x240 build/default/debug/_ext/711791526/ForgeHeater.o
 .debug_line    0x000058ee      0x3b8 build/default/debug/_ext/711791526/CartesianController.o
 .debug_line    0x00005ca6      0x128 build/default/debug/_ext/711791526/DeltaKinematics.o
 .debug_line    0x00005dce      0x240 build/default/debug/_ext/711791526/delta.o
 .debug_line    0x0000600e      0x128 build/default/debug/_ext/711791526/Calibration.o
 .debug_line    0x00006136      0x128 build/default/debug/_ext/711791526/MotionTest.o
 .debug_line    0x0000625e      0x1ff build/default/debug/_ext/664674842/Namespace_bcs_cartesian.o
 .debug_line    0x0000645d      0x267 build/default/debug/_ext/711791526/servoCalibration.o
 .debug_line    0x000066c4       0x6d /home/opt/microchip/xc32/v1.00/bin/../lib/gcc/pic32mx/4.5.1/libgcc.a(floatunsisf.o)
 .debug_line    0x00006731       0x89 /home/opt/microchip/xc32/v1.00/bin/../lib/gcc/pic32mx/4.5.1/../../../../pic32mx/lib/libc.a(default-bootstrap-exception-handler.o)
 .debug_line    0x000067ba       0x76 /home/opt/microchip/xc32/v1.00/bin/../lib/gcc/pic32mx/4.5.1/../../../../pic32mx/lib/libc.a(default-on-reset.o)
 .debug_line    0x00006830       0x7a /home/opt/microchip/xc32/v1.00/bin/../lib/gcc/pic32mx/4.5.1/../../../../pic32mx/lib/libc.a(default-on-bootstrap.o)
 .debug_line    0x000068aa       0x6e /home/opt/microchip/xc32/v1.00/bin/../lib/gcc/pic32mx/4.5.1/../../../../pic32mx/lib/libm.a(w_sqrtf.o)
 .debug_line    0x00006918        0x0 /home/opt/microchip/xc32/v1.00/bin/../lib/gcc/pic32mx/4.5.1/../../../../pic32mx/lib/libm.a(s_lib_ver.o)
 .debug_line    0x00006918        0x0 /home/opt/microchip/xc32/v1.00/bin/../lib/gcc/pic32mx/4.5.1/../../../../pic32mx/lib/libc.a(errno.o)
 .debug_line    0x00006918       0x62 /home/opt/microchip/xc32/v1.00/bin/../lib/gcc/pic32mx/4.5.1/../../../../pic32mx/lib/libmchp_peripheral_32MX440F128H.a(pcache.o)
 .debug_line    0x0000697a       0x72 /home/opt/microchip/xc32/v1.00/bin/../lib/gcc/pic32mx/4.5.1/../../../../pic32mx/lib/libmchp_peripheral_32MX440F128H.a(int_enable_interrupts_lib.o)
 .debug_line    0x000069ec       0x73 /home/opt/microchip/xc32/v1.00/bin/../lib/gcc/pic32mx/4.5.1/../../../../pic32mx/lib/libmchp_peripheral_32MX440F128H.a(int_disable_interrupts_lib.o)
 .debug_line    0x00006a5f       0x73 /home/opt/microchip/xc32/v1.00/bin/../lib/gcc/pic32mx/4.5.1/../../../../pic32mx/lib/libmchp_peripheral_32MX440F128H.a(int_restore_interrupts_lib.o)
 .debug_line    0x00006ad2       0x6e /home/opt/microchip/xc32/v1.00/bin/../lib/gcc/pic32mx/4.5.1/../../../../pic32mx/lib/libmchp_peripheral_32MX440F128H.a(int_enable_mv_int_lib.o)
 .debug_line    0x00006b40       0x64 /home/opt/microchip/xc32/v1.00/bin/../lib/gcc/pic32mx/4.5.1/../../../../pic32mx/lib/libmchp_peripheral_32MX440F128H.a(int_tbl_lib.o)
 .debug_line    0x00006ba4       0x69 /home/opt/microchip/xc32/v1.00/bin/../lib/gcc/pic32mx/4.5.1/../../../../pic32mx/lib/libmchp_peripheral_32MX440F128H.a(spi_chn_getc_lib.o)
 .debug_line    0x00006c0d       0x69 /home/opt/microchip/xc32/v1.00/bin/../lib/gcc/pic32mx/4.5.1/../../../../pic32mx/lib/libmchp_peripheral_32MX440F128H.a(spi_chn_putc_lib.o)
 .debug_line    0x00006c76        0x0 /home/opt/microchip/xc32/v1.00/bin/../lib/gcc/pic32mx/4.5.1/../../../../pic32mx/lib/libmchp_peripheral_32MX440F128H.a(spi_map_tbl_libp.o)
 .debug_line    0x00006c76       0x71 /home/opt/microchip/xc32/v1.00/bin/../lib/gcc/pic32mx/4.5.1/../../../../pic32mx/lib/libmchp_peripheral_32MX440F128H.a(spi_open_spi2_lib_legacy.o)
 .debug_line    0x00006ce7        0x0 /home/opt/microchip/xc32/v1.00/bin/../lib/gcc/pic32mx/4.5.1/../../../../pic32mx/lib/libmchp_peripheral_32MX440F128H.a(spi_brg_tbl_lib_legacy.o)
 .debug_line    0x00006ce7       0x6b /home/opt/microchip/xc32/v1.00/bin/../lib/gcc/pic32mx/4.5.1/../../../../pic32mx/lib/libmchp_peripheral_32MX440F128H.a(nvm_erase_page_lib.o)
 .debug_line    0x00006d52       0xbc /home/opt/microchip/xc32/v1.00/bin/../lib/gcc/pic32mx/4.5.1/../../../../pic32mx/lib/libmchp_peripheral_32MX440F128H.a(nvm_operation_lib.o)
 .debug_line    0x00006e0e       0x6b /home/opt/microchip/xc32/v1.00/bin/../lib/gcc/pic32mx/4.5.1/../../../../pic32mx/lib/libmchp_peripheral_32MX440F128H.a(nvm_write_word_lib.o)
 .debug_line    0x00006e79       0x78 /home/opt/microchip/xc32/v1.00/bin/../lib/gcc/pic32mx/4.5.1/../../../../pic32mx/lib/libmchp_peripheral_32MX440F128H.a(port_set_pins_digital_out_lib.o)
 .debug_line    0x00006ef1       0x6e /home/opt/microchip/xc32/v1.00/bin/../lib/gcc/pic32mx/4.5.1/../../../../pic32mx/lib/libmchp_peripheral_32MX440F128H.a(port_clear_bits_lib.o)
 .debug_line    0x00006f5f       0x6c /home/opt/microchip/xc32/v1.00/bin/../lib/gcc/pic32mx/4.5.1/../../../../pic32mx/lib/libmchp_peripheral_32MX440F128H.a(port_set_bits_lib.o)
 .debug_line    0x00006fcb        0x0 /home/opt/microchip/xc32/v1.00/bin/../lib/gcc/pic32mx/4.5.1/../../../../pic32mx/lib/libmchp_peripheral_32MX440F128H.a(_ports_tbl_libp.o)
 .debug_line    0x00006fcb       0x62 /home/opt/microchip/xc32/v1.00/bin/../lib/gcc/pic32mx/4.5.1/../../../../pic32mx/lib/libmchp_peripheral_32MX440F128H.a(uart_lib.o)

.debug_frame    0x00000000     0x2bb8
 *(.debug_frame)
 .debug_frame   0x00000000       0x64 build/default/debug/_ext/1487882678/usb_descriptors.o
 .debug_frame   0x00000064       0xf0 build/default/debug/_ext/1487882678/usb_function_cdc.o
 .debug_frame   0x00000154      0x164 build/default/debug/_ext/1487882678/usb_fifo.o
 .debug_frame   0x000002b8      0x128 build/default/debug/_ext/1487882678/usb_callback.o
 .debug_frame   0x000003e0      0x310 build/default/debug/_ext/1487882678/usb_device.o
 .debug_frame   0x000006f0       0x9c build/default/debug/_ext/2118813141/Delay.o
 .debug_frame   0x0000078c      0x128 build/default/debug/_ext/2118813141/FlashStorage.o
 .debug_frame   0x000008b4      0x128 build/default/debug/_ext/2118813141/HAL_P32.o
 .debug_frame   0x000009dc       0x9c build/default/debug/_ext/2118813141/LED.o
 .debug_frame   0x00000a78       0xdc build/default/debug/_ext/2118813141/Tick.o
 .debug_frame   0x00000b54      0x148 build/default/debug/_ext/2118813141/Bowler_UART_HAL.o
 .debug_frame   0x00000c9c       0x48 build/default/debug/_ext/2118813141/UART.o
 .debug_frame   0x00000ce4       0x64 build/default/debug/_ext/2118813141/ADC.o
 .debug_frame   0x00000d48       0x64 build/default/debug/_ext/2118813141/Bowler_USB_HAL.o
 .debug_frame   0x00000dac      0x1bc build/default/debug/_ext/1080174469/Bowler_Helper.o
 .debug_frame   0x00000f68      0x44c build/default/debug/_ext/1080174469/AbstractPID.o
 .debug_frame   0x000013b4      0x1f4 build/default/debug/_ext/1080174469/FIFO.o
 .debug_frame   0x000015a8       0x4c build/default/debug/_ext/1080174469/Bowler_RPC_Process.o
 .debug_frame   0x000015f4       0xf4 build/default/debug/_ext/1080174469/Bowler_Transport.o
 .debug_frame   0x000016e8      0x1ec build/default/debug/_ext/1080174469/Debug.o
 .debug_frame   0x000018d4       0x30 build/default/debug/_ext/1080174469/Scheduler.o
 .debug_frame   0x00001904       0x88 build/default/debug/_ext/1080174469/Bowler_Server.o
 .debug_frame   0x0000198c      0x148 build/default/debug/_ext/1080174469/Namespace_bcs_core.o
 .debug_frame   0x00001ad4       0x48 build/default/debug/_ext/1080174469/Namespace_bcs_pid.o
 .debug_frame   0x00001b1c       0x64 build/default/debug/_ext/1080174469/Namespace_bcs_rpc.o
 .debug_frame   0x00001b80       0x48 build/default/debug/_ext/711791526/SPIClient.o
 .debug_frame   0x00001bc8       0xc0 build/default/debug/_ext/711791526/main.o
 .debug_frame   0x00001c88       0x64 build/default/debug/_ext/711791526/Callbacks.o
 .debug_frame   0x00001cec       0x6c build/default/debug/_ext/711791526/UpstreamPackets.o
 .debug_frame   0x00001d58      0x168 build/default/debug/_ext/711791526/AS5055.o
 .debug_frame   0x00001ec0      0x14c build/default/debug/_ext/711791526/PID.o
 .debug_frame   0x0000200c      0x1e8 build/default/debug/_ext/711791526/Servo.o
 .debug_frame   0x000021f4       0x8c build/default/debug/_ext/711791526/StepperSim.o
 .debug_frame   0x00002280      0x100 build/default/debug/_ext/711791526/ForgeHeater.o
 .debug_frame   0x00002380      0x250 build/default/debug/_ext/711791526/CartesianController.o
 .debug_frame   0x000025d0       0xac build/default/debug/_ext/711791526/delta.o
 .debug_frame   0x0000267c       0x48 build/default/debug/_ext/664674842/Namespace_bcs_cartesian.o
 .debug_frame   0x000026c4       0xf4 build/default/debug/_ext/711791526/servoCalibration.o
 .debug_frame   0x000027b8       0x28 /home/opt/microchip/xc32/v1.00/bin/../lib/gcc/pic32mx/4.5.1/libgcc.a(floatunsisf.o)
 .debug_frame   0x000027e0       0x20 /home/opt/microchip/xc32/v1.00/bin/../lib/gcc/pic32mx/4.5.1/../../../../pic32mx/lib/libc.a(default-bootstrap-exception-handler.o)
 .debug_frame   0x00002800       0x20 /home/opt/microchip/xc32/v1.00/bin/../lib/gcc/pic32mx/4.5.1/../../../../pic32mx/lib/libc.a(default-on-reset.o)
 .debug_frame   0x00002820       0x20 /home/opt/microchip/xc32/v1.00/bin/../lib/gcc/pic32mx/4.5.1/../../../../pic32mx/lib/libc.a(default-on-bootstrap.o)
 .debug_frame   0x00002840       0x28 /home/opt/microchip/xc32/v1.00/bin/../lib/gcc/pic32mx/4.5.1/../../../../pic32mx/lib/libm.a(w_sqrtf.o)
 .debug_frame   0x00002868       0x30 /home/opt/microchip/xc32/v1.00/bin/../lib/gcc/pic32mx/4.5.1/../../../../pic32mx/lib/libmchp_peripheral_32MX440F128H.a(pcache.o)
 .debug_frame   0x00002898       0x20 /home/opt/microchip/xc32/v1.00/bin/../lib/gcc/pic32mx/4.5.1/../../../../pic32mx/lib/libmchp_peripheral_32MX440F128H.a(int_enable_interrupts_lib.o)
 .debug_frame   0x000028b8       0x20 /home/opt/microchip/xc32/v1.00/bin/../lib/gcc/pic32mx/4.5.1/../../../../pic32mx/lib/libmchp_peripheral_32MX440F128H.a(int_disable_interrupts_lib.o)
 .debug_frame   0x000028d8       0x20 /home/opt/microchip/xc32/v1.00/bin/../lib/gcc/pic32mx/4.5.1/../../../../pic32mx/lib/libmchp_peripheral_32MX440F128H.a(int_restore_interrupts_lib.o)
 .debug_frame   0x000028f8       0x28 /home/opt/microchip/xc32/v1.00/bin/../lib/gcc/pic32mx/4.5.1/../../../../pic32mx/lib/libmchp_peripheral_32MX440F128H.a(int_enable_mv_int_lib.o)
 .debug_frame   0x00002920       0xa0 /home/opt/microchip/xc32/v1.00/bin/../lib/gcc/pic32mx/4.5.1/../../../../pic32mx/lib/libmchp_peripheral_32MX440F128H.a(int_tbl_lib.o)
 .debug_frame   0x000029c0       0x30 /home/opt/microchip/xc32/v1.00/bin/../lib/gcc/pic32mx/4.5.1/../../../../pic32mx/lib/libmchp_peripheral_32MX440F128H.a(spi_chn_getc_lib.o)
 .debug_frame   0x000029f0       0x40 /home/opt/microchip/xc32/v1.00/bin/../lib/gcc/pic32mx/4.5.1/../../../../pic32mx/lib/libmchp_peripheral_32MX440F128H.a(spi_chn_putc_lib.o)
 .debug_frame   0x00002a30       0x20 /home/opt/microchip/xc32/v1.00/bin/../lib/gcc/pic32mx/4.5.1/../../../../pic32mx/lib/libmchp_peripheral_32MX440F128H.a(spi_open_spi2_lib_legacy.o)
 .debug_frame   0x00002a50       0x28 /home/opt/microchip/xc32/v1.00/bin/../lib/gcc/pic32mx/4.5.1/../../../../pic32mx/lib/libmchp_peripheral_32MX440F128H.a(nvm_erase_page_lib.o)
 .debug_frame   0x00002a78       0x28 /home/opt/microchip/xc32/v1.00/bin/../lib/gcc/pic32mx/4.5.1/../../../../pic32mx/lib/libmchp_peripheral_32MX440F128H.a(nvm_operation_lib.o)
 .debug_frame   0x00002aa0       0x28 /home/opt/microchip/xc32/v1.00/bin/../lib/gcc/pic32mx/4.5.1/../../../../pic32mx/lib/libmchp_peripheral_32MX440F128H.a(nvm_write_word_lib.o)
 .debug_frame   0x00002ac8       0x20 /home/opt/microchip/xc32/v1.00/bin/../lib/gcc/pic32mx/4.5.1/../../../../pic32mx/lib/libmchp_peripheral_32MX440F128H.a(port_set_pins_digital_out_lib.o)
 .debug_frame   0x00002ae8       0x20 /home/opt/microchip/xc32/v1.00/bin/../lib/gcc/pic32mx/4.5.1/../../../../pic32mx/lib/libmchp_peripheral_32MX440F128H.a(port_clear_bits_lib.o)
 .debug_frame   0x00002b08       0x20 /home/opt/microchip/xc32/v1.00/bin/../lib/gcc/pic32mx/4.5.1/../../../../pic32mx/lib/libmchp_peripheral_32MX440F128H.a(port_set_bits_lib.o)
 .debug_frame   0x00002b28       0x90 /home/opt/microchip/xc32/v1.00/bin/../lib/gcc/pic32mx/4.5.1/../../../../pic32mx/lib/libmchp_peripheral_32MX440F128H.a(uart_lib.o)

.debug_str      0x00000000     0x2d36
 *(.debug_str)
 .debug_str     0x00000000      0x117 build/default/debug/_ext/1487882678/usb_descriptors.o
 .debug_str     0x00000117      0x1cb build/default/debug/_ext/1487882678/usb_function_cdc.o
 .debug_str     0x000002e2      0x11a build/default/debug/_ext/1487882678/usb_fifo.o
 .debug_str     0x000003fc       0xf7 build/default/debug/_ext/1487882678/usb_callback.o
 .debug_str     0x000004f3       0xe2 build/default/debug/_ext/1487882678/usb_interrupt.o
 .debug_str     0x000005d5      0x2ab build/default/debug/_ext/1487882678/usb_device.o
 .debug_str     0x00000880       0xe2 build/default/debug/_ext/2118813141/Delay.o
 .debug_str     0x00000962       0xe2 build/default/debug/_ext/2118813141/FlashStorage.o
 .debug_str     0x00000a44       0xe9 build/default/debug/_ext/2118813141/HAL_P32.o
 .debug_str     0x00000b2d       0xe2 build/default/debug/_ext/2118813141/LED.o
 .debug_str     0x00000c0f       0xeb build/default/debug/_ext/2118813141/Tick.o
 .debug_str     0x00000cfa      0x100 build/default/debug/_ext/2118813141/Bowler_UART_HAL.o
 .debug_str     0x00000dfa       0xe2 build/default/debug/_ext/2118813141/UART.o
 .debug_str     0x00000edc      0x15f build/default/debug/_ext/2118813141/ADC.o
 .debug_str     0x0000103b       0xe2 build/default/debug/_ext/2118813141/Bowler_USB_HAL.o
 .debug_str     0x0000111d       0xe9 build/default/debug/_ext/1080174469/Bowler_Helper.o
 .debug_str     0x00001206       0xc7 build/default/debug/_ext/1080174469/AbstractPID.o
 .debug_str     0x000012cd       0xe2 build/default/debug/_ext/1080174469/Bowler_Stack_Callback.o
 .debug_str     0x000013af      0x126 build/default/debug/_ext/1080174469/FIFO.o
 .debug_str     0x000014d5       0xe2 build/default/debug/_ext/1080174469/Bowler_RPC_Process.o
 .debug_str     0x000015b7       0xee build/default/debug/_ext/1080174469/Bowler_Transport.o
 .debug_str     0x000016a5       0xeb build/default/debug/_ext/1080174469/Debug.o
 .debug_str     0x00001790       0xe2 build/default/debug/_ext/1080174469/Scheduler.o
 .debug_str     0x00001872       0xf3 build/default/debug/_ext/1080174469/Bowler_Server.o
 .debug_str     0x00001965      0x109 build/default/debug/_ext/1080174469/Namespace_bcs_core.o
 .debug_str     0x00001a6e       0xe2 build/default/debug/_ext/1080174469/Namespace_bcs_pid.o
 .debug_str     0x00001b50       0xeb build/default/debug/_ext/1080174469/Namespace_bcs_rpc.o
 .debug_str     0x00001c3b       0xe2 build/default/debug/_ext/711791526/SPIClient.o
 .debug_str     0x00001d1d      0x127 build/default/debug/_ext/711791526/main.o
 .debug_str     0x00001e44       0xfb build/default/debug/_ext/711791526/Callbacks.o
 .debug_str     0x00001f3f       0xe2 build/default/debug/_ext/711791526/UpstreamPackets.o
 .debug_str     0x00002021      0x18a build/default/debug/_ext/711791526/AS5055.o
 .debug_str     0x000021ab       0xf2 build/default/debug/_ext/711791526/PID.o
 .debug_str     0x0000229d      0x187 build/default/debug/_ext/711791526/Servo.o
 .debug_str     0x00002424       0xf6 build/default/debug/_ext/711791526/StepperSim.o
 .debug_str     0x0000251a      0x152 build/default/debug/_ext/711791526/ForgeHeater.o
 .debug_str     0x0000266c      0x16a build/default/debug/_ext/711791526/CartesianController.o
 .debug_str     0x000027d6       0xe2 build/default/debug/_ext/711791526/DeltaKinematics.o
 .debug_str     0x000028b8       0xe2 build/default/debug/_ext/711791526/delta.o
 .debug_str     0x0000299a       0xe2 build/default/debug/_ext/711791526/Calibration.o