Archive member included because of file (symbol)

/home/opt/microchip/xc32/v1.00/bin/../lib/gcc/pic32mx/4.5.1/libgcc.a(floatunsisf.o)
                              build/default/debug/_ext/2118813141/Tick.o (__floatunsisf)
/home/opt/microchip/xc32/v1.00/bin/../lib/gcc/pic32mx/4.5.1/../../../../pic32mx/lib/libc.a(memset.o)
                              build/default/debug/_ext/1487882678/usb_device.o (memset)
/home/opt/microchip/xc32/v1.00/bin/../lib/gcc/pic32mx/4.5.1/../../../../pic32mx/lib/libc.a(general-exception.o)
                              /home/opt/microchip/xc32/v1.00/bin/../lib/gcc/pic32mx/4.5.1/../../../../pic32mx/lib/crt0.o (_general_exception_context)
/home/opt/microchip/xc32/v1.00/bin/../lib/gcc/pic32mx/4.5.1/../../../../pic32mx/lib/libc.a(default-bootstrap-exception-handler.o)
                              /home/opt/microchip/xc32/v1.00/bin/../lib/gcc/pic32mx/4.5.1/../../../../pic32mx/lib/crt0.o (_bootstrap_exception_handler)
/home/opt/microchip/xc32/v1.00/bin/../lib/gcc/pic32mx/4.5.1/../../../../pic32mx/lib/libc.a(default-on-reset.o)
                              /home/opt/microchip/xc32/v1.00/bin/../lib/gcc/pic32mx/4.5.1/../../../../pic32mx/lib/crt0.o (_on_reset)
/home/opt/microchip/xc32/v1.00/bin/../lib/gcc/pic32mx/4.5.1/../../../../pic32mx/lib/libc.a(default-on-bootstrap.o)
                              /home/opt/microchip/xc32/v1.00/bin/../lib/gcc/pic32mx/4.5.1/../../../../pic32mx/lib/crt0.o (_on_bootstrap)
/home/opt/microchip/xc32/v1.00/bin/../lib/gcc/pic32mx/4.5.1/../../../../pic32mx/lib/libc.a(default-nmi-handler.o)
                              /home/opt/microchip/xc32/v1.00/bin/../lib/gcc/pic32mx/4.5.1/../../../../pic32mx/lib/crt0.o (_nmi_handler)
/home/opt/microchip/xc32/v1.00/bin/../lib/gcc/pic32mx/4.5.1/../../../../pic32mx/lib/libm.a(w_atan2f.o)
                              build/default/debug/_ext/1494288313/KosselKinematics.o (atan2f)
/home/opt/microchip/xc32/v1.00/bin/../lib/gcc/pic32mx/4.5.1/../../../../pic32mx/lib/libm.a(fparc32.o)
                              build/default/debug/_ext/1494288313/delta.o (atanf)
/home/opt/microchip/xc32/v1.00/bin/../lib/gcc/pic32mx/4.5.1/../../../../pic32mx/lib/libm.a(fpfloo32.o)
                              build/default/debug/_ext/1494288313/KosselKinematics.o (floorf)
/home/opt/microchip/xc32/v1.00/bin/../lib/gcc/pic32mx/4.5.1/../../../../pic32mx/lib/libm.a(dp32.o)
                              /home/opt/microchip/xc32/v1.00/bin/../lib/gcc/pic32mx/4.5.1/../../../../pic32mx/lib/libm.a(w_atan2f.o) (fptodp)
/home/opt/microchip/xc32/v1.00/bin/../lib/gcc/pic32mx/4.5.1/../../../../pic32mx/lib/libm.a(fpsqrt32.o)
                              /home/opt/microchip/xc32/v1.00/bin/../lib/gcc/pic32mx/4.5.1/../../../../pic32mx/lib/libm.a(fparc32.o) (fpexsqrt)
/home/opt/microchip/xc32/v1.00/bin/../lib/gcc/pic32mx/4.5.1/../../../../pic32mx/lib/libm.a(w_sqrtf.o)
                              build/default/debug/_ext/1494288313/delta.o (sqrtf)
/home/opt/microchip/xc32/v1.00/bin/../lib/gcc/pic32mx/4.5.1/../../../../pic32mx/lib/libm.a(fp32.o)
                              build/default/debug/_ext/1487882678/usb_fifo.o (fpsub)
/home/opt/microchip/xc32/v1.00/bin/../lib/gcc/pic32mx/4.5.1/../../../../pic32mx/lib/libm.a(fpcos32.o)
                              build/default/debug/_ext/1494288313/KosselKinematics.o (cosf)
/home/opt/microchip/xc32/v1.00/bin/../lib/gcc/pic32mx/4.5.1/../../../../pic32mx/lib/libm.a(fpsin32.o)
                              build/default/debug/_ext/1494288313/KosselKinematics.o (sinf)
/home/opt/microchip/xc32/v1.00/bin/../lib/gcc/pic32mx/4.5.1/../../../../pic32mx/lib/libm.a(fpreduct32.o)
                              /home/opt/microchip/xc32/v1.00/bin/../lib/gcc/pic32mx/4.5.1/../../../../pic32mx/lib/libm.a(fpcos32.o) (fpreduct)
/home/opt/microchip/xc32/v1.00/bin/../lib/gcc/pic32mx/4.5.1/../../../../pic32mx/lib/libm.a(sincof32.o)
                              /home/opt/microchip/xc32/v1.00/bin/../lib/gcc/pic32mx/4.5.1/../../../../pic32mx/lib/libm.a(fpcos32.o) (_sincof)
/home/opt/microchip/xc32/v1.00/bin/../lib/gcc/pic32mx/4.5.1/../../../../pic32mx/lib/libm.a(s_lib_ver.o)
                              /home/opt/microchip/xc32/v1.00/bin/../lib/gcc/pic32mx/4.5.1/../../../../pic32mx/lib/libm.a(w_sqrtf.o) (math_errhandling)
/home/opt/microchip/xc32/v1.00/bin/../lib/gcc/pic32mx/4.5.1/../../../../pic32mx/lib/libm.a(cabs.o)
                              build/default/debug/_ext/1494288313/KosselKinematics.o (hypotf)
/home/opt/microchip/xc32/v1.00/bin/../lib/gcc/pic32mx/4.5.1/../../../../pic32mx/lib/libm.a(support.o)
                              /home/opt/microchip/xc32/v1.00/bin/../lib/gcc/pic32mx/4.5.1/../../../../pic32mx/lib/libm.a(cabs.o) (copysign)
/home/opt/microchip/xc32/v1.00/bin/../lib/gcc/pic32mx/4.5.1/../../../../pic32mx/lib/libm.a(w_ldexp.o)
                              /home/opt/microchip/xc32/v1.00/bin/../lib/gcc/pic32mx/4.5.1/../../../../pic32mx/lib/libm.a(support.o) (ldexp)
[...]
Memory Configuration

Name             Origin             Length             Attributes
kseg0_program_mem 0x9d000000         0x00020000         xr
kseg0_boot_mem   0x9fc00490         0x00000970
exception_mem    0x9fc01000         0x00001000
kseg1_boot_mem   0xbfc00000         0x00000490
debug_exec_mem   0xbfc02000         0x00000ff0
config3          0xbfc02ff0         0x00000004
config2          0xbfc02ff4         0x00000004
config1          0xbfc02ff8         0x00000004
config0          0xbfc02ffc         0x00000004
kseg1_data_mem   0xa0000000         0x00008000         w !x
sfrs             0xbf800000         0x00100000
configsfrs       0xbfc02ff0         0x00000010
*default*        0x00000000         0xffffffff

Linker script and memory map

LOAD /home/opt/microchip/xc32/v1.00/bin/../lib/gcc/pic32mx/4.5.1/../../../../pic32mx/lib/crt0.o
                0x00000001                _DEBUGGER = 0x1
LOAD build/default/debug/_ext/1487882678/usb_descriptors.o
LOAD build/default/debug/_ext/1487882678/usb_function_cdc.o
LOAD build/default/debug/_ext/1487882678/usb_fifo.o
LOAD build/default/debug/_ext/1487882678/usb_callback.o
LOAD build/default/debug/_ext/1487882678/usb_interrupt.o
LOAD build/default/debug/_ext/1487882678/usb_device.o
LOAD build/default/debug/_ext/2118813141/Delay.o
LOAD build/default/debug/_ext/2118813141/FlashStorage.o
LOAD build/default/debug/_ext/2118813141/HAL_P32.o
LOAD build/default/debug/_ext/2118813141/LED.o
LOAD build/default/debug/_ext/2118813141/Tick.o
LOAD build/default/debug/_ext/2118813141/Bowler_UART_HAL.o
LOAD build/default/debug/_ext/2118813141/UART.o
LOAD build/default/debug/_ext/2118813141/ADC.o
LOAD build/default/debug/_ext/2118813141/Bowler_USB_HAL.o
LOAD build/default/debug/_ext/1080174469/Bowler_Helper.o
LOAD build/default/debug/_ext/1080174469/AbstractPID.o
LOAD build/default/debug/_ext/1080174469/Bowler_Stack_Callback.o
LOAD build/default/debug/_ext/1080174469/FIFO.o
LOAD build/default/debug/_ext/1080174469/Bowler_RPC_Process.o
LOAD build/default/debug/_ext/1080174469/Bowler_Transport.o
LOAD build/default/debug/_ext/1080174469/Debug.o
LOAD build/default/debug/_ext/1080174469/Scheduler.o
LOAD build/default/debug/_ext/1080174469/Bowler_Server.o
LOAD build/default/debug/_ext/1080174469/Namespace_bcs_core.o
LOAD build/default/debug/_ext/1080174469/Namespace_bcs_pid.o
LOAD build/default/debug/_ext/1080174469/Namespace_bcs_rpc.o
LOAD build/default/debug/_ext/263962707/Servo.o
LOAD build/default/debug/_ext/263962707/SPIClient.o
LOAD build/default/debug/_ext/263962707/ForgeHeater.o
LOAD build/default/debug/_ext/263962707/AS5055.o
LOAD build/default/debug/_ext/1494288313/KosselKinematics.o
LOAD build/default/debug/_ext/1494288313/CartesianController.o
LOAD build/default/debug/_ext/1494288313/DeltaKinematics.o
LOAD build/default/debug/_ext/1494288313/delta.o
LOAD build/default/debug/_ext/519170017/MotionTest.o
LOAD build/default/debug/_ext/519170017/Calibration.o
LOAD build/default/debug/_ext/519170017/StepperSim.o
LOAD build/default/debug/_ext/519170017/servoCalibration.o
LOAD build/default/debug/_ext/519170017/PID.o
LOAD build/default/debug/_ext/2048476848/UpstreamPackets.o
LOAD build/default/debug/_ext/2048476848/Namespace_bcs_cartesian.o
LOAD build/default/debug/_ext/2048476848/Callbacks.o
LOAD build/default/debug/_ext/1445274692/main.o
                0x00000001                __MPLAB_BUILD = 0x1
                0x00000001                __ICD2RAM = 0x1
                0x00000001                __MPLAB_DEBUG = 0x1
                0x00000001                __DEBUG = 0x1
                0x00000001                __MPLAB_DEBUGGER_PK3 = 0x1
LOAD /home/opt/microchip/xc32/v1.00/bin/../lib/gcc/pic32mx/4.5.1/libgcc.a
START GROUP
LOAD /home/opt/microchip/xc32/v1.00/bin/../lib/gcc/pic32mx/4.5.1/../../../../pic32mx/lib/libdebug.a
LOAD /home/opt/microchip/xc32/v1.00/bin/../lib/gcc/pic32mx/4.5.1/../../../../pic32mx/lib/libc.a
LOAD /home/opt/microchip/xc32/v1.00/bin/../lib/gcc/pic32mx/4.5.1/../../../../pic32mx/lib/libm.a
LOAD /home/opt/microchip/xc32/v1.00/bin/../lib/gcc/pic32mx/4.5.1/../../../../pic32mx/lib/libe.a
LOAD /home/opt/microchip/xc32/v1.00/bin/../lib/gcc/pic32mx/4.5.1/../../../../pic32mx/lib/libdsp.a
END GROUP
LOAD /home/opt/microchip/xc32/v1.00/bin/../lib/gcc/pic32mx/4.5.1/libgcc.a
                0x00000400                PROVIDE (_min_stack_size, 0x400)
                0x00000000                PROVIDE (_min_heap_size, 0x0)
LOAD /home/opt/microchip/xc32/v1.00/bin/../lib/gcc/pic32mx/4.5.1/../../../../pic32mx/lib/./proc/32MX440F128H/processor.o
START GROUP
LOAD /home/opt/microchip/xc32/v1.00/bin/../lib/gcc/pic32mx/4.5.1/../../../../pic32mx/lib/libmchp_peripheral.a
END GROUP
START GROUP
LOAD /home/opt/microchip/xc32/v1.00/bin/../lib/gcc/pic32mx/4.5.1/../../../../pic32mx/lib/libmchp_peripheral_32MX440F128H.a
END GROUP
                0x00000001                PROVIDE (_vector_spacing, 0x1)
                0x9fc01000                _ebase_address = 0x9fc01000
                0xbfc00000                _RESET_ADDR = 0xbfc00000
                0xbfc00380                _BEV_EXCPT_ADDR = 0xbfc00380
                0xbfc00480                _DBG_EXCPT_ADDR = 0xbfc00480
                0xbfc02000                _DBG_CODE_ADDR = 0xbfc02000
                0x00000ff0                _DBG_CODE_SIZE = 0xff0
                0x9fc01180                _GEN_EXCPT_ADDR = (_ebase_address + 0x180)

.config_BFC02FF0
 *(.config_BFC02FF0)

.config_BFC02FF4
                0xbfc02ff4        0x4
 *(.config_BFC02FF4)
 .config_BFC02FF4
                0xbfc02ff4        0x4 build/default/debug/_ext/1445274692/main.o

.config_BFC02FF8
                0xbfc02ff8        0x4
 *(.config_BFC02FF8)
 .config_BFC02FF8
                0xbfc02ff8        0x4 build/default/debug/_ext/1445274692/main.o

.config_BFC02FFC
                0xbfc02ffc        0x4
 *(.config_BFC02FFC)
 .config_BFC02FFC
                0xbfc02ffc        0x4 build/default/debug/_ext/1445274692/main.o
                0xbfc02000                PROVIDE (_DBG_CODE_ADDR, 0xbfc02000)
                0x00000ff0                PROVIDE (_DBG_CODE_SIZE, 0xff0)

.reset          0xbfc00000      0x1f4
 *(.reset)
 .reset         0xbfc00000       0x10 /home/opt/microchip/xc32/v1.00/bin/../lib/gcc/pic32mx/4.5.1/../../../../pic32mx/lib/crt0.o
                0xbfc00000                _reset
 *(.reset.startup)
 .reset.startup
                0xbfc00010      0x1e4 /home/opt/microchip/xc32/v1.00/bin/../lib/gcc/pic32mx/4.5.1/../../../../pic32mx/lib/crt0.o

.bev_excpt      0xbfc00380       0x10
 *(.bev_handler)
 .bev_handler   0xbfc00380       0x10 /home/opt/microchip/xc32/v1.00/bin/../lib/gcc/pic32mx/4.5.1/../../../../pic32mx/lib/crt0.o

.dbg_excpt      0xbfc00480        0x8
                0xbfc00480                . = (. + DEFINED (_DEBUGGER)?0x8:0x0)
 *fill*         0xbfc00480        0x8 00

.dbg_code       0xbfc02000      0xff0
                0xbfc02000                . = (. + DEFINED (_DEBUGGER)?_DBG_CODE_SIZE:0x0)
 *fill*         0xbfc02000      0xff0 00

.app_excpt      0x9fc01180       0x10
 *(.gen_handler)
 .gen_handler   0x9fc01180       0x10 /home/opt/microchip/xc32/v1.00/bin/../lib/gcc/pic32mx/4.5.1/../../../../pic32mx/lib/crt0.o

.vector_0       0x9fc01200        0x0
 *(.vector_0)
                0x00000001                ASSERT (((_vector_spacing == 0x0) || (SIZEOF (.vector_0) <= (_vector_spacing << 0x5))), function at exception vector 0 too large)

.vector_1       0x9fc01220        0x0
 *(.vector_1)
                0x00000001                ASSERT (((_vector_spacing == 0x0) || (SIZEOF (.vector_1) <= (_vector_spacing << 0x5))), function at exception vector 1 too large)

.vector_2       0x9fc01240        0x0
 *(.vector_2)
                0x00000001                ASSERT (((_vector_spacing == 0x0) || (SIZEOF (.vector_2) <= (_vector_spacing << 0x5))), function at exception vector 2 too large)

.vector_3       0x9fc01260        0x0
 *(.vector_3)
                0x00000001                ASSERT (((_vector_spacing == 0x0) || (SIZEOF (.vector_3) <= (_vector_spacing << 0x5))), function at exception vector 3 too large)

.vector_4       0x9fc01280        0x8
 *(.vector_4)
 .vector_4      0x9fc01280        0x8 build/default/debug/_ext/2118813141/Tick.o
                0x00000001                ASSERT (((_vector_spacing == 0x0) || (SIZEOF (.vector_4) <= (_vector_spacing << 0x5))), function at exception vector 4 too large)

.vector_5       0x9fc012a0        0x0
 *(.vector_5)
                0x00000001                ASSERT (((_vector_spacing == 0x0) || (SIZEOF (.vector_5) <= (_vector_spacing << 0x5))), function at exception vector 5 too large)

.vector_6       0x9fc012c0        0x0
 *(.vector_6)
                0x00000001                ASSERT (((_vector_spacing == 0x0) || (SIZEOF (.vector_6) <= (_vector_spacing << 0x5))), function at exception vector 6 too large)

.vector_7       0x9fc012e0        0x0
 *(.vector_7)
                0x00000001                ASSERT (((_vector_spacing == 0x0) || (SIZEOF (.vector_7) <= (_vector_spacing << 0x5))), function at exception vector 7 too large)

.vector_8       0x9fc01300        0x8
 *(.vector_8)
 .vector_8      0x9fc01300        0x8 build/default/debug/_ext/263962707/Servo.o
                0x00000001                ASSERT (((_vector_spacing == 0x0) || (SIZEOF (.vector_8) <= (_vector_spacing << 0x5))), function at exception vector 8 too large)

.vector_9       0x9fc01320        0x0
 *(.vector_9)
                0x00000001                ASSERT (((_vector_spacing == 0x0) || (SIZEOF (.vector_9) <= (_vector_spacing << 0x5))), function at exception vector 9 too large)

.vector_10      0x9fc01340        0x0
 *(.vector_10)
                0x00000001                ASSERT (((_vector_spacing == 0x0) || (SIZEOF (.vector_10) <= (_vector_spacing << 0x5))), function at exception vector 10 too large)

.vector_11      0x9fc01360        0x0
 *(.vector_11)
                0x00000001                ASSERT (((_vector_spacing == 0x0) || (SIZEOF (.vector_11) <= (_vector_spacing << 0x5))), function at exception vector 11 too large)

.vector_12      0x9fc01380        0x8
 *(.vector_12)
 .vector_12     0x9fc01380        0x8 build/default/debug/_ext/263962707/ForgeHeater.o
                0x00000001                ASSERT (((_vector_spacing == 0x0) || (SIZEOF (.vector_12) <= (_vector_spacing << 0x5))), function at exception vector 12 too large)

.vector_13      0x9fc013a0        0x0
 *(.vector_13)
                0x00000001                ASSERT (((_vector_spacing == 0x0) || (SIZEOF (.vector_13) <= (_vector_spacing << 0x5))), function at exception vector 13 too large)

.vector_14      0x9fc013c0        0x0
 *(.vector_14)
                0x00000001                ASSERT (((_vector_spacing == 0x0) || (SIZEOF (.vector_14) <= (_vector_spacing << 0x5))), function at exception vector 14 too large)

.vector_15      0x9fc013e0        0x0
 *(.vector_15)
                0x00000001                ASSERT (((_vector_spacing == 0x0) || (SIZEOF (.vector_15) <= (_vector_spacing << 0x5))), function at exception vector 15 too large)

.vector_16      0x9fc01400        0x0
 *(.vector_16)
                0x00000001                ASSERT (((_vector_spacing == 0x0) || (SIZEOF (.vector_16) <= (_vector_spacing << 0x5))), function at exception vector 16 too large)

.vector_17      0x9fc01420        0x0
 *(.vector_17)
                0x00000001                ASSERT (((_vector_spacing == 0x0) || (SIZEOF (.vector_17) <= (_vector_spacing << 0x5))), function at exception vector 17 too large)

.vector_18      0x9fc01440        0x0
 *(.vector_18)
                0x00000001                ASSERT (((_vector_spacing == 0x0) || (SIZEOF (.vector_18) <= (_vector_spacing << 0x5))), function at exception vector 18 too large)

.vector_19      0x9fc01460        0x8
 *(.vector_19)
 .vector_19     0x9fc01460        0x8 build/default/debug/_ext/519170017/StepperSim.o
                0x00000001                ASSERT (((_vector_spacing == 0x0) || (SIZEOF (.vector_19) <= (_vector_spacing << 0x5))), function at exception vector 19 too large)

.vector_20      0x9fc01480        0x0
 *(.vector_20)
                0x00000001                ASSERT (((_vector_spacing == 0x0) || (SIZEOF (.vector_20) <= (_vector_spacing << 0x5))), function at exception vector 20 too large)

.vector_21      0x9fc014a0        0x0
 *(.vector_21)
                0x00000001                ASSERT (((_vector_spacing == 0x0) || (SIZEOF (.vector_21) <= (_vector_spacing << 0x5))), function at exception vector 21 too large)

.vector_22      0x9fc014c0        0x0
 *(.vector_22)
                0x00000001                ASSERT (((_vector_spacing == 0x0) || (SIZEOF (.vector_22) <= (_vector_spacing << 0x5))), function at exception vector 22 too large)

.vector_23      0x9fc014e0        0x0
 *(.vector_23)
                0x00000001                ASSERT (((_vector_spacing == 0x0) || (SIZEOF (.vector_23) <= (_vector_spacing << 0x5))), function at exception vector 23 too large)

.vector_24      0x9fc01500        0x8
 *(.vector_24)
 .vector_24     0x9fc01500        0x8 build/default/debug/_ext/2118813141/Bowler_UART_HAL.o
                0x00000001                ASSERT (((_vector_spacing == 0x0) || (SIZEOF (.vector_24) <= (_vector_spacing << 0x5))), function at exception vector 24 too large)

.vector_25      0x9fc01520        0x0
 *(.vector_25)
                0x00000001                ASSERT (((_vector_spacing == 0x0) || (SIZEOF (.vector_25) <= (_vector_spacing << 0x5))), function at exception vector 25 too large)

.vector_26      0x9fc01540        0x0
 *(.vector_26)
                0x00000001                ASSERT (((_vector_spacing == 0x0) || (SIZEOF (.vector_26) <= (_vector_spacing << 0x5))), function at exception vector 26 too large)

.vector_27      0x9fc01560        0x0
 *(.vector_27)
                0x00000001                ASSERT (((_vector_spacing == 0x0) || (SIZEOF (.vector_27) <= (_vector_spacing << 0x5))), function at exception vector 27 too large)

.vector_28      0x9fc01580        0x0
 *(.vector_28)
                0x00000001                ASSERT (((_vector_spacing == 0x0) || (SIZEOF (.vector_28) <= (_vector_spacing << 0x5))), function at exception vector 28 too large)

.vector_29      0x9fc015a0        0x0
 *(.vector_29)
                0x00000001                ASSERT (((_vector_spacing == 0x0) || (SIZEOF (.vector_29) <= (_vector_spacing << 0x5))), function at exception vector 29 too large)

.vector_30      0x9fc015c0        0x0
 *(.vector_30)
                0x00000001                ASSERT (((_vector_spacing == 0x0) || (SIZEOF (.vector_30) <= (_vector_spacing << 0x5))), function at exception vector 30 too large)

.vector_31      0x9fc015e0        0x0
 *(.vector_31)
                0x00000001                ASSERT (((_vector_spacing == 0x0) || (SIZEOF (.vector_31) <= (_vector_spacing << 0x5))), function at exception vector 31 too large)

.vector_32      0x9fc01600        0x0
 *(.vector_32)
                0x00000001                ASSERT (((_vector_spacing == 0x0) || (SIZEOF (.vector_32) <= (_vector_spacing << 0x5))), function at exception vector 32 too large)

.vector_33      0x9fc01620        0x0
 *(.vector_33)
                0x00000001                ASSERT (((_vector_spacing == 0x0) || (SIZEOF (.vector_33) <= (_vector_spacing << 0x5))), function at exception vector 33 too large)

.vector_34      0x9fc01640        0x0
 *(.vector_34)
                0x00000001                ASSERT (((_vector_spacing == 0x0) || (SIZEOF (.vector_34) <= (_vector_spacing << 0x5))), function at exception vector 34 too large)

.vector_35      0x9fc01660        0x0
 *(.vector_35)
                0x00000001                ASSERT (((_vector_spacing == 0x0) || (SIZEOF (.vector_35) <= (_vector_spacing << 0x5))), function at exception vector 35 too large)

.vector_36      0x9fc01680        0x0
 *(.vector_36)
                0x00000001                ASSERT (((_vector_spacing == 0x0) || (SIZEOF (.vector_36) <= (_vector_spacing << 0x5))), function at exception vector 36 too large)

.vector_37      0x9fc016a0        0x0
 *(.vector_37)
                0x00000001                ASSERT (((_vector_spacing == 0x0) || (SIZEOF (.vector_37) <= (_vector_spacing << 0x5))), function at exception vector 37 too large)

.vector_38      0x9fc016c0        0x0
 *(.vector_38)
                0x00000001                ASSERT (((_vector_spacing == 0x0) || (SIZEOF (.vector_38) <= (_vector_spacing << 0x5))), function at exception vector 38 too large)

.vector_39      0x9fc016e0        0x0
 *(.vector_39)
                0x00000001                ASSERT (((_vector_spacing == 0x0) || (SIZEOF (.vector_39) <= (_vector_spacing << 0x5))), function at exception vector 39 too large)

.vector_40      0x9fc01700        0x0
 *(.vector_40)
                0x00000001                ASSERT (((_vector_spacing == 0x0) || (SIZEOF (.vector_40) <= (_vector_spacing << 0x5))), function at exception vector 40 too large)

.vector_41      0x9fc01720        0x0
 *(.vector_41)
                0x00000001                ASSERT (((_vector_spacing == 0x0) || (SIZEOF (.vector_41) <= (_vector_spacing << 0x5))), function at exception vector 41 too large)

.vector_42      0x9fc01740        0x0
 *(.vector_42)
                0x00000001                ASSERT (((_vector_spacing == 0x0) || (SIZEOF (.vector_42) <= (_vector_spacing << 0x5))), function at exception vector 42 too large)

.vector_43      0x9fc01760        0x0
 *(.vector_43)
                0x00000001                ASSERT (((_vector_spacing == 0x0) || (SIZEOF (.vector_43) <= (_vector_spacing << 0x5))), function at exception vector 43 too large)

.vector_44      0x9fc01780        0x0
 *(.vector_44)
                0x00000001                ASSERT (((_vector_spacing == 0x0) || (SIZEOF (.vector_44) <= (_vector_spacing << 0x5))), function at exception vector 44 too large)

.vector_45      0x9fc017a0        0x8
 *(.vector_45)
 .vector_45     0x9fc017a0        0x8 build/default/debug/_ext/1487882678/usb_device.o
                0x00000001                ASSERT (((_vector_spacing == 0x0) || (SIZEOF (.vector_45) <= (_vector_spacing << 0x5))), function at exception vector 45 too large)

.vector_46      0x9fc017c0        0x0
 *(.vector_46)
                0x00000001                ASSERT (((_vector_spacing == 0x0) || (SIZEOF (.vector_46) <= (_vector_spacing << 0x5))), function at exception vector 46 too large)

.vector_47      0x9fc017e0        0x0
 *(.vector_47)
                0x00000001                ASSERT (((_vector_spacing == 0x0) || (SIZEOF (.vector_47) <= (_vector_spacing << 0x5))), function at exception vector 47 too large)

.vector_48      0x9fc01800        0x0
 *(.vector_48)
                0x00000001                ASSERT (((_vector_spacing == 0x0) || (SIZEOF (.vector_48) <= (_vector_spacing << 0x5))), function at exception vector 48 too large)

.vector_49      0x9fc01820        0x0
 *(.vector_49)
                0x00000001                ASSERT (((_vector_spacing == 0x0) || (SIZEOF (.vector_49) <= (_vector_spacing << 0x5))), function at exception vector 49 too large)

.vector_50      0x9fc01840        0x0
 *(.vector_50)
                0x00000001                ASSERT (((_vector_spacing == 0x0) || (SIZEOF (.vector_50) <= (_vector_spacing << 0x5))), function at exception vector 50 too large)

.vector_51      0x9fc01860        0x0
 *(.vector_51)
                0x00000001                ASSERT (((_vector_spacing == 0x0) || (SIZEOF (.vector_51) <= (_vector_spacing << 0x5))), function at exception vector 51 too large)

.vector_52      0x9fc01880        0x0
 *(.vector_52)
                0x00000001                ASSERT (((_vector_spacing == 0x0) || (SIZEOF (.vector_52) <= (_vector_spacing << 0x5))), function at exception vector 52 too large)

.vector_53      0x9fc018a0        0x0
 *(.vector_53)
                0x00000001                ASSERT (((_vector_spacing == 0x0) || (SIZEOF (.vector_53) <= (_vector_spacing << 0x5))), function at exception vector 53 too large)

.vector_54      0x9fc018c0        0x0
 *(.vector_54)
                0x00000001                ASSERT (((_vector_spacing == 0x0) || (SIZEOF (.vector_54) <= (_vector_spacing << 0x5))), function at exception vector 54 too large)

.vector_55      0x9fc018e0        0x0
 *(.vector_55)
                0x00000001                ASSERT (((_vector_spacing == 0x0) || (SIZEOF (.vector_55) <= (_vector_spacing << 0x5))), function at exception vector 55 too large)

.vector_56      0x9fc01900        0x0
 *(.vector_56)
                0x00000001                ASSERT (((_vector_spacing == 0x0) || (SIZEOF (.vector_56) <= (_vector_spacing << 0x5))), function at exception vector 56 too large)

.vector_57      0x9fc01920        0x0
 *(.vector_57)
                0x00000001                ASSERT (((_vector_spacing == 0x0) || (SIZEOF (.vector_57) <= (_vector_spacing << 0x5))), function at exception vector 57 too large)

.vector_58      0x9fc01940        0x0
 *(.vector_58)
                0x00000001                ASSERT (((_vector_spacing == 0x0) || (SIZEOF (.vector_58) <= (_vector_spacing << 0x5))), function at exception vector 58 too large)

.vector_59      0x9fc01960        0x0
 *(.vector_59)
                0x00000001                ASSERT (((_vector_spacing == 0x0) || (SIZEOF (.vector_59) <= (_vector_spacing << 0x5))), function at exception vector 59 too large)

.vector_60      0x9fc01980        0x0
 *(.vector_60)
                0x00000001                ASSERT (((_vector_spacing == 0x0) || (SIZEOF (.vector_60) <= (_vector_spacing << 0x5))), function at exception vector 60 too large)

.vector_61      0x9fc019a0        0x0
 *(.vector_61)
                0x00000001                ASSERT (((_vector_spacing == 0x0) || (SIZEOF (.vector_61) <= (_vector_spacing << 0x5))), function at exception vector 61 too large)

.vector_62      0x9fc019c0        0x0
 *(.vector_62)
                0x00000001                ASSERT (((_vector_spacing == 0x0) || (SIZEOF (.vector_62) <= (_vector_spacing << 0x5))), function at exception vector 62 too large)

.vector_63      0x9fc019e0        0x0
 *(.vector_63)
                0x00000001                ASSERT (((_vector_spacing == 0x0) || (SIZEOF (.vector_63) <= (_vector_spacing << 0x5))), function at exception vector 63 too large)

.startup
 *(.startup)

.text
 *(.stub .gnu.linkonce.t.*)
 *(.text.*personality*)
 *(.mips16.fn.*)
 *(.mips16.call.*)
 *(.gnu.warning)

.rodata         0x9d000000        0x0
 *(.rodata.* .gnu.linkonce.r.*)
 *(.rodata1)
                0x9d000000                . = ALIGN (0x4)

.sdata2         0x9fc00490        0x0
 *(.sdata2 .sdata2.* .gnu.linkonce.s2.*)
                0x9fc00490                . = ALIGN (0x4)

.sbss2          0x9fc00490        0x0
 *(.sbss2 .sbss2.* .gnu.linkonce.sb2.*)
                0x9fc00490                . = ALIGN (0x4)

.eh_frame_hdr
 *(.eh_frame_hdr)

.eh_frame
 *(.eh_frame)

.dbg_data       0xa0000000      0x200
                0xa0000000                . = (. + DEFINED (_DEBUGGER)?0x200:0x0)
 *fill*         0xa0000000      0x200 00

.persist        0xa0000200        0x0
                0xa0000200                _persist_begin = .
 *(.persist .persist.*)
                0xa0000200                . = ALIGN (0x4)
                0xa0000200                _persist_end = .

.eh_frame
 *(.eh_frame)
                0xa0000200                . = .
                0xa00081f0                _gp = (ALIGN (0x10) + 0x7ff0)

.got
 *(.got.plt)
 *(.got)

.sdata          0xa0000200       0xdc
                0xa0000200                _sdata_begin = .
 *(.sdata .sdata.* .gnu.linkonce.s.*)
 .sdata         0xa0000200        0x8 build/default/debug/_ext/1487882678/usb_descriptors.o
                0xa0000200                sd000
                0xa0000204                USB_CD_Ptr
 .sdata         0xa0000208        0x4 build/default/debug/_ext/1487882678/usb_fifo.o
 .sdata         0xa000020c        0x8 build/default/debug/_ext/2118813141/FlashStorage.o
                0xa000020c                defMac
 .sdata         0xa0000214        0x4 build/default/debug/_ext/1080174469/AbstractPID.o
                0xa0000214                zone
 .sdata         0xa0000218        0x8 build/default/debug/_ext/1080174469/Bowler_Server.o
                0xa0000218                MyMAC
 .sdata         0xa0000220        0x8 build/default/debug/_ext/1080174469/Namespace_bcs_core.o
 .sdata         0xa0000228       0x4c build/default/debug/_ext/1080174469/Namespace_bcs_pid.o
 .sdata         0xa0000274       0x18 build/default/debug/_ext/1080174469/Namespace_bcs_rpc.o
 .sdata         0xa000028c        0x1 build/default/debug/_ext/263962707/Servo.o
                0xa000028c                stop
 *fill*         0xa000028d        0x3 00
 .sdata         0xa0000290       0x1c build/default/debug/_ext/1494288313/CartesianController.o
                0xa0000290                scale
                0xa0000294                extrusionScale
 .sdata         0xa00002ac       0x14 build/default/debug/_ext/1494288313/delta.o
                0xa00002ac                e
                0xa00002b0                f
                0xa00002b4                re
                0xa00002b8                rf
                0xa00002bc                zOffset
 .sdata         0xa00002c0        0x8 build/default/debug/_ext/519170017/servoCalibration.o
 .sdata         0xa00002c8       0x14 build/default/debug/_ext/1445274692/main.o
                0xa00002d8                serVal
                0xa00002dc                _sdata_end = .

.lit8
 *(.lit8)

.lit4
 *(.lit4)
                0xa00002dc                . = ALIGN (0x4)
                0xa00002dc                _data_end = .
                0xa00002dc                _bss_begin = .

.sbss           0xa00002dc      0x17c
                0xa00002dc                _sbss_begin = .
 *(.dynsbss)
 *(.sbss .sbss.* .gnu.linkonce.sb.*)
 .sbss          0xa00002dc       0x10 build/default/debug/_ext/1487882678/usb_fifo.o
 .sbss          0xa00002ec        0x2 build/default/debug/_ext/1487882678/usb_callback.o
 *fill*         0xa00002ee        0x2 00
 .sbss          0xa00002f0        0x8 build/default/debug/_ext/2118813141/HAL_P32.o
 .sbss          0xa00002f8        0x8 build/default/debug/_ext/2118813141/Tick.o
 .sbss          0xa0000300        0x8 build/default/debug/_ext/2118813141/Bowler_UART_HAL.o
 .sbss          0xa0000308        0x8 build/default/debug/_ext/2118813141/UART.o
                0xa0000308                useUart2
                0xa000030c                useUart1
 .sbss          0xa0000310        0x4 build/default/debug/_ext/2118813141/ADC.o
                0xa0000310                ADCMask
 .sbss          0xa0000314       0x14 build/default/debug/_ext/1080174469/AbstractPID.o
                0xa0000314                number_of_pid_groups
 .sbss          0xa0000328        0x4 build/default/debug/_ext/1080174469/Bowler_RPC_Process.o
 .sbss          0xa000032c        0xc build/default/debug/_ext/1080174469/Debug.o
                0xa000032c                level
 .sbss          0xa0000338        0x4 build/default/debug/_ext/1080174469/Namespace_bcs_core.o
 .sbss          0xa000033c        0x4 build/default/debug/_ext/1080174469/Namespace_bcs_pid.o
 .sbss          0xa0000340        0x4 build/default/debug/_ext/1080174469/Namespace_bcs_rpc.o
 .sbss          0xa0000344        0xc build/default/debug/_ext/263962707/Servo.o
                0xa0000344                sortedIndex
                0xa0000348                start
                0xa000034c                servoStateMachineCurrentState
 .sbss          0xa0000350        0x4 build/default/debug/_ext/263962707/ForgeHeater.o
                0xa0000350                heaterIndex
 .sbss          0xa0000354        0x3 build/default/debug/_ext/263962707/AS5055.o
                0xa0000354                initialized
                0xa0000355                busy
                0xa0000356                lock
 *fill*         0xa0000357        0x1 00
 .sbss          0xa0000358        0x8 build/default/debug/_ext/1494288313/CartesianController.o
                0xa0000358                full
                0xa000035c                lastPushedBufferSize
 .sbss          0xa0000360        0x4 build/default/debug/_ext/519170017/StepperSim.o
                0xa0000360                current
 .sbss          0xa0000364        0x4 build/default/debug/_ext/519170017/PID.o
                0xa0000364                runPidIsr
 .sbss          0xa0000368        0x4 build/default/debug/_ext/2048476848/Namespace_bcs_cartesian.o
 .sbss          0xa000036c        0xc build/default/debug/_ext/2048476848/Callbacks.o
 .sbss          0xa0000378        0xc build/default/debug/_ext/1445274692/main.o
                0xa0000378                height
                0xa000037c                j
                0xa0000380                i
 .sbss          0xa0000384        0x4 /home/opt/microchip/xc32/v1.00/bin/../lib/gcc/pic32mx/4.5.1/../../../../pic32mx/lib/libc.a(errno.o)
                0xa0000384                errno
 *(.scommon)
 .scommon       0xa0000388       0x40 build/default/debug/_ext/1487882678/usb_function_cdc.o
                0xa0000388                control_signal_bitmap
                0xa000038c                cdc_tx_len
                0xa0000390                pCDCSrc
                0xa0000394                CDCDataOutHandle
                0xa0000398                cdc_rx_len
                0xa000039c                line_coding
                0xa00003a4                BaudRateGen
                0xa00003a8                CDCDataInHandle
                0xa00003ac                cdc_notice
                0xa00003b4                cdc_trf_state
                0xa00003b8                pCDCDst
                0xa00003bc                cdc_mem_type
                0xa00003c0                dummy_encapsulated_cmd_response
 .scommon       0xa00003c8       0x41 build/default/debug/_ext/1487882678/usb_device.o
                0xa00003c8                pDst
                0xa00003cc                USBDeviceState
                0xa00003d0                controlTransferState
                0xa00003d4                USBInMaxPacketSize
                0xa00003dc                inPipes
                0xa00003e4                BothEP0OutUOWNsSet
                0xa00003e8                pBDTEntryEP0OutNext
                0xa00003ec                SetupPkt
                0xa00003f4                shortPacketStatus
                0xa00003f8                pBDTEntryEP0OutCurrent
                0xa00003fc                USBActiveConfiguration
                0xa0000400                RemoteWakeup
                0xa0000404                USTATcopy
                0xa0000408                USBAlternateInterface
 *fill*         0xa0000409        0x3 00
 .scommon       0xa000040c       0x24 build/default/debug/_ext/1080174469/AbstractPID.o
                0xa000040c                resetPosition
                0xa0000410                MathCalculationVelocity
                0xa0000414                velData
                0xa0000418                MathCalculationPosition
                0xa000041c                onPidConfigure
                0xa0000420                pidGroups
                0xa0000424                setOutput
                0xa0000428                getPosition
                0xa000042c                checkPIDLimitEvents
 .scommon       0xa0000430        0x4 build/default/debug/_ext/263962707/Servo.o
                0xa0000430                lastValue
 .scommon       0xa0000434        0x4 build/default/debug/_ext/263962707/ForgeHeater.o
                0xa0000434                heaterLowpassIndex
 .scommon       0xa0000438       0x1c build/default/debug/_ext/1494288313/delta.o
                0xa0000438                cos120
                0xa000043c                sqrt3
                0xa0000440                sin30
                0xa0000444                tan30
                0xa0000448                pi
                0xa000044c                sin120
                0xa0000450                tan60
 .scommon       0xa0000454        0x4 build/default/debug/_ext/519170017/servoCalibration.o
                0xa0000454                state
                0xa0000458                _sbss_end = .

.bss            0xa0000600     0x3154
 *(.dynbss)
 *(COMMON)
 COMMON         0xa0000600       0x80 build/default/debug/_ext/1487882678/usb_function_cdc.o
                0xa0000600                cdc_data_tx
                0xa0000640                cdc_data_rx
 *fill*         0xa0000680      0x180 00
 COMMON         0xa0000800       0xf7 build/default/debug/_ext/1487882678/usb_device.o
                0xa0000800                BDT
                0xa0000880                CtrlTrfData
                0xa00008c0                pBDTEntryIn
                0xa00008d0                pBDTEntryOut
                0xa00008e0                USBInData
                0xa00008ec                outPipes
 *fill*         0xa00008f7        0x1 00
 COMMON         0xa00008f8       0x50 build/default/debug/_ext/2118813141/FlashStorage.o
                0xa00008f8                flash
 COMMON         0xa0000948       0x40 build/default/debug/_ext/263962707/Servo.o
                0xa0000948                position
                0xa0000968                sort
 COMMON         0xa0000988       0x10 build/default/debug/_ext/263962707/ForgeHeater.o
                0xa0000988                heaterLowpass
 COMMON         0xa0000998       0xb0 build/default/debug/_ext/263962707/AS5055.o
                0xa0000998                overflow
                0xa00009c4                raw
                0xa00009f0                offset
                0xa0000a1c                recent
 COMMON         0xa0000a48     0x2bfe build/default/debug/_ext/1494288313/CartesianController.o
                0xa0000a48                packetFifo
                0xa0000a60                intCartesian
                0xa0000a90                linTmpPack
                0xa0000b9c                lastXYZE
                0xa0000bac                buffer
                0xa000353c                packetTemp
 *fill*         0xa0003646        0x2 00
 COMMON         0xa0003648      0x10a build/default/debug/_ext/2048476848/Callbacks.o
                0xa0003648                tmpData
                0xa0003754                . = ALIGN (0x4)
 *fill*         0xa0003752        0x2 00
                0xa0003754                . = ALIGN (0x4)
                0xa0003754                _end = .
                0xa0003754                _bss_end = .
                0x00008000                _bmxdudba_address = 0x8000
                0x00008000                _bmxdupba_address = 0x8000

/DISCARD/
 *(.pdr)
 *(.reginfo)
 *(.rel.dyn)
 *(.note.GNU-stack)
 *(.note.GNU-stack)
 *(.gnu_debuglink)
 *(.gnu.lto_*)
 *(.discard)

.stab
 *(.stab)

.stabstr
 *(.stabstr)

.stab.excl
 *(.stab.excl)

.stab.exclstr
 *(.stab.exclstr)

.stab.index
 *(.stab.index)

.stab.indexstr
 *(.stab.indexstr)

.comment        0x00000000       0xea
 *(.comment)
 .comment       0x00000000       0x33 build/default/debug/_ext/1487882678/usb_descriptors.o
                                 0x34 (size before relaxing)
 .comment       0x00000000       0x34 build/default/debug/_ext/1487882678/usb_function_cdc.o
 .comment       0x00000000       0x34 build/default/debug/_ext/1487882678/usb_fifo.o
 .comment       0x00000000       0x34 build/default/debug/_ext/1487882678/usb_callback.o
 .comment       0x00000000       0x34 build/default/debug/_ext/1487882678/usb_interrupt.o
 .comment       0x00000000       0x34 build/default/debug/_ext/1487882678/usb_device.o
 .comment       0x00000000       0x34 build/default/debug/_ext/2118813141/Delay.o
 .comment       0x00000000       0x34 build/default/debug/_ext/2118813141/FlashStorage.o
 .comment       0x00000000       0x34 build/default/debug/_ext/2118813141/HAL_P32.o
 .comment       0x00000000       0x34 build/default/debug/_ext/2118813141/LED.o
 .comment       0x00000000       0x34 build/default/debug/_ext/2118813141/Tick.o
 .comment       0x00000000       0x34 build/default/debug/_ext/2118813141/Bowler_UART_HAL.o
 .comment       0x00000000       0x34 build/default/debug/_ext/2118813141/UART.o
 .comment       0x00000000       0x34 build/default/debug/_ext/2118813141/ADC.o
 .comment       0x00000000       0x34 build/default/debug/_ext/2118813141/Bowler_USB_HAL.o
 .comment       0x00000000       0x34 build/default/debug/_ext/1080174469/Bowler_Helper.o
 .comment       0x00000000       0x34 build/default/debug/_ext/1080174469/AbstractPID.o
 .comment       0x00000000       0x34 build/default/debug/_ext/1080174469/Bowler_Stack_Callback.o
 .comment       0x00000000       0x34 build/default/debug/_ext/1080174469/FIFO.o
 .comment       0x00000000       0x34 build/default/debug/_ext/1080174469/Bowler_RPC_Process.o
 .comment       0x00000000       0x34 build/default/debug/_ext/1080174469/Bowler_Transport.o
 .comment       0x00000000       0x34 build/default/debug/_ext/1080174469/Debug.o
 .comment       0x00000000       0x34 build/default/debug/_ext/1080174469/Scheduler.o
 .comment       0x00000000       0x34 build/default/debug/_ext/1080174469/Bowler_Server.o
 .comment       0x00000000       0x34 build/default/debug/_ext/1080174469/Namespace_bcs_core.o
 .comment       0x00000000       0x34 build/default/debug/_ext/1080174469/Namespace_bcs_pid.o
 .comment       0x00000000       0x34 build/default/debug/_ext/1080174469/Namespace_bcs_rpc.o
 .comment       0x00000000       0x34 build/default/debug/_ext/263962707/Servo.o
 .comment       0x00000000       0x34 build/default/debug/_ext/263962707/SPIClient.o
 .comment       0x00000000       0x34 build/default/debug/_ext/263962707/ForgeHeater.o
 .comment       0x00000000       0x34 build/default/debug/_ext/263962707/AS5055.o
 .comment       0x00000000       0x34 build/default/debug/_ext/1494288313/KosselKinematics.o
 .comment       0x00000000       0x34 build/default/debug/_ext/1494288313/CartesianController.o
 .comment       0x00000000       0x34 build/default/debug/_ext/1494288313/DeltaKinematics.o
 .comment       0x00000000       0x34 build/default/debug/_ext/1494288313/delta.o
 .comment       0x00000000       0x34 build/default/debug/_ext/519170017/MotionTest.o
 .comment       0x00000000       0x34 build/default/debug/_ext/519170017/Calibration.o
 .comment       0x00000000       0x34 build/default/debug/_ext/519170017/StepperSim.o
 .comment       0x00000000       0x34 build/default/debug/_ext/519170017/servoCalibration.o
 .comment       0x00000000       0x34 build/default/debug/_ext/519170017/PID.o
 .comment       0x00000000       0x34 build/default/debug/_ext/2048476848/UpstreamPackets.o
 .comment       0x00000000       0x34 build/default/debug/_ext/2048476848/Namespace_bcs_cartesian.o
 .comment       0x00000000       0x34 build/default/debug/_ext/2048476848/Callbacks.o
 .comment       0x00000000       0x34 build/default/debug/_ext/1445274692/main.o
 .comment       0x00000000       0x34 /home/opt/microchip/xc32/v1.00/bin/../lib/gcc/pic32mx/4.5.1/libgcc.a(floatunsisf.o)
 .comment       0x00000033       0x18 /home/opt/microchip/xc32/v1.00/bin/../lib/gcc/pic32mx/4.5.1/../../../../pic32mx/lib/libc.a(memset.o)
                                 0x19 (size before relaxing)
 .comment       0x00000000       0x34 /home/opt/microchip/xc32/v1.00/bin/../lib/gcc/pic32mx/4.5.1/../../../../pic32mx/lib/libc.a(default-bootstrap-exception-handler.o)
 .comment       0x00000000       0x34 /home/opt/microchip/xc32/v1.00/bin/../lib/gcc/pic32mx/4.5.1/../../../../pic32mx/lib/libc.a(default-on-reset.o)
 .comment       0x00000000       0x34 /home/opt/microchip/xc32/v1.00/bin/../lib/gcc/pic32mx/4.5.1/../../../../pic32mx/lib/libc.a(default-on-bootstrap.o)
 .comment       0x00000000       0x34 /home/opt/microchip/xc32/v1.00/bin/../lib/gcc/pic32mx/4.5.1/../../../../pic32mx/lib/libm.a(w_atan2f.o)
 .comment       0x00000000       0x34 /home/opt/microchip/xc32/v1.00/bin/../lib/gcc/pic32mx/4.5.1/../../../../pic32mx/lib/libm.a(w_sqrtf.o)
 .comment       0x00000000       0x34 /home/opt/microchip/xc32/v1.00/bin/../lib/gcc/pic32mx/4.5.1/../../../../pic32mx/lib/libm.a(s_lib_ver.o)
 .comment       0x00000000       0x34 /home/opt/microchip/xc32/v1.00/bin/../lib/gcc/pic32mx/4.5.1/../../../../pic32mx/lib/libm.a(cabs.o)
 .comment       0x00000000       0x34 /home/opt/microchip/xc32/v1.00/bin/../lib/gcc/pic32mx/4.5.1/../../../../pic32mx/lib/libm.a(support.o)
 .comment       0x00000000       0x34 /home/opt/microchip/xc32/v1.00/bin/../lib/gcc/pic32mx/4.5.1/../../../../pic32mx/lib/libm.a(w_ldexp.o)
 .comment       0x00000000       0x34 /home/opt/microchip/xc32/v1.00/bin/../lib/gcc/pic32mx/4.5.1/../../../../pic32mx/lib/libm.a(w_sqrt.o)
 .comment       0x00000000       0x34 /home/opt/microchip/xc32/v1.00/bin/../lib/gcc/pic32mx/4.5.1/../../../../pic32mx/lib/libc.a(errno.o)
 .comment       0x00000000       0x34 /home/opt/microchip/xc32/v1.00/bin/../lib/gcc/pic32mx/4.5.1/../../../../pic32mx/lib/libc.a(isinf.o)
 .comment       0x0000004b       0x4e /home/opt/microchip/xc32/v1.00/bin/../lib/gcc/pic32mx/4.5.1/../../../../pic32mx/lib/libe.a(_unorddf2.o)
                                 0x82 (size before relaxing)
 .comment       0x00000099       0x51 /home/opt/microchip/xc32/v1.00/bin/../lib/gcc/pic32mx/4.5.1/../../../../pic32mx/lib/libmchp_peripheral_32MX440F128H.a(pcache.o)
                                 0x52 (size before relaxing)
 .comment       0x00000000       0x52 /home/opt/microchip/xc32/v1.00/bin/../lib/gcc/pic32mx/4.5.1/../../../../pic32mx/lib/libmchp_peripheral_32MX440F128H.a(int_enable_interrupts_lib.o)
 .comment       0x00000000       0x52 /home/opt/microchip/xc32/v1.00/bin/../lib/gcc/pic32mx/4.5.1/../../../../pic32mx/lib/libmchp_peripheral_32MX440F128H.a(int_disable_interrupts_lib.o)
 .comment       0x00000000       0x52 /home/opt/microchip/xc32/v1.00/bin/../lib/gcc/pic32mx/4.5.1/../../../../pic32mx/lib/libmchp_peripheral_32MX440F128H.a(int_restore_interrupts_lib.o)
 .comment       0x00000000       0x52 /home/opt/microchip/xc32/v1.00/bin/../lib/gcc/pic32mx/4.5.1/../../../../pic32mx/lib/libmchp_peripheral_32MX440F128H.a(int_enable_mv_int_lib.o)
 .comment       0x00000000       0x52 /home/opt/microchip/xc32/v1.00/bin/../lib/gcc/pic32mx/4.5.1/../../../../pic32mx/lib/libmchp_peripheral_32MX440F128H.a(int_tbl_lib.o)
 .comment       0x00000000       0x52 /home/opt/microchip/xc32/v1.00/bin/../lib/gcc/pic32mx/4.5.1/../../../../pic32mx/lib/libmchp_peripheral_32MX440F128H.a(spi_chn_getc_lib.o)
 .comment       0x00000000       0x52 /home/opt/microchip/xc32/v1.00/bin/../lib/gcc/pic32mx/4.5.1/../../../../pic32mx/lib/libmchp_peripheral_32MX440F128H.a(spi_chn_putc_lib.o)
 .comment       0x00000000       0x52 /home/opt/microchip/xc32/v1.00/bin/../lib/gcc/pic32mx/4.5.1/../../../../pic32mx/lib/libmchp_peripheral_32MX440F128H.a(spi_map_tbl_libp.o)
 .comment       0x00000000       0x52 /home/opt/microchip/xc32/v1.00/bin/../lib/gcc/pic32mx/4.5.1/../../../../pic32mx/lib/libmchp_peripheral_32MX440F128H.a(spi_open_spi2_lib_legacy.o)
 .comment       0x00000000       0x52 /home/opt/microchip/xc32/v1.00/bin/../lib/gcc/pic32mx/4.5.1/../../../../pic32mx/lib/libmchp_peripheral_32MX440F128H.a(spi_brg_tbl_lib_legacy.o)
 .comment       0x00000000       0x52 /home/opt/microchip/xc32/v1.00/bin/../lib/gcc/pic32mx/4.5.1/../../../../pic32mx/lib/libmchp_peripheral_32MX440F128H.a(nvm_erase_page_lib.o)
 .comment       0x00000000       0x52 /home/opt/microchip/xc32/v1.00/bin/../lib/gcc/pic32mx/4.5.1/../../../../pic32mx/lib/libmchp_peripheral_32MX440F128H.a(nvm_operation_lib.o)
 .comment       0x00000000       0x52 /home/opt/microchip/xc32/v1.00/bin/../lib/gcc/pic32mx/4.5.1/../../../../pic32mx/lib/libmchp_peripheral_32MX440F128H.a(nvm_write_word_lib.o)
 .comment       0x00000000       0x52 /home/opt/microchip/xc32/v1.00/bin/../lib/gcc/pic32mx/4.5.1/../../../../pic32mx/lib/libmchp_peripheral_32MX440F128H.a(port_set_pins_digital_out_lib.o)
 .comment       0x00000000       0x52 /home/opt/microchip/xc32/v1.00/bin/../lib/gcc/pic32mx/4.5.1/../../../../pic32mx/lib/libmchp_peripheral_32MX440F128H.a(port_clear_bits_lib.o)
 .comment       0x00000000       0x52 /home/opt/microchip/xc32/v1.00/bin/../lib/gcc/pic32mx/4.5.1/../../../../pic32mx/lib/libmchp_peripheral_32MX440F128H.a(port_set_bits_lib.o)
 .comment       0x00000000       0x52 /home/opt/microchip/xc32/v1.00/bin/../lib/gcc/pic32mx/4.5.1/../../../../pic32mx/lib/libmchp_peripheral_32MX440F128H.a(_ports_tbl_libp.o)
 .comment       0x00000000       0x52 /home/opt/microchip/xc32/v1.00/bin/../lib/gcc/pic32mx/4.5.1/../../../../pic32mx/lib/libmchp_peripheral_32MX440F128H.a(uart_lib.o)

.debug
 *(.debug)

.line
 *(.line)

.debug_srcinfo
 *(.debug_srcinfo)

.debug_sfnames
 *(.debug_sfnames)

.debug_aranges  0x00000000      0x988
 *(.debug_aranges)
 .debug_aranges
                0x00000000       0x20 build/default/debug/_ext/1487882678/usb_descriptors.o
 .debug_aranges
                0x00000020       0x20 build/default/debug/_ext/1487882678/usb_function_cdc.o
 .debug_aranges
                0x00000040       0x20 build/default/debug/_ext/1487882678/usb_fifo.o
 .debug_aranges
                0x00000060       0x20 build/default/debug/_ext/1487882678/usb_callback.o
 .debug_aranges
                0x00000080       0x20 build/default/debug/_ext/1487882678/usb_device.o
 .debug_aranges
                0x000000a0       0x20 build/default/debug/_ext/2118813141/Delay.o
 .debug_aranges
                0x000000c0       0x20 build/default/debug/_ext/2118813141/FlashStorage.o
 .debug_aranges
                0x000000e0       0x20 build/default/debug/_ext/2118813141/HAL_P32.o
 .debug_aranges
                0x00000100       0x20 build/default/debug/_ext/2118813141/LED.o
 .debug_aranges
                0x00000120       0x20 build/default/debug/_ext/2118813141/Tick.o
 .debug_aranges
                0x00000140       0x20 build/default/debug/_ext/2118813141/Bowler_UART_HAL.o
 .debug_aranges
                0x00000160       0x20 build/default/debug/_ext/2118813141/UART.o
 .debug_aranges
                0x00000180       0x20 build/default/debug/_ext/2118813141/ADC.o
 .debug_aranges
                0x000001a0       0x20 build/default/debug/_ext/2118813141/Bowler_USB_HAL.o
 .debug_aranges
                0x000001c0       0x20 build/default/debug/_ext/1080174469/Bowler_Helper.o
 .debug_aranges
                0x000001e0       0x20 build/default/debug/_ext/1080174469/AbstractPID.o
 .debug_aranges
                0x00000200       0x20 build/default/debug/_ext/1080174469/FIFO.o
 .debug_aranges
                0x00000220       0x20 build/default/debug/_ext/1080174469/Bowler_RPC_Process.o
 .debug_aranges
                0x00000240       0x20 build/default/debug/_ext/1080174469/Bowler_Transport.o
 .debug_aranges
                0x00000260       0x20 build/default/debug/_ext/1080174469/Debug.o
 .debug_aranges
                0x00000280       0x20 build/default/debug/_ext/1080174469/Scheduler.o
 .debug_aranges
                0x000002a0       0x20 build/default/debug/_ext/1080174469/Bowler_Server.o
 .debug_aranges
                0x000002c0       0x20 build/default/debug/_ext/1080174469/Namespace_bcs_core.o
 .debug_aranges
                0x000002e0       0x20 build/default/debug/_ext/1080174469/Namespace_bcs_pid.o
 .debug_aranges
                0x00000300       0x20 build/default/debug/_ext/1080174469/Namespace_bcs_rpc.o
 .debug_aranges
                0x00000320       0x20 build/default/debug/_ext/263962707/Servo.o
 .debug_aranges
                0x00000340       0x20 build/default/debug/_ext/263962707/SPIClient.o
 .debug_aranges
                0x00000360       0x20 build/default/debug/_ext/263962707/ForgeHeater.o
 .debug_aranges
                0x00000380       0x20 build/default/debug/_ext/263962707/AS5055.o
 .debug_aranges
                0x000003a0       0x20 build/default/debug/_ext/1494288313/KosselKinematics.o
 .debug_aranges
                0x000003c0       0x20 build/default/debug/_ext/1494288313/CartesianController.o
 .debug_aranges
                0x000003e0       0x20 build/default/debug/_ext/1494288313/delta.o
 .debug_aranges
                0x00000400       0x20 build/default/debug/_ext/519170017/StepperSim.o
 .debug_aranges
                0x00000420       0x20 build/default/debug/_ext/519170017/servoCalibration.o
 .debug_aranges
                0x00000440       0x20 build/default/debug/_ext/519170017/PID.o
 .debug_aranges
                0x00000460       0x20 build/default/debug/_ext/2048476848/UpstreamPackets.o
 .debug_aranges
                0x00000480       0x20 build/default/debug/_ext/2048476848/Namespace_bcs_cartesian.o
 .debug_aranges
                0x000004a0       0x20 build/default/debug/_ext/2048476848/Callbacks.o
 .debug_aranges
                0x000004c0       0x20 build/default/debug/_ext/1445274692/main.o
 .debug_aranges
                0x000004e0       0x20 /home/opt/microchip/xc32/v1.00/bin/../lib/gcc/pic32mx/4.5.1/libgcc.a(floatunsisf.o)
 .debug_aranges
                0x00000500       0x20 /home/opt/microchip/xc32/v1.00/bin/../lib/gcc/pic32mx/4.5.1/../../../../pic32mx/lib/libc.a(default-bootstrap-exception-handler.o)
 .debug_aranges
                0x00000520       0x20 /home/opt/microchip/xc32/v1.00/bin/../lib/gcc/pic32mx/4.5.1/../../../../pic32mx/lib/libc.a(default-on-reset.o)
 .debug_aranges
                0x00000540       0x20 /home/opt/microchip/xc32/v1.00/bin/../lib/gcc/pic32mx/4.5.1/../../../../pic32mx/lib/libc.a(default-on-bootstrap.o)
 .debug_aranges
                0x00000560       0x20 /home/opt/microchip/xc32/v1.00/bin/../lib/gcc/pic32mx/4.5.1/../../../../pic32mx/lib/libm.a(w_atan2f.o)
 .debug_aranges
                0x00000580       0x20 /home/opt/microchip/xc32/v1.00/bin/../lib/gcc/pic32mx/4.5.1/../../../../pic32mx/lib/libm.a(w_sqrtf.o)
 .debug_aranges
                0x000005a0       0x30 /home/opt/microchip/xc32/v1.00/bin/../lib/gcc/pic32mx/4.5.1/../../../../pic32mx/lib/libm.a(cabs.o)
 .debug_aranges
                0x000005d0       0x78 /home/opt/microchip/xc32/v1.00/bin/../lib/gcc/pic32mx/4.5.1/../../../../pic32mx/lib/libm.a(support.o)
 .debug_aranges
                0x00000648       0x20 /home/opt/microchip/xc32/v1.00/bin/../lib/gcc/pic32mx/4.5.1/../../../../pic32mx/lib/libm.a(w_ldexp.o)
 .debug_aranges
                0x00000668       0x20 /home/opt/microchip/xc32/v1.00/bin/../lib/gcc/pic32mx/4.5.1/../../../../pic32mx/lib/libm.a(w_sqrt.o)
 .debug_aranges
                0x00000688       0x48 /home/opt/microchip/xc32/v1.00/bin/../lib/gcc/pic32mx/4.5.1/../../../../pic32mx/lib/libc.a(isinf.o)
 .debug_aranges
                0x000006d0       0x20 /home/opt/microchip/xc32/v1.00/bin/../lib/gcc/pic32mx/4.5.1/../../../../pic32mx/lib/libe.a(_unorddf2.o)
 .debug_aranges
                0x000006f0       0x28 /home/opt/microchip/xc32/v1.00/bin/../lib/gcc/pic32mx/4.5.1/../../../../pic32mx/lib/libmchp_peripheral_32MX440F128H.a(pcache.o)
 .debug_aranges
                0x00000718       0x20 /home/opt/microchip/xc32/v1.00/bin/../lib/gcc/pic32mx/4.5.1/../../../../pic32mx/lib/libmchp_peripheral_32MX440F128H.a(int_enable_interrupts_lib.o)
 .debug_aranges
                0x00000738       0x20 /home/opt/microchip/xc32/v1.00/bin/../lib/gcc/pic32mx/4.5.1/../../../../pic32mx/lib/libmchp_peripheral_32MX440F128H.a(int_disable_interrupts_lib.o)
 .debug_aranges
                0x00000758       0x20 /home/opt/microchip/xc32/v1.00/bin/../lib/gcc/pic32mx/4.5.1/../../../../pic32mx/lib/libmchp_peripheral_32MX440F128H.a(int_restore_interrupts_lib.o)
 .debug_aranges
                0x00000778       0x20 /home/opt/microchip/xc32/v1.00/bin/../lib/gcc/pic32mx/4.5.1/../../../../pic32mx/lib/libmchp_peripheral_32MX440F128H.a(int_enable_mv_int_lib.o)
 .debug_aranges
                0x00000798       0x60 /home/opt/microchip/xc32/v1.00/bin/../lib/gcc/pic32mx/4.5.1/../../../../pic32mx/lib/libmchp_peripheral_32MX440F128H.a(int_tbl_lib.o)
 .debug_aranges
                0x000007f8       0x28 /home/opt/microchip/xc32/v1.00/bin/../lib/gcc/pic32mx/4.5.1/../../../../pic32mx/lib/libmchp_peripheral_32MX440F128H.a(spi_chn_getc_lib.o)
 .debug_aranges
                0x00000820       0x30 /home/opt/microchip/xc32/v1.00/bin/../lib/gcc/pic32mx/4.5.1/../../../../pic32mx/lib/libmchp_peripheral_32MX440F128H.a(spi_chn_putc_lib.o)
 .debug_aranges
                0x00000850       0x20 /home/opt/microchip/xc32/v1.00/bin/../lib/gcc/pic32mx/4.5.1/../../../../pic32mx/lib/libmchp_peripheral_32MX440F128H.a(spi_open_spi2_lib_legacy.o)
 .debug_aranges
                0x00000870       0x20 /home/opt/microchip/xc32/v1.00/bin/../lib/gcc/pic32mx/4.5.1/../../../../pic32mx/lib/libmchp_peripheral_32MX440F128H.a(nvm_erase_page_lib.o)
 .debug_aranges
                0x00000890       0x20 /home/opt/microchip/xc32/v1.00/bin/../lib/gcc/pic32mx/4.5.1/../../../../pic32mx/lib/libmchp_peripheral_32MX440F128H.a(nvm_operation_lib.o)
 .debug_aranges
                0x000008b0       0x20 /home/opt/microchip/xc32/v1.00/bin/../lib/gcc/pic32mx/4.5.1/../../../../pic32mx/lib/libmchp_peripheral_32MX440F128H.a(nvm_write_word_lib.o)
 .debug_aranges
                0x000008d0       0x20 /home/opt/microchip/xc32/v1.00/bin/../lib/gcc/pic32mx/4.5.1/../../../../pic32mx/lib/libmchp_peripheral_32MX440F128H.a(port_set_pins_digital_out_lib.o)
 .debug_aranges
                0x000008f0       0x20 /home/opt/microchip/xc32/v1.00/bin/../lib/gcc/pic32mx/4.5.1/../../../../pic32mx/lib/libmchp_peripheral_32MX440F128H.a(port_clear_bits_lib.o)
 .debug_aranges
                0x00000910       0x20 /home/opt/microchip/xc32/v1.00/bin/../lib/gcc/pic32mx/4.5.1/../../../../pic32mx/lib/libmchp_peripheral_32MX440F128H.a(port_set_bits_lib.o)
 .debug_aranges
                0x00000930       0x58 /home/opt/microchip/xc32/v1.00/bin/../lib/gcc/pic32mx/4.5.1/../../../../pic32mx/lib/libmchp_peripheral_32MX440F128H.a(uart_lib.o)

.debug_pubnames
                0x00000000     0x28dc
 *(.debug_pubnames)
 .debug_pubnames
                0x00000000       0xc2 build/default/debug/_ext/1487882678/usb_descriptors.o
 .debug_pubnames
                0x000000c2      0x1b1 build/default/debug/_ext/1487882678/usb_function_cdc.o
 .debug_pubnames
                0x00000273       0xe7 build/default/debug/_ext/1487882678/usb_fifo.o
 .debug_pubnames
                0x0000035a       0xfc build/default/debug/_ext/1487882678/usb_callback.o
 .debug_pubnames
                0x00000456      0x3d5 build/default/debug/_ext/1487882678/usb_device.o
 .debug_pubnames
                0x0000082b       0x5d build/default/debug/_ext/2118813141/Delay.o
 .debug_pubnames
                0x00000888       0xcd build/default/debug/_ext/2118813141/FlashStorage.o
 .debug_pubnames
                0x00000955       0xf6 build/default/debug/_ext/2118813141/HAL_P32.o
 .debug_pubnames
                0x00000a4b       0x50 build/default/debug/_ext/2118813141/LED.o
 .debug_pubnames
                0x00000a9b       0x8d build/default/debug/_ext/2118813141/Tick.o
 .debug_pubnames
                0x00000b28       0xe8 build/default/debug/_ext/2118813141/Bowler_UART_HAL.o
 .debug_pubnames
                0x00000c10       0x4e build/default/debug/_ext/2118813141/UART.o
 .debug_pubnames
                0x00000c5e       0x52 build/default/debug/_ext/2118813141/ADC.o
 .debug_pubnames
                0x00000cb0       0x4c build/default/debug/_ext/2118813141/Bowler_USB_HAL.o
 .debug_pubnames
                0x00000cfc       0xf6 build/default/debug/_ext/1080174469/Bowler_Helper.o
 .debug_pubnames
                0x00000df2      0x375 build/default/debug/_ext/1080174469/AbstractPID.o
 .debug_pubnames
                0x00001167      0x154 build/default/debug/_ext/1080174469/FIFO.o
 .debug_pubnames
                0x000012bb       0x40 build/default/debug/_ext/1080174469/Bowler_RPC_Process.o
 .debug_pubnames
                0x000012fb       0x9f build/default/debug/_ext/1080174469/Bowler_Transport.o
 .debug_pubnames
                0x0000139a      0x192 build/default/debug/_ext/1080174469/Debug.o
 .debug_pubnames
                0x0000152c       0x1f build/default/debug/_ext/1080174469/Scheduler.o
 .debug_pubnames
                0x0000154b       0x71 build/default/debug/_ext/1080174469/Bowler_Server.o
 .debug_pubnames
                0x000015bc       0xf3 build/default/debug/_ext/1080174469/Namespace_bcs_core.o
 .debug_pubnames
                0x000016af       0x48 build/default/debug/_ext/1080174469/Namespace_bcs_pid.o
 .debug_pubnames
                0x000016f7       0x3f build/default/debug/_ext/1080174469/Namespace_bcs_rpc.o
 .debug_pubnames
                0x00001736      0x1bf build/default/debug/_ext/263962707/Servo.o
 .debug_pubnames
                0x000018f5       0x2b build/default/debug/_ext/263962707/SPIClient.o
 .debug_pubnames
                0x00001920       0xd9 build/default/debug/_ext/263962707/ForgeHeater.o
 .debug_pubnames
                0x000019f9      0x170 build/default/debug/_ext/263962707/AS5055.o
 .debug_pubnames
                0x00001b69       0x53 build/default/debug/_ext/1494288313/KosselKinematics.o
 .debug_pubnames
                0x00001bbc      0x268 build/default/debug/_ext/1494288313/CartesianController.o
 .debug_pubnames
                0x00001e24       0xe9 build/default/debug/_ext/1494288313/delta.o
 .debug_pubnames
                0x00001f0d       0x58 build/default/debug/_ext/519170017/StepperSim.o
 .debug_pubnames
                0x00001f65       0xe6 build/default/debug/_ext/519170017/servoCalibration.o
 .debug_pubnames
                0x0000204b       0xf9 build/default/debug/_ext/519170017/PID.o
 .debug_pubnames
                0x00002144       0x3c build/default/debug/_ext/2048476848/UpstreamPackets.o
 .debug_pubnames
                0x00002180       0x4f build/default/debug/_ext/2048476848/Namespace_bcs_cartesian.o
 .debug_pubnames
                0x000021cf       0x54 build/default/debug/_ext/2048476848/Callbacks.o
 .debug_pubnames
                0x00002223       0x96 build/default/debug/_ext/1445274692/main.o
 .debug_pubnames
                0x000022b9       0x24 /home/opt/microchip/xc32/v1.00/bin/../lib/gcc/pic32mx/4.5.1/libgcc.a(floatunsisf.o)
 .debug_pubnames
                0x000022dd       0x33 /home/opt/microchip/xc32/v1.00/bin/../lib/gcc/pic32mx/4.5.1/../../../../pic32mx/lib/libc.a(default-bootstrap-exception-handler.o)
 .debug_pubnames
                0x00002310       0x20 /home/opt/microchip/xc32/v1.00/bin/../lib/gcc/pic32mx/4.5.1/../../../../pic32mx/lib/libc.a(default-on-reset.o)
 .debug_pubnames
                0x00002330       0x24 /home/opt/microchip/xc32/v1.00/bin/../lib/gcc/pic32mx/4.5.1/../../../../pic32mx/lib/libc.a(default-on-bootstrap.o)
 .debug_pubnames
                0x00002354       0x1d /home/opt/microchip/xc32/v1.00/bin/../lib/gcc/pic32mx/4.5.1/../../../../pic32mx/lib/libm.a(w_atan2f.o)
 .debug_pubnames
                0x00002371       0x1c /home/opt/microchip/xc32/v1.00/bin/../lib/gcc/pic32mx/4.5.1/../../../../pic32mx/lib/libm.a(w_sqrtf.o)
 .debug_pubnames
                0x0000238d       0x32 /home/opt/microchip/xc32/v1.00/bin/../lib/gcc/pic32mx/4.5.1/../../../../pic32mx/lib/libm.a(cabs.o)
 .debug_pubnames
                0x000023bf       0x98 /home/opt/microchip/xc32/v1.00/bin/../lib/gcc/pic32mx/4.5.1/../../../../pic32mx/lib/libm.a(support.o)
 .debug_pubnames
                0x00002457       0x1c /home/opt/microchip/xc32/v1.00/bin/../lib/gcc/pic32mx/4.5.1/../../../../pic32mx/lib/libm.a(w_ldexp.o)
 .debug_pubnames
                0x00002473       0x1b /home/opt/microchip/xc32/v1.00/bin/../lib/gcc/pic32mx/4.5.1/../../../../pic32mx/lib/libm.a(w_sqrt.o)
 .debug_pubnames
                0x0000248e       0x52 /home/opt/microchip/xc32/v1.00/bin/../lib/gcc/pic32mx/4.5.1/../../../../pic32mx/lib/libc.a(isinf.o)
 .debug_pubnames
                0x000024e0       0x21 /home/opt/microchip/xc32/v1.00/bin/../lib/gcc/pic32mx/4.5.1/../../../../pic32mx/lib/libe.a(_unorddf2.o)
 .debug_pubnames
                0x00002501       0x3b /home/opt/microchip/xc32/v1.00/bin/../lib/gcc/pic32mx/4.5.1/../../../../pic32mx/lib/libmchp_peripheral_32MX440F128H.a(pcache.o)
 .debug_pubnames
                0x0000253c       0x2a /home/opt/microchip/xc32/v1.00/bin/../lib/gcc/pic32mx/4.5.1/../../../../pic32mx/lib/libmchp_peripheral_32MX440F128H.a(int_enable_interrupts_lib.o)
 .debug_pubnames
                0x00002566       0x2b /home/opt/microchip/xc32/v1.00/bin/../lib/gcc/pic32mx/4.5.1/../../../../pic32mx/lib/libmchp_peripheral_32MX440F128H.a(int_disable_interrupts_lib.o)
 .debug_pubnames
                0x00002591       0x2b /home/opt/microchip/xc32/v1.00/bin/../lib/gcc/pic32mx/4.5.1/../../../../pic32mx/lib/libmchp_peripheral_32MX440F128H.a(int_restore_interrupts_lib.o)
 .debug_pubnames
                0x000025bc       0x36 /home/opt/microchip/xc32/v1.00/bin/../lib/gcc/pic32mx/4.5.1/../../../../pic32mx/lib/libmchp_peripheral_32MX440F128H.a(int_enable_mv_int_lib.o)
 .debug_pubnames
                0x000025f2       0xca /home/opt/microchip/xc32/v1.00/bin/../lib/gcc/pic32mx/4.5.1/../../../../pic32mx/lib/libmchp_peripheral_32MX440F128H.a(int_tbl_lib.o)
 .debug_pubnames
                0x000026bc       0x31 /home/opt/microchip/xc32/v1.00/bin/../lib/gcc/pic32mx/4.5.1/../../../../pic32mx/lib/libmchp_peripheral_32MX440F128H.a(spi_chn_getc_lib.o)
 .debug_pubnames
                0x000026ed       0x43 /home/opt/microchip/xc32/v1.00/bin/../lib/gcc/pic32mx/4.5.1/../../../../pic32mx/lib/libmchp_peripheral_32MX440F128H.a(spi_chn_putc_lib.o)
 .debug_pubnames
                0x00002730       0x1f /home/opt/microchip/xc32/v1.00/bin/../lib/gcc/pic32mx/4.5.1/../../../../pic32mx/lib/libmchp_peripheral_32MX440F128H.a(spi_open_spi2_lib_legacy.o)
 .debug_pubnames
                0x0000274f       0x23 /home/opt/microchip/xc32/v1.00/bin/../lib/gcc/pic32mx/4.5.1/../../../../pic32mx/lib/libmchp_peripheral_32MX440F128H.a(nvm_erase_page_lib.o)
 .debug_pubnames
                0x00002772       0x24 /home/opt/microchip/xc32/v1.00/bin/../lib/gcc/pic32mx/4.5.1/../../../../pic32mx/lib/libmchp_peripheral_32MX440F128H.a(nvm_operation_lib.o)
 .debug_pubnames
                0x00002796       0x23 /home/opt/microchip/xc32/v1.00/bin/../lib/gcc/pic32mx/4.5.1/../../../../pic32mx/lib/libmchp_peripheral_32MX440F128H.a(nvm_write_word_lib.o)
 .debug_pubnames
                0x000027b9       0x2c /home/opt/microchip/xc32/v1.00/bin/../lib/gcc/pic32mx/4.5.1/../../../../pic32mx/lib/libmchp_peripheral_32MX440F128H.a(port_set_pins_digital_out_lib.o)
 .debug_pubnames
                0x000027e5       0x24 /home/opt/microchip/xc32/v1.00/bin/../lib/gcc/pic32mx/4.5.1/../../../../pic32mx/lib/libmchp_peripheral_32MX440F128H.a(port_clear_bits_lib.o)
 .debug_pubnames
                0x00002809       0x22 /home/opt/microchip/xc32/v1.00/bin/../lib/gcc/pic32mx/4.5.1/../../../../pic32mx/lib/libmchp_peripheral_32MX440F128H.a(port_set_bits_lib.o)
 .debug_pubnames
                0x0000282b       0xb1 /home/opt/microchip/xc32/v1.00/bin/../lib/gcc/pic32mx/4.5.1/../../../../pic32mx/lib/libmchp_peripheral_32MX440F128H.a(uart_lib.o)

.debug_info     0x00000000    0x43509
 *(.debug_info .gnu.linkonce.wi.*)
 .debug_info    0x00000000     0x16a5 build/default/debug/_ext/1487882678/usb_descriptors.o
 .debug_info    0x000016a5     0x2917 build/default/debug/_ext/1487882678/usb_function_cdc.o
 .debug_info    0x00003fbc     0x1b0b build/default/debug/_ext/1487882678/usb_fifo.o
 .debug_info    0x00005ac7     0x1c77 build/default/debug/_ext/1487882678/usb_callback.o
 .debug_info    0x0000773e      0xf77 build/default/debug/_ext/1487882678/usb_interrupt.o
 .debug_info    0x000086b5     0x3677 build/default/debug/_ext/1487882678/usb_device.o
 .debug_info    0x0000bd2c     0x1094 build/default/debug/_ext/2118813141/Delay.o
 .debug_info    0x0000cdc0     0x161e build/default/debug/_ext/2118813141/FlashStorage.o
 .debug_info    0x0000e3de     0x1949 build/default/debug/_ext/2118813141/HAL_P32.o
 .debug_info    0x0000fd27     0x1189 build/default/debug/_ext/2118813141/LED.o
 .debug_info    0x00010eb0     0x1480 build/default/debug/_ext/2118813141/Tick.o
 .debug_info    0x00012330     0x2572 build/default/debug/_ext/2118813141/Bowler_UART_HAL.o
 .debug_info    0x000148a2     0x16d1 build/default/debug/_ext/2118813141/UART.o
 .debug_info    0x00015f73     0x1b90 build/default/debug/_ext/2118813141/ADC.o
 .debug_info    0x00017b03     0x1070 build/default/debug/_ext/2118813141/Bowler_USB_HAL.o
 .debug_info    0x00018b73     0x16f4 build/default/debug/_ext/1080174469/Bowler_Helper.o
 .debug_info    0x0001a267     0x1798 build/default/debug/_ext/1080174469/AbstractPID.o
 .debug_info    0x0001b9ff      0xf78 build/default/debug/_ext/1080174469/Bowler_Stack_Callback.o
 .debug_info    0x0001c977     0x1809 build/default/debug/_ext/1080174469/FIFO.o
 .debug_info    0x0001e180     0x1725 build/default/debug/_ext/1080174469/Bowler_RPC_Process.o
 .debug_info    0x0001f8a5     0x152c build/default/debug/_ext/1080174469/Bowler_Transport.o
 .debug_info    0x00020dd1     0x1ce7 build/default/debug/_ext/1080174469/Debug.o
 .debug_info    0x00022ab8     0x1015 build/default/debug/_ext/1080174469/Scheduler.o
 .debug_info    0x00023acd     0x1811 build/default/debug/_ext/1080174469/Bowler_Server.o
 .debug_info    0x000252de     0x19ea build/default/debug/_ext/1080174469/Namespace_bcs_core.o
 .debug_info    0x00026cc8     0x17b5 build/default/debug/_ext/1080174469/Namespace_bcs_pid.o
 .debug_info    0x0002847d     0x1816 build/default/debug/_ext/1080174469/Namespace_bcs_rpc.o
 .debug_info    0x00029c93     0x1cf1 build/default/debug/_ext/263962707/Servo.o
 .debug_info    0x0002b984      0xfd5 build/default/debug/_ext/263962707/SPIClient.o
 .debug_info    0x0002c959     0x197e build/default/debug/_ext/263962707/ForgeHeater.o
 .debug_info    0x0002e2d7     0x24c3 build/default/debug/_ext/263962707/AS5055.o
 .debug_info    0x0003079a      0x537 build/default/debug/_ext/1494288313/KosselKinematics.o
 .debug_info    0x00030cd1     0x214b build/default/debug/_ext/1494288313/CartesianController.o
 .debug_info    0x00032e1c      0xf66 build/default/debug/_ext/1494288313/DeltaKinematics.o
 .debug_info    0x00033d82     0x1710 build/default/debug/_ext/1494288313/delta.o
 .debug_info    0x00035492      0xf5d build/default/debug/_ext/519170017/MotionTest.o
 .debug_info    0x000363ef      0xf5e build/default/debug/_ext/519170017/Calibration.o
 .debug_info    0x0003734d     0x1549 build/default/debug/_ext/519170017/StepperSim.o
 .debug_info    0x00038896     0x16a8 build/default/debug/_ext/519170017/servoCalibration.o
 .debug_info    0x00039f3e     0x1b75 build/default/debug/_ext/519170017/PID.o
 .debug_info    0x0003bab3     0x15e2 build/default/debug/_ext/2048476848/UpstreamPackets.o
 .debug_info    0x0003d095     0x1740 build/default/debug/_ext/2048476848/Namespace_bcs_cartesian.o
 .debug_info    0x0003e7d5     0x157e build/default/debug/_ext/2048476848/Callbacks.o
 .debug_info    0x0003fd53     0x1f77 build/default/debug/_ext/1445274692/main.o
 .debug_info    0x00041cca      0x146 /home/opt/microchip/xc32/v1.00/bin/../lib/gcc/pic32mx/4.5.1/libgcc.a(floatunsisf.o)
 .debug_info    0x00041e10       0xcb /home/opt/microchip/xc32/v1.00/bin/../lib/gcc/pic32mx/4.5.1/../../../../pic32mx/lib/libc.a(default-bootstrap-exception-handler.o)
 .debug_info    0x00041edb       0xa5 /home/opt/microchip/xc32/v1.00/bin/../lib/gcc/pic32mx/4.5.1/../../../../pic32mx/lib/libc.a(default-on-reset.o)
 .debug_info    0x00041f80       0xad /home/opt/microchip/xc32/v1.00/bin/../lib/gcc/pic32mx/4.5.1/../../../../pic32mx/lib/libc.a(default-on-bootstrap.o)
 .debug_info    0x0004202d       0xb7 /home/opt/microchip/xc32/v1.00/bin/../lib/gcc/pic32mx/4.5.1/../../../../pic32mx/lib/libm.a(w_atan2f.o)
 .debug_info    0x000420e4       0x99 /home/opt/microchip/xc32/v1.00/bin/../lib/gcc/pic32mx/4.5.1/../../../../pic32mx/lib/libm.a(w_sqrtf.o)
 .debug_info    0x0004217d        0x0 /home/opt/microchip/xc32/v1.00/bin/../lib/gcc/pic32mx/4.5.1/../../../../pic32mx/lib/libm.a(s_lib_ver.o)
 .debug_info    0x0004217d       0xcf /home/opt/microchip/xc32/v1.00/bin/../lib/gcc/pic32mx/4.5.1/../../../../pic32mx/lib/libm.a(cabs.o)
 .debug_info    0x0004224c      0x18f /home/opt/microchip/xc32/v1.00/bin/../lib/gcc/pic32mx/4.5.1/../../../../pic32mx/lib/libm.a(support.o)
 .debug_info    0x000423db       0xa0 /home/opt/microchip/xc32/v1.00/bin/../lib/gcc/pic32mx/4.5.1/../../../../pic32mx/lib/libm.a(w_ldexp.o)
 .debug_info    0x0004247b       0x97 /home/opt/microchip/xc32/v1.00/bin/../lib/gcc/pic32mx/4.5.1/../../../../pic32mx/lib/libm.a(w_sqrt.o)
 .debug_info    0x00042512        0x0 /home/opt/microchip/xc32/v1.00/bin/../lib/gcc/pic32mx/4.5.1/../../../../pic32mx/lib/libc.a(errno.o)
 .debug_info    0x00042512       0xfc /home/opt/microchip/xc32/v1.00/bin/../lib/gcc/pic32mx/4.5.1/../../../../pic32mx/lib/libc.a(isinf.o)
 .debug_info    0x0004260e       0xaa /home/opt/microchip/xc32/v1.00/bin/../lib/gcc/pic32mx/4.5.1/../../../../pic32mx/lib/libe.a(_unorddf2.o)
 .debug_info    0x000426b8       0xd4 /home/opt/microchip/xc32/v1.00/bin/../lib/gcc/pic32mx/4.5.1/../../../../pic32mx/lib/libmchp_peripheral_32MX440F128H.a(pcache.o)
 .debug_info    0x0004278c       0xc9 /home/opt/microchip/xc32/v1.00/bin/../lib/gcc/pic32mx/4.5.1/../../../../pic32mx/lib/libmchp_peripheral_32MX440F128H.a(int_enable_interrupts_lib.o)
 .debug_info    0x00042855       0xcb /home/opt/microchip/xc32/v1.00/bin/../lib/gcc/pic32mx/4.5.1/../../../../pic32mx/lib/libmchp_peripheral_32MX440F128H.a(int_disable_interrupts_lib.o)
 .debug_info    0x00042920       0xcb /home/opt/microchip/xc32/v1.00/bin/../lib/gcc/pic32mx/4.5.1/../../../../pic32mx/lib/libmchp_peripheral_32MX440F128H.a(int_restore_interrupts_lib.o)
 .debug_info    0x000429eb       0xd1 /home/opt/microchip/xc32/v1.00/bin/../lib/gcc/pic32mx/4.5.1/../../../../pic32mx/lib/libmchp_peripheral_32MX440F128H.a(int_enable_mv_int_lib.o)
 .debug_info    0x00042abc      0x1ab /home/opt/microchip/xc32/v1.00/bin/../lib/gcc/pic32mx/4.5.1/../../../../pic32mx/lib/libmchp_peripheral_32MX440F128H.a(int_tbl_lib.o)
 .debug_info    0x00042c67       0xd1 /home/opt/microchip/xc32/v1.00/bin/../lib/gcc/pic32mx/4.5.1/../../../../pic32mx/lib/libmchp_peripheral_32MX440F128H.a(spi_chn_getc_lib.o)
 .debug_info    0x00042d38       0xed /home/opt/microchip/xc32/v1.00/bin/../lib/gcc/pic32mx/4.5.1/../../../../pic32mx/lib/libmchp_peripheral_32MX440F128H.a(spi_chn_putc_lib.o)
 .debug_info    0x00042e25        0x0 /home/opt/microchip/xc32/v1.00/bin/../lib/gcc/pic32mx/4.5.1/../../../../pic32mx/lib/libmchp_peripheral_32MX440F128H.a(spi_map_tbl_libp.o)
 .debug_info    0x00042e25       0xbd /home/opt/microchip/xc32/v1.00/bin/../lib/gcc/pic32mx/4.5.1/../../../../pic32mx/lib/libmchp_peripheral_32MX440F128H.a(spi_open_spi2_lib_legacy.o)
 .debug_info    0x00042ee2        0x0 /home/opt/microchip/xc32/v1.00/bin/../lib/gcc/pic32mx/4.5.1/../../../../pic32mx/lib/libmchp_peripheral_32MX440F128H.a(spi_brg_tbl_lib_legacy.o)
 .debug_info    0x00042ee2       0xbb /home/opt/microchip/xc32/v1.00/bin/../lib/gcc/pic32mx/4.5.1/../../../../pic32mx/lib/libmchp_peripheral_32MX440F128H.a(nvm_erase_page_lib.o)
 .debug_info    0x00042f9d       0xdc /home/opt/microchip/xc32/v1.00/bin/../lib/gcc/pic32mx/4.5.1/../../../../pic32mx/lib/libmchp_peripheral_32MX440F128H.a(nvm_operation_lib.o)
 .debug_info    0x00043079       0xbb /home/opt/microchip/xc32/v1.00/bin/../lib/gcc/pic32mx/4.5.1/../../../../pic32mx/lib/libmchp_peripheral_32MX440F128H.a(nvm_write_word_lib.o)
 .debug_info    0x00043134       0xd1 /home/opt/microchip/xc32/v1.00/bin/../lib/gcc/pic32mx/4.5.1/../../../../pic32mx/lib/libmchp_peripheral_32MX440F128H.a(port_set_pins_digital_out_lib.o)
 .debug_info    0x00043205       0xbf /home/opt/microchip/xc32/v1.00/bin/../lib/gcc/pic32mx/4.5.1/../../../../pic32mx/lib/libmchp_peripheral_32MX440F128H.a(port_clear_bits_lib.o)
 .debug_info    0x000432c4       0xbb /home/opt/microchip/xc32/v1.00/bin/../lib/gcc/pic32mx/4.5.1/../../../../pic32mx/lib/libmchp_peripheral_32MX440F128H.a(port_set_bits_lib.o)
 .debug_info    0x0004337f        0x0 /home/opt/microchip/xc32/v1.00/bin/../lib/gcc/pic32mx/4.5.1/../../../../pic32mx/lib/libmchp_peripheral_32MX440F128H.a(_ports_tbl_libp.o)
 .debug_info    0x0004337f      0x18a /home/opt/microchip/xc32/v1.00/bin/../lib/gcc/pic32mx/4.5.1/../../../../pic32mx/lib/libmchp_peripheral_32MX440F128H.a(uart_lib.o)

.debug_abbrev   0x00000000     0x64d2
 *(.debug_abbrev)
 .debug_abbrev  0x00000000      0x209 build/default/debug/_ext/1487882678/usb_descriptors.o
 .debug_abbrev  0x00000209      0x2e3 build/default/debug/_ext/1487882678/usb_function_cdc.o
 .debug_abbrev  0x000004ec      0x289 build/default/debug/_ext/1487882678/usb_fifo.o
 .debug_abbrev  0x00000775      0x23e build/default/debug/_ext/1487882678/usb_callback.o
 .debug_abbrev  0x000009b3      0x166 build/default/debug/_ext/1487882678/usb_interrupt.o
 .debug_abbrev  0x00000b19      0x2c0 build/default/debug/_ext/1487882678/usb_device.o
 .debug_abbrev  0x00000dd9      0x1b0 build/default/debug/_ext/2118813141/Delay.o
 .debug_abbrev  0x00000f89      0x20f build/default/debug/_ext/2118813141/FlashStorage.o
 .debug_abbrev  0x00001198      0x2b6 build/default/debug/_ext/2118813141/HAL_P32.o
 .debug_abbrev  0x0000144e      0x1b7 build/default/debug/_ext/2118813141/LED.o
 .debug_abbrev  0x00001605      0x20b build/default/debug/_ext/2118813141/Tick.o
 .debug_abbrev  0x00001810      0x279 build/default/debug/_ext/2118813141/Bowler_UART_HAL.o
 .debug_abbrev  0x00001a89      0x231 build/default/debug/_ext/2118813141/UART.o
 .debug_abbrev  0x00001cba      0x1db build/default/debug/_ext/2118813141/ADC.o
 .debug_abbrev  0x00001e95      0x1d4 build/default/debug/_ext/2118813141/Bowler_USB_HAL.o
 .debug_abbrev  0x00002069      0x23d build/default/debug/_ext/1080174469/Bowler_Helper.o
 .debug_abbrev  0x000022a6      0x282 build/default/debug/_ext/1080174469/AbstractPID.o
 .debug_abbrev  0x00002528      0x166 build/default/debug/_ext/1080174469/Bowler_Stack_Callback.o
 .debug_abbrev  0x0000268e      0x24c build/default/debug/_ext/1080174469/FIFO.o
 .debug_abbrev  0x000028da      0x256 build/default/debug/_ext/1080174469/Bowler_RPC_Process.o
 .debug_abbrev  0x00002b30      0x244 build/default/debug/_ext/1080174469/Bowler_Transport.o
 .debug_abbrev  0x00002d74      0x2b0 build/default/debug/_ext/1080174469/Debug.o
 .debug_abbrev  0x00003024      0x1ac build/default/debug/_ext/1080174469/Scheduler.o
 .debug_abbrev  0x000031d0      0x28b build/default/debug/_ext/1080174469/Bowler_Server.o
 .debug_abbrev  0x0000345b      0x2a8 build/default/debug/_ext/1080174469/Namespace_bcs_core.o
 .debug_abbrev  0x00003703      0x242 build/default/debug/_ext/1080174469/Namespace_bcs_pid.o
 .debug_abbrev  0x00003945      0x251 build/default/debug/_ext/1080174469/Namespace_bcs_rpc.o
 .debug_abbrev  0x00003b96      0x302 build/default/debug/_ext/263962707/Servo.o
 .debug_abbrev  0x00003e98      0x19d build/default/debug/_ext/263962707/SPIClient.o
 .debug_abbrev  0x00004035      0x217 build/default/debug/_ext/263962707/ForgeHeater.o
 .debug_abbrev  0x0000424c      0x292 build/default/debug/_ext/263962707/AS5055.o
 .debug_abbrev  0x000044de       0x93 build/default/debug/_ext/1494288313/KosselKinematics.o
 .debug_abbrev  0x00004571      0x34c build/default/debug/_ext/1494288313/CartesianController.o
 .debug_abbrev  0x000048bd      0x166 build/default/debug/_ext/1494288313/DeltaKinematics.o
 .debug_abbrev  0x00004a23      0x1ee build/default/debug/_ext/1494288313/delta.o
 .debug_abbrev  0x00004c11      0x166 build/default/debug/_ext/519170017/MotionTest.o
 .debug_abbrev  0x00004d77      0x166 build/default/debug/_ext/519170017/Calibration.o
 .debug_abbrev  0x00004edd      0x1ca build/default/debug/_ext/519170017/StepperSim.o
 .debug_abbrev  0x000050a7      0x250 build/default/debug/_ext/519170017/servoCalibration.o
 .debug_abbrev  0x000052f7      0x2aa build/default/debug/_ext/519170017/PID.o
 .debug_abbrev  0x000055a1      0x219 build/default/debug/_ext/2048476848/UpstreamPackets.o
 .debug_abbrev  0x000057ba      0x258 build/default/debug/_ext/2048476848/Namespace_bcs_cartesian.o
 .debug_abbrev  0x00005a12      0x242 build/default/debug/_ext/2048476848/Callbacks.o
 .debug_abbrev  0x00005c54      0x393 build/default/debug/_ext/1445274692/main.o
 .debug_abbrev  0x00005fe7       0x61 /home/opt/microchip/xc32/v1.00/bin/../lib/gcc/pic32mx/4.5.1/libgcc.a(floatunsisf.o)
 .debug_abbrev  0x00006048       0x25 /home/opt/microchip/xc32/v1.00/bin/../lib/gcc/pic32mx/4.5.1/../../../../pic32mx/lib/libc.a(default-bootstrap-exception-handler.o)
 .debug_abbrev  0x0000606d       0x25 /home/opt/microchip/xc32/v1.00/bin/../lib/gcc/pic32mx/4.5.1/../../../../pic32mx/lib/libc.a(default-on-reset.o)
 .debug_abbrev  0x00006092       0x25 /home/opt/microchip/xc32/v1.00/bin/../lib/gcc/pic32mx/4.5.1/../../../../pic32mx/lib/libc.a(default-on-bootstrap.o)
 .debug_abbrev  0x000060b7       0x41 /home/opt/microchip/xc32/v1.00/bin/../lib/gcc/pic32mx/4.5.1/../../../../pic32mx/lib/libm.a(w_atan2f.o)
 .debug_abbrev  0x000060f8       0x25 /home/opt/microchip/xc32/v1.00/bin/../lib/gcc/pic32mx/4.5.1/../../../../pic32mx/lib/libm.a(w_sqrtf.o)
 .debug_abbrev  0x0000611d        0x1 /home/opt/microchip/xc32/v1.00/bin/../lib/gcc/pic32mx/4.5.1/../../../../pic32mx/lib/libm.a(s_lib_ver.o)
 .debug_abbrev  0x0000611e       0x49 /home/opt/microchip/xc32/v1.00/bin/../lib/gcc/pic32mx/4.5.1/../../../../pic32mx/lib/libm.a(cabs.o)
 .debug_abbrev  0x00006167       0x54 /home/opt/microchip/xc32/v1.00/bin/../lib/gcc/pic32mx/4.5.1/../../../../pic32mx/lib/libm.a(support.o)
 .debug_abbrev  0x000061bb       0x25 /home/opt/microchip/xc32/v1.00/bin/../lib/gcc/pic32mx/4.5.1/../../../../pic32mx/lib/libm.a(w_ldexp.o)
 .debug_abbrev  0x000061e0       0x25 /home/opt/microchip/xc32/v1.00/bin/../lib/gcc/pic32mx/4.5.1/../../../../pic32mx/lib/libm.a(w_sqrt.o)
 .debug_abbrev  0x00006205        0x1 /home/opt/microchip/xc32/v1.00/bin/../lib/gcc/pic32mx/4.5.1/../../../../pic32mx/lib/libc.a(errno.o)
 .debug_abbrev  0x00006206       0x25 /home/opt/microchip/xc32/v1.00/bin/../lib/gcc/pic32mx/4.5.1/../../../../pic32mx/lib/libc.a(isinf.o)
 .debug_abbrev  0x0000622b       0x32 /home/opt/microchip/xc32/v1.00/bin/../lib/gcc/pic32mx/4.5.1/../../../../pic32mx/lib/libe.a(_unorddf2.o)
 .debug_abbrev  0x0000625d       0x25 /home/opt/microchip/xc32/v1.00/bin/../lib/gcc/pic32mx/4.5.1/../../../../pic32mx/lib/libmchp_peripheral_32MX440F128H.a(pcache.o)
 .debug_abbrev  0x00006282       0x25 /home/opt/microchip/xc32/v1.00/bin/../lib/gcc/pic32mx/4.5.1/../../../../pic32mx/lib/libmchp_peripheral_32MX440F128H.a(int_enable_interrupts_lib.o)
 .debug_abbrev  0x000062a7       0x25 /home/opt/microchip/xc32/v1.00/bin/../lib/gcc/pic32mx/4.5.1/../../../../pic32mx/lib/libmchp_peripheral_32MX440F128H.a(int_disable_interrupts_lib.o)
 .debug_abbrev  0x000062cc       0x25 /home/opt/microchip/xc32/v1.00/bin/../lib/gcc/pic32mx/4.5.1/../../../../pic32mx/lib/libmchp_peripheral_32MX440F128H.a(int_restore_interrupts_lib.o)
 .debug_abbrev  0x000062f1       0x25 /home/opt/microchip/xc32/v1.00/bin/../lib/gcc/pic32mx/4.5.1/../../../../pic32mx/lib/libmchp_peripheral_32MX440F128H.a(int_enable_mv_int_lib.o)
 .debug_abbrev  0x00006316       0x25 /home/opt/microchip/xc32/v1.00/bin/../lib/gcc/pic32mx/4.5.1/../../../../pic32mx/lib/libmchp_peripheral_32MX440F128H.a(int_tbl_lib.o)
 .debug_abbrev  0x0000633b       0x25 /home/opt/microchip/xc32/v1.00/bin/../lib/gcc/pic32mx/4.5.1/../../../../pic32mx/lib/libmchp_peripheral_32MX440F128H.a(spi_chn_getc_lib.o)
 .debug_abbrev  0x00006360       0x25 /home/opt/microchip/xc32/v1.00/bin/../lib/gcc/pic32mx/4.5.1/../../../../pic32mx/lib/libmchp_peripheral_32MX440F128H.a(spi_chn_putc_lib.o)
 .debug_abbrev  0x00006385        0x1 /home/opt/microchip/xc32/v1.00/bin/../lib/gcc/pic32mx/4.5.1/../../../../pic32mx/lib/libmchp_peripheral_32MX440F128H.a(spi_map_tbl_libp.o)
 .debug_abbrev  0x00006386       0x25 /home/opt/microchip/xc32/v1.00/bin/../lib/gcc/pic32mx/4.5.1/../../../../pic32mx/lib/libmchp_peripheral_32MX440F128H.a(spi_open_spi2_lib_legacy.o)
 .debug_abbrev  0x000063ab        0x1 /home/opt/microchip/xc32/v1.00/bin/../lib/gcc/pic32mx/4.5.1/../../../../pic32mx/lib/libmchp_peripheral_32MX440F128H.a(spi_brg_tbl_lib_legacy.o)
 .debug_abbrev  0x000063ac       0x25 /home/opt/microchip/xc32/v1.00/bin/../lib/gcc/pic32mx/4.5.1/../../../../pic32mx/lib/libmchp_peripheral_32MX440F128H.a(nvm_erase_page_lib.o)
 .debug_abbrev  0x000063d1       0x34 /home/opt/microchip/xc32/v1.00/bin/../lib/gcc/pic32mx/4.5.1/../../../../pic32mx/lib/libmchp_peripheral_32MX440F128H.a(nvm_operation_lib.o)
 .debug_abbrev  0x00006405       0x25 /home/opt/microchip/xc32/v1.00/bin/../lib/gcc/pic32mx/4.5.1/../../../../pic32mx/lib/libmchp_peripheral_32MX440F128H.a(nvm_write_word_lib.o)
 .debug_abbrev  0x0000642a       0x25 /home/opt/microchip/xc32/v1.00/bin/../lib/gcc/pic32mx/4.5.1/../../../../pic32mx/lib/libmchp_peripheral_32MX440F128H.a(port_set_pins_digital_out_lib.o)
 .debug_abbrev  0x0000644f       0x25 /home/opt/microchip/xc32/v1.00/bin/../lib/gcc/pic32mx/4.5.1/../../../../pic32mx/lib/libmchp_peripheral_32MX440F128H.a(port_clear_bits_lib.o)
 .debug_abbrev  0x00006474       0x25 /home/opt/microchip/xc32/v1.00/bin/../lib/gcc/pic32mx/4.5.1/../../../../pic32mx/lib/libmchp_peripheral_32MX440F128H.a(port_set_bits_lib.o)
 .debug_abbrev  0x00006499        0x1 /home/opt/microchip/xc32/v1.00/bin/../lib/gcc/pic32mx/4.5.1/../../../../pic32mx/lib/libmchp_peripheral_32MX440F128H.a(_ports_tbl_libp.o)
 .debug_abbrev  0x0000649a       0x38 /home/opt/microchip/xc32/v1.00/bin/../lib/gcc/pic32mx/4.5.1/../../../../pic32mx/lib/libmchp_peripheral_32MX440F128H.a(uart_lib.o)

.debug_line     0x00000000     0x74f1
 *(.debug_line)
 .debug_line    0x00000000      0x244 build/default/debug/_ext/1487882678/usb_descriptors.o
 .debug_line    0x00000244      0x339 build/default/debug/_ext/1487882678/usb_function_cdc.o
 .debug_line    0x0000057d      0x304 build/default/debug/_ext/1487882678/usb_fifo.o
 .debug_line    0x00000881      0x285 build/default/debug/_ext/1487882678/usb_callback.o
 .debug_line    0x00000b06      0x133 build/default/debug/_ext/1487882678/usb_interrupt.o
 .debug_line    0x00000c39      0x621 build/default/debug/_ext/1487882678/usb_device.o
 .debug_line    0x0000125a      0x1d6 build/default/debug/_ext/2118813141/Delay.o
 .debug_line    0x00001430      0x295 build/default/debug/_ext/2118813141/FlashStorage.o
 .debug_line    0x000016c5      0x313 build/default/debug/_ext/2118813141/HAL_P32.o
 .debug_line    0x000019d8      0x1dd build/default/debug/_ext/2118813141/LED.o
 .debug_line    0x00001bb5      0x22d build/default/debug/_ext/2118813141/Tick.o
 .debug_line    0x00001de2      0x293 build/default/debug/_ext/2118813141/Bowler_UART_HAL.o
 .debug_line    0x00002075      0x211 build/default/debug/_ext/2118813141/UART.o
 .debug_line    0x00002286      0x20f build/default/debug/_ext/2118813141/ADC.o
 .debug_line    0x00002495      0x1cb build/default/debug/_ext/2118813141/Bowler_USB_HAL.o
 .debug_line    0x00002660      0x24c build/default/debug/_ext/1080174469/Bowler_Helper.o
 .debug_line    0x000028ac      0x492 build/default/debug/_ext/1080174469/AbstractPID.o
 .debug_line    0x00002d3e      0x133 build/default/debug/_ext/1080174469/Bowler_Stack_Callback.o
 .debug_line    0x00002e71      0x292 build/default/debug/_ext/1080174469/FIFO.o
 .debug_line    0x00003103      0x229 build/default/debug/_ext/1080174469/Bowler_RPC_Process.o
 .debug_line    0x0000332c      0x23a build/default/debug/_ext/1080174469/Bowler_Transport.o
 .debug_line    0x00003566      0x365 build/default/debug/_ext/1080174469/Debug.o
 .debug_line    0x000038cb      0x199 build/default/debug/_ext/1080174469/Scheduler.o
 .debug_line    0x00003a64      0x23a build/default/debug/_ext/1080174469/Bowler_Server.o
 .debug_line    0x00003c9e      0x2b1 build/default/debug/_ext/1080174469/Namespace_bcs_core.o
 .debug_line    0x00003f4f      0x206 build/default/debug/_ext/1080174469/Namespace_bcs_pid.o
 .debug_line    0x00004155      0x242 build/default/debug/_ext/1080174469/Namespace_bcs_rpc.o
 .debug_line    0x00004397      0x2fe build/default/debug/_ext/263962707/Servo.o
 .debug_line    0x00004695      0x162 build/default/debug/_ext/263962707/SPIClient.o
 .debug_line    0x000047f7      0x240 build/default/debug/_ext/263962707/ForgeHeater.o
 .debug_line    0x00004a37      0x2f0 build/default/debug/_ext/263962707/AS5055.o
 .debug_line    0x00004d27      0x134 build/default/debug/_ext/1494288313/KosselKinematics.o
 .debug_line    0x00004e5b      0x429 build/default/debug/_ext/1494288313/CartesianController.o
 .debug_line    0x00005284      0x128 build/default/debug/_ext/1494288313/DeltaKinematics.o
 .debug_line    0x000053ac      0x244 build/default/debug/_ext/1494288313/delta.o
 .debug_line    0x000055f0      0x128 build/default/debug/_ext/519170017/MotionTest.o
 .debug_line    0x00005718      0x128 build/default/debug/_ext/519170017/Calibration.o
 .debug_line    0x00005840      0x1b8 build/default/debug/_ext/519170017/StepperSim.o
 .debug_line    0x000059f8      0x281 build/default/debug/_ext/519170017/servoCalibration.o
 .debug_line    0x00005c79      0x2a2 build/default/debug/_ext/519170017/PID.o
 .debug_line    0x00005f1b      0x245 build/default/debug/_ext/2048476848/UpstreamPackets.o
 .debug_line    0x00006160      0x1f8 build/default/debug/_ext/2048476848/Namespace_bcs_cartesian.o
 .debug_line    0x00006358      0x20a build/default/debug/_ext/2048476848/Callbacks.o
 .debug_line    0x00006562      0x322 build/default/debug/_ext/1445274692/main.o
 .debug_line    0x00006884       0x6d /home/opt/microchip/xc32/v1.00/bin/../lib/gcc/pic32mx/4.5.1/libgcc.a(floatunsisf.o)
 .debug_line    0x000068f1       0x89 /home/opt/microchip/xc32/v1.00/bin/../lib/gcc/pic32mx/4.5.1/../../../../pic32mx/lib/libc.a(default-bootstrap-exception-handler.o)
 .debug_line    0x0000697a       0x76 /home/opt/microchip/xc32/v1.00/bin/../lib/gcc/pic32mx/4.5.1/../../../../pic32mx/lib/libc.a(default-on-reset.o)
 .debug_line    0x000069f0       0x7a /home/opt/microchip/xc32/v1.00/bin/../lib/gcc/pic32mx/4.5.1/../../../../pic32mx/lib/libc.a(default-on-bootstrap.o)
 .debug_line    0x00006a6a       0x6f /home/opt/microchip/xc32/v1.00/bin/../lib/gcc/pic32mx/4.5.1/../../../../pic32mx/lib/libm.a(w_atan2f.o)
 .debug_line    0x00006ad9       0x6e /home/opt/microchip/xc32/v1.00/bin/../lib/gcc/pic32mx/4.5.1/../../../../pic32mx/lib/libm.a(w_sqrtf.o)
 .debug_line    0x00006b47        0x0 /home/opt/microchip/xc32/v1.00/bin/../lib/gcc/pic32mx/4.5.1/../../../../pic32mx/lib/libm.a(s_lib_ver.o)
 .debug_line    0x00006b47       0x69 /home/opt/microchip/xc32/v1.00/bin/../lib/gcc/pic32mx/4.5.1/../../../../pic32mx/lib/libm.a(cabs.o)
 .debug_line    0x00006bb0       0x6c /home/opt/microchip/xc32/v1.00/bin/../lib/gcc/pic32mx/4.5.1/../../../../pic32mx/lib/libm.a(support.o)
 .debug_line    0x00006c1c       0x75 /home/opt/microchip/xc32/v1.00/bin/../lib/gcc/pic32mx/4.5.1/../../../../pic32mx/lib/libm.a(w_ldexp.o)
 .debug_line    0x00006c91       0x6d /home/opt/microchip/xc32/v1.00/bin/../lib/gcc/pic32mx/4.5.1/../../../../pic32mx/lib/libm.a(w_sqrt.o)
 .debug_line    0x00006cfe        0x0 /home/opt/microchip/xc32/v1.00/bin/../lib/gcc/pic32mx/4.5.1/../../../../pic32mx/lib/libc.a(errno.o)
 .debug_line    0x00006cfe       0x69 /home/opt/microchip/xc32/v1.00/bin/../lib/gcc/pic32mx/4.5.1/../../../../pic32mx/lib/libc.a(isinf.o)
 .debug_line    0x00006d67       0x75 /home/opt/microchip/xc32/v1.00/bin/../lib/gcc/pic32mx/4.5.1/../../../../pic32mx/lib/libe.a(_unorddf2.o)
 .debug_line    0x00006ddc       0x62 /home/opt/microchip/xc32/v1.00/bin/../lib/gcc/pic32mx/4.5.1/../../../../pic32mx/lib/libmchp_peripheral_32MX440F128H.a(pcache.o)
 .debug_line    0x00006e3e       0x72 /home/opt/microchip/xc32/v1.00/bin/../lib/gcc/pic32mx/4.5.1/../../../../pic32mx/lib/libmchp_peripheral_32MX440F128H.a(int_enable_interrupts_lib.o)
 .debug_line    0x00006eb0       0x73 /home/opt/microchip/xc32/v1.00/bin/../lib/gcc/pic32mx/4.5.1/../../../../pic32mx/lib/libmchp_peripheral_32MX440F128H.a(int_disable_interrupts_lib.o)
 .debug_line    0x00006f23       0x73 /home/opt/microchip/xc32/v1.00/bin/../lib/gcc/pic32mx/4.5.1/../../../../pic32mx/lib/libmchp_peripheral_32MX440F128H.a(int_restore_interrupts_lib.o)
 .debug_line    0x00006f96       0x6e /home/opt/microchip/xc32/v1.00/bin/../lib/gcc/pic32mx/4.5.1/../../../../pic32mx/lib/libmchp_peripheral_32MX440F128H.a(int_enable_mv_int_lib.o)
 .debug_line    0x00007004       0x64 /home/opt/microchip/xc32/v1.00/bin/../lib/gcc/pic32mx/4.5.1/../../../../pic32mx/lib/libmchp_peripheral_32MX440F128H.a(int_tbl_lib.o)
 .debug_line    0x00007068       0x69 /home/opt/microchip/xc32/v1.00/bin/../lib/gcc/pic32mx/4.5.1/../../../../pic32mx/lib/libmchp_peripheral_32MX440F128H.a(spi_chn_getc_lib.o)
 .debug_line    0x000070d1       0x69 /home/opt/microchip/xc32/v1.00/bin/../lib/gcc/pic32mx/4.5.1/../../../../pic32mx/lib/libmchp_peripheral_32MX440F128H.a(spi_chn_putc_lib.o)
 .debug_line    0x0000713a        0x0 /home/opt/microchip/xc32/v1.00/bin/../lib/gcc/pic32mx/4.5.1/../../../../pic32mx/lib/libmchp_peripheral_32MX440F128H.a(spi_map_tbl_libp.o)
 .debug_line    0x0000713a       0x71 /home/opt/microchip/xc32/v1.00/bin/../lib/gcc/pic32mx/4.5.1/../../../../pic32mx/lib/libmchp_peripheral_32MX440F128H.a(spi_open_spi2_lib_legacy.o)
 .debug_line    0x000071ab        0x0 /home/opt/microchip/xc32/v1.00/bin/../lib/gcc/pic32mx/4.5.1/../../../../pic32mx/lib/libmchp_peripheral_32MX440F128H.a(spi_brg_tbl_lib_legacy.o)
 .debug_line    0x000071ab       0x6b /home/opt/microchip/xc32/v1.00/bin/../lib/gcc/pic32mx/4.5.1/../../../../pic32mx/lib/libmchp_peripheral_32MX440F128H.a(nvm_erase_page_lib.o)
 .debug_line    0x00007216       0xbc /home/opt/microchip/xc32/v1.00/bin/../lib/gcc/pic32mx/4.5.1/../../../../pic32mx/lib/libmchp_peripheral_32MX440F128H.a(nvm_operation_lib.o)
 .debug_line    0x000072d2       0x6b /home/opt/microchip/xc32/v1.00/bin/../lib/gcc/pic32mx/4.5.1/../../../../pic32mx/lib/libmchp_peripheral_32MX440F128H.a(nvm_write_word_lib.o)
 .debug_line    0x0000733d       0x78 /home/opt/microchip/xc32/v1.00/bin/../lib/gcc/pic32mx/4.5.1/../../../../pic32mx/lib/libmchp_peripheral_32MX440F128H.a(port_set_pins_digital_out_lib.o)
 .debug_line    0x000073b5       0x6e /home/opt/microchip/xc32/v1.00/bin/../lib/gcc/pic32mx/4.5.1/../../../../pic32mx/lib/libmchp_peripheral_32MX440F128H.a(port_clear_bits_lib.o)
 .debug_line    0x00007423       0x6c /home/opt/microchip/xc32/v1.00/bin/../lib/gcc/pic32mx/4.5.1/../../../../pic32mx/lib/libmchp_peripheral_32MX440F128H.a(port_set_bits_lib.o)
 .debug_line    0x0000748f        0x0 /home/opt/microchip/xc32/v1.00/bin/../lib/gcc/pic32mx/4.5.1/../../../../pic32mx/lib/libmchp_peripheral_32MX440F128H.a(_ports_tbl_libp.o)
 .debug_line    0x0000748f       0x62 /home/opt/microchip/xc32/v1.00/bin/../lib/gcc/pic32mx/4.5.1/../../../../pic32mx/lib/libmchp_peripheral_32MX440F128H.a(uart_lib.o)

.debug_frame    0x00000000     0x2fd8
 *(.debug_frame)
 .debug_frame   0x00000000       0x64 build/default/debug/_ext/1487882678/usb_descriptors.o
 .debug_frame   0x00000064       0xf0 build/default/debug/_ext/1487882678/usb_function_cdc.o
 .debug_frame   0x00000154      0x164 build/default/debug/_ext/1487882678/usb_fifo.o
 .debug_frame   0x000002b8      0x128 build/default/debug/_ext/1487882678/usb_callback.o
 .debug_frame   0x000003e0      0x310 build/default/debug/_ext/1487882678/usb_device.o
 .debug_frame   0x000006f0       0x9c build/default/debug/_ext/2118813141/Delay.o
 .debug_frame   0x0000078c      0x128 build/default/debug/_ext/2118813141/FlashStorage.o
 .debug_frame   0x000008b4      0x144 build/default/debug/_ext/2118813141/HAL_P32.o
 .debug_frame   0x000009f8       0x9c build/default/debug/_ext/2118813141/LED.o
 .debug_frame   0x00000a94       0xdc build/default/debug/_ext/2118813141/Tick.o
 .debug_frame   0x00000b70      0x148 build/default/debug/_ext/2118813141/Bowler_UART_HAL.o
 .debug_frame   0x00000cb8       0x48 build/default/debug/_ext/2118813141/UART.o
 .debug_frame   0x00000d00       0x64 build/default/debug/_ext/2118813141/ADC.o
 .debug_frame   0x00000d64       0x64 build/default/debug/_ext/2118813141/Bowler_USB_HAL.o
 .debug_frame   0x00000dc8      0x1bc build/default/debug/_ext/1080174469/Bowler_Helper.o
 .debug_frame   0x00000f84      0x430 build/default/debug/_ext/1080174469/AbstractPID.o
 .debug_frame   0x000013b4      0x1f4 build/default/debug/_ext/1080174469/FIFO.o
 .debug_frame   0x000015a8       0x4c build/default/debug/_ext/1080174469/Bowler_RPC_Process.o
 .debug_frame   0x000015f4       0xf4 build/default/debug/_ext/1080174469/Bowler_Transport.o
 .debug_frame   0x000016e8      0x208 build/default/debug/_ext/1080174469/Debug.o
 .debug_frame   0x000018f0       0x30 build/default/debug/_ext/1080174469/Scheduler.o
 .debug_frame   0x00001920       0x88 build/default/debug/_ext/1080174469/Bowler_Server.o
 .debug_frame   0x000019a8      0x148 build/default/debug/_ext/1080174469/Namespace_bcs_core.o
 .debug_frame   0x00001af0       0x48 build/default/debug/_ext/1080174469/Namespace_bcs_pid.o
 .debug_frame   0x00001b38       0x64 build/default/debug/_ext/1080174469/Namespace_bcs_rpc.o
 .debug_frame   0x00001b9c      0x250 build/default/debug/_ext/263962707/Servo.o
 .debug_frame   0x00001dec       0x48 build/default/debug/_ext/263962707/SPIClient.o
 .debug_frame   0x00001e34      0x100 build/default/debug/_ext/263962707/ForgeHeater.o
 .debug_frame   0x00001f34      0x184 build/default/debug/_ext/263962707/AS5055.o
 .debug_frame   0x000020b8       0x68 build/default/debug/_ext/1494288313/KosselKinematics.o
 .debug_frame   0x00002120      0x278 build/default/debug/_ext/1494288313/CartesianController.o
 .debug_frame   0x00002398       0xac build/default/debug/_ext/1494288313/delta.o
 .debug_frame   0x00002444       0x8c build/default/debug/_ext/519170017/StepperSim.o
 .debug_frame   0x000024d0      0x110 build/default/debug/_ext/519170017/servoCalibration.o
 .debug_frame   0x000025e0      0x148 build/default/debug/_ext/519170017/PID.o
 .debug_frame   0x00002728       0x6c build/default/debug/_ext/2048476848/UpstreamPackets.o
 .debug_frame   0x00002794       0x48 build/default/debug/_ext/2048476848/Namespace_bcs_cartesian.o
 .debug_frame   0x000027dc       0x64 build/default/debug/_ext/2048476848/Callbacks.o
 .debug_frame   0x00002840       0xa4 build/default/debug/_ext/1445274692/main.o
 .debug_frame   0x000028e4       0x28 /home/opt/microchip/xc32/v1.00/bin/../lib/gcc/pic32mx/4.5.1/libgcc.a(floatunsisf.o)
 .debug_frame   0x0000290c       0x20 /home/opt/microchip/xc32/v1.00/bin/../lib/gcc/pic32mx/4.5.1/../../../../pic32mx/lib/libc.a(default-bootstrap-exception-handler.o)